 FreeSia

 Timestamp is 5e7221ef (Wed Mar 18 18:28:15 2020)

 Preferred load address is 00400000

 Start         Length     Name                   Class
 0001:00000000 000f514aH .textbss                DATA
 0002:00000000 001ddaa6H .text                   CODE
 0002:001ddab0 0001720dH .text$x                 CODE
 0002:001f4cc0 00002154H .text$yc                CODE
 0002:001f6e20 000018e8H .text$yd                CODE
 0003:00000000 00000104H .CRT$XCA                DATA
 0003:00000104 00000104H .CRT$XCAA               DATA
 0003:00000208 0000010eH .CRT$XCC                DATA
 0003:00000318 0000018aH .CRT$XCL                DATA
 0003:000004a4 000001b0H .CRT$XCU                DATA
 0003:00000654 00000104H .CRT$XCZ                DATA
 0003:00000758 00000104H .CRT$XIA                DATA
 0003:0000085c 00000104H .CRT$XIAA               DATA
 0003:00000960 00000104H .CRT$XIC                DATA
 0003:00000a64 00000104H .CRT$XIY                DATA
 0003:00000b68 00000104H .CRT$XIZ                DATA
 0003:00000c70 0001f84fH .rdata                  DATA
 0003:000204c0 0000013fH .rdata$debug            DATA
 0003:00020600 00002ec0H .rdata$r                DATA
 0003:000234c0 00000104H .rtc$IAA                DATA
 0003:000235c4 00000310H .rtc$IMZ                DATA
 0003:000238d4 00000104H .rtc$IZZ                DATA
 0003:000239d8 00000104H .rtc$TAA                DATA
 0003:00023adc 00000310H .rtc$TMZ                DATA
 0003:00023dec 00000104H .rtc$TZZ                DATA
 0003:00023ef0 0000e017H .xdata$x                DATA
 0003:00031f08 00000104H ATL$__a                 DATA
 0003:0003200c 00000104H ATL$__z                 DATA
 0003:00032110 00000000H .edata                  DATA
 0004:00000000 00011c64H .data                   DATA
 0004:00011c68 001349a4H .bss                    DATA
 0005:00000000 000000b4H .idata$2                DATA
 0005:000000b4 00000014H .idata$3                DATA
 0005:000000c8 0000136cH .idata$4                DATA
 0005:00001434 0000136cH .idata$5                DATA
 0005:000027a0 000012feH .idata$6                DATA
 0006:00000000 00001960H .rsrc$01                DATA
 0006:00001960 000ae649H .rsrc$02                DATA

  Address         Publics by Value              Rva+Base       Lib:Object

 0000:00000000       ___safe_se_handler_table   00000000     <absolute>
 0000:00000000       ___safe_se_handler_count   00000000     <absolute>
 0000:00000000       __except_list              00000000     <absolute>
 0000:00009876       __fltused                  00009876     <absolute>
 0000:00009876       __ldused                   00009876     <absolute>
 0000:00000000       ___ImageBase               00400000     <linker-defined>
 0001:00000000       __enc$textbss$begin        00401000     <linker-defined>
 0001:000f514a       __enc$textbss$end          004f614a     <linker-defined>
 0002:0000afd0       ?AfxAssertFailedLine@@YGHPBDH@Z 00501fd0 f   afxasert.obj
 0002:0000b0c0       ??0Cuid@@QAE@XZ            005020c0 f   Cuid.obj
 0002:0000b1e0       ?GetNewUID@Cuid@@QAEHXZ    005021e0 f   Cuid.obj
 0002:0000b3c0       ?ReleaseUID@Cuid@@QAEXI@Z  005023c0 f   Cuid.obj
 0002:0000b4b0       ??0DRError@@QAE@XZ         005024b0 f   DesignRules.obj
 0002:0000b600       ??1DRError@@QAE@XZ         00502600 f   DesignRules.obj
 0002:0000b740       ??0DRErrorList@@QAE@XZ     00502740 f   DesignRules.obj
 0002:0000b7b0       ??1DRErrorList@@QAE@XZ     005027b0 f   DesignRules.obj
 0002:0000b860       ?SetLists@DRErrorList@@QAEXPAVCPartList@@PAVCNetList@@PAVCDisplayList@@PAVCTextList@@PAV?$CArray@VCPolyLine@@ABV1@@@@Z 00502860 f   DesignRules.obj
 0002:0000b8d0       ?Clear@DRErrorList@@QAEXXZ 005028d0 f   DesignRules.obj
 0002:0000b9a0       ??_GDRError@@QAEPAXI@Z     005029a0 f i DesignRules.obj
 0002:0000ba10       ?Remove@DRErrorList@@QAEXPAVDRError@@@Z 00502a10 f   DesignRules.obj
 0002:0000bae0       ?Add@DRErrorList@@QAEPAVDRError@@JHPAV?$CStringT@DV?$StrTraitMFC_DLL@DV?$ChTraitsCRT@D@ATL@@@@@ATL@@00Vid@@1HHHHHH@Z 00502ae0 f   DesignRules.obj
 0002:0000bfa0       ?GetPadElement@@YAPAVdl_element@@PAVpart_pin@@H@Z 00502fa0 f   DesignRules.obj
 0002:0000c080       ?HighLight@DRErrorList@@QAEXPAVDRError@@@Z 00503080 f   DesignRules.obj
 0002:0000c2b0       ?MakeSolidCircles@DRErrorList@@QAEXXZ 005032b0 f   DesignRules.obj
 0002:0000c430       ?MakeHollowCircles@DRErrorList@@QAEXXZ 00503430 f   DesignRules.obj
 0002:0000c630       ?GetSize@?$CArray@PAVdl_element@@ABQAV1@@@QBEHXZ 00503630 f i DesignRules.obj
 0002:0000c670       ??A?$CArray@PAVdl_element@@ABQAV1@@@QAEAAPAVdl_element@@H@Z 00503670 f i DesignRules.obj
 0002:0000c6d0       ?GetSize@?$CArray@VCPolyLine@@ABV1@@@QBEHXZ 005036d0 f i DesignRules.obj
 0002:0000c710       ?GetAt@?$CArray@VCPolyLine@@ABV1@@@QAEAAVCPolyLine@@H@Z 00503710 f i DesignRules.obj
 0002:0000c7c0       ?ElementAt@?$CArray@PAVdl_element@@ABQAV1@@@QAEAAPAVdl_element@@H@Z 005037c0 f i DesignRules.obj
 0002:0000c870       ??0id@@QAE@HHHHH@Z         00503870 f i DesignRules.obj
 0002:0000c8f0       ??0CDisplayList@@QAE@XZ    005038f0 f   DisplayList.obj
 0002:0000cc40       ??0dl_element@@QAE@XZ      00503c40 f i DisplayList.obj
 0002:0000ccb0       ??1dl_element@@QAE@XZ      00503cb0 f i DisplayList.obj
 0002:0000cd10       ??1CDisplayList@@QAE@XZ    00503d10 f   DisplayList.obj
 0002:0000cdd0       ?RemoveAll@CDisplayList@@QAEXXZ 00503dd0 f   DisplayList.obj
 0002:0000cf10       ?SetMapping@CDisplayList@@QAEXPAVCRect@@0HHNHH@Z 00503f10 f   DisplayList.obj
 0002:0000d280       ?AddSelector@CDisplayList@@QAEPAVdl_element@@Vid@@PAXHHPAUtagRECT@@HPAVCPoint@@HH@Z 00504280 f   DisplayList.obj
 0002:0000d350       ?AddSelector@CDisplayList@@QAEXPAVdl_element@@@Z 00504350 f   DisplayList.obj
 0002:0000d3b0       ?Add@CDisplayList@@QAEPAVdl_element@@Vid@@PAXHHHPAUtagRECT@@HPAVCPoint@@HH@Z 005043b0 f   DisplayList.obj
 0002:0000d840       ?HighLight@CDisplayList@@QAEXPAVdl_element@@@Z 00504840 f   DisplayList.obj
 0002:0000d8a0       ?HighlightAll@CDisplayList@@QAEHXZ 005048a0 f   DisplayList.obj
 0002:0000da50       ?GetHighlightedBounds@CDisplayList@@QAE?AUtagRECT@@PAH@Z 00504a50 f   DisplayList.obj
 0002:0000dd10       ?Cpy@CDisplayList@@QAEPAVdl_element@@PAV2@@Z 00504d10 f   DisplayList.obj
 0002:0000dec0       ?Move@CDisplayList@@QAEXPAVdl_element@@HH@Z 00504ec0 f   DisplayList.obj
 0002:0000dfa0       ?Get_Start@CDisplayList@@QAEPAVdl_element@@XZ 00504fa0 f   DisplayList.obj
 0002:0000dfe0       ?Get_End@CDisplayList@@QAEPAVdl_element@@XZ 00504fe0 f   DisplayList.obj
 0002:0000e020       ?Get_Rect@CDisplayList@@QAEPAUtagRECT@@PAVdl_element@@PAU2@@Z 00505020 f   DisplayList.obj
 0002:0000e0c0       ?Get_Points@CDisplayList@@QAEPAV?$CArray@VCPoint@@ABV1@@@PAVdl_element@@PAVCPoint@@PAHHH@Z 005050c0 f   DisplayList.obj
 0002:0000e210       ?Get_el_w@CDisplayList@@QAEHPAVdl_element@@@Z 00505210 f   DisplayList.obj
 0002:0000e260       ?Get_Selected@CDisplayList@@QAEHXZ 00505260 f   DisplayList.obj
 0002:0000e300       ?Set_RectGroup@CDisplayList@@QAEXPAVdl_element@@HHHH@Z 00505300 f   DisplayList.obj
 0002:0000e390       ?Get_RectGroup@CDisplayList@@QAEHPAVdl_element@@PAUtagRECT@@@Z 00505390 f   DisplayList.obj
 0002:0000e440       ?Get_Endpoints@CDisplayList@@QAEXPAVCPoint@@0@Z 00505440 f   DisplayList.obj
 0002:0000e4e0       ?Remove@CDisplayList@@QAE?AVid@@PAVdl_element@@@Z 005054e0 f   DisplayList.obj
 0002:0000e6b0       ??_Gdl_element@@QAEPAXI@Z  005056b0 f i DisplayList.obj
 0002:0000e720       ?Draw@CDisplayList@@QAEXPAVCDC@@H@Z 00505720 f   DisplayList.obj
 0002:00012df0       ??_H@YGXPAXIHP6EPAX0@Z@Z   00509df0 f i DisplayList.obj
 0002:00012e60       ?SetLayerRGB@CDisplayList@@QAEXHHHH@Z 00509e60 f   DisplayList.obj
 0002:00012ee0       ?SetLayerVisible@CDisplayList@@QAEXHH@Z 00509ee0 f   DisplayList.obj
 0002:00012f30       ?TestSelect@CDisplayList@@QAEPAXHHPAVid@@PAH0PAX0H@Z 00509f30 f   DisplayList.obj
 0002:000142b0       ??_Fid@@QAEXXZ             0050b2b0 f i DisplayList.obj
 0002:00014310       ?StartDraggingArray@CDisplayList@@QAEHPAVCDC@@HHH@Z 0050b310 f   DisplayList.obj
 0002:00014410       ?StartDraggingRectangle@CDisplayList@@QAEHPAVCDC@@HHHHHHH@Z 0050b410 f   DisplayList.obj
 0002:000145c0       ?StartDraggingRatLine@CDisplayList@@QAEHPAVCDC@@HHHHHHH@Z 0050b5c0 f   DisplayList.obj
 0002:000146d0       ?SetDragArcStyle@CDisplayList@@QAEXH@Z 0050b6d0 f   DisplayList.obj
 0002:00014760       ?StartDraggingArc@CDisplayList@@QAEHPAVCDC@@HHHHHHHH@Z 0050b760 f   DisplayList.obj
 0002:000148d0       ?StartDraggingLine@CDisplayList@@QAEHPAVCDC@@HHHHHHHHHHHH@Z 0050b8d0 f   DisplayList.obj
 0002:00014a70       ?StartDraggingLineVertex@CDisplayList@@QAEHPAVCDC@@HHHHHHHHHHHHHHHHH@Z 0050ba70 f   DisplayList.obj
 0002:00014cd0       ?StartDraggingLineSegment@CDisplayList@@QAEHPAVCDC@@HHHHHHHHHHHHHHHHHHHHHHH@Z 0050bcd0 f   DisplayList.obj
 0002:00014f70       ?Drag@CDisplayList@@QAEXPAVCDC@@HH@Z 0050bf70 f   DisplayList.obj
 0002:00017740       ?StopDragging@CDisplayList@@QAEHXZ 0050e740 f   DisplayList.obj
 0002:000177d0       ?ChangeRoutingLayer@CDisplayList@@QAEXPAVCDC@@HHH@Z 0050e7d0 f   DisplayList.obj
 0002:00017fa0       ?IncrementDragAngle@CDisplayList@@QAEXPAVCDC@@@Z 0050efa0 f   DisplayList.obj
 0002:00018540       ?FlipDragSide@CDisplayList@@QAEXPAVCDC@@@Z 0050f540 f   DisplayList.obj
 0002:00018b10       ?GetDragSide@CDisplayList@@QAEHXZ 0050fb10 f   DisplayList.obj
 0002:00018b50       ?GetDragAngle@CDisplayList@@QAEHXZ 0050fb50 f   DisplayList.obj
 0002:00018b90       ?MakeDragLineArray@CDisplayList@@QAEHH@Z 0050fb90 f   DisplayList.obj
 0002:00018c70       ?MakeDragRatlineArray@CDisplayList@@QAEHHH@Z 0050fc70 f   DisplayList.obj
 0002:00018de0       ?AddDragLine@CDisplayList@@QAEHVCPoint@@0@Z 0050fde0 f   DisplayList.obj
 0002:00018f10       ?AddDragRatline@CDisplayList@@QAEHVCPoint@@0@Z 0050ff10 f   DisplayList.obj
 0002:00019030       ?CancelHighLight@CDisplayList@@QAEHH@Z 00510030 f   DisplayList.obj
 0002:00019180       ?SetDCToWorldCoords@CDisplayList@@QAEXPAVCDC@@00HH@Z 00510180 f   DisplayList.obj
 0002:00019560       ?SetVisibleGrid@CDisplayList@@QAEXHN@Z 00510560 f   DisplayList.obj
 0002:000195c0       ?SetStatic@CDisplayList@@QAEXH@Z 005105c0 f   DisplayList.obj
 0002:000196a0       ?SetUpCrosshairs@CDisplayList@@QAEXHHH@Z 005106a0 f   DisplayList.obj
 0002:000199d0       ?WindowToPCB@CDisplayList@@QAE?AVCPoint@@V2@@Z 005109d0 f   DisplayList.obj
 0002:00019b10       ?ScreenToPCB@CDisplayList@@QAE?AVCPoint@@V2@@Z 00510b10 f   DisplayList.obj
 0002:00019c00       ?PCBToScreen@CDisplayList@@QAE?AVCPoint@@V2@@Z 00510c00 f   DisplayList.obj
 0002:00019d50       ?GetWindowRect@CDisplayList@@QAE?AUtagRECT@@XZ 00510d50 f   DisplayList.obj
 0002:00019e40       ??0?$CArray@VCPoint@@ABV1@@@QAE@XZ 00510e40 f i DisplayList.obj
 0002:00019ed0       ?GetSize@?$CArray@VCPoint@@ABV1@@@QBEHXZ 00510ed0 f i DisplayList.obj
 0002:00019f10       ??A?$CArray@VCPoint@@ABV1@@@QAEAAVCPoint@@H@Z 00510f10 f i DisplayList.obj
 0002:00019f70       ?ElementAt@?$CArray@VCPoint@@ABV1@@@QAEAAVCPoint@@H@Z 00510f70 f i DisplayList.obj
 0002:0001a020       ??8@YAHVid@@0@Z            00511020 f i DisplayList.obj
 0002:0001a0b0       ??1?$CArray@VCPoint@@ABV1@@@UAE@XZ 005110b0 f i DisplayList.obj
 0002:0001a1c0       ?Serialize@?$CArray@VCPoint@@ABV1@@@UAEXAAVCArchive@@@Z 005111c0 f i DisplayList.obj
 0002:0001a290       ?Dump@?$CArray@VCPoint@@ABV1@@@UBEXAAVCDumpContext@@@Z 00511290 f i DisplayList.obj
 0002:0001a370       ?AssertValid@?$CArray@VCPoint@@ABV1@@@UBEXXZ 00511370 f i DisplayList.obj
 0002:0001a4d0       ??_G?$CArray@VCPoint@@ABV1@@@UAEPAXI@Z 005114d0 f i DisplayList.obj
 0002:0001a4d0       ??_E?$CArray@VCPoint@@ABV1@@@UAEPAXI@Z 005114d0 f i DisplayList.obj
 0002:0001a540       ?SetSize@?$CArray@VCPoint@@ABV1@@@QAEXHH@Z 00511540 f i DisplayList.obj
 0002:0001ab60       ??2@YAPAXIPAX@Z            00511b60 f i DisplayList.obj
 0002:0001aba0       ?memcpy_s@Checked@ATL@@YAXPAXIPBXI@Z 00511ba0 f i DisplayList.obj
 0002:0001ac20       ?AfxCrtErrorCheck@@YAHH@Z  00511c20 f i DisplayList.obj
 0002:0001ad30       ??$SerializeElements@VCPoint@@@@YGXAAVCArchive@@PAVCPoint@@H@Z 00511d30 f i DisplayList.obj
 0002:0001af20       ??$DumpElements@VCPoint@@@@YGXAAVCDumpContext@@PBVCPoint@@H@Z 00511f20 f i DisplayList.obj
 0002:0001b010       ?_GetBaseClass@CDlgAddMaskCutout@@KGPAUCRuntimeClass@@XZ 00512010 f   DlgAddMaskCutout.obj
 0002:0001b060       ?GetThisClass@CDlgAddMaskCutout@@SGPAUCRuntimeClass@@XZ 00512060 f   DlgAddMaskCutout.obj
 0002:0001b0a0       ?GetRuntimeClass@CDlgAddMaskCutout@@UBEPAUCRuntimeClass@@XZ 005120a0 f   DlgAddMaskCutout.obj
 0002:0001b0e0       ??0CDlgAddMaskCutout@@QAE@PAVCWnd@@@Z 005120e0 f   DlgAddMaskCutout.obj
 0002:0001b1f0       ??_GCDlgAddMaskCutout@@UAEPAXI@Z 005121f0 f i DlgAddMaskCutout.obj
 0002:0001b1f0       ??_ECDlgAddMaskCutout@@UAEPAXI@Z 005121f0 f i DlgAddMaskCutout.obj
 0002:0001b260       ??1CDlgAddMaskCutout@@UAE@XZ 00512260 f   DlgAddMaskCutout.obj
 0002:0001b360       ?Initialize@CDlgAddMaskCutout@@QAEXHH@Z 00512360 f   DlgAddMaskCutout.obj
 0002:0001b3c0       ?DoDataExchange@CDlgAddMaskCutout@@MAEXPAVCDataExchange@@@Z 005123c0 f   DlgAddMaskCutout.obj
 0002:0001b740       ?GetMessageMap@CDlgAddMaskCutout@@MBEPBUAFX_MSGMAP@@XZ 00512740 f   DlgAddMaskCutout.obj
 0002:0001b790       ?GetThisMessageMap@CDlgAddMaskCutout@@KGPBUAFX_MSGMAP@@XZ 00512790 f   DlgAddMaskCutout.obj
 0002:0001b7d0       ?_GetBaseClass@CDlgAddMerge@@KGPAUCRuntimeClass@@XZ 005127d0 f   DlgAddMerge.obj
 0002:0001b820       ?GetThisClass@CDlgAddMerge@@SGPAUCRuntimeClass@@XZ 00512820 f   DlgAddMerge.obj
 0002:0001b860       ?GetRuntimeClass@CDlgAddMerge@@UBEPAUCRuntimeClass@@XZ 00512860 f   DlgAddMerge.obj
 0002:0001b8a0       ??0CDlgAddMerge@@QAE@PAVCWnd@@@Z 005128a0 f   DlgAddMerge.obj
 0002:0001ba00       ??_GCDlgAddMerge@@UAEPAXI@Z 00512a00 f i DlgAddMerge.obj
 0002:0001ba00       ??_ECDlgAddMerge@@UAEPAXI@Z 00512a00 f i DlgAddMerge.obj
 0002:0001ba70       ??1CDlgAddMerge@@UAE@XZ    00512a70 f   DlgAddMerge.obj
 0002:0001bb80       ?DoDataExchange@CDlgAddMerge@@MAEXPAVCDataExchange@@@Z 00512b80 f   DlgAddMerge.obj
 0002:0001c350       ?GetMessageMap@CDlgAddMerge@@MBEPBUAFX_MSGMAP@@XZ 00513350 f   DlgAddMerge.obj
 0002:0001c3a0       ?GetThisMessageMap@CDlgAddMerge@@KGPBUAFX_MSGMAP@@XZ 005133a0 f   DlgAddMerge.obj
 0002:0001c3e0       ??8ATL@@YA_NABV?$CStringT@DV?$StrTraitMFC_DLL@DV?$ChTraitsCRT@D@ATL@@@@@0@PBD@Z 005133e0 f i DlgAddMerge.obj
 0002:0001c450       ?GetIndex@Merge@@QAEHV?$CStringT@DV?$StrTraitMFC_DLL@DV?$ChTraitsCRT@D@ATL@@@@@ATL@@@Z 00513450 f i DlgAddMerge.obj
 0002:0001c5b0       ?GetMerge@Merge@@QAE?AV?$CStringT@DV?$StrTraitMFC_DLL@DV?$ChTraitsCRT@D@ATL@@@@@ATL@@H@Z 005135b0 f i DlgAddMerge.obj
 0002:0001c6a0       ?GetSize@Merge@@QAEHXZ     005136a0 f i DlgAddMerge.obj
 0002:0001c6e0       ??A?$CArray@V?$CStringT@DV?$StrTraitMFC_DLL@DV?$ChTraitsCRT@D@ATL@@@@@ATL@@ABV12@@@QAEAAV?$CStringT@DV?$StrTraitMFC_DLL@DV?$ChTraitsCRT@D@ATL@@@@@ATL@@H@Z 005136e0 f i DlgAddMerge.obj
 0002:0001c740       ?ElementAt@?$CArray@V?$CStringT@DV?$StrTraitMFC_DLL@DV?$ChTraitsCRT@D@ATL@@@@@ATL@@ABV12@@@QAEAAV?$CStringT@DV?$StrTraitMFC_DLL@DV?$ChTraitsCRT@D@ATL@@@@@ATL@@H@Z 00513740 f i DlgAddMerge.obj
 0002:0001c7f0       ?_GetBaseClass@CDlgAddNet@@KGPAUCRuntimeClass@@XZ 005137f0 f   DlgAddNet.obj
 0002:0001c840       ?GetThisClass@CDlgAddNet@@SGPAUCRuntimeClass@@XZ 00513840 f   DlgAddNet.obj
 0002:0001c880       ?GetRuntimeClass@CDlgAddNet@@UBEPAUCRuntimeClass@@XZ 00513880 f   DlgAddNet.obj
 0002:0001c8c0       ??0CDlgAddNet@@QAE@PAVCWnd@@@Z 005138c0 f   DlgAddNet.obj
 0002:0001c930       ??_ECDlgAddNet@@UAEPAXI@Z  00513930 f i DlgAddNet.obj
 0002:0001c930       ??_GCDlgAddNet@@UAEPAXI@Z  00513930 f i DlgAddNet.obj
 0002:0001c9a0       ??1CDlgAddNet@@UAE@XZ      005139a0 f   DlgAddNet.obj
 0002:0001ca00       ?DoDataExchange@CDlgAddNet@@MAEXPAVCDataExchange@@@Z 00513a00 f   DlgAddNet.obj
 0002:0001ca60       ?GetMessageMap@CDlgAddNet@@MBEPBUAFX_MSGMAP@@XZ 00513a60 f   DlgAddNet.obj
 0002:0001cab0       ?GetThisMessageMap@CDlgAddNet@@KGPBUAFX_MSGMAP@@XZ 00513ab0 f   DlgAddNet.obj
 0002:0001caf0       ?_GetBaseClass@CDlgAddPart@@KGPAUCRuntimeClass@@XZ 00513af0 f   DlgAddPart.obj
 0002:0001cb40       ?GetThisClass@CDlgAddPart@@SGPAUCRuntimeClass@@XZ 00513b40 f   DlgAddPart.obj
 0002:0001cb80       ?GetRuntimeClass@CDlgAddPart@@UBEPAUCRuntimeClass@@XZ 00513b80 f   DlgAddPart.obj
 0002:0001cbc0       ??0CDlgAddPart@@QAE@PAVCWnd@@@Z 00513bc0 f   DlgAddPart.obj
 0002:0001cef0       ??_GCDlgAddPart@@UAEPAXI@Z 00513ef0 f i DlgAddPart.obj
 0002:0001cef0       ??_ECDlgAddPart@@UAEPAXI@Z 00513ef0 f i DlgAddPart.obj
 0002:0001cf60       ??1CDlgAddPart@@UAE@XZ     00513f60 f   DlgAddPart.obj
 0002:0001d250       ?DoDataExchange@CDlgAddPart@@MAEXPAVCDataExchange@@@Z 00514250 f   DlgAddPart.obj
 0002:0001f6b0       ?GetNewName@CDlgDupFootprintName@@QAEPAV?$CStringT@DV?$StrTraitMFC_DLL@DV?$ChTraitsCRT@D@ATL@@@@@ATL@@XZ 005166b0 f i DlgAddPart.obj
 0002:0001f6f0       ?GetMessageMap@CDlgAddPart@@MBEPBUAFX_MSGMAP@@XZ 005166f0 f   DlgAddPart.obj
 0002:0001f740       ?GetThisMessageMap@CDlgAddPart@@KGPBUAFX_MSGMAP@@XZ 00516740 f   DlgAddPart.obj
 0002:0001f780       ?Initialize@CDlgAddPart@@QAEXPAV?$CArray@Upart_info@@ABU1@@@HHHHHHPAVCMapStringToPtr@@PAVCFootLibFolderMap@@HPAVCDlgLog@@PAV?$CStringT@DV?$StrTraitMFC_DLL@DV?$ChTraitsCRT@D@ATL@@@@@ATL@@@Z 00516780 f   DlgAddPart.obj
 0002:0001f920       ?GetDragFlag@CDlgAddPart@@QAEHXZ 00516920 f   DlgAddPart.obj
 0002:0001f960       ?OnInitDialog@CDlgAddPart@@EAEHXZ 00516960 f   DlgAddPart.obj
 0002:000208c0       ?InitPartLibTree@CDlgAddPart@@QAEXV?$CStringT@DV?$StrTraitMFC_DLL@DV?$ChTraitsCRT@D@ATL@@@@@ATL@@@Z 005178c0 f   DlgAddPart.obj
 0002:00021280       ?OnTvnSelchangedPartLibTree@CDlgAddPart@@AAEXPAUtagNMHDR@@PAJ@Z 00518280 f   DlgAddPart.obj
 0002:00021c80       ?OnBnClickedRadioDrag@CDlgAddPart@@AAEXXZ 00518c80 f   DlgAddPart.obj
 0002:00021d40       ?OnBnClickedRadioSet@CDlgAddPart@@AAEXXZ 00518d40 f   DlgAddPart.obj
 0002:00021e00       ?OnBnClickedRadioOffBoard@CDlgAddPart@@AAEXXZ 00518e00 f   DlgAddPart.obj
 0002:00021ec0       ?OnEditFootChange@CDlgAddPart@@AAEXXZ 00518ec0 f   DlgAddPart.obj
 0002:00022040       ?OnBnClickedOk@CDlgAddPart@@AAEXXZ 00519040 f   DlgAddPart.obj
 0002:00022200       ?OnBnClickedCancel@CDlgAddPart@@AAEXXZ 00519200 f   DlgAddPart.obj
 0002:000223d0       ?OnCbnSelchangeComboAddPartUnits@CDlgAddPart@@AAEXXZ 005193d0 f   DlgAddPart.obj
 0002:00022470       ?GetFields@CDlgAddPart@@QAEXXZ 00519470 f   DlgAddPart.obj
 0002:000226f0       ?SetFields@CDlgAddPart@@QAEXXZ 005196f0 f   DlgAddPart.obj
 0002:00022950       ?OnBnClickedButtonBrowse@CDlgAddPart@@AAEXXZ 00519950 f   DlgAddPart.obj
 0002:00022c80       ??1CPathDialog@@QAE@XZ     00519c80 f i DlgAddPart.obj
 0002:00022ce0       ??1CPathDialogSub@@UAE@XZ  00519ce0 f i DlgAddPart.obj
 0002:00022d30       ?OnStnClickedStatic2@CDlgAddPart@@QAEXXZ 00519d30 f   DlgAddPart.obj
 0002:00022d70       ??HATL@@YA?AV?$CStringT@DV?$StrTraitMFC_DLL@DV?$ChTraitsCRT@D@ATL@@@@@0@ABV10@0@Z 00519d70 f i DlgAddPart.obj
 0002:00022f30       ??8ATL@@YA_NABV?$CStringT@DV?$StrTraitMFC_DLL@DV?$ChTraitsCRT@D@ATL@@@@@0@0@Z 00519f30 f i DlgAddPart.obj
 0002:00022fb0       ??9ATL@@YA_NABV?$CStringT@DV?$StrTraitMFC_DLL@DV?$ChTraitsCRT@D@ATL@@@@@0@0@Z 00519fb0 f i DlgAddPart.obj
 0002:00023030       ?GetSize@?$CArray@Vpadstack@@ABV1@@@QBEHXZ 0051a030 f i DlgAddPart.obj
 0002:00023070       ??A?$CArray@Vpadstack@@ABV1@@@QAEAAVpadstack@@H@Z 0051a070 f i DlgAddPart.obj
 0002:000230d0       ?GetSize@?$CArray@Upart_info@@ABU1@@@QBEHXZ 0051a0d0 f i DlgAddPart.obj
 0002:00023110       ?SetSize@?$CArray@Upart_info@@ABU1@@@QAEXHH@Z 0051a110 f i DlgAddPart.obj
 0002:00023770       ?GetAt@?$CArray@Upart_info@@ABU1@@@QAEAAUpart_info@@H@Z 0051a770 f i DlgAddPart.obj
 0002:00023820       ??A?$CArray@Upart_info@@ABU1@@@QAEAAUpart_info@@H@Z 0051a820 f i DlgAddPart.obj
 0002:00023880       ??_Gpart_info@@QAEPAXI@Z   0051a880 f i DlgAddPart.obj
 0002:000238f0       ??0part_info@@QAE@XZ       0051a8f0 f i DlgAddPart.obj
 0002:00023970       ??1part_info@@QAE@XZ       0051a970 f i DlgAddPart.obj
 0002:000239f0       ?ElementAt@?$CArray@Vpadstack@@ABV1@@@QAEAAVpadstack@@H@Z 0051a9f0 f i DlgAddPart.obj
 0002:00023aa0       ?ElementAt@?$CArray@Upart_info@@ABU1@@@QAEAAUpart_info@@H@Z 0051aaa0 f i DlgAddPart.obj
 0002:00023b50       ?SetExpanded@CFootLibFolder@@QAEXHH@Z 0051ab50 f i DlgAddPart.obj
 0002:00023bc0       ??A?$CArray@VCFootLib@@ABV1@@@QAEAAVCFootLib@@H@Z 0051abc0 f i DlgAddPart.obj
 0002:00023c20       ?ElementAt@?$CArray@VCFootLib@@ABV1@@@QAEAAVCFootLib@@H@Z 0051ac20 f i DlgAddPart.obj
 0002:00023cd0       ?ConvertMaskCurSelToShape@@YAHH@Z 0051acd0 f   DlgAddPin.obj
 0002:00023d20       ?ConvertMaskShapeToCurSel@@YAHH@Z 0051ad20 f   DlgAddPin.obj
 0002:00023d70       ?GetNameValue@@YANPAV?$CStringT@DV?$StrTraitMFC_DLL@DV?$ChTraitsCRT@D@ATL@@@@@ATL@@@Z 0051ad70 f   DlgAddPin.obj
 0002:00023eb0       ?SortByName@@YAXPAV?$CArray@V?$CStringT@DV?$StrTraitMFC_DLL@DV?$ChTraitsCRT@D@ATL@@@@@ATL@@ABV12@@@@Z 0051aeb0 f   DlgAddPin.obj
 0002:000240e0       ?_GetBaseClass@CDlgAddPin@@KGPAUCRuntimeClass@@XZ 0051b0e0 f   DlgAddPin.obj
 0002:00024130       ?GetThisClass@CDlgAddPin@@SGPAUCRuntimeClass@@XZ 0051b130 f   DlgAddPin.obj
 0002:00024170       ?GetRuntimeClass@CDlgAddPin@@UBEPAUCRuntimeClass@@XZ 0051b170 f   DlgAddPin.obj
 0002:000241b0       ??0CDlgAddPin@@QAE@PAVCWnd@@@Z 0051b1b0 f   DlgAddPin.obj
 0002:000249d0       ??_ECDlgAddPin@@UAEPAXI@Z  0051b9d0 f i DlgAddPin.obj
 0002:000249d0       ??_GCDlgAddPin@@UAEPAXI@Z  0051b9d0 f i DlgAddPin.obj
 0002:00024a40       ??1CDlgAddPin@@UAE@XZ      0051ba40 f   DlgAddPin.obj
 0002:00024fd0       ?DoDataExchange@CDlgAddPin@@MAEXPAVCDataExchange@@@Z 0051bfd0 f   DlgAddPin.obj
 0002:00029010       ?GetMessageMap@CDlgAddPin@@MBEPBUAFX_MSGMAP@@XZ 00520010 f   DlgAddPin.obj
 0002:00029060       ?GetThisMessageMap@CDlgAddPin@@KGPBUAFX_MSGMAP@@XZ 00520060 f   DlgAddPin.obj
 0002:000290a0       ?InitDialog@CDlgAddPin@@QAEXPAVCShape@@HHH@Z 005200a0 f   DlgAddPin.obj
 0002:000291b0       ?OnBnClickedRadioAddPin@CDlgAddPin@@QAEXXZ 005201b0 f   DlgAddPin.obj
 0002:00029340       ?OnBnClickedRadioAddRow@CDlgAddPin@@QAEXXZ 00520340 f   DlgAddPin.obj
 0002:000294b0       ?OnBnClickedRadioDragPin@CDlgAddPin@@QAEXXZ 005204b0 f   DlgAddPin.obj
 0002:00029560       ?OnBnClickedRadioSetPinPos@CDlgAddPin@@QAEXXZ 00520560 f   DlgAddPin.obj
 0002:00029630       ?OnBnClickedCheckInnerSameAs@CDlgAddPin@@QAEXXZ 00520630 f   DlgAddPin.obj
 0002:00029690       ?OnBnClickedCheckBottomSameAs@CDlgAddPin@@QAEXXZ 00520690 f   DlgAddPin.obj
 0002:000296f0       ?OnCbnSelchangeComboPinUnits@CDlgAddPin@@QAEXXZ 005206f0 f   DlgAddPin.obj
 0002:00029790       ?SetFields@CDlgAddPin@@IAEXXZ 00520790 f   DlgAddPin.obj
 0002:0002af80       ?GetFields@CDlgAddPin@@IAEXXZ 00521f80 f   DlgAddPin.obj
 0002:0002c3d0       ?OnChange@CDlgAddPin@@QAEXXZ 005233d0 f   DlgAddPin.obj
 0002:0002c430       ?OnChangeTopPadParam@CDlgAddPin@@QAEXXZ 00523430 f   DlgAddPin.obj
 0002:0002c780       ?OnBnClickedCheckBottomSameAs2@CDlgAddPin@@QAEXXZ 00523780 f   DlgAddPin.obj
 0002:0002c7c0       ?InsertAt@?$CArray@Vpadstack@@ABV1@@@QAEXHABVpadstack@@H@Z 005237c0 f i DlgAddPin.obj
 0002:0002cb10       ??3@YAXPAX0@Z              00523b10 f i DlgAddPin.obj
 0002:0002cb40       ?RemoveAt@?$CArray@Vpadstack@@ABV1@@@QAEXHH@Z 00523b40 f i DlgAddPin.obj
 0002:0002cd20       ??4padstack@@QAEAAV0@ABV0@@Z 00523d20 f i DlgAddPin.obj
 0002:0002cfb0       ?memmove_s@Checked@ATL@@YAXPAXIPBXI@Z 00523fb0 f i DlgAddPin.obj
 0002:0002d030       ??0?$CArray@V?$CStringT@DV?$StrTraitMFC_DLL@DV?$ChTraitsCRT@D@ATL@@@@@ATL@@ABV12@@@QAE@XZ 00524030 f i DlgAddPin.obj
 0002:0002d0c0       ?GetSize@?$CArray@V?$CStringT@DV?$StrTraitMFC_DLL@DV?$ChTraitsCRT@D@ATL@@@@@ATL@@ABV12@@@QBEHXZ 005240c0 f i DlgAddPin.obj
 0002:0002d100       ?SetSize@?$CArray@V?$CStringT@DV?$StrTraitMFC_DLL@DV?$ChTraitsCRT@D@ATL@@@@@ATL@@ABV12@@@QAEXHH@Z 00524100 f i DlgAddPin.obj
 0002:0002d780       ??1?$CArray@V?$CStringT@DV?$StrTraitMFC_DLL@DV?$ChTraitsCRT@D@ATL@@@@@ATL@@ABV12@@@UAE@XZ 00524780 f i DlgAddPin.obj
 0002:0002d8b0       ?Serialize@?$CArray@V?$CStringT@DV?$StrTraitMFC_DLL@DV?$ChTraitsCRT@D@ATL@@@@@ATL@@ABV12@@@UAEXAAVCArchive@@@Z 005248b0 f i DlgAddPin.obj
 0002:0002d980       ?Dump@?$CArray@V?$CStringT@DV?$StrTraitMFC_DLL@DV?$ChTraitsCRT@D@ATL@@@@@ATL@@ABV12@@@UBEXAAVCDumpContext@@@Z 00524980 f i DlgAddPin.obj
 0002:0002da60       ?AssertValid@?$CArray@V?$CStringT@DV?$StrTraitMFC_DLL@DV?$ChTraitsCRT@D@ATL@@@@@ATL@@ABV12@@@UBEXXZ 00524a60 f i DlgAddPin.obj
 0002:0002dbc0       ??_E?$CArray@V?$CStringT@DV?$StrTraitMFC_DLL@DV?$ChTraitsCRT@D@ATL@@@@@ATL@@ABV12@@@UAEPAXI@Z 00524bc0 f i DlgAddPin.obj
 0002:0002dbc0       ??_G?$CArray@V?$CStringT@DV?$StrTraitMFC_DLL@DV?$ChTraitsCRT@D@ATL@@@@@ATL@@ABV12@@@UAEPAXI@Z 00524bc0 f i DlgAddPin.obj
 0002:0002dc30       ??_G?$CStringT@DV?$StrTraitMFC_DLL@DV?$ChTraitsCRT@D@ATL@@@@@ATL@@QAEPAXI@Z 00524c30 f i DlgAddPin.obj
 0002:0002dcb0       ??_Gpadstack@@QAEPAXI@Z    00524cb0 f i DlgAddPin.obj
 0002:0002dd20       ??1padstack@@QAE@XZ        00524d20 f i DlgAddPin.obj
 0002:0002dda0       ??$DumpElements@V?$CStringT@DV?$StrTraitMFC_DLL@DV?$ChTraitsCRT@D@ATL@@@@@ATL@@@@YGXAAVCDumpContext@@PBV?$CStringT@DV?$StrTraitMFC_DLL@DV?$ChTraitsCRT@D@ATL@@@@@ATL@@H@Z 00524da0 f i DlgAddPin.obj
 0002:0002de90       ?SetSize@?$CArray@Vpadstack@@ABV1@@@QAEXHH@Z 00524e90 f i DlgAddPin.obj
 0002:0002e5e0       ?_GetBaseClass@CDlgAddPoly@@KGPAUCRuntimeClass@@XZ 005255e0 f   DlgAddPoly.obj
 0002:0002e630       ?GetThisClass@CDlgAddPoly@@SGPAUCRuntimeClass@@XZ 00525630 f   DlgAddPoly.obj
 0002:0002e670       ?GetRuntimeClass@CDlgAddPoly@@UBEPAUCRuntimeClass@@XZ 00525670 f   DlgAddPoly.obj
 0002:0002e6b0       ??0CDlgAddPoly@@QAE@PAVCWnd@@@Z 005256b0 f   DlgAddPoly.obj
 0002:0002e7d0       ??_ECDlgAddPoly@@UAEPAXI@Z 005257d0 f i DlgAddPoly.obj
 0002:0002e7d0       ??_GCDlgAddPoly@@UAEPAXI@Z 005257d0 f i DlgAddPoly.obj
 0002:0002e840       ??1CDlgAddPoly@@UAE@XZ     00525840 f   DlgAddPoly.obj
 0002:0002e940       ?DoDataExchange@CDlgAddPoly@@MAEXPAVCDataExchange@@@Z 00525940 f   DlgAddPoly.obj
 0002:0002ebf0       ?Initialize@CDlgAddPoly@@QAEXHHHHH@Z 00525bf0 f   DlgAddPoly.obj
 0002:0002eca0       ?GetMessageMap@CDlgAddPoly@@MBEPBUAFX_MSGMAP@@XZ 00525ca0 f   DlgAddPoly.obj
 0002:0002ecf0       ?GetThisMessageMap@CDlgAddPoly@@KGPBUAFX_MSGMAP@@XZ 00525cf0 f   DlgAddPoly.obj
 0002:0002ed30       ?GetFields@CDlgAddPoly@@AAEXXZ 00525d30 f   DlgAddPoly.obj
 0002:0002eef0       ?SetFields@CDlgAddPoly@@AAEXXZ 00525ef0 f   DlgAddPoly.obj
 0002:0002f0b0       ?OnCbnSelchangeComboAddPolyUnits@CDlgAddPoly@@AAEXXZ 005260b0 f   DlgAddPoly.obj
 0002:0002f150       ?_GetBaseClass@CDlgAddText@@KGPAUCRuntimeClass@@XZ 00526150 f   DlgAddText.obj
 0002:0002f1a0       ?GetThisClass@CDlgAddText@@SGPAUCRuntimeClass@@XZ 005261a0 f   DlgAddText.obj
 0002:0002f1e0       ?GetRuntimeClass@CDlgAddText@@UBEPAUCRuntimeClass@@XZ 005261e0 f   DlgAddText.obj
 0002:0002f220       ??0CDlgAddText@@QAE@PAVCWnd@@@Z 00526220 f   DlgAddText.obj
 0002:0002f450       ??_ECDlgAddText@@UAEPAXI@Z 00526450 f i DlgAddText.obj
 0002:0002f450       ??_GCDlgAddText@@UAEPAXI@Z 00526450 f i DlgAddText.obj
 0002:0002f4c0       ??1CDlgAddText@@UAE@XZ     005264c0 f   DlgAddText.obj
 0002:0002f6b0       ?DoDataExchange@CDlgAddText@@MAEXPAVCDataExchange@@@Z 005266b0 f   DlgAddText.obj
 0002:0002fa30       ?GetMessageMap@CDlgAddText@@MBEPBUAFX_MSGMAP@@XZ 00526a30 f   DlgAddText.obj
 0002:0002fa80       ?GetThisMessageMap@CDlgAddText@@KGPBUAFX_MSGMAP@@XZ 00526a80 f   DlgAddText.obj
 0002:0002fac0       ?Initialize@CDlgAddText@@QAEXHHHPAV?$CStringT@DV?$StrTraitMFC_DLL@DV?$ChTraitsCRT@D@ATL@@@@@ATL@@HHHHHHHH@Z 00526ac0 f   DlgAddText.obj
 0002:0002fce0       ?OnInitDialog@CDlgAddText@@UAEHXZ 00526ce0 f   DlgAddText.obj
 0002:0002fef0       ?OnBnClickedSetWidth@CDlgAddText@@QAEXXZ 00526ef0 f   DlgAddText.obj
 0002:0002ff50       ?OnBnClickedDefWidth@CDlgAddText@@QAEXXZ 00526f50 f   DlgAddText.obj
 0002:0002ffb0       ?OnEnChangeEditHeight@CDlgAddText@@QAEXXZ 00526fb0 f   DlgAddText.obj
 0002:00030250       ?OnBnClickedOk@CDlgAddText@@QAEXXZ 00527250 f   DlgAddText.obj
 0002:00030350       ?OnBnClickedSetPosition@CDlgAddText@@QAEXXZ 00527350 f   DlgAddText.obj
 0002:000303b0       ?OnBnClickedDrag@CDlgAddText@@QAEXXZ 005273b0 f   DlgAddText.obj
 0002:00030410       ?OnCbnSelchangeComboAddTextUnits@CDlgAddText@@QAEXXZ 00527410 f   DlgAddText.obj
 0002:000304d0       ?GetFields@CDlgAddText@@QAEXXZ 005274d0 f   DlgAddText.obj
 0002:00030870       ?SetFields@CDlgAddText@@QAEXXZ 00527870 f   DlgAddText.obj
 0002:00030d60       ?OnLbnSelchangeListLayer@CDlgAddText@@QAEXXZ 00527d60 f   DlgAddText.obj
 0002:00030dc0       ?_GetBaseClass@CDlgAddWidth@@KGPAUCRuntimeClass@@XZ 00527dc0 f   DlgAddWidth.obj
 0002:00030e10       ?GetThisClass@CDlgAddWidth@@SGPAUCRuntimeClass@@XZ 00527e10 f   DlgAddWidth.obj
 0002:00030e50       ?GetRuntimeClass@CDlgAddWidth@@UBEPAUCRuntimeClass@@XZ 00527e50 f   DlgAddWidth.obj
 0002:00030e90       ??0CDlgAddWidth@@QAE@PAVCWnd@@@Z 00527e90 f   DlgAddWidth.obj
 0002:00030f00       ??_ECDlgAddWidth@@UAEPAXI@Z 00527f00 f i DlgAddWidth.obj
 0002:00030f00       ??_GCDlgAddWidth@@UAEPAXI@Z 00527f00 f i DlgAddWidth.obj
 0002:00030f70       ??1CDlgAddWidth@@UAE@XZ    00527f70 f   DlgAddWidth.obj
 0002:00030fd0       ?DoDataExchange@CDlgAddWidth@@MAEXPAVCDataExchange@@@Z 00527fd0 f   DlgAddWidth.obj
 0002:00031380       ?GetMessageMap@CDlgAddWidth@@MBEPBUAFX_MSGMAP@@XZ 00528380 f   DlgAddWidth.obj
 0002:000313d0       ?GetThisMessageMap@CDlgAddWidth@@KGPBUAFX_MSGMAP@@XZ 005283d0 f   DlgAddWidth.obj
 0002:00031410       ?_GetBaseClass@DlgAreaLayer@@KGPAUCRuntimeClass@@XZ 00528410 f   DlgAreaLayer.obj
 0002:00031460       ?GetThisClass@DlgAreaLayer@@SGPAUCRuntimeClass@@XZ 00528460 f   DlgAreaLayer.obj
 0002:000314a0       ?GetRuntimeClass@DlgAreaLayer@@UBEPAUCRuntimeClass@@XZ 005284a0 f   DlgAreaLayer.obj
 0002:000314e0       ??0DlgAreaLayer@@QAE@PAVCWnd@@@Z 005284e0 f   DlgAreaLayer.obj
 0002:000315b0       ??_EDlgAreaLayer@@UAEPAXI@Z 005285b0 f i DlgAreaLayer.obj
 0002:000315b0       ??_GDlgAreaLayer@@UAEPAXI@Z 005285b0 f i DlgAreaLayer.obj
 0002:00031620       ??1DlgAreaLayer@@UAE@XZ    00528620 f   DlgAreaLayer.obj
 0002:000316e0       ?DoDataExchange@DlgAreaLayer@@MAEXPAVCDataExchange@@@Z 005286e0 f   DlgAreaLayer.obj
 0002:00031800       ?GetMessageMap@DlgAreaLayer@@MBEPBUAFX_MSGMAP@@XZ 00528800 f   DlgAreaLayer.obj
 0002:00031850       ?GetThisMessageMap@DlgAreaLayer@@KGPBUAFX_MSGMAP@@XZ 00528850 f   DlgAreaLayer.obj
 0002:00031890       ?Initialize@DlgAreaLayer@@QAEXH@Z 00528890 f   DlgAreaLayer.obj
 0002:000318e0       ?_GetBaseClass@DlgAssignNet@@KGPAUCRuntimeClass@@XZ 005288e0 f   DlgAssignNet.obj
 0002:00031930       ?GetThisClass@DlgAssignNet@@SGPAUCRuntimeClass@@XZ 00528930 f   DlgAssignNet.obj
 0002:00031970       ?GetRuntimeClass@DlgAssignNet@@UBEPAUCRuntimeClass@@XZ 00528970 f   DlgAssignNet.obj
 0002:000319b0       ??0DlgAssignNet@@QAE@PAVCWnd@@@Z 005289b0 f   DlgAssignNet.obj
 0002:00031b30       ??_EDlgAssignNet@@UAEPAXI@Z 00528b30 f i DlgAssignNet.obj
 0002:00031b30       ??_GDlgAssignNet@@UAEPAXI@Z 00528b30 f i DlgAssignNet.obj
 0002:00031ba0       ??1DlgAssignNet@@UAE@XZ    00528ba0 f   DlgAssignNet.obj
 0002:00031ca0       ?DoDataExchange@DlgAssignNet@@MAEXPAVCDataExchange@@@Z 00528ca0 f   DlgAssignNet.obj
 0002:000324c0       ?GetMessageMap@DlgAssignNet@@MBEPBUAFX_MSGMAP@@XZ 005294c0 f   DlgAssignNet.obj
 0002:00032510       ?GetThisMessageMap@DlgAssignNet@@KGPBUAFX_MSGMAP@@XZ 00529510 f   DlgAssignNet.obj
 0002:00032550       ?OnBnClickedButtonNewNet@DlgAssignNet@@QAEXXZ 00529550 f   DlgAssignNet.obj
 0002:00032730       ?OnBnClickedCancel@DlgAssignNet@@QAEXXZ 00529730 f   DlgAssignNet.obj
 0002:000327b0       ??HATL@@YA?AV?$CStringT@DV?$StrTraitMFC_DLL@DV?$ChTraitsCRT@D@ATL@@@@@0@ABV10@PBD@Z 005297b0 f i DlgAssignNet.obj
 0002:00032960       ??HATL@@YA?AV?$CStringT@DV?$StrTraitMFC_DLL@DV?$ChTraitsCRT@D@ATL@@@@@0@PBDABV10@@Z 00529960 f i DlgAssignNet.obj
 0002:00032b10       ??A?$CArray@Vcpin@@ABV1@@@QAEAAVcpin@@H@Z 00529b10 f i DlgAssignNet.obj
 0002:00032b70       ?ElementAt@?$CArray@Vcpin@@ABV1@@@QAEAAVcpin@@H@Z 00529b70 f i DlgAssignNet.obj
 0002:00032c20       ?_GetBaseClass@CDlgCAD@@KGPAUCRuntimeClass@@XZ 00529c20 f   DlgCAD.obj
 0002:00032c70       ?GetThisClass@CDlgCAD@@SGPAUCRuntimeClass@@XZ 00529c70 f   DlgCAD.obj
 0002:00032cb0       ?GetRuntimeClass@CDlgCAD@@UBEPAUCRuntimeClass@@XZ 00529cb0 f   DlgCAD.obj
 0002:00032cf0       ??0CDlgCAD@@QAE@PAVCWnd@@@Z 00529cf0 f   DlgCAD.obj
 0002:00033360       ??_GCDlgCAD@@UAEPAXI@Z     0052a360 f i DlgCAD.obj
 0002:00033360       ??_ECDlgCAD@@UAEPAXI@Z     0052a360 f i DlgCAD.obj
 0002:000333d0       ??1CDlgCAD@@UAE@XZ         0052a3d0 f   DlgCAD.obj
 0002:000339d0       ?DoDataExchange@CDlgCAD@@MAEXPAVCDataExchange@@@Z 0052a9d0 f   DlgCAD.obj
 0002:00034b60       ?GetMessageMap@CDlgCAD@@MBEPBUAFX_MSGMAP@@XZ 0052bb60 f   DlgCAD.obj
 0002:00034bb0       ?GetThisMessageMap@CDlgCAD@@KGPBUAFX_MSGMAP@@XZ 0052bbb0 f   DlgCAD.obj
 0002:00034bf0       ?Initialize@CDlgCAD@@QAEXNPAV?$CStringT@DV?$StrTraitMFC_DLL@DV?$ChTraitsCRT@D@ATL@@@@@ATL@@000HHHHHHHHHHHHHHHHHHHHHPAV?$CArray@VCPolyLine@@ABV1@@@PAHPAVCPartList@@PAVCNetList@@PAVCTextList@@PAVCDisplayList@@PAVMerge@@PAVCDlgLog@@@Z 0052bbf0 f   DlgCAD.obj
 0002:00034f70       ?OnBnClickedGo@CDlgCAD@@QAEXXZ 0052bf70 f   DlgCAD.obj
 0002:00037cf0       ?GetFields@CDlgCAD@@QAEXXZ 0052ecf0 f   DlgCAD.obj
 0002:00038de0       ?SetFields@CDlgCAD@@QAEXXZ 0052fde0 f   DlgCAD.obj
 0002:00039300       ?OnCbnSelchangeComboCadUnits@CDlgCAD@@QAEXXZ 00530300 f   DlgCAD.obj
 0002:000393a0       ?OnBnClickedCheckCadPilot@CDlgCAD@@QAEXXZ 005303a0 f   DlgCAD.obj
 0002:00039430       ?OnBnClickedCancel@CDlgCAD@@QAEXXZ 00530430 f   DlgCAD.obj
 0002:000394a0       ?OnBnClickedButtonDef@CDlgCAD@@QAEXXZ 005304a0 f   DlgCAD.obj
 0002:00039c10       ?OnBnClickedButtonFolder@CDlgCAD@@QAEXXZ 00530c10 f   DlgCAD.obj
 0002:00039e90       ?OnBnClickedThermalPins@CDlgCAD@@QAEXXZ 00530e90 f   DlgCAD.obj
 0002:00039f30       ?OnBnClickedThermalVias@CDlgCAD@@QAEXXZ 00530f30 f   DlgCAD.obj
 0002:00039f80       ?OnBnClickedRenderAllGerbers@CDlgCAD@@QAEXXZ 00530f80 f   DlgCAD.obj
 0002:00039ff0       ?OnBnClickedButtonDone@CDlgCAD@@QAEXXZ 00530ff0 f   DlgCAD.obj
 0002:0003a060       ?SetPinAnnularRing@CPartList@@QAEXH@Z 00531060 f i DlgCAD.obj
 0002:0003a0b0       ?SetViaAnnularRing@CNetList@@QAEXH@Z 005310b0 f i DlgCAD.obj
 0002:0003a100       ?_GetBaseClass@CDlgCentroid@@KGPAUCRuntimeClass@@XZ 00531100 f   DlgCentroid.obj
 0002:0003a150       ?GetThisClass@CDlgCentroid@@SGPAUCRuntimeClass@@XZ 00531150 f   DlgCentroid.obj
 0002:0003a190       ?GetRuntimeClass@CDlgCentroid@@UBEPAUCRuntimeClass@@XZ 00531190 f   DlgCentroid.obj
 0002:0003a1d0       ??0CDlgCentroid@@QAE@PAVCWnd@@@Z 005311d0 f   DlgCentroid.obj
 0002:0003a310       ??_GCDlgCentroid@@UAEPAXI@Z 00531310 f i DlgCentroid.obj
 0002:0003a310       ??_ECDlgCentroid@@UAEPAXI@Z 00531310 f i DlgCentroid.obj
 0002:0003a380       ??1CDlgCentroid@@UAE@XZ    00531380 f   DlgCentroid.obj
 0002:0003a4b0       ?DoDataExchange@CDlgCentroid@@MAEXPAVCDataExchange@@@Z 005314b0 f   DlgCentroid.obj
 0002:0003a680       ?GetMessageMap@CDlgCentroid@@MBEPBUAFX_MSGMAP@@XZ 00531680 f   DlgCentroid.obj
 0002:0003a6d0       ?GetThisMessageMap@CDlgCentroid@@KGPBUAFX_MSGMAP@@XZ 005316d0 f   DlgCentroid.obj
 0002:0003a710       ?Initialize@CDlgCentroid@@QAEXW4CENTROID_TYPE@@HHHH@Z 00531710 f   DlgCentroid.obj
 0002:0003a7a0       ?SetFields@CDlgCentroid@@QAEXXZ 005317a0 f   DlgCentroid.obj
 0002:0003aa90       ?GetFields@CDlgCentroid@@QAEXXZ 00531a90 f   DlgCentroid.obj
 0002:0003ac70       ?OnBnClickedDefault@CDlgCentroid@@QAEXXZ 00531c70 f   DlgCentroid.obj
 0002:0003ace0       ?OnBnClickedSet@CDlgCentroid@@QAEXXZ 00531ce0 f   DlgCentroid.obj
 0002:0003ad50       ?OnCbnSelChangeCombo1@CDlgCentroid@@QAEXXZ 00531d50 f   DlgCentroid.obj
 0002:0003adf0       ?_GetBaseClass@CDlgChangeLayer@@KGPAUCRuntimeClass@@XZ 00531df0 f   DlgChangeLayer.obj
 0002:0003ae40       ?GetThisClass@CDlgChangeLayer@@SGPAUCRuntimeClass@@XZ 00531e40 f   DlgChangeLayer.obj
 0002:0003ae80       ?GetRuntimeClass@CDlgChangeLayer@@UBEPAUCRuntimeClass@@XZ 00531e80 f   DlgChangeLayer.obj
 0002:0003aec0       ??0CDlgChangeLayer@@QAE@PAVCWnd@@@Z 00531ec0 f   DlgChangeLayer.obj
 0002:0003afd0       ??_GCDlgChangeLayer@@UAEPAXI@Z 00531fd0 f i DlgChangeLayer.obj
 0002:0003afd0       ??_ECDlgChangeLayer@@UAEPAXI@Z 00531fd0 f i DlgChangeLayer.obj
 0002:0003b040       ??1CDlgChangeLayer@@UAE@XZ 00532040 f   DlgChangeLayer.obj
 0002:0003b140       ?DoDataExchange@CDlgChangeLayer@@MAEXPAVCDataExchange@@@Z 00532140 f   DlgChangeLayer.obj
 0002:0003b3b0       ?GetMessageMap@CDlgChangeLayer@@MBEPBUAFX_MSGMAP@@XZ 005323b0 f   DlgChangeLayer.obj
 0002:0003b400       ?GetThisMessageMap@CDlgChangeLayer@@KGPBUAFX_MSGMAP@@XZ 00532400 f   DlgChangeLayer.obj
 0002:0003b440       ?Initialize@CDlgChangeLayer@@QAEXHHH@Z 00532440 f   DlgChangeLayer.obj
 0002:0003b4a0       ?_GetBaseClass@CDlgChooseNetName@@KGPAUCRuntimeClass@@XZ 005324a0 f   DlgChooseNetName.obj
 0002:0003b4f0       ?GetThisClass@CDlgChooseNetName@@SGPAUCRuntimeClass@@XZ 005324f0 f   DlgChooseNetName.obj
 0002:0003b530       ?GetRuntimeClass@CDlgChooseNetName@@UBEPAUCRuntimeClass@@XZ 00532530 f   DlgChooseNetName.obj
 0002:0003b570       ??0CDlgChooseNetName@@QAE@PAVCWnd@@@Z 00532570 f   DlgChooseNetName.obj
 0002:0003b660       ??_GCDlgChooseNetName@@UAEPAXI@Z 00532660 f i DlgChooseNetName.obj
 0002:0003b660       ??_ECDlgChooseNetName@@UAEPAXI@Z 00532660 f i DlgChooseNetName.obj
 0002:0003b6d0       ??1CDlgChooseNetName@@UAE@XZ 005326d0 f   DlgChooseNetName.obj
 0002:0003b7a0       ?DoDataExchange@CDlgChooseNetName@@MAEXPAVCDataExchange@@@Z 005327a0 f   DlgChooseNetName.obj
 0002:0003b980       ?Initialize@CDlgChooseNetName@@QAEXPAV?$CArray@V?$CStringT@DV?$StrTraitMFC_DLL@DV?$ChTraitsCRT@D@ATL@@@@@ATL@@ABV12@@@@Z 00532980 f   DlgChooseNetName.obj
 0002:0003b9d0       ?GetMessageMap@CDlgChooseNetName@@MBEPBUAFX_MSGMAP@@XZ 005329d0 f   DlgChooseNetName.obj
 0002:0003ba20       ?GetThisMessageMap@CDlgChooseNetName@@KGPBUAFX_MSGMAP@@XZ 00532a20 f   DlgChooseNetName.obj
 0002:0003ba60       ?_GetBaseClass@DlgDRC@@KGPAUCRuntimeClass@@XZ 00532a60 f   DlgDRC.obj
 0002:0003bab0       ?GetThisClass@DlgDRC@@SGPAUCRuntimeClass@@XZ 00532ab0 f   DlgDRC.obj
 0002:0003baf0       ?GetRuntimeClass@DlgDRC@@UBEPAUCRuntimeClass@@XZ 00532af0 f   DlgDRC.obj
 0002:0003bb30       ??0DlgDRC@@QAE@PAVCWnd@@@Z 00532b30 f   DlgDRC.obj
 0002:0003bd30       ??_EDlgDRC@@UAEPAXI@Z      00532d30 f i DlgDRC.obj
 0002:0003bd30       ??_GDlgDRC@@UAEPAXI@Z      00532d30 f i DlgDRC.obj
 0002:0003bda0       ??1DlgDRC@@UAE@XZ          00532da0 f   DlgDRC.obj
 0002:0003bf80       ?DoDataExchange@DlgDRC@@MAEXPAVCDataExchange@@@Z 00532f80 f   DlgDRC.obj
 0002:0003c1d0       ?GetMessageMap@DlgDRC@@MBEPBUAFX_MSGMAP@@XZ 005331d0 f   DlgDRC.obj
 0002:0003c220       ?GetThisMessageMap@DlgDRC@@KGPBUAFX_MSGMAP@@XZ 00533220 f   DlgDRC.obj
 0002:0003c260       ?Initialize@DlgDRC@@QAEXHPAUDesignRules@@PAVCPartList@@PAVCNetList@@PAVCTextList@@PAVDRErrorList@@HPAV?$CArray@VCPolyLine@@ABV1@@@HHPAVCDlgLog@@V?$CStringT@DV?$StrTraitMFC_DLL@DV?$ChTraitsCRT@D@ATL@@@@@ATL@@@Z 00533260 f   DlgDRC.obj
 0002:0003c400       ?GetFields@DlgDRC@@QAEXXZ  00533400 f   DlgDRC.obj
 0002:0003cd40       ?SetFields@DlgDRC@@QAEXXZ  00533d40 f   DlgDRC.obj
 0002:0003d580       ?OnCbnChangeUnits@DlgDRC@@QAEXXZ 00534580 f   DlgDRC.obj
 0002:0003d6e0       ?CheckDesign@DlgDRC@@QAEXXZ 005346e0 f   DlgDRC.obj
 0002:0003db00       ?OnBnClickedCancel@DlgDRC@@QAEXXZ 00534b00 f   DlgDRC.obj
 0002:0003db70       ?OnBnClickedOk@DlgDRC@@QAEXXZ 00534b70 f   DlgDRC.obj
 0002:0003dc00       ?OnBnClickedCheck@DlgDRC@@QAEXXZ 00534c00 f   DlgDRC.obj
 0002:0003dc50       ?_GetBaseClass@CDlgDupFootprintName@@KGPAUCRuntimeClass@@XZ 00534c50 f   DlgDupFootprintName.obj
 0002:0003dca0       ?GetThisClass@CDlgDupFootprintName@@SGPAUCRuntimeClass@@XZ 00534ca0 f   DlgDupFootprintName.obj
 0002:0003dce0       ?GetRuntimeClass@CDlgDupFootprintName@@UBEPAUCRuntimeClass@@XZ 00534ce0 f   DlgDupFootprintName.obj
 0002:0003dd20       ??0CDlgDupFootprintName@@QAE@PAVCWnd@@@Z 00534d20 f   DlgDupFootprintName.obj
 0002:0003de50       ??_GCDlgDupFootprintName@@UAEPAXI@Z 00534e50 f i DlgDupFootprintName.obj
 0002:0003de50       ??_ECDlgDupFootprintName@@UAEPAXI@Z 00534e50 f i DlgDupFootprintName.obj
 0002:0003dec0       ??1CDlgDupFootprintName@@UAE@XZ 00534ec0 f   DlgDupFootprintName.obj
 0002:0003dfe0       ?DoDataExchange@CDlgDupFootprintName@@MAEXPAVCDataExchange@@@Z 00534fe0 f   DlgDupFootprintName.obj
 0002:0003e230       ?GetMessageMap@CDlgDupFootprintName@@MBEPBUAFX_MSGMAP@@XZ 00535230 f   DlgDupFootprintName.obj
 0002:0003e280       ?GetThisMessageMap@CDlgDupFootprintName@@KGPBUAFX_MSGMAP@@XZ 00535280 f   DlgDupFootprintName.obj
 0002:0003e2c0       ?Initialize@CDlgDupFootprintName@@QAEXPAV?$CStringT@DV?$StrTraitMFC_DLL@DV?$ChTraitsCRT@D@ATL@@@@@ATL@@PAVCMapStringToPtr@@@Z 005352c0 f   DlgDupFootprintName.obj
 0002:0003e320       ?OnBnClickedRadioReplaceAll@CDlgDupFootprintName@@QAEXXZ 00535320 f   DlgDupFootprintName.obj
 0002:0003e380       ?OnBnClickedRadioReplaceThis@CDlgDupFootprintName@@QAEXXZ 00535380 f   DlgDupFootprintName.obj
 0002:0003e3e0       ?OnBnClickedOk@CDlgDupFootprintName@@QAEXXZ 005353e0 f   DlgDupFootprintName.obj
 0002:0003e460       ?_GetBaseClass@DlgEditBoardCorner@@KGPAUCRuntimeClass@@XZ 00535460 f   DlgEditBoardCorner.obj
 0002:0003e4b0       ?GetThisClass@DlgEditBoardCorner@@SGPAUCRuntimeClass@@XZ 005354b0 f   DlgEditBoardCorner.obj
 0002:0003e4f0       ?GetRuntimeClass@DlgEditBoardCorner@@UBEPAUCRuntimeClass@@XZ 005354f0 f   DlgEditBoardCorner.obj
 0002:0003e530       ??0DlgEditBoardCorner@@QAE@PAVCWnd@@@Z 00535530 f   DlgEditBoardCorner.obj
 0002:0003e670       ??_EDlgEditBoardCorner@@UAEPAXI@Z 00535670 f i DlgEditBoardCorner.obj
 0002:0003e670       ??_GDlgEditBoardCorner@@UAEPAXI@Z 00535670 f i DlgEditBoardCorner.obj
 0002:0003e6e0       ??1DlgEditBoardCorner@@UAE@XZ 005356e0 f   DlgEditBoardCorner.obj
 0002:0003e7c0       ?DoDataExchange@DlgEditBoardCorner@@MAEXPAVCDataExchange@@@Z 005357c0 f   DlgEditBoardCorner.obj
 0002:0003e940       ?Init@DlgEditBoardCorner@@QAEXPAV?$CStringT@DV?$StrTraitMFC_DLL@DV?$ChTraitsCRT@D@ATL@@@@@ATL@@HHH@Z 00535940 f   DlgEditBoardCorner.obj
 0002:0003e9c0       ?GetMessageMap@DlgEditBoardCorner@@MBEPBUAFX_MSGMAP@@XZ 005359c0 f   DlgEditBoardCorner.obj
 0002:0003ea10       ?GetThisMessageMap@DlgEditBoardCorner@@KGPBUAFX_MSGMAP@@XZ 00535a10 f   DlgEditBoardCorner.obj
 0002:0003ea50       ?OnCbnSelchangeComboCornerUnits@DlgEditBoardCorner@@QAEXXZ 00535a50 f   DlgEditBoardCorner.obj
 0002:0003eaf0       ?GetFields@DlgEditBoardCorner@@AAEXXZ 00535af0 f   DlgEditBoardCorner.obj
 0002:0003ed10       ?SetFields@DlgEditBoardCorner@@AAEXXZ 00535d10 f   DlgEditBoardCorner.obj
 0002:0003ef70       ?_GetBaseClass@CDlgEditNet@@KGPAUCRuntimeClass@@XZ 00535f70 f   DlgEditNet.obj
 0002:0003efc0       ?GetThisClass@CDlgEditNet@@SGPAUCRuntimeClass@@XZ 00535fc0 f   DlgEditNet.obj
 0002:0003f000       ?GetRuntimeClass@CDlgEditNet@@UBEPAUCRuntimeClass@@XZ 00536000 f   DlgEditNet.obj
 0002:0003f040       ??0CDlgEditNet@@QAE@PAVCWnd@@@Z 00536040 f   DlgEditNet.obj
 0002:0003f270       ??_GCDlgEditNet@@UAEPAXI@Z 00536270 f i DlgEditNet.obj
 0002:0003f270       ??_ECDlgEditNet@@UAEPAXI@Z 00536270 f i DlgEditNet.obj
 0002:0003f2e0       ??1CDlgEditNet@@UAE@XZ     005362e0 f   DlgEditNet.obj
 0002:0003f4d0       ?DoDataExchange@CDlgEditNet@@MAEXPAVCDataExchange@@@Z 005364d0 f   DlgEditNet.obj
 0002:000403d0       ?Initialize@CDlgEditNet@@QAEXPAV?$CArray@Unet_info@@ABU1@@@HPAVCPartList@@HHHHPAV?$CArray@HABH@@22PAV?$CStringT@DV?$StrTraitMFC_DLL@DV?$ChTraitsCRT@D@ATL@@@@@ATL@@@Z 005373d0 f   DlgEditNet.obj
 0002:000405f0       ?GetMessageMap@CDlgEditNet@@MBEPBUAFX_MSGMAP@@XZ 005375f0 f   DlgEditNet.obj
 0002:00040640       ?GetThisMessageMap@CDlgEditNet@@KGPBUAFX_MSGMAP@@XZ 00537640 f   DlgEditNet.obj
 0002:00040680       ?OnBnClickedRadioDefWidth@CDlgEditNet@@IAEXXZ 00537680 f   DlgEditNet.obj
 0002:000407e0       ?OnBnClickedRadioSetWidth@CDlgEditNet@@IAEXXZ 005377e0 f   DlgEditNet.obj
 0002:00040850       ?OnBnClickedButtonDelete@CDlgEditNet@@IAEXXZ 00537850 f   DlgEditNet.obj
 0002:00040c60       ?OnBnClickedButtonAdd@CDlgEditNet@@IAEXXZ 00537c60 f   DlgEditNet.obj
 0002:000417e0       ?OnInitDialog@CDlgEditNet@@MAEHXZ 005387e0 f   DlgEditNet.obj
 0002:00041d80       ?OnCbnSelchangeComboWidth@CDlgEditNet@@IAEXXZ 00538d80 f   DlgEditNet.obj
 0002:00041ee0       ?OnCbnEditchangeComboWidth@CDlgEditNet@@IAEXXZ 00538ee0 f   DlgEditNet.obj
 0002:00042020       ?ChangeTraceWidth@CDlgEditNet@@IAEXV?$CStringT@DV?$StrTraitMFC_DLL@DV?$ChTraitsCRT@D@ATL@@@@@ATL@@@Z 00539020 f   DlgEditNet.obj
 0002:00042620       ?SetFields@CDlgEditNet@@QAEXXZ 00539620 f   DlgEditNet.obj
 0002:00042660       ?GetFields@CDlgEditNet@@QAEXXZ 00539660 f   DlgEditNet.obj
 0002:000426a0       ?OnEnUpdateEditAddPin@CDlgEditNet@@QAEXXZ 005396a0 f   DlgEditNet.obj
 0002:00042720       ?OnBnClickedOk@CDlgEditNet@@QAEXXZ 00539720 f   DlgEditNet.obj
 0002:00042890       ?RemoveAt@?$CArray@V?$CStringT@DV?$StrTraitMFC_DLL@DV?$ChTraitsCRT@D@ATL@@@@@ATL@@ABV12@@@QAEXHH@Z 00539890 f i DlgEditNet.obj
 0002:00042a60       ?GetSize@?$CArray@HABH@@QBEHXZ 00539a60 f i DlgEditNet.obj
 0002:00042aa0       ?GetSize@?$CArray@Unet_info@@ABU1@@@QBEHXZ 00539aa0 f i DlgEditNet.obj
 0002:00042ae0       ?SetSize@?$CArray@Unet_info@@ABU1@@@QAEXHH@Z 00539ae0 f i DlgEditNet.obj
 0002:000431e0       ??A?$CArray@Unet_info@@ABU1@@@QAEAAUnet_info@@H@Z 0053a1e0 f i DlgEditNet.obj
 0002:00043240       ??0?$CArray@HH@@QAE@XZ     0053a240 f i DlgEditNet.obj
 0002:000432d0       ?SetSize@?$CArray@HH@@QAEXHH@Z 0053a2d0 f i DlgEditNet.obj
 0002:00043860       ?GetData@?$CArray@HH@@QAEPAHXZ 0053a860 f i DlgEditNet.obj
 0002:000438a0       ??A?$CArray@HH@@QAEAAHH@Z  0053a8a0 f i DlgEditNet.obj
 0002:00043900       ??1?$CArray@HH@@UAE@XZ     0053a900 f i DlgEditNet.obj
 0002:00043a10       ?Serialize@?$CArray@HH@@UAEXAAVCArchive@@@Z 0053aa10 f i DlgEditNet.obj
 0002:00043ae0       ?Dump@?$CArray@HH@@UBEXAAVCDumpContext@@@Z 0053aae0 f i DlgEditNet.obj
 0002:00043bc0       ?AssertValid@?$CArray@HH@@UBEXXZ 0053abc0 f i DlgEditNet.obj
 0002:00043d20       ??_Gnet_info@@QAEPAXI@Z    0053ad20 f i DlgEditNet.obj
 0002:00043d90       ??0net_info@@QAE@XZ        0053ad90 f i DlgEditNet.obj
 0002:00043e60       ??_G?$CArray@HH@@UAEPAXI@Z 0053ae60 f i DlgEditNet.obj
 0002:00043e60       ??_E?$CArray@HH@@UAEPAXI@Z 0053ae60 f i DlgEditNet.obj
 0002:00043ed0       ??1net_info@@QAE@XZ        0053aed0 f i DlgEditNet.obj
 0002:00043fa0       ?ElementAt@?$CArray@Unet_info@@ABU1@@@QAEAAUnet_info@@H@Z 0053afa0 f i DlgEditNet.obj
 0002:00044050       ?ElementAt@?$CArray@HH@@QAEAAHH@Z 0053b050 f i DlgEditNet.obj
 0002:00044100       ??A?$CArray@HABH@@QAEAAHH@Z 0053b100 f i DlgEditNet.obj
 0002:00044160       ?ElementAt@?$CArray@HABH@@QAEAAHH@Z 0053b160 f i DlgEditNet.obj
 0002:00044210       ??$SerializeElements@H@@YGXAAVCArchive@@PAHH@Z 0053b210 f i DlgEditNet.obj
 0002:00044400       ??$DumpElements@H@@YGXAAVCDumpContext@@PBHH@Z 0053b400 f i DlgEditNet.obj
 0002:000444f0       ?_GetBaseClass@CDlgExportDsn@@KGPAUCRuntimeClass@@XZ 0053b4f0 f   DlgExportDsn.obj
 0002:00044540       ?GetThisClass@CDlgExportDsn@@SGPAUCRuntimeClass@@XZ 0053b540 f   DlgExportDsn.obj
 0002:00044580       ?GetRuntimeClass@CDlgExportDsn@@UBEPAUCRuntimeClass@@XZ 0053b580 f   DlgExportDsn.obj
 0002:000445c0       ??0CDlgExportDsn@@QAE@PAVCWnd@@@Z 0053b5c0 f   DlgExportDsn.obj
 0002:00044770       ??_GCDlgExportDsn@@UAEPAXI@Z 0053b770 f i DlgExportDsn.obj
 0002:00044770       ??_ECDlgExportDsn@@UAEPAXI@Z 0053b770 f i DlgExportDsn.obj
 0002:000447e0       ??1CDlgExportDsn@@UAE@XZ   0053b7e0 f   DlgExportDsn.obj
 0002:00044960       ?DoDataExchange@CDlgExportDsn@@MAEXPAVCDataExchange@@@Z 0053b960 f   DlgExportDsn.obj
 0002:00044f10       ?GetMessageMap@CDlgExportDsn@@MBEPBUAFX_MSGMAP@@XZ 0053bf10 f   DlgExportDsn.obj
 0002:00044f60       ?GetThisMessageMap@CDlgExportDsn@@KGPBUAFX_MSGMAP@@XZ 0053bf60 f   DlgExportDsn.obj
 0002:00044fa0       ?Initialize@CDlgExportDsn@@QAEXPAV?$CStringT@DV?$StrTraitMFC_DLL@DV?$ChTraitsCRT@D@ATL@@@@@ATL@@HHHH@Z 0053bfa0 f   DlgExportDsn.obj
 0002:00045050       ?OnBnClickedOk@CDlgExportDsn@@QAEXXZ 0053c050 f   DlgExportDsn.obj
 0002:000450c0       ?OnBnClickedCheckFromTo@CDlgExportDsn@@QAEXXZ 0053c0c0 f   DlgExportDsn.obj
 0002:000451b0       ?OnBnClickedRadioAll@CDlgExportDsn@@QAEXXZ 0053c1b0 f   DlgExportDsn.obj
 0002:000451f0       ?OnBnClickedRadioLocked@CDlgExportDsn@@QAEXXZ 0053c1f0 f   DlgExportDsn.obj
 0002:00045230       ?OnBnClickedRadioNetLocked@CDlgExportDsn@@QAEXXZ 0053c230 f   DlgExportDsn.obj
 0002:00045270       ?_GetBaseClass@CDlgFindPart@@KGPAUCRuntimeClass@@XZ 0053c270 f   DlgFindPart.obj
 0002:000452c0       ?GetThisClass@CDlgFindPart@@SGPAUCRuntimeClass@@XZ 0053c2c0 f   DlgFindPart.obj
 0002:00045300       ?GetRuntimeClass@CDlgFindPart@@UBEPAUCRuntimeClass@@XZ 0053c300 f   DlgFindPart.obj
 0002:00045340       ??0CDlgFindPart@@QAE@PAVCWnd@@@Z 0053c340 f   DlgFindPart.obj
 0002:00045430       ??_ECDlgFindPart@@UAEPAXI@Z 0053c430 f i DlgFindPart.obj
 0002:00045430       ??_GCDlgFindPart@@UAEPAXI@Z 0053c430 f i DlgFindPart.obj
 0002:000454a0       ??1CDlgFindPart@@UAE@XZ    0053c4a0 f   DlgFindPart.obj
 0002:00045570       ?DoDataExchange@CDlgFindPart@@MAEXPAVCDataExchange@@@Z 0053c570 f   DlgFindPart.obj
 0002:00045680       ?GetMessageMap@CDlgFindPart@@MBEPBUAFX_MSGMAP@@XZ 0053c680 f   DlgFindPart.obj
 0002:000456d0       ?GetThisMessageMap@CDlgFindPart@@KGPBUAFX_MSGMAP@@XZ 0053c6d0 f   DlgFindPart.obj
 0002:00045710       ?Initialize@CDlgFindPart@@QAEXPAVCPartList@@@Z 0053c710 f   DlgFindPart.obj
 0002:00045760       ?_GetBaseClass@CDlgFpRefText@@KGPAUCRuntimeClass@@XZ 0053c760 f   DlgFpRefText.obj
 0002:000457b0       ?GetThisClass@CDlgFpRefText@@SGPAUCRuntimeClass@@XZ 0053c7b0 f   DlgFpRefText.obj
 0002:000457f0       ?GetRuntimeClass@CDlgFpRefText@@UBEPAUCRuntimeClass@@XZ 0053c7f0 f   DlgFpRefText.obj
 0002:00045830       ??0CDlgFpRefText@@QAE@PAVCWnd@@@Z 0053c830 f   DlgFpRefText.obj
 0002:00045970       ??_ECDlgFpRefText@@UAEPAXI@Z 0053c970 f i DlgFpRefText.obj
 0002:00045970       ??_GCDlgFpRefText@@UAEPAXI@Z 0053c970 f i DlgFpRefText.obj
 0002:000459e0       ??1CDlgFpRefText@@UAE@XZ   0053c9e0 f   DlgFpRefText.obj
 0002:00045b10       ?Initialize@CDlgFpRefText@@QAEXHHH@Z 0053cb10 f   DlgFpRefText.obj
 0002:00045b80       ?DoDataExchange@CDlgFpRefText@@MAEXPAVCDataExchange@@@Z 0053cb80 f   DlgFpRefText.obj
 0002:00045d80       ?GetMessageMap@CDlgFpRefText@@MBEPBUAFX_MSGMAP@@XZ 0053cd80 f   DlgFpRefText.obj
 0002:00045dd0       ?GetThisMessageMap@CDlgFpRefText@@KGPBUAFX_MSGMAP@@XZ 0053cdd0 f   DlgFpRefText.obj
 0002:00045e10       ?OnBnClickedRadioSet@CDlgFpRefText@@AAEXXZ 0053ce10 f   DlgFpRefText.obj
 0002:00045e70       ?OnBnClickedRadioDef@CDlgFpRefText@@AAEXXZ 0053ce70 f   DlgFpRefText.obj
 0002:00045ed0       ?OnCbnSelchangeComboRefTextUnits@CDlgFpRefText@@AAEXXZ 0053ced0 f   DlgFpRefText.obj
 0002:00045f70       ?OnEnChangeEditCharHeight@CDlgFpRefText@@AAEXXZ 0053cf70 f   DlgFpRefText.obj
 0002:00046220       ?GetFields@CDlgFpRefText@@AAEXXZ 0053d220 f   DlgFpRefText.obj
 0002:000464c0       ?SetFields@CDlgFpRefText@@AAEXXZ 0053d4c0 f   DlgFpRefText.obj
 0002:00046830       ?_GetBaseClass@CDlgFpText@@KGPAUCRuntimeClass@@XZ 0053d830 f   DlgFpText.obj
 0002:00046880       ?GetThisClass@CDlgFpText@@SGPAUCRuntimeClass@@XZ 0053d880 f   DlgFpText.obj
 0002:000468c0       ?GetRuntimeClass@CDlgFpText@@UBEPAUCRuntimeClass@@XZ 0053d8c0 f   DlgFpText.obj
 0002:00046900       ??0CDlgFpText@@QAE@PAVCWnd@@@Z 0053d900 f   DlgFpText.obj
 0002:00046af0       ??_ECDlgFpText@@UAEPAXI@Z  0053daf0 f i DlgFpText.obj
 0002:00046af0       ??_GCDlgFpText@@UAEPAXI@Z  0053daf0 f i DlgFpText.obj
 0002:00046b60       ??1CDlgFpText@@UAE@XZ      0053db60 f   DlgFpText.obj
 0002:00046d20       ?DoDataExchange@CDlgFpText@@MAEXPAVCDataExchange@@@Z 0053dd20 f   DlgFpText.obj
 0002:000470b0       ?GetMessageMap@CDlgFpText@@MBEPBUAFX_MSGMAP@@XZ 0053e0b0 f   DlgFpText.obj
 0002:00047100       ?GetThisMessageMap@CDlgFpText@@KGPBUAFX_MSGMAP@@XZ 0053e100 f   DlgFpText.obj
 0002:00047140       ?Initialize@CDlgFpText@@QAEXHHPAV?$CStringT@DV?$StrTraitMFC_DLL@DV?$ChTraitsCRT@D@ATL@@@@@ATL@@HHHHHH@Z 0053e140 f   DlgFpText.obj
 0002:000472a0       ?OnInitDialog@CDlgFpText@@UAEHXZ 0053e2a0 f   DlgFpText.obj
 0002:00047770       ?OnBnClickedSetWidth@CDlgFpText@@QAEXXZ 0053e770 f   DlgFpText.obj
 0002:000477f0       ?OnBnClickedDefWidth@CDlgFpText@@QAEXXZ 0053e7f0 f   DlgFpText.obj
 0002:00047880       ?OnEnChangeEditHeight@CDlgFpText@@QAEXXZ 0053e880 f   DlgFpText.obj
 0002:00047b20       ?OnBnClickedOk@CDlgFpText@@QAEXXZ 0053eb20 f   DlgFpText.obj
 0002:00047b90       ?OnBnClickedSetPosition@CDlgFpText@@QAEXXZ 0053eb90 f   DlgFpText.obj
 0002:00047c30       ?OnBnClickedDrag@CDlgFpText@@QAEXXZ 0053ec30 f   DlgFpText.obj
 0002:00047cd0       ?OnCbnSelchangeComboAddTextUnits@CDlgFpText@@QAEXXZ 0053ecd0 f   DlgFpText.obj
 0002:00047d90       ?GetFields@CDlgFpText@@QAEXXZ 0053ed90 f   DlgFpText.obj
 0002:00048010       ?SetFields@CDlgFpText@@QAEXXZ 0053f010 f   DlgFpText.obj
 0002:00048260       ?_GetBaseClass@CDlgGlue@@KGPAUCRuntimeClass@@XZ 0053f260 f   DlgGlue.obj
 0002:000482b0       ?GetThisClass@CDlgGlue@@SGPAUCRuntimeClass@@XZ 0053f2b0 f   DlgGlue.obj
 0002:000482f0       ?GetRuntimeClass@CDlgGlue@@UBEPAUCRuntimeClass@@XZ 0053f2f0 f   DlgGlue.obj
 0002:00048330       ??0CDlgGlue@@QAE@PAVCWnd@@@Z 0053f330 f   DlgGlue.obj
 0002:000484b0       ??_ECDlgGlue@@UAEPAXI@Z    0053f4b0 f i DlgGlue.obj
 0002:000484b0       ??_GCDlgGlue@@UAEPAXI@Z    0053f4b0 f i DlgGlue.obj
 0002:00048520       ??1CDlgGlue@@UAE@XZ        0053f520 f   DlgGlue.obj
 0002:00048690       ?DoDataExchange@CDlgGlue@@MAEXPAVCDataExchange@@@Z 0053f690 f   DlgGlue.obj
 0002:00048880       ?GetMessageMap@CDlgGlue@@MBEPBUAFX_MSGMAP@@XZ 0053f880 f   DlgGlue.obj
 0002:000488d0       ?GetThisMessageMap@CDlgGlue@@KGPBUAFX_MSGMAP@@XZ 0053f8d0 f   DlgGlue.obj
 0002:00048910       ?Initialize@CDlgGlue@@QAEXW4GLUE_POS_TYPE@@HHHH@Z 0053f910 f   DlgGlue.obj
 0002:000489c0       ?SetFields@CDlgGlue@@QAEXXZ 0053f9c0 f   DlgGlue.obj
 0002:00048ce0       ?GetFields@CDlgGlue@@QAEXXZ 0053fce0 f   DlgGlue.obj
 0002:00048f60       ?OnBnClickedDefault@CDlgGlue@@QAEXXZ 0053ff60 f   DlgGlue.obj
 0002:00048fc0       ?OnBnClickedSet@CDlgGlue@@QAEXXZ 0053ffc0 f   DlgGlue.obj
 0002:00049020       ?OnCbnSelChangeCombo1@CDlgGlue@@QAEXXZ 00540020 f   DlgGlue.obj
 0002:000490c0       ?OnBnClickedDrag@CDlgGlue@@QAEXXZ 005400c0 f   DlgGlue.obj
 0002:00049120       ?OnBnClickedDefaultSize@CDlgGlue@@QAEXXZ 00540120 f   DlgGlue.obj
 0002:00049180       ?OnBnClickedRadioSetSize@CDlgGlue@@QAEXXZ 00540180 f   DlgGlue.obj
 0002:000491e0       ?ListCompare@@YGHJJJ@Z     005401e0 f   DlgGroupPaste.obj
 0002:00049560       ?_GetBaseClass@CDlgGroupPaste@@KGPAUCRuntimeClass@@XZ 00540560 f   DlgGroupPaste.obj
 0002:000495b0       ?GetThisClass@CDlgGroupPaste@@SGPAUCRuntimeClass@@XZ 005405b0 f   DlgGroupPaste.obj
 0002:000495f0       ?GetRuntimeClass@CDlgGroupPaste@@UBEPAUCRuntimeClass@@XZ 005405f0 f   DlgGroupPaste.obj
 0002:00049630       ??0CDlgGroupPaste@@QAE@PAVCWnd@@@Z 00540630 f   DlgGroupPaste.obj
 0002:00049890       ??_GCDlgGroupPaste@@UAEPAXI@Z 00540890 f i DlgGroupPaste.obj
 0002:00049890       ??_ECDlgGroupPaste@@UAEPAXI@Z 00540890 f i DlgGroupPaste.obj
 0002:00049900       ??1CDlgGroupPaste@@UAE@XZ  00540900 f   DlgGroupPaste.obj
 0002:00049b50       ?DoDataExchange@CDlgGroupPaste@@MAEXPAVCDataExchange@@@Z 00540b50 f   DlgGroupPaste.obj
 0002:0004a7f0       ?GetMessageMap@CDlgGroupPaste@@MBEPBUAFX_MSGMAP@@XZ 005417f0 f   DlgGroupPaste.obj
 0002:0004a840       ?GetThisMessageMap@CDlgGroupPaste@@KGPBUAFX_MSGMAP@@XZ 00541840 f   DlgGroupPaste.obj
 0002:0004a880       ?Initialize@CDlgGroupPaste@@QAEXPAVCNetList@@@Z 00541880 f   DlgGroupPaste.obj
 0002:0004a950       ?SetFields@CDlgGroupPaste@@QAEXXZ 00541950 f   DlgGroupPaste.obj
 0002:0004ad20       ?OnBnClickedRadioUseGroupRef@CDlgGroupPaste@@QAEXXZ 00541d20 f   DlgGroupPaste.obj
 0002:0004ad70       ?OnBnClickedRadioUseNextRef@CDlgGroupPaste@@QAEXXZ 00541d70 f   DlgGroupPaste.obj
 0002:0004adc0       ?OnBnClickedRadioAddRefOffset@CDlgGroupPaste@@QAEXXZ 00541dc0 f   DlgGroupPaste.obj
 0002:0004ae10       ?OnBnClickedRadioUseGroupNets@CDlgGroupPaste@@QAEXXZ 00541e10 f   DlgGroupPaste.obj
 0002:0004ae60       ?OnBnClickedRadioUseSelectedNets@CDlgGroupPaste@@QAEXXZ 00541e60 f   DlgGroupPaste.obj
 0002:0004aeb0       ?OnBnClickedRadioUseSuffix@CDlgGroupPaste@@QAEXXZ 00541eb0 f   DlgGroupPaste.obj
 0002:0004af00       ?OnBnClickedRadioMakeNewNames@CDlgGroupPaste@@QAEXXZ 00541f00 f   DlgGroupPaste.obj
 0002:0004af50       ?OnBnClickedRadioDrag@CDlgGroupPaste@@QAEXXZ 00541f50 f   DlgGroupPaste.obj
 0002:0004afa0       ?OnBnClickedRadioOffset@CDlgGroupPaste@@QAEXXZ 00541fa0 f   DlgGroupPaste.obj
 0002:0004aff0       ?OnCbnSelchangeComboGroupUnits@CDlgGroupPaste@@QAEXXZ 00541ff0 f   DlgGroupPaste.obj
 0002:0004b030       ?OnBnClickedRadioRetainAll@CDlgGroupPaste@@QAEXXZ 00542030 f   DlgGroupPaste.obj
 0002:0004b070       ?OnBnClickedRadioRetainTraces@CDlgGroupPaste@@QAEXXZ 00542070 f   DlgGroupPaste.obj
 0002:0004b0b0       ?OnLvnColumnClickListSelectGroupNets@CDlgGroupPaste@@QAEXPAUtagNMHDR@@PAJ@Z 005420b0 f   DlgGroupPaste.obj
 0002:0004b300       ??0?$CArray@Unet_info@@ABU1@@@QAE@XZ 00542300 f i DlgGroupPaste.obj
 0002:0004b390       ?Serialize@?$CArray@Unet_info@@ABU1@@@UAEXAAVCArchive@@@Z 00542390 f i DlgGroupPaste.obj
 0002:0004b460       ?Dump@?$CArray@Unet_info@@ABU1@@@UBEXAAVCDumpContext@@@Z 00542460 f i DlgGroupPaste.obj
 0002:0004b540       ?AssertValid@?$CArray@Unet_info@@ABU1@@@UBEXXZ 00542540 f i DlgGroupPaste.obj
 0002:0004b6a0       ??_G?$CArray@Unet_info@@ABU1@@@UAEPAXI@Z 005426a0 f i DlgGroupPaste.obj
 0002:0004b6a0       ??_E?$CArray@Unet_info@@ABU1@@@UAEPAXI@Z 005426a0 f i DlgGroupPaste.obj
 0002:0004b710       ??1?$CArray@Unet_info@@ABU1@@@UAE@XZ 00542710 f i DlgGroupPaste.obj
 0002:0004b840       ??$SerializeElements@Unet_info@@@@YGXAAVCArchive@@PAUnet_info@@H@Z 00542840 f i DlgGroupPaste.obj
 0002:0004ba30       ??$DumpElements@Unet_info@@@@YGXAAVCDumpContext@@PBUnet_info@@H@Z 00542a30 f i DlgGroupPaste.obj
 0002:0004bb20       ?_GetBaseClass@CDlgHole@@KGPAUCRuntimeClass@@XZ 00542b20 f   DlgHole.obj
 0002:0004bb70       ?GetThisClass@CDlgHole@@SGPAUCRuntimeClass@@XZ 00542b70 f   DlgHole.obj
 0002:0004bbb0       ?GetRuntimeClass@CDlgHole@@UBEPAUCRuntimeClass@@XZ 00542bb0 f   DlgHole.obj
 0002:0004bbf0       ??0CDlgHole@@QAE@PAVCWnd@@@Z 00542bf0 f   DlgHole.obj
 0002:0004bd50       ??_GCDlgHole@@UAEPAXI@Z    00542d50 f i DlgHole.obj
 0002:0004bd50       ??_ECDlgHole@@UAEPAXI@Z    00542d50 f i DlgHole.obj
 0002:0004bdc0       ??1CDlgHole@@UAE@XZ        00542dc0 f   DlgHole.obj
 0002:0004bf10       ?DoDataExchange@CDlgHole@@MAEXPAVCDataExchange@@@Z 00542f10 f   DlgHole.obj
 0002:0004c0b0       ?GetMessageMap@CDlgHole@@MBEPBUAFX_MSGMAP@@XZ 005430b0 f   DlgHole.obj
 0002:0004c100       ?GetThisMessageMap@CDlgHole@@KGPBUAFX_MSGMAP@@XZ 00543100 f   DlgHole.obj
 0002:0004c140       ?Initialize@CDlgHole@@QAEXHHHHH@Z 00543140 f   DlgHole.obj
 0002:0004c1e0       ?SetFields@CDlgHole@@QAEXXZ 005431e0 f   DlgHole.obj
 0002:0004c500       ?GetFields@CDlgHole@@QAEXXZ 00543500 f   DlgHole.obj
 0002:0004c700       ?OnCbnSelChangeCombo1@CDlgHole@@QAEXXZ 00543700 f   DlgHole.obj
 0002:0004c7a0       ?OnBnClickedSet@CDlgHole@@QAEXXZ 005437a0 f   DlgHole.obj
 0002:0004c800       ?OnBnClickedDrag@CDlgHole@@QAEXXZ 00543800 f   DlgHole.obj
 0002:0004c860       ?OnBnClickedPlated@CDlgHole@@QAEXXZ 00543860 f   DlgHole.obj
 0002:0004c8c0       ?OnBnClickedUnplated@CDlgHole@@QAEXXZ 005438c0 f   DlgHole.obj
 0002:0004c920       ?_GetBaseClass@CDlgImportFootprint@@KGPAUCRuntimeClass@@XZ 00543920 f   DlgImportFootprint.obj
 0002:0004c970       ?GetThisClass@CDlgImportFootprint@@SGPAUCRuntimeClass@@XZ 00543970 f   DlgImportFootprint.obj
 0002:0004c9b0       ?GetRuntimeClass@CDlgImportFootprint@@UBEPAUCRuntimeClass@@XZ 005439b0 f   DlgImportFootprint.obj
 0002:0004c9f0       ??0CDlgImportFootprint@@QAE@PAVCWnd@@@Z 005439f0 f   DlgImportFootprint.obj
 0002:0004cc60       ??_GCDlgImportFootprint@@UAEPAXI@Z 00543c60 f i DlgImportFootprint.obj
 0002:0004cc60       ??_ECDlgImportFootprint@@UAEPAXI@Z 00543c60 f i DlgImportFootprint.obj
 0002:0004ccd0       ??1CDlgImportFootprint@@UAE@XZ 00543cd0 f   DlgImportFootprint.obj
 0002:0004ce90       ?DoDataExchange@CDlgImportFootprint@@MAEXPAVCDataExchange@@@Z 00543e90 f   DlgImportFootprint.obj
 0002:0004cfb0       ?GetMessageMap@CDlgImportFootprint@@MBEPBUAFX_MSGMAP@@XZ 00543fb0 f   DlgImportFootprint.obj
 0002:0004d000       ?GetThisMessageMap@CDlgImportFootprint@@KGPBUAFX_MSGMAP@@XZ 00544000 f   DlgImportFootprint.obj
 0002:0004d040       ?InitInstance@CDlgImportFootprint@@QAEXPAVCMapStringToPtr@@PAVCFootLibFolderMap@@PAVCDlgLog@@@Z 00544040 f   DlgImportFootprint.obj
 0002:0004d0f0       ?OnInitDialog@CDlgImportFootprint@@EAEHXZ 005440f0 f   DlgImportFootprint.obj
 0002:0004d150       ?OnBnClickedButtonBrowseLibFolder@CDlgImportFootprint@@QAEXXZ 00544150 f   DlgImportFootprint.obj
 0002:0004d420       ?OnTvnSelchangedPartLibTree@CDlgImportFootprint@@AAEXPAUtagNMHDR@@PAJ@Z 00544420 f   DlgImportFootprint.obj
 0002:0004db60       ?InitPartLibTree@CDlgImportFootprint@@QAEXXZ 00544b60 f   DlgImportFootprint.obj
 0002:0004e190       ?OnBnClickedOk@CDlgImportFootprint@@QAEXXZ 00545190 f   DlgImportFootprint.obj
 0002:0004e3a0       ?OnBnClickedCancel@CDlgImportFootprint@@QAEXXZ 005453a0 f   DlgImportFootprint.obj
 0002:0004e560       ?GetExpanded@CFootLibFolder@@QAEHH@Z 00545560 f i DlgImportFootprint.obj
 0002:0004e5c0       ?_GetBaseClass@CDlgImportOptions@@KGPAUCRuntimeClass@@XZ 005455c0 f   DlgImportOptions.obj
 0002:0004e610       ?GetThisClass@CDlgImportOptions@@SGPAUCRuntimeClass@@XZ 00545610 f   DlgImportOptions.obj
 0002:0004e650       ?GetRuntimeClass@CDlgImportOptions@@UBEPAUCRuntimeClass@@XZ 00545650 f   DlgImportOptions.obj
 0002:0004e690       ??0CDlgImportOptions@@QAE@PAVCWnd@@@Z 00545690 f   DlgImportOptions.obj
 0002:0004e840       ??_ECDlgImportOptions@@UAEPAXI@Z 00545840 f i DlgImportOptions.obj
 0002:0004e840       ??_GCDlgImportOptions@@UAEPAXI@Z 00545840 f i DlgImportOptions.obj
 0002:0004e8b0       ??1CDlgImportOptions@@UAE@XZ 005458b0 f   DlgImportOptions.obj
 0002:0004ea50       ?DoDataExchange@CDlgImportOptions@@MAEXPAVCDataExchange@@@Z 00545a50 f   DlgImportOptions.obj
 0002:0004f0d0       ?GetMessageMap@CDlgImportOptions@@MBEPBUAFX_MSGMAP@@XZ 005460d0 f   DlgImportOptions.obj
 0002:0004f120       ?GetThisMessageMap@CDlgImportOptions@@KGPBUAFX_MSGMAP@@XZ 00546120 f   DlgImportOptions.obj
 0002:0004f160       ?Initialize@CDlgImportOptions@@QAEXH@Z 00546160 f   DlgImportOptions.obj
 0002:0004f1b0       ?OnBnClickedSaveAndImport@CDlgImportOptions@@QAEXXZ 005461b0 f   DlgImportOptions.obj
 0002:0004f240       ?OnBnClickedOk@CDlgImportOptions@@QAEXXZ 00546240 f   DlgImportOptions.obj
 0002:0004f2d0       ?_GetBaseClass@CDlgImportSes@@KGPAUCRuntimeClass@@XZ 005462d0 f   DlgImportSes.obj
 0002:0004f320       ?GetThisClass@CDlgImportSes@@SGPAUCRuntimeClass@@XZ 00546320 f   DlgImportSes.obj
 0002:0004f360       ?GetRuntimeClass@CDlgImportSes@@UBEPAUCRuntimeClass@@XZ 00546360 f   DlgImportSes.obj
 0002:0004f3a0       ??0CDlgImportSes@@QAE@PAVCWnd@@@Z 005463a0 f   DlgImportSes.obj
 0002:0004f4f0       ??_ECDlgImportSes@@UAEPAXI@Z 005464f0 f i DlgImportSes.obj
 0002:0004f4f0       ??_GCDlgImportSes@@UAEPAXI@Z 005464f0 f i DlgImportSes.obj
 0002:0004f560       ??1CDlgImportSes@@UAE@XZ   00546560 f   DlgImportSes.obj
 0002:0004f690       ?DoDataExchange@CDlgImportSes@@MAEXPAVCDataExchange@@@Z 00546690 f   DlgImportSes.obj
 0002:0004f990       ?GetMessageMap@CDlgImportSes@@MBEPBUAFX_MSGMAP@@XZ 00546990 f   DlgImportSes.obj
 0002:0004f9e0       ?GetThisMessageMap@CDlgImportSes@@KGPBUAFX_MSGMAP@@XZ 005469e0 f   DlgImportSes.obj
 0002:0004fa20       ?Initialize@CDlgImportSes@@QAEXPAV?$CStringT@DV?$StrTraitMFC_DLL@DV?$ChTraitsCRT@D@ATL@@@@@ATL@@0PAVCFreePcbDoc@@@Z 00546a20 f   DlgImportSes.obj
 0002:0004fad0       ?OnBnClickedButtonDef@CDlgImportSes@@QAEXXZ 00546ad0 f   DlgImportSes.obj
 0002:0004fb70       ?OnBnClickedButtonBrowse@CDlgImportSes@@QAEXXZ 00546b70 f   DlgImportSes.obj
 0002:0004fd10       ?_GetBaseClass@CDlgIndexing@@KGPAUCRuntimeClass@@XZ 00546d10 f   DlgIndexing.obj
 0002:0004fd60       ?GetThisClass@CDlgIndexing@@SGPAUCRuntimeClass@@XZ 00546d60 f   DlgIndexing.obj
 0002:0004fda0       ?GetRuntimeClass@CDlgIndexing@@UBEPAUCRuntimeClass@@XZ 00546da0 f   DlgIndexing.obj
 0002:0004fde0       ??0CDlgIndexing@@QAE@PAVCWnd@@@Z 00546de0 f   DlgIndexing.obj
 0002:0004fe50       ??_ECDlgIndexing@@UAEPAXI@Z 00546e50 f i DlgIndexing.obj
 0002:0004fe50       ??_GCDlgIndexing@@UAEPAXI@Z 00546e50 f i DlgIndexing.obj
 0002:0004fec0       ??1CDlgIndexing@@UAE@XZ    00546ec0 f   DlgIndexing.obj
 0002:0004ff20       ?DoDataExchange@CDlgIndexing@@MAEXPAVCDataExchange@@@Z 00546f20 f   DlgIndexing.obj
 0002:0004ff80       ?GetMessageMap@CDlgIndexing@@MBEPBUAFX_MSGMAP@@XZ 00546f80 f   DlgIndexing.obj
 0002:0004ffd0       ?GetThisMessageMap@CDlgIndexing@@KGPBUAFX_MSGMAP@@XZ 00546fd0 f   DlgIndexing.obj
 0002:00050010       ??0CivexDlg@@QAE@PAVCWnd@@@Z 00547010 f   DlgIvex.obj
 0002:00050170       ??_ECivexDlg@@UAEPAXI@Z    00547170 f i DlgIvex.obj
 0002:00050170       ??_GCivexDlg@@UAEPAXI@Z    00547170 f i DlgIvex.obj
 0002:000501e0       ??1CivexDlg@@UAE@XZ        005471e0 f i DlgIvex.obj
 0002:00050300       ?DoDataExchange@CivexDlg@@MAEXPAVCDataExchange@@@Z 00547300 f   DlgIvex.obj
 0002:000503b0       ?GetMessageMap@CivexDlg@@MBEPBUAFX_MSGMAP@@XZ 005473b0 f   DlgIvex.obj
 0002:00050400       ?GetThisMessageMap@CivexDlg@@KGPBUAFX_MSGMAP@@XZ 00547400 f   DlgIvex.obj
 0002:00050440       ?OnInitDialog@CivexDlg@@MAEHXZ 00547440 f   DlgIvex.obj
 0002:000504a0       ?OnSysCommand@CivexDlg@@IAEXIJ@Z 005474a0 f   DlgIvex.obj
 0002:00050500       ?OnPaint@CivexDlg@@IAEXXZ  00547500 f   DlgIvex.obj
 0002:00050700       ?OnQueryDragIcon@CivexDlg@@IAEPAUHICON__@@XZ 00547700 f   DlgIvex.obj
 0002:00050740       ?OnBnClickedButtonInfile@CivexDlg@@QAEXXZ 00547740 f   DlgIvex.obj
 0002:00050a70       ?OnBnClickedButtonOutfile@CivexDlg@@QAEXXZ 00547a70 f   DlgIvex.obj
 0002:00050ab0       ?OnEnChangeEditInfile@CivexDlg@@QAEXXZ 00547ab0 f   DlgIvex.obj
 0002:00050af0       ?OnEnChangeEditOutfile@CivexDlg@@QAEXXZ 00547af0 f   DlgIvex.obj
 0002:00050b30       ?OnBnClickedConvert@CivexDlg@@QAEXXZ 00547b30 f   DlgIvex.obj
 0002:00051130       ?_GetBaseClass@CDlgLayers@@KGPAUCRuntimeClass@@XZ 00548130 f   DlgLayers.obj
 0002:00051180       ?GetThisClass@CDlgLayers@@SGPAUCRuntimeClass@@XZ 00548180 f   DlgLayers.obj
 0002:000511c0       ?GetRuntimeClass@CDlgLayers@@UBEPAUCRuntimeClass@@XZ 005481c0 f   DlgLayers.obj
 0002:00051200       ??0CDlgLayers@@QAE@PAVCWnd@@@Z 00548200 f   DlgLayers.obj
 0002:000512d0       ??_GCDlgLayers@@UAEPAXI@Z  005482d0 f i DlgLayers.obj
 0002:000512d0       ??_ECDlgLayers@@UAEPAXI@Z  005482d0 f i DlgLayers.obj
 0002:00051340       ??1CDlgLayers@@UAE@XZ      00548340 f   DlgLayers.obj
 0002:00051400       ?DoDataExchange@CDlgLayers@@MAEXPAVCDataExchange@@@Z 00548400 f   DlgLayers.obj
 0002:000515d0       ?GetMessageMap@CDlgLayers@@MBEPBUAFX_MSGMAP@@XZ 005485d0 f   DlgLayers.obj
 0002:00051620       ?GetThisMessageMap@CDlgLayers@@KGPBUAFX_MSGMAP@@XZ 00548620 f   DlgLayers.obj
 0002:00051660       ?Initialize@CDlgLayers@@QAEXHQAHQAY02HH@Z 00548660 f   DlgLayers.obj
 0002:00051780       ?OnCtlColor@CDlgLayers@@QAEPAUHBRUSH__@@PAVCDC@@PAVCWnd@@I@Z 00548780 f   DlgLayers.obj
 0002:00051930       ?OnBnClickedButtonLayer1@CDlgLayers@@QAEXXZ 00548930 f   DlgLayers.obj
 0002:00051990       ?OnBnClickedButtonLayer2@CDlgLayers@@QAEXXZ 00548990 f   DlgLayers.obj
 0002:000519f0       ?OnBnClickedButtonLayer3@CDlgLayers@@QAEXXZ 005489f0 f   DlgLayers.obj
 0002:00051a50       ?OnBnClickedButtonLayer4@CDlgLayers@@QAEXXZ 00548a50 f   DlgLayers.obj
 0002:00051ab0       ?OnBnClickedButtonLayer5@CDlgLayers@@QAEXXZ 00548ab0 f   DlgLayers.obj
 0002:00051b10       ?OnBnClickedButtonLayer6@CDlgLayers@@QAEXXZ 00548b10 f   DlgLayers.obj
 0002:00051b70       ?OnBnClickedButtonLayer7@CDlgLayers@@QAEXXZ 00548b70 f   DlgLayers.obj
 0002:00051bd0       ?OnBnClickedButtonLayer8@CDlgLayers@@QAEXXZ 00548bd0 f   DlgLayers.obj
 0002:00051c30       ?OnBnClickedButtonLayer9@CDlgLayers@@QAEXXZ 00548c30 f   DlgLayers.obj
 0002:00051c90       ?OnBnClickedButtonLayer10@CDlgLayers@@QAEXXZ 00548c90 f   DlgLayers.obj
 0002:00051cf0       ?OnBnClickedButtonLayer11@CDlgLayers@@QAEXXZ 00548cf0 f   DlgLayers.obj
 0002:00051d50       ?OnBnClickedButtonLayer12@CDlgLayers@@QAEXXZ 00548d50 f   DlgLayers.obj
 0002:00051db0       ?OnBnClickedButtonLayer13@CDlgLayers@@QAEXXZ 00548db0 f   DlgLayers.obj
 0002:00051e10       ?OnBnClickedButtonLayer14@CDlgLayers@@QAEXXZ 00548e10 f   DlgLayers.obj
 0002:00051e70       ?OnBnClickedButtonLayer15@CDlgLayers@@QAEXXZ 00548e70 f   DlgLayers.obj
 0002:00051ed0       ?OnBnClickedButtonLayer16@CDlgLayers@@QAEXXZ 00548ed0 f   DlgLayers.obj
 0002:00051f30       ?OnBnClickedButtonLayer17@CDlgLayers@@QAEXXZ 00548f30 f   DlgLayers.obj
 0002:00051f90       ?OnBnClickedButtonLayer18@CDlgLayers@@QAEXXZ 00548f90 f   DlgLayers.obj
 0002:00051ff0       ?OnBnClickedButtonLayer19@CDlgLayers@@QAEXXZ 00548ff0 f   DlgLayers.obj
 0002:00052050       ?OnBnClickedButtonLayer20@CDlgLayers@@QAEXXZ 00549050 f   DlgLayers.obj
 0002:000520b0       ?OnBnClickedButtonLayer21@CDlgLayers@@QAEXXZ 005490b0 f   DlgLayers.obj
 0002:00052110       ?OnBnClickedButtonLayer22@CDlgLayers@@QAEXXZ 00549110 f   DlgLayers.obj
 0002:00052170       ?OnBnClickedButtonLayer23@CDlgLayers@@QAEXXZ 00549170 f   DlgLayers.obj
 0002:000521d0       ?OnBnClickedButtonLayer24@CDlgLayers@@QAEXXZ 005491d0 f   DlgLayers.obj
 0002:00052230       ?OnBnClickedButtonLayer25@CDlgLayers@@QAEXXZ 00549230 f   DlgLayers.obj
 0002:00052290       ?OnBnClickedButtonLayer26@CDlgLayers@@QAEXXZ 00549290 f   DlgLayers.obj
 0002:000522f0       ?OnBnClickedButtonLayer27@CDlgLayers@@QAEXXZ 005492f0 f   DlgLayers.obj
 0002:00052350       ?OnBnClickedButtonLayer28@CDlgLayers@@QAEXXZ 00549350 f   DlgLayers.obj
 0002:000523b0       ?OnBnClickedButtonLayer29@CDlgLayers@@QAEXXZ 005493b0 f   DlgLayers.obj
 0002:00052410       ?OnBnClickedButtonLayer30@CDlgLayers@@QAEXXZ 00549410 f   DlgLayers.obj
 0002:00052470       ?OnBnClickedButtonLayer31@CDlgLayers@@QAEXXZ 00549470 f   DlgLayers.obj
 0002:000524d0       ?EditColor@CDlgLayers@@QAEXH@Z 005494d0 f   DlgLayers.obj
 0002:000526c0       ??1CColorDialog@@UAE@XZ    005496c0 f i DlgLayers.obj
 0002:00052710       ??1CCommonDialog@@UAE@XZ   00549710 f i DlgLayers.obj
 0002:00052770       ??_ECCommonDialog@@UAEPAXI@Z 00549770 f i DlgLayers.obj
 0002:00052770       ??_GCCommonDialog@@UAEPAXI@Z 00549770 f i DlgLayers.obj
 0002:000527e0       _cpdf_getCurrentTextX      005497e0 f   DlgLibraryManager.obj
 0002:00052840       _cpdf_getCurrentTextY      00549840 f   DlgLibraryManager.obj
 0002:000528a0       ?_GetBaseClass@CDlgLibraryManager@@KGPAUCRuntimeClass@@XZ 005498a0 f   DlgLibraryManager.obj
 0002:000528f0       ?GetThisClass@CDlgLibraryManager@@SGPAUCRuntimeClass@@XZ 005498f0 f   DlgLibraryManager.obj
 0002:00052930       ?GetRuntimeClass@CDlgLibraryManager@@UBEPAUCRuntimeClass@@XZ 00549930 f   DlgLibraryManager.obj
 0002:00052970       ??0CDlgLibraryManager@@QAE@PAVCWnd@@@Z 00549970 f   DlgLibraryManager.obj
 0002:00052a80       ??_GCDlgLibraryManager@@UAEPAXI@Z 00549a80 f i DlgLibraryManager.obj
 0002:00052a80       ??_ECDlgLibraryManager@@UAEPAXI@Z 00549a80 f i DlgLibraryManager.obj
 0002:00052af0       ??1CDlgLibraryManager@@UAE@XZ 00549af0 f   DlgLibraryManager.obj
 0002:00052bf0       ?DoDataExchange@CDlgLibraryManager@@MAEXPAVCDataExchange@@@Z 00549bf0 f   DlgLibraryManager.obj
 0002:00052f80       ?GetMessageMap@CDlgLibraryManager@@MBEPBUAFX_MSGMAP@@XZ 00549f80 f   DlgLibraryManager.obj
 0002:00052fd0       ?GetThisMessageMap@CDlgLibraryManager@@KGPBUAFX_MSGMAP@@XZ 00549fd0 f   DlgLibraryManager.obj
 0002:00053010       ?OnBnClickedButtonMakePdf@CDlgLibraryManager@@QAEXXZ 0054a010 f   DlgLibraryManager.obj
 0002:0005beb0       ?abs@@YANN@Z               00552eb0 f i DlgLibraryManager.obj
 0002:0005bf10       ?Initialize@CDlgLibraryManager@@QAEXPAVCFootLibFolderMap@@PAVCDlgLog@@@Z 00552f10 f   DlgLibraryManager.obj
 0002:0005bf70       ?OnBnClickedButtonMgrBrowse@CDlgLibraryManager@@QAEXXZ 00552f70 f   DlgLibraryManager.obj
 0002:0005c2c0       ?RemoveAt@?$CArray@HABH@@QAEXHH@Z 005532c0 f i DlgLibraryManager.obj
 0002:0005c470       ??A?$CArray@PAVCText@@ABQAV1@@@QAEAAPAVCText@@H@Z 00553470 f i DlgLibraryManager.obj
 0002:0005c4d0       ??A?$CArray@VCPolyLine@@ABV1@@@QAEAAVCPolyLine@@H@Z 005534d0 f i DlgLibraryManager.obj
 0002:0005c530       ?ElementAt@?$CArray@PAVCText@@ABQAV1@@@QAEAAPAVCText@@H@Z 00553530 f i DlgLibraryManager.obj
 0002:0005c5e0       ?ElementAt@?$CArray@VCPolyLine@@ABV1@@@QAEAAVCPolyLine@@H@Z 005535e0 f i DlgLibraryManager.obj
 0002:0005c690       ??0?$CArray@HABH@@QAE@XZ   00553690 f i DlgLibraryManager.obj
 0002:0005c720       ?Add@?$CArray@HABH@@QAEHABH@Z 00553720 f i DlgLibraryManager.obj
 0002:0005c790       ??1?$CArray@HABH@@UAE@XZ   00553790 f i DlgLibraryManager.obj
 0002:0005c8a0       ?Serialize@?$CArray@HABH@@UAEXAAVCArchive@@@Z 005538a0 f i DlgLibraryManager.obj
 0002:0005c970       ?SetSize@?$CArray@HABH@@QAEXHH@Z 00553970 f i DlgLibraryManager.obj
 0002:0005cf00       ?Dump@?$CArray@HABH@@UBEXAAVCDumpContext@@@Z 00553f00 f i DlgLibraryManager.obj
 0002:0005cfe0       ?AssertValid@?$CArray@HABH@@UBEXXZ 00553fe0 f i DlgLibraryManager.obj
 0002:0005d140       ?GetSize@?$CArray@PAVCText@@ABQAV1@@@QBEHXZ 00554140 f i DlgLibraryManager.obj
 0002:0005d180       ??_G?$CArray@HABH@@UAEPAXI@Z 00554180 f i DlgLibraryManager.obj
 0002:0005d180       ??_E?$CArray@HABH@@UAEPAXI@Z 00554180 f i DlgLibraryManager.obj
 0002:0005d1f0       ?SetAtGrow@?$CArray@HABH@@QAEXHABH@Z 005541f0 f i DlgLibraryManager.obj
 0002:0005d2c0       ?_GetBaseClass@CDlgLog@@KGPAUCRuntimeClass@@XZ 005542c0 f   DlgLog.obj
 0002:0005d310       ?GetThisClass@CDlgLog@@SGPAUCRuntimeClass@@XZ 00554310 f   DlgLog.obj
 0002:0005d350       ?GetRuntimeClass@CDlgLog@@UBEPAUCRuntimeClass@@XZ 00554350 f   DlgLog.obj
 0002:0005d390       ??0CDlgLog@@QAE@PAVCWnd@@@Z 00554390 f   DlgLog.obj
 0002:0005d470       ??_GCDlgLog@@UAEPAXI@Z     00554470 f i DlgLog.obj
 0002:0005d470       ??_ECDlgLog@@UAEPAXI@Z     00554470 f i DlgLog.obj
 0002:0005d4e0       ??1CDlgLog@@UAE@XZ         005544e0 f   DlgLog.obj
 0002:0005d5a0       ?DoDataExchange@CDlgLog@@MAEXPAVCDataExchange@@@Z 005545a0 f   DlgLog.obj
 0002:0005d640       ?GetMessageMap@CDlgLog@@MBEPBUAFX_MSGMAP@@XZ 00554640 f   DlgLog.obj
 0002:0005d690       ?GetThisMessageMap@CDlgLog@@KGPBUAFX_MSGMAP@@XZ 00554690 f   DlgLog.obj
 0002:0005d6d0       ?Move@CDlgLog@@QAEXHH@Z    005546d0 f   DlgLog.obj
 0002:0005d7b0       ?Clear@CDlgLog@@QAEXXZ     005547b0 f   DlgLog.obj
 0002:0005d830       ?AddLine@CDlgLog@@QAEXPBD@Z 00554830 f   DlgLog.obj
 0002:0005d890       ?OnBnClickedOk@CDlgLog@@QAEXXZ 00554890 f   DlgLog.obj
 0002:0005d920       ?OnSetCursor@CDlgLog@@QAEHPAVCWnd@@II@Z 00554920 f   DlgLog.obj
 0002:0005d9b0       ?OnBnClickedHideMe@CDlgLog@@QAEXXZ 005549b0 f   DlgLog.obj
 0002:0005da10       ?_GetBaseClass@CDlgMoveOrigin@@KGPAUCRuntimeClass@@XZ 00554a10 f   DlgMoveOrigin.obj
 0002:0005da60       ?GetThisClass@CDlgMoveOrigin@@SGPAUCRuntimeClass@@XZ 00554a60 f   DlgMoveOrigin.obj
 0002:0005daa0       ?GetRuntimeClass@CDlgMoveOrigin@@UBEPAUCRuntimeClass@@XZ 00554aa0 f   DlgMoveOrigin.obj
 0002:0005dae0       ??0CDlgMoveOrigin@@QAE@PAVCWnd@@@Z 00554ae0 f   DlgMoveOrigin.obj
 0002:0005dc00       ??_ECDlgMoveOrigin@@UAEPAXI@Z 00554c00 f i DlgMoveOrigin.obj
 0002:0005dc00       ??_GCDlgMoveOrigin@@UAEPAXI@Z 00554c00 f i DlgMoveOrigin.obj
 0002:0005dc70       ??1CDlgMoveOrigin@@UAE@XZ  00554c70 f   DlgMoveOrigin.obj
 0002:0005dd80       ?DoDataExchange@CDlgMoveOrigin@@MAEXPAVCDataExchange@@@Z 00554d80 f   DlgMoveOrigin.obj
 0002:0005dee0       ?GetMessageMap@CDlgMoveOrigin@@MBEPBUAFX_MSGMAP@@XZ 00554ee0 f   DlgMoveOrigin.obj
 0002:0005df30       ?GetThisMessageMap@CDlgMoveOrigin@@KGPBUAFX_MSGMAP@@XZ 00554f30 f   DlgMoveOrigin.obj
 0002:0005df70       ?Initialize@CDlgMoveOrigin@@QAEXH@Z 00554f70 f   DlgMoveOrigin.obj
 0002:0005dfe0       ?GetFields@CDlgMoveOrigin@@QAEXXZ 00554fe0 f   DlgMoveOrigin.obj
 0002:0005e1d0       ?SetFields@CDlgMoveOrigin@@QAEXXZ 005551d0 f   DlgMoveOrigin.obj
 0002:0005e4b0       ?OnCbnSelchangeUnits@CDlgMoveOrigin@@QAEXXZ 005554b0 f   DlgMoveOrigin.obj
 0002:0005e510       ?OnBnClickedDrag@CDlgMoveOrigin@@QAEXXZ 00555510 f   DlgMoveOrigin.obj
 0002:0005e570       ?OnBnClickedSet@CDlgMoveOrigin@@QAEXXZ 00555570 f   DlgMoveOrigin.obj
 0002:0005e5d0       ?_GetBaseClass@CDlgMyMessageBox@@KGPAUCRuntimeClass@@XZ 005555d0 f   DlgMyMessageBox.obj
 0002:0005e620       ?GetThisClass@CDlgMyMessageBox@@SGPAUCRuntimeClass@@XZ 00555620 f   DlgMyMessageBox.obj
 0002:0005e660       ?GetRuntimeClass@CDlgMyMessageBox@@UBEPAUCRuntimeClass@@XZ 00555660 f   DlgMyMessageBox.obj
 0002:0005e6a0       ??0CDlgMyMessageBox@@QAE@PAVCWnd@@@Z 005556a0 f   DlgMyMessageBox.obj
 0002:0005e7a0       ??_ECDlgMyMessageBox@@UAEPAXI@Z 005557a0 f i DlgMyMessageBox.obj
 0002:0005e7a0       ??_GCDlgMyMessageBox@@UAEPAXI@Z 005557a0 f i DlgMyMessageBox.obj
 0002:0005e810       ??1CDlgMyMessageBox@@UAE@XZ 00555810 f   DlgMyMessageBox.obj
 0002:0005e900       ?DoDataExchange@CDlgMyMessageBox@@MAEXPAVCDataExchange@@@Z 00555900 f   DlgMyMessageBox.obj
 0002:0005ea30       ?GetMessageMap@CDlgMyMessageBox@@MBEPBUAFX_MSGMAP@@XZ 00555a30 f   DlgMyMessageBox.obj
 0002:0005ea80       ?GetThisMessageMap@CDlgMyMessageBox@@KGPBUAFX_MSGMAP@@XZ 00555a80 f   DlgMyMessageBox.obj
 0002:0005eac0       ?Initialize@CDlgMyMessageBox@@QAEXPBD@Z 00555ac0 f   DlgMyMessageBox.obj
 0002:0005eb30       ?_GetBaseClass@CDlgMyMessageBox2@@KGPAUCRuntimeClass@@XZ 00555b30 f   DlgMyMessageBox2.obj
 0002:0005eb80       ?GetThisClass@CDlgMyMessageBox2@@SGPAUCRuntimeClass@@XZ 00555b80 f   DlgMyMessageBox2.obj
 0002:0005ebc0       ?GetRuntimeClass@CDlgMyMessageBox2@@UBEPAUCRuntimeClass@@XZ 00555bc0 f   DlgMyMessageBox2.obj
 0002:0005ec00       ??0CDlgMyMessageBox2@@QAE@PAVCWnd@@@Z 00555c00 f   DlgMyMessageBox2.obj
 0002:0005ece0       ??_GCDlgMyMessageBox2@@UAEPAXI@Z 00555ce0 f i DlgMyMessageBox2.obj
 0002:0005ece0       ??_ECDlgMyMessageBox2@@UAEPAXI@Z 00555ce0 f i DlgMyMessageBox2.obj
 0002:0005ed50       ??1CDlgMyMessageBox2@@UAE@XZ 00555d50 f   DlgMyMessageBox2.obj
 0002:0005ee20       ?DoDataExchange@CDlgMyMessageBox2@@MAEXPAVCDataExchange@@@Z 00555e20 f   DlgMyMessageBox2.obj
 0002:0005ef40       ?GetMessageMap@CDlgMyMessageBox2@@MBEPBUAFX_MSGMAP@@XZ 00555f40 f   DlgMyMessageBox2.obj
 0002:0005ef90       ?GetThisMessageMap@CDlgMyMessageBox2@@KGPBUAFX_MSGMAP@@XZ 00555f90 f   DlgMyMessageBox2.obj
 0002:0005efd0       ?Initialize@CDlgMyMessageBox2@@QAEXPAV?$CStringT@DV?$StrTraitMFC_DLL@DV?$ChTraitsCRT@D@ATL@@@@@ATL@@@Z 00555fd0 f   DlgMyMessageBox2.obj
 0002:0005f020       ?CompareNetlistCombine@@YGHJJJ@Z 00556020 f   DlgNetCombine.obj
[...]
 0005:0000223c       __imp_?DefWindowProcA@CWnd@@MAEJIIJ@Z 0086c23c     mfc100d:mfc100d.dll
 0005:00002240       __imp_?OnWndMsg@CWnd@@MAEHIIJPAJ@Z 0086c240     mfc100d:mfc100d.dll
 0005:00002244       __imp_?WindowProc@CWnd@@MAEJIIJ@Z 0086c244     mfc100d:mfc100d.dll
 0005:00002248       __imp_?OnAmbientProperty@CWnd@@UAEHPAVCOleControlSite@@JPAUtagVARIANT@@@Z 0086c248     mfc100d:mfc100d.dll
 0005:0000224c       __imp_?PreTranslateMessage@CDialog@@UAEHPAUtagMSG@@@Z 0086c24c     mfc100d:mfc100d.dll
 0005:00002250       __imp_?EndModalState@CWnd@@UAEXXZ 0086c250     mfc100d:mfc100d.dll
 0005:00002254       __imp_?BeginModalState@CWnd@@UAEXXZ 0086c254     mfc100d:mfc100d.dll
 0005:00002258       __imp_?GetSuperWndProcAddr@CWnd@@MAEPAP6GJPAUHWND__@@IIJ@ZXZ 0086c258     mfc100d:mfc100d.dll
 0005:0000225c       __imp_?OnNotify@CWnd@@MAEHIJPAJ@Z 0086c25c     mfc100d:mfc100d.dll
 0005:00002260       __imp_?OnCommand@CWnd@@MAEHIJ@Z 0086c260     mfc100d:mfc100d.dll
 0005:00002264       __imp_?CreateAccessibleProxy@CWnd@@UAEJIJPAJ@Z 0086c264     mfc100d:mfc100d.dll
 0005:00002268       __imp_?SetProxy@CWnd@@UAEJPAUIAccessibleProxy@@@Z 0086c268     mfc100d:mfc100d.dll
 0005:0000226c       __imp_?put_accValue@CWnd@@UAEJUtagVARIANT@@PA_W@Z 0086c26c     mfc100d:mfc100d.dll
 0005:00002270       __imp_?put_accName@CWnd@@UAEJUtagVARIANT@@PA_W@Z 0086c270     mfc100d:mfc100d.dll
 0005:00002274       __imp_?accDoDefaultAction@CWnd@@UAEJUtagVARIANT@@@Z 0086c274     mfc100d:mfc100d.dll
 0005:00002278       __imp_?accHitTest@CWnd@@UAEJJJPAUtagVARIANT@@@Z 0086c278     mfc100d:mfc100d.dll
 0005:0000227c       __imp_?accNavigate@CWnd@@UAEJJUtagVARIANT@@PAU2@@Z 0086c27c     mfc100d:mfc100d.dll
 0005:00002280       __imp_?accLocation@CWnd@@UAEJPAJ000UtagVARIANT@@@Z 0086c280     mfc100d:mfc100d.dll
 0005:00002284       __imp_?accSelect@CWnd@@UAEJJUtagVARIANT@@@Z 0086c284     mfc100d:mfc100d.dll
 0005:00002288       __imp_?get_accDefaultAction@CWnd@@UAEJUtagVARIANT@@PAPA_W@Z 0086c288     mfc100d:mfc100d.dll
 0005:0000228c       __imp_?get_accSelection@CWnd@@UAEJPAUtagVARIANT@@@Z 0086c28c     mfc100d:mfc100d.dll
 0005:00002290       __imp_?get_accFocus@CWnd@@UAEJPAUtagVARIANT@@@Z 0086c290     mfc100d:mfc100d.dll
 0005:00002294       __imp_?get_accKeyboardShortcut@CWnd@@UAEJUtagVARIANT@@PAPA_W@Z 0086c294     mfc100d:mfc100d.dll
 0005:00002298       __imp_?get_accHelpTopic@CWnd@@UAEJPAPA_WUtagVARIANT@@PAJ@Z 0086c298     mfc100d:mfc100d.dll
 0005:0000229c       __imp_?get_accHelp@CWnd@@UAEJUtagVARIANT@@PAPA_W@Z 0086c29c     mfc100d:mfc100d.dll
 0005:000022a0       __imp_?get_accState@CWnd@@UAEJUtagVARIANT@@PAU2@@Z 0086c2a0     mfc100d:mfc100d.dll
 0005:000022a4       __imp_?get_accRole@CWnd@@UAEJUtagVARIANT@@PAU2@@Z 0086c2a4     mfc100d:mfc100d.dll
 0005:000022a8       __imp_?get_accDescription@CWnd@@UAEJUtagVARIANT@@PAPA_W@Z 0086c2a8     mfc100d:mfc100d.dll
 0005:000022ac       __imp_?get_accValue@CWnd@@UAEJUtagVARIANT@@PAPA_W@Z 0086c2ac     mfc100d:mfc100d.dll
 0005:000022b0       __imp_?get_accName@CWnd@@UAEJUtagVARIANT@@PAPA_W@Z 0086c2b0     mfc100d:mfc100d.dll
 0005:000022b4       __imp_?get_accChild@CWnd@@UAEJUtagVARIANT@@PAPAUIDispatch@@@Z 0086c2b4     mfc100d:mfc100d.dll
 0005:000022b8       __imp_?get_accChildCount@CWnd@@UAEJPAJ@Z 0086c2b8     mfc100d:mfc100d.dll
 0005:000022bc       __imp_?get_accParent@CWnd@@UAEJPAPAUIDispatch@@@Z 0086c2bc     mfc100d:mfc100d.dll
 0005:000022c0       __imp_?EnsureStdObj@CWnd@@UAEJXZ 0086c2c0     mfc100d:mfc100d.dll
 0005:000022c4       __imp_?OnDrawIconicThumbnailOrLivePreview@CWnd@@UAEXAAVCDC@@VCRect@@VCSize@@HAAH@Z 0086c2c4     mfc100d:mfc100d.dll
 0005:000022c8       __imp_?EndModalLoop@CWnd@@UAEXH@Z 0086c2c8     mfc100d:mfc100d.dll
 0005:000022cc       __imp_?ContinueModal@CWnd@@UAEHXZ 0086c2cc     mfc100d:mfc100d.dll
 0005:000022d0       __imp_?WinHelpInternal@CWnd@@UAEXKI@Z 0086c2d0     mfc100d:mfc100d.dll
 0005:000022d4       __imp_?HtmlHelpA@CWnd@@UAEXKI@Z 0086c2d4     mfc100d:mfc100d.dll
 0005:000022d8       __imp_?WinHelpA@CWnd@@UAEXKI@Z 0086c2d8     mfc100d:mfc100d.dll
 0005:000022dc       __imp_?GetScrollBarCtrl@CWnd@@UBEPAVCScrollBar@@H@Z 0086c2dc     mfc100d:mfc100d.dll
 0005:000022e0       __imp_?OnToolHitTest@CWnd@@UBEHVCPoint@@PAUtagTOOLINFOA@@@Z 0086c2e0     mfc100d:mfc100d.dll
 0005:000022e4       __imp_?SetMenu@CWnd@@UAEHPAVCMenu@@@Z 0086c2e4     mfc100d:mfc100d.dll
 0005:000022e8       __imp_?GetMenu@CWnd@@UBEPAVCMenu@@XZ 0086c2e8     mfc100d:mfc100d.dll
 0005:000022ec       __imp_?CalcWindowRect@CWnd@@UAEXPAUtagRECT@@I@Z 0086c2ec     mfc100d:mfc100d.dll
 0005:000022f0       __imp_?PreCreateWindow@CWnd@@UAEHAAUtagCREATESTRUCTA@@@Z 0086c2f0     mfc100d:mfc100d.dll
 0005:000022f4       __imp_?DestroyWindow@CWnd@@UAEHXZ 0086c2f4     mfc100d:mfc100d.dll
 0005:000022f8       __imp_?CreateEx@CWnd@@UAEHKPBD0KHHHHPAUHWND__@@PAUHMENU__@@PAX@Z 0086c2f8     mfc100d:mfc100d.dll
 0005:000022fc       __imp_?CreateEx@CWnd@@UAEHKPBD0KABUtagRECT@@PAV1@IPAX@Z 0086c2fc     mfc100d:mfc100d.dll
 0005:00002300       __imp_?Create@CWnd@@UAEHPBD0KABUtagRECT@@PAV1@IPAUCCreateContext@@@Z 0086c300     mfc100d:mfc100d.dll
 0005:00002304       __imp_?PreSubclassWindow@CWnd@@UAEXXZ 0086c304     mfc100d:mfc100d.dll
 0005:00002308       __imp_?GetConnectionHook@CCmdTarget@@MAEPAUIConnectionPoint@@ABU_GUID@@@Z 0086c308     mfc100d:mfc100d.dll
 0005:0000230c       __imp_?GetExtraConnectionPoints@CCmdTarget@@MAEHPAVCPtrArray@@@Z 0086c30c     mfc100d:mfc100d.dll
 0005:00002310       __imp_?GetInterfaceHook@CCmdTarget@@UAEPAUIUnknown@@PBX@Z 0086c310     mfc100d:mfc100d.dll
 0005:00002314       __imp_?OnCreateAggregates@CCmdTarget@@UAEHXZ 0086c314     mfc100d:mfc100d.dll
 0005:00002318       __imp_?GetEventSinkMap@CCmdTarget@@MBEPBUAFX_EVENTSINKMAP@@XZ 0086c318     mfc100d:mfc100d.dll
 0005:0000231c       __imp_?GetInterfaceMap@CWnd@@MBEPBUAFX_INTERFACEMAP@@XZ 0086c31c     mfc100d:mfc100d.dll
 0005:00002320       __imp_?GetConnectionMap@CCmdTarget@@MBEPBUAFX_CONNECTIONMAP@@XZ 0086c320     mfc100d:mfc100d.dll
 0005:00002324       __imp_?GetDispatchMap@CCmdTarget@@MBEPBUAFX_DISPMAP@@XZ 0086c324     mfc100d:mfc100d.dll
 0005:00002328       __imp_?GetCommandMap@CCmdTarget@@MBEPBUAFX_OLECMDMAP@@XZ 0086c328     mfc100d:mfc100d.dll
 0005:0000232c       __imp_?GetTypeLib@CCmdTarget@@UAEJKPAPAUITypeLib@@@Z 0086c32c     mfc100d:mfc100d.dll
 0005:00002330       __imp_?GetTypeLibCache@CCmdTarget@@UAEPAVCTypeLibCache@@XZ 0086c330     mfc100d:mfc100d.dll
 0005:00002334       __imp_?GetTypeInfoCount@CCmdTarget@@UAEIXZ 0086c334     mfc100d:mfc100d.dll
 0005:00002338       __imp_?GetDispatchIID@CCmdTarget@@UAEHPAU_GUID@@@Z 0086c338     mfc100d:mfc100d.dll
 0005:0000233c       __imp_?IsInvokeAllowed@CCmdTarget@@UAEHJ@Z 0086c33c     mfc100d:mfc100d.dll
 0005:00002340       __imp_?OnFinalRelease@CWnd@@UAEXXZ 0086c340     mfc100d:mfc100d.dll
 0005:00002344       __imp_?OnCmdMsg@CDialog@@UAEHIHPAXPAUAFX_CMDHANDLERINFO@@@Z 0086c344     mfc100d:mfc100d.dll
 0005:00002348       __imp_?Dump@CDialog@@UBEXAAVCDumpContext@@@Z 0086c348     mfc100d:mfc100d.dll
 0005:0000234c       __imp_?AssertValid@CDialog@@UBEXXZ 0086c34c     mfc100d:mfc100d.dll
 0005:00002350       __imp_??0CDialog@@QAE@IPAVCWnd@@@Z 0086c350     mfc100d:mfc100d.dll
 0005:00002354       __imp_??0CComboBox@@QAE@XZ 0086c354     mfc100d:mfc100d.dll
 0005:00002358       __imp_??0CButton@@QAE@XZ   0086c358     mfc100d:mfc100d.dll
 0005:0000235c       __imp_??1CDialog@@UAE@XZ   0086c35c     mfc100d:mfc100d.dll
 0005:00002360       __imp_??1CComboBox@@UAE@XZ 0086c360     mfc100d:mfc100d.dll
 0005:00002364       __imp_??1CButton@@UAE@XZ   0086c364     mfc100d:mfc100d.dll
 0005:00002368       __imp_?GetThisClass@CDialog@@SGPAUCRuntimeClass@@XZ 0086c368     mfc100d:mfc100d.dll
 0005:0000236c       __imp_?GetThisMessageMap@CDialog@@KGPBUAFX_MSGMAP@@XZ 0086c36c     mfc100d:mfc100d.dll
 0005:00002370       __imp_?Write@CArchive@@QAEXPBXI@Z 0086c370     mfc100d:mfc100d.dll
 0005:00002374       __imp_?EnsureRead@CArchive@@QAEXPAXI@Z 0086c374     mfc100d:mfc100d.dll
 0005:00002378       __imp_?AfxThrowMemoryException@@YGXXZ 0086c378     mfc100d:mfc100d.dll
 0005:0000237c       __imp_??_U@YAPAXIPBDH@Z    0086c37c     mfc100d:mfc100d.dll
 0005:00002380       __imp_??_U@YAPAXI@Z        0086c380     mfc100d:mfc100d.dll
 0005:00002384       __imp_??3CObject@@SGXPAX@Z 0086c384     mfc100d:mfc100d.dll
 0005:00002388       __imp_?AssertValid@CObject@@UBEXXZ 0086c388     mfc100d:mfc100d.dll
 0005:0000238c       __imp_?AfxIsValidAddress@@YGHPBXIH@Z 0086c38c     mfc100d:mfc100d.dll
 0005:00002390       __imp_?Dump@CObject@@UBEXAAVCDumpContext@@@Z 0086c390     mfc100d:mfc100d.dll
 0005:00002394       __imp_??6CDumpContext@@QAEAAV0@PBD@Z 0086c394     mfc100d:mfc100d.dll
 0005:00002398       __imp_??6CDumpContext@@QAEAAV0@H@Z 0086c398     mfc100d:mfc100d.dll
 0005:0000239c       __imp_?GetDepth@CDumpContext@@QBEHXZ 0086c39c     mfc100d:mfc100d.dll
 0005:000023a0       __imp_?Serialize@CObject@@UAEXAAVCArchive@@@Z 0086c3a0     mfc100d:mfc100d.dll
 0005:000023a4       __imp_?IsStoring@CArchive@@QBEHXZ 0086c3a4     mfc100d:mfc100d.dll
 0005:000023a8       __imp_?WriteCount@CArchive@@QAEXK@Z 0086c3a8     mfc100d:mfc100d.dll
 0005:000023ac       __imp_?ReadCount@CArchive@@QAEKXZ 0086c3ac     mfc100d:mfc100d.dll
 0005:000023b0       __imp_?AfxAssertValidObject@@YGXPBVCObject@@PBDH@Z 0086c3b0     mfc100d:mfc100d.dll
 0005:000023b4       __imp_??_V@YAXPAX@Z        0086c3b4     mfc100d:mfc100d.dll
 0005:000023b8       __imp_??1CObject@@UAE@XZ   0086c3b8     mfc100d:mfc100d.dll
 0005:000023bc       __imp_?GetRuntimeClass@CObject@@UBEPAUCRuntimeClass@@XZ 0086c3bc     mfc100d:mfc100d.dll
 0005:000023c0       __imp_??0CObject@@IAE@XZ   0086c3c0     mfc100d:mfc100d.dll
 0005:000023c4       __imp_?SetWindowOrg@CDC@@QAE?AVCPoint@@HH@Z 0086c3c4     mfc100d:mfc100d.dll
 0005:000023c8       __imp_?GetROP2@CDC@@QBEHXZ 0086c3c8     mfc100d:mfc100d.dll
 0005:000023cc       __imp_??0CBrush@@QAE@K@Z   0086c3cc     mfc100d:mfc100d.dll
 0005:000023d0       __imp_??0CPen@@QAE@HHK@Z   0086c3d0     mfc100d:mfc100d.dll
 0005:000023d4       __imp_?SelectObject@CDC@@QAEPAVCPen@@PAV2@@Z 0086c3d4     mfc100d:mfc100d.dll
 0005:000023d8       __imp_?SelectObject@CDC@@QAEPAVCBrush@@PAV2@@Z 0086c3d8     mfc100d:mfc100d.dll
 0005:000023dc       __imp_?GetBkMode@CDC@@QBEHXZ 0086c3dc     mfc100d:mfc100d.dll
 0005:000023e0       __imp_?Rectangle@CDC@@QAEHPBUtagRECT@@@Z 0086c3e0     mfc100d:mfc100d.dll
 0005:000023e4       __imp_?MoveTo@CDC@@QAE?AVCPoint@@UtagPOINT@@@Z 0086c3e4     mfc100d:mfc100d.dll
 0005:000023e8       __imp_?SetItemData@CListCtrl@@QAEHHK@Z 0086c3e8     mfc100d:mfc100d.dll
 0005:000023ec       __imp_?SetItem@CListCtrl@@QAEHHHIPBDHIIJ@Z 0086c3ec     mfc100d:mfc100d.dll
 0005:000023f0       __imp_?GetWindowRect@CWnd@@QBEXPAUtagRECT@@@Z 0086c3f0     mfc100d:mfc100d.dll
 0005:000023f4       __imp_?MoveWindow@CWnd@@QAEXHHHHH@Z 0086c3f4     mfc100d:mfc100d.dll
 0005:000023f8       __imp_?GetItemCount@CListCtrl@@QBEHXZ 0086c3f8     mfc100d:mfc100d.dll
 0005:000023fc       __imp_?GetItemData@CListCtrl@@QBEKH@Z 0086c3fc     mfc100d:mfc100d.dll
 0005:00002400       __imp_??0CListCtrl@@QAE@XZ 0086c400     mfc100d:mfc100d.dll
 0005:00002404       __imp_??1CListCtrl@@UAE@XZ 0086c404     mfc100d:mfc100d.dll
 0005:00002408       __imp_?DDX_CBIndex@@YGXPAVCDataExchange@@HAAH@Z 0086c408     mfc100d:mfc100d.dll
 0005:0000240c       __imp_?GetFocus@CWnd@@SGPAV1@XZ 0086c40c     mfc100d:mfc100d.dll
 0005:00002410       __imp_?GetLBText@CComboBox@@QBEXHAAV?$CStringT@DV?$StrTraitMFC_DLL@DV?$ChTraitsCRT@D@ATL@@@@@ATL@@@Z 0086c410     mfc100d:mfc100d.dll
 0005:00002414       __imp_?FindString@CListBox@@QBEHHPBD@Z 0086c414     mfc100d:mfc100d.dll
 0005:00002418       __imp_?SetSel@CListBox@@QAEHHH@Z 0086c418     mfc100d:mfc100d.dll
 0005:0000241c       __imp_?FindStringExact@CListBox@@QBEHHPBD@Z 0086c41c     mfc100d:mfc100d.dll
 0005:00002420       __imp_?AddString@CListBox@@QAEHPBD@Z 0086c420     mfc100d:mfc100d.dll
 0005:00002424       __imp_?SetButtonStyle@CButton@@QAEXIH@Z 0086c424     mfc100d:mfc100d.dll
 0005:00002428       __imp_?GetSelCount@CListBox@@QBEHXZ 0086c428     mfc100d:mfc100d.dll
 0005:0000242c       __imp_?GetSelItems@CListBox@@QBEHHPAH@Z 0086c42c     mfc100d:mfc100d.dll
 0005:00002430       __imp_?DeleteString@CListBox@@QAEHI@Z 0086c430     mfc100d:mfc100d.dll
 0005:00002434       __imp_?GetState@CButton@@QBEIXZ 0086c434     mfc100d:mfc100d.dll
 0005:00002438       __imp_?GetText@CListBox@@QBEXHAAV?$CStringT@DV?$StrTraitMFC_DLL@DV?$ChTraitsCRT@D@ATL@@@@@ATL@@@Z 0086c438     mfc100d:mfc100d.dll
 0005:0000243c       __imp_?ReverseFind@?$CStringT@DV?$StrTraitMFC_DLL@DV?$ChTraitsCRT@D@ATL@@@@@ATL@@QBEHD@Z 0086c43c     mfc100d:mfc100d.dll
 0005:00002440       __imp_??0CStdioFile@@QAE@XZ 0086c440     mfc100d:mfc100d.dll
 0005:00002444       __imp_?Open@CStdioFile@@UAEHPBDIPAVCFileException@@@Z 0086c444     mfc100d:mfc100d.dll
 0005:00002448       __imp_?Close@CStdioFile@@UAEXXZ 0086c448     mfc100d:mfc100d.dll
 0005:0000244c       __imp_??1CStdioFile@@UAE@XZ 0086c44c     mfc100d:mfc100d.dll
 0005:00002450       __imp_?WriteString@CStdioFile@@UAEXPBD@Z 0086c450     mfc100d:mfc100d.dll
 0005:00002454       __imp_?MakeLower@?$CStringT@DV?$StrTraitMFC_DLL@DV?$ChTraitsCRT@D@ATL@@@@@ATL@@QAEAAV12@XZ 0086c454     mfc100d:mfc100d.dll
 0005:00002458       __imp_?DDX_Text@@YGXPAVCDataExchange@@HAAH@Z 0086c458     mfc100d:mfc100d.dll
 0005:0000245c       __imp_?DDV_MinMaxUInt@@YGXPAVCDataExchange@@III@Z 0086c45c     mfc100d:mfc100d.dll
 0005:00002460       __imp_?StringLength@?$CSimpleStringT@D$00@ATL@@SAHPBD@Z 0086c460     mfc100d:mfc100d.dll
 0005:00002464       __imp_?DDX_CBString@@YGXPAVCDataExchange@@HAAV?$CStringT@DV?$StrTraitMFC_DLL@DV?$ChTraitsCRT@D@ATL@@@@@ATL@@@Z 0086c464     mfc100d:mfc100d.dll
 0005:00002468       __imp_?DDV_MaxChars@@YGXPAVCDataExchange@@ABV?$CStringT@DV?$StrTraitMFC_DLL@DV?$ChTraitsCRT@D@ATL@@@@@ATL@@H@Z 0086c468     mfc100d:mfc100d.dll
 0005:0000246c       __imp_?SetFocus@CWnd@@QAEPAV1@XZ 0086c46c     mfc100d:mfc100d.dll
 0005:00002470       __imp_?LineTo@CDC@@QAEHUtagPOINT@@@Z 0086c470     mfc100d:mfc100d.dll
 0005:00002474       __imp_??1CPen@@UAE@XZ      0086c474     mfc100d:mfc100d.dll
 0005:00002478       __imp_?BitBlt@CDC@@QAEHHHHHPAV1@HHK@Z 0086c478     mfc100d:mfc100d.dll
 0005:0000247c       __imp_?PrepareCtrl@CDataExchange@@QAEPAUHWND__@@H@Z 0086c47c     mfc100d:mfc100d.dll
 0005:00002480       __imp_?DDX_Text@@YGXPAVCDataExchange@@HAAV?$CStringT@DV?$StrTraitMFC_DLL@DV?$ChTraitsCRT@D@ATL@@@@@ATL@@@Z 0086c480     mfc100d:mfc100d.dll
 0005:00002484       __imp_?Find@?$CStringT@DV?$StrTraitMFC_DLL@DV?$ChTraitsCRT@D@ATL@@@@@ATL@@QBEHDH@Z 0086c484     mfc100d:mfc100d.dll
 0005:00002488       __imp_??$SerializeElements@V?$CStringT@DV?$StrTraitMFC_DLL@DV?$ChTraitsCRT@D@ATL@@@@@ATL@@@@YGXAAVCArchive@@PAV?$CStringT@DV?$StrTraitMFC_DLL@DV?$ChTraitsCRT@D@ATL@@@@@ATL@@H@Z 0086c488     mfc100d:mfc100d.dll
 0005:0000248c       __imp_?FindString@CComboBox@@QBEHHPBD@Z 0086c48c     mfc100d:mfc100d.dll
 0005:00002490       __imp_?GetCount@CListBox@@QBEHXZ 0086c490     mfc100d:mfc100d.dll
 0005:00002494       __imp_?GetSel@CListBox@@QBEHH@Z 0086c494     mfc100d:mfc100d.dll
 0005:00002498       __imp_?GetAt@?$CSimpleStringT@D$00@ATL@@QBEDH@Z 0086c498     mfc100d:mfc100d.dll
 0005:0000249c       __imp_?SetROP2@CDC@@QAEHH@Z 0086c49c     mfc100d:mfc100d.dll
 0005:000024a0       __imp_??BCGdiObject@@QBEPAXXZ 0086c4a0     mfc100d:mfc100d.dll
 0005:000024a4       __imp_?SelectObject@CDC@@QAEPAXPAX@Z 0086c4a4     mfc100d:mfc100d.dll
 0005:000024a8       __imp_?Ellipse@CDC@@QAEHHHHH@Z 0086c4a8     mfc100d:mfc100d.dll
 0005:000024ac       __imp_?MoveTo@CDC@@QAE?AVCPoint@@HH@Z 0086c4ac     mfc100d:mfc100d.dll
 0005:000024b0       __imp_?LineTo@CDC@@QAEHHH@Z 0086c4b0     mfc100d:mfc100d.dll
 0005:000024b4       __imp_?Polyline@CDC@@QAEHPBUtagPOINT@@H@Z 0086c4b4     mfc100d:mfc100d.dll
 0005:000024b8       __imp_?Rectangle@CDC@@QAEHHHHH@Z 0086c4b8     mfc100d:mfc100d.dll
 0005:000024bc       __imp_?RoundRect@CDC@@QAEHHHHHHH@Z 0086c4bc     mfc100d:mfc100d.dll
 0005:000024c0       __imp_?Polygon@CDC@@QAEHPBUtagPOINT@@H@Z 0086c4c0     mfc100d:mfc100d.dll
 0005:000024c4       __imp_??1CBrush@@UAE@XZ    0086c4c4     mfc100d:mfc100d.dll
 0005:000024c8       __imp_?SetPixel@CDC@@QAEKHHK@Z 0086c4c8     mfc100d:mfc100d.dll
 0005:000024cc       __imp_??0CPen@@QAE@XZ      0086c4cc     mfc100d:mfc100d.dll
 0005:000024d0       __imp_?CreatePen@CPen@@QAEHHHK@Z 0086c4d0     mfc100d:mfc100d.dll
 0005:000024d4       __imp_?Ellipse@CDC@@QAEHPBUtagRECT@@@Z 0086c4d4     mfc100d:mfc100d.dll
 0005:000024d8       __imp_?AfxThrowInvalidArgException@@YGXXZ 0086c4d8     mfc100d:mfc100d.dll
 0005:000024dc       __imp_?GetHeadPosition@CPtrList@@QBEPAU__POSITION@@XZ 0086c4dc     mfc100d:mfc100d.dll
 0005:000024e0       __imp_?GetNext@CPtrList@@QAEAAPAXAAPAU__POSITION@@@Z 0086c4e0     mfc100d:mfc100d.dll
 0005:000024e4       __imp_??2@YAPAXIPBDH@Z     0086c4e4     mfc100d:mfc100d.dll
 0005:000024e8       __imp_??4?$CStringT@DV?$StrTraitMFC_DLL@DV?$ChTraitsCRT@D@ATL@@@@@ATL@@QAEAAV01@ABV01@@Z 0086c4e8     mfc100d:mfc100d.dll
 0005:000024ec       __imp_?AddTail@CPtrList@@QAEPAU__POSITION@@PAX@Z 0086c4ec     mfc100d:mfc100d.dll
 0005:000024f0       __imp_??3@YAXPAXPBDH@Z     0086c4f0     mfc100d:mfc100d.dll
 0005:000024f4       __imp_?Find@CPtrList@@QBEPAU__POSITION@@PAXPAU2@@Z 0086c4f4     mfc100d:mfc100d.dll
 0005:000024f8       __imp_?RemoveAt@CPtrList@@QAEXPAU__POSITION@@@Z 0086c4f8     mfc100d:mfc100d.dll
 0005:000024fc       __imp_?IsEmpty@CPtrList@@QBEHXZ 0086c4fc     mfc100d:mfc100d.dll
 0005:00002500       __imp_?GetHead@CPtrList@@QAEAAPAXXZ 0086c500     mfc100d:mfc100d.dll
 0005:00002504       __imp_?RemoveHead@CPtrList@@QAEPAXXZ 0086c504     mfc100d:mfc100d.dll
 0005:00002508       __imp_??1CPtrList@@UAE@XZ  0086c508     mfc100d:mfc100d.dll
 0005:0000250c       __imp_??0CPtrList@@QAE@H@Z 0086c50c     mfc100d:mfc100d.dll
 0005:00002510       __imp_?GetManager@?$CStringT@DV?$StrTraitMFC_DLL@DV?$ChTraitsCRT@D@ATL@@@@@ATL@@QBEPAUIAtlStringMgr@2@XZ 0086c510     mfc100d:mfc100d.dll
 0005:00002514       __imp_??0?$CStringT@DV?$StrTraitMFC_DLL@DV?$ChTraitsCRT@D@ATL@@@@@ATL@@QAE@PAUIAtlStringMgr@1@@Z 0086c514     mfc100d:mfc100d.dll
 0005:00002518       __imp_?Concatenate@?$CSimpleStringT@D$00@ATL@@KAXAAV12@PBDH1H@Z 0086c518     mfc100d:mfc100d.dll
 0005:0000251c       __imp_??1CWnd@@UAE@XZ      0086c51c     mfc100d:mfc100d.dll
 0005:00002520       __imp_?ShowWindow@CWnd@@QAEHH@Z 0086c520     mfc100d:mfc100d.dll
 0005:00002524       __imp_?UpdateWindow@CWnd@@QAEXXZ 0086c524     mfc100d:mfc100d.dll
 0005:00002528       __imp_?BringWindowToTop@CWnd@@QAEXXZ 0086c528     mfc100d:mfc100d.dll
 0005:0000252c       __imp_?GetNextItem@CTreeCtrl@@QBEPAU_TREEITEM@@PAU2@I@Z 0086c52c     mfc100d:mfc100d.dll
 0005:00002530       __imp_?GetItemState@CTreeCtrl@@QBEIPAU_TREEITEM@@I@Z 0086c530     mfc100d:mfc100d.dll
 0005:00002534       __imp_?DelayUpdateFrameMenu@CFrameWnd@@UAEXPAUHMENU__@@@Z 0086c534     mfc100d:mfc100d.dll
 0005:00002538       __imp_?RedrawWindow@CWnd@@QAEHPBUtagRECT@@PAVCRgn@@I@Z 0086c538     mfc100d:mfc100d.dll
 0005:0000253c       __imp_??0?$CStringT@DV?$StrTraitMFC_DLL@DV?$ChTraitsCRT@D@ATL@@@@@ATL@@QAE@XZ 0086c53c     mfc100d:mfc100d.dll
 0005:00002540       __imp_??1?$CStringT@DV?$StrTraitMFC_DLL@DV?$ChTraitsCRT@D@ATL@@@@@ATL@@QAE@XZ 0086c540     mfc100d:mfc100d.dll
 0005:00002544       __imp_??3@YAXPAX@Z         0086c544     mfc100d:mfc100d.dll
 0005:00002548       __imp_?GetMainWnd@CWinThread@@UAEPAVCWnd@@XZ 0086c548     mfc100d:mfc100d.dll
 0005:0000254c       __imp_?AfxWinMain@@YGHPAUHINSTANCE__@@0PADH@Z 0086c54c     mfc100d:mfc100d.dll
 0005:00002550       __imp_?AfxGetModuleState@@YGPAVAFX_MODULE_STATE@@XZ 0086c550     mfc100d:mfc100d.dll
 0005:00002554       \177mfc100d_NULL_THUNK_DATA 0086c554     mfc100d:mfc100d.dll

 entry point at        0002:000054a1

