 FreeSch

 Timestamp is 5ea6dd6f (Mon Apr 27 18:26:07 2020)

 Preferred load address is 00400000

 Start         Length     Name                   Class
 0001:00000000 00075002H .textbss                DATA
 0002:00000000 000e584aH .text                   CODE
 0002:000e5850 0000bcfbH .text$x                 CODE
 0002:000f1550 000019eaH .text$yc                CODE
 0002:000f2f40 000012b7H .text$yd                CODE
 0003:00000000 00000104H .CRT$XCA                DATA
 0003:00000104 00000104H .CRT$XCAA               DATA
 0003:00000208 0000010eH .CRT$XCC                DATA
 0003:00000318 0000018aH .CRT$XCL                DATA
 0003:000004a4 0000014cH .CRT$XCU                DATA
 0003:000005f0 00000104H .CRT$XCZ                DATA
 0003:000006f4 00000104H .CRT$XIA                DATA
 0003:000007f8 00000104H .CRT$XIAA               DATA
 0003:000008fc 00000104H .CRT$XIC                DATA
 0003:00000a00 00000104H .CRT$XIY                DATA
 0003:00000b04 00000104H .CRT$XIZ                DATA
 0003:00000c10 0001243dH .rdata                  DATA
 0003:00013050 0000013fH .rdata$debug            DATA
 0003:00013190 00001d6cH .rdata$r                DATA
 0003:00014efc 00000104H .rtc$IAA                DATA
 0003:00015000 0000020cH .rtc$IMZ                DATA
 0003:0001520c 00000104H .rtc$IZZ                DATA
 0003:00015310 00000104H .rtc$TAA                DATA
 0003:00015414 0000020cH .rtc$TMZ                DATA
 0003:00015620 00000104H .rtc$TZZ                DATA
 0003:00015728 00007136H .xdata$x                DATA
 0003:0001c860 00000104H ATL$__a                 DATA
 0003:0001c964 00000104H ATL$__z                 DATA
 0003:0001ca68 00000000H .edata                  DATA
 0004:00000000 00005c1aH .data                   DATA
 0004:00005c20 00000b4cH .bss                    DATA
 0005:00000000 000000b4H .idata$2                DATA
 0005:000000b4 00000014H .idata$3                DATA
 0005:000000c8 00001198H .idata$4                DATA
 0005:00001260 00001198H .idata$5                DATA
 0005:000023f8 0000115aH .idata$6                DATA
 0006:00000000 00001a0cH .rsrc$01                DATA
 0006:00001a10 000c4399H .rsrc$02                DATA

  Address         Publics by Value              Rva+Base       Lib:Object

 0000:00000000       ___safe_se_handler_table   00000000     <absolute>
 0000:00000000       ___safe_se_handler_count   00000000     <absolute>
 0000:00000000       __except_list              00000000     <absolute>
 0000:00009876       __fltused                  00009876     <absolute>
 0000:00009876       __ldused                   00009876     <absolute>
 0000:00000000       ___ImageBase               00400000     <linker-defined>
 0001:00000000       __enc$textbss$begin        00401000     <linker-defined>
 0001:00075002       __enc$textbss$end          00476002     <linker-defined>
 0002:00006f70       ?AfxAssertFailedLine@@YGHPBDH@Z 0047df70 f   afxasert.obj
 0002:00007060       ??0Cuid@@QAE@XZ            0047e060 f   Cuid.obj
 0002:00007180       ?GetNewUID@Cuid@@QAEHXZ    0047e180 f   Cuid.obj
 0002:00007360       ?ReleaseUID@Cuid@@QAEXI@Z  0047e360 f   Cuid.obj
 0002:00007450       ??0DRError@@QAE@XZ         0047e450 f   DesignRules.obj
 0002:000075a0       ??1DRError@@QAE@XZ         0047e5a0 f   DesignRules.obj
 0002:000076b0       ??0DRErrorList@@QAE@XZ     0047e6b0 f   DesignRules.obj
 0002:00007720       ??1DRErrorList@@QAE@XZ     0047e720 f   DesignRules.obj
 0002:000077d0       ?SetLists@DRErrorList@@QAEXPAVCDisplayList@@PAVCTextList@@PAV?$CArray@VCPolyLine@@ABV1@@@@Z 0047e7d0 f   DesignRules.obj
 0002:00007830       ?Clear@DRErrorList@@QAEXXZ 0047e830 f   DesignRules.obj
 0002:00007900       ??_GDRError@@QAEPAXI@Z     0047e900 f i DesignRules.obj
 0002:00007970       ?Remove@DRErrorList@@QAEXPAVDRError@@@Z 0047e970 f   DesignRules.obj
 0002:00007a40       ?Add@DRErrorList@@QAEPAVDRError@@PAV?$CStringT@DV?$StrTraitMFC_DLL@DV?$ChTraitsCRT@D@ATL@@@@@ATL@@00Vid@@1HHHHHH@Z 0047ea40 f   DesignRules.obj
 0002:00007ee0       ?HighLight@DRErrorList@@QAEXPAVDRError@@@Z 0047eee0 f   DesignRules.obj
 0002:00008160       ?MakeSolidCircles@DRErrorList@@QAEXXZ 0047f160 f   DesignRules.obj
 0002:000082e0       ?MakeHollowCircles@DRErrorList@@QAEXXZ 0047f2e0 f   DesignRules.obj
 0002:000084e0       ??A?$CArray@PAVdl_element@@ABQAV1@@@QAEAAPAVdl_element@@H@Z 0047f4e0 f i DesignRules.obj
 0002:00008540       ?GetSize@?$CArray@VCPolyLine@@ABV1@@@QBEHXZ 0047f540 f i DesignRules.obj
 0002:00008580       ?GetAt@?$CArray@VCPolyLine@@ABV1@@@QAEAAVCPolyLine@@H@Z 0047f580 f i DesignRules.obj
 0002:00008630       ?ElementAt@?$CArray@PAVdl_element@@ABQAV1@@@QAEAAPAVdl_element@@H@Z 0047f630 f i DesignRules.obj
 0002:000086e0       ??0id@@QAE@HHHHH@Z         0047f6e0 f i DesignRules.obj
 0002:00008760       ??0CDisplayList@@QAE@XZ    0047f760 f   DisplayList.obj
 0002:00008ab0       ??0dl_element@@QAE@XZ      0047fab0 f i DisplayList.obj
 0002:00008b20       ??1dl_element@@QAE@XZ      0047fb20 f i DisplayList.obj
 0002:00008b80       ??1CDisplayList@@QAE@XZ    0047fb80 f   DisplayList.obj
 0002:00008c40       ?RemoveAll@CDisplayList@@QAEXXZ 0047fc40 f   DisplayList.obj
 0002:00008d80       ?SetMapping@CDisplayList@@QAEXPAVCRect@@0HHNHH@Z 0047fd80 f   DisplayList.obj
 0002:000090f0       ?AddSelector@CDisplayList@@QAEPAVdl_element@@Vid@@PAXHHPAUtagRECT@@HPAVCPoint@@HH@Z 004800f0 f   DisplayList.obj
 0002:000091c0       ?AddSelector@CDisplayList@@QAEXPAVdl_element@@@Z 004801c0 f   DisplayList.obj
 0002:00009220       ?Add@CDisplayList@@QAEPAVdl_element@@Vid@@PAXHHHPAUtagRECT@@HPAVCPoint@@HH@Z 00480220 f   DisplayList.obj
 0002:000096b0       ?HighLight@CDisplayList@@QAEXPAVdl_element@@@Z 004806b0 f   DisplayList.obj
 0002:00009710       ?HighlightAll@CDisplayList@@QAEHXZ 00480710 f   DisplayList.obj
 0002:000097c0       ?HighlightRect@CDisplayList@@QAEPAVdl_element@@PAUtagRECT@@HH@Z 004807c0 f   DisplayList.obj
 0002:00009940       ?HighlightSelRect@CDisplayList@@QAE?AUtagRECT@@H@Z 00480940 f   DisplayList.obj
 0002:00009a60       ?GetHighlightedBounds@CDisplayList@@QAE?AUtagRECT@@PAH@Z 00480a60 f   DisplayList.obj
 0002:00009d20       ?Cpy@CDisplayList@@QAEPAVdl_element@@PAV2@@Z 00480d20 f   DisplayList.obj
 0002:00009ed0       ?Move@CDisplayList@@QAEXPAVdl_element@@HH@Z 00480ed0 f   DisplayList.obj
 0002:00009fb0       ?Get_Start@CDisplayList@@QAEPAVdl_element@@XZ 00480fb0 f   DisplayList.obj
 0002:00009ff0       ?Get_End@CDisplayList@@QAEPAVdl_element@@XZ 00480ff0 f   DisplayList.obj
 0002:0000a030       ?Get_Rect@CDisplayList@@QAEPAUtagRECT@@PAVdl_element@@PAU2@@Z 00481030 f   DisplayList.obj
 0002:0000a0d0       ?Get_Points@CDisplayList@@QAEPAV?$CArray@VCPoint@@ABV1@@@PAVdl_element@@PAVCPoint@@PAHHH@Z 004810d0 f   DisplayList.obj
 0002:0000a220       ?Get_el_w@CDisplayList@@QAEHPAVdl_element@@@Z 00481220 f   DisplayList.obj
 0002:0000a270       ?Get_Selected@CDisplayList@@QAEHXZ 00481270 f   DisplayList.obj
 0002:0000a310       ?Set_RectGroup@CDisplayList@@QAEXPAVdl_element@@HHHH@Z 00481310 f   DisplayList.obj
 0002:0000a3a0       ?Get_RectGroup@CDisplayList@@QAEHPAVdl_element@@PAUtagRECT@@@Z 004813a0 f   DisplayList.obj
 0002:0000a450       ?Get_Endpoints@CDisplayList@@QAEXPAVCPoint@@0@Z 00481450 f   DisplayList.obj
 0002:0000a4f0       ?Remove@CDisplayList@@QAE?AVid@@PAVdl_element@@@Z 004814f0 f   DisplayList.obj
 0002:0000a6c0       ??_Gdl_element@@QAEPAXI@Z  004816c0 f i DisplayList.obj
 0002:0000a730       ?Draw@CDisplayList@@QAEXPAVCDC@@H@Z 00481730 f   DisplayList.obj
 0002:0000e000       ??_H@YGXPAXIHP6EPAX0@Z@Z   00485000 f i DisplayList.obj
 0002:0000e070       ?SetLayerRGB@CDisplayList@@QAEXHHHH@Z 00485070 f   DisplayList.obj
 0002:0000e0f0       ?SetLayerVisible@CDisplayList@@QAEXHH@Z 004850f0 f   DisplayList.obj
 0002:0000e140       ?TestSelect@CDisplayList@@QAEPAXHHPAVid@@PAH0PAX0H@Z 00485140 f   DisplayList.obj
 0002:0000f430       ??_Fid@@QAEXXZ             00486430 f i DisplayList.obj
 0002:0000f490       ?StartDraggingArray@CDisplayList@@QAEHPAVCDC@@HHH@Z 00486490 f   DisplayList.obj
 0002:0000f590       ?StartDraggingRectangle@CDisplayList@@QAEHPAVCDC@@HHHHHHH@Z 00486590 f   DisplayList.obj
 0002:0000f740       ?StartDraggingRatLine@CDisplayList@@QAEHPAVCDC@@HHHHHHH@Z 00486740 f   DisplayList.obj
 0002:0000f850       ?SetDragArcStyle@CDisplayList@@QAEXH@Z 00486850 f   DisplayList.obj
 0002:0000f8e0       ?StartDraggingArc@CDisplayList@@QAEHPAVCDC@@HHHHHHHH@Z 004868e0 f   DisplayList.obj
 0002:0000fa50       ?StartDraggingLine@CDisplayList@@QAEHPAVCDC@@HHHHHHHHHHHH@Z 00486a50 f   DisplayList.obj
 0002:0000fbf0       ?StartDraggingLineVertex@CDisplayList@@QAEHPAVCDC@@HHHHHHHHHHHHHHHHH@Z 00486bf0 f   DisplayList.obj
 0002:0000fe50       ?StartDraggingLineSegment@CDisplayList@@QAEHPAVCDC@@HHHHHHHHHHHHHHHHHHHHHHH@Z 00486e50 f   DisplayList.obj
 0002:000100f0       ?Drag@CDisplayList@@QAEXPAVCDC@@HH@Z 004870f0 f   DisplayList.obj
 0002:000128c0       ?StopDragging@CDisplayList@@QAEHXZ 004898c0 f   DisplayList.obj
 0002:00012950       ?ChangeRoutingLayer@CDisplayList@@QAEXPAVCDC@@HHH@Z 00489950 f   DisplayList.obj
 0002:00013120       ?IncrementDragAngle@CDisplayList@@QAEXPAVCDC@@@Z 0048a120 f   DisplayList.obj
 0002:000136c0       ?FlipDragSide@CDisplayList@@QAEXPAVCDC@@@Z 0048a6c0 f   DisplayList.obj
 0002:00013c90       ?GetDragSide@CDisplayList@@QAEHXZ 0048ac90 f   DisplayList.obj
 0002:00013cd0       ?GetDragAngle@CDisplayList@@QAEHXZ 0048acd0 f   DisplayList.obj
 0002:00013d10       ?MakeDragLineArray@CDisplayList@@QAEHH@Z 0048ad10 f   DisplayList.obj
 0002:00013df0       ?MakeDragRatlineArray@CDisplayList@@QAEHHH@Z 0048adf0 f   DisplayList.obj
 0002:00013f60       ?AddDragLine@CDisplayList@@QAEHVCPoint@@0@Z 0048af60 f   DisplayList.obj
 0002:00014090       ?AddDragRatline@CDisplayList@@QAEHVCPoint@@0@Z 0048b090 f   DisplayList.obj
 0002:000141b0       ?CancelHighLight@CDisplayList@@QAEHH@Z 0048b1b0 f   DisplayList.obj
 0002:00014300       ?SetDCToWorldCoords@CDisplayList@@QAEXPAVCDC@@00HH@Z 0048b300 f   DisplayList.obj
 0002:000146e0       ?SetVisibleGrid@CDisplayList@@QAEXHN@Z 0048b6e0 f   DisplayList.obj
 0002:00014740       ?SetStatic@CDisplayList@@QAEXH@Z 0048b740 f   DisplayList.obj
 0002:00014820       ?SetUpCrosshairs@CDisplayList@@QAEXHHH@Z 0048b820 f   DisplayList.obj
 0002:00014b50       ?WindowToPCB@CDisplayList@@QAE?AVCPoint@@V2@@Z 0048bb50 f   DisplayList.obj
 0002:00014c90       ?ScreenToPCB@CDisplayList@@QAE?AVCPoint@@V2@@Z 0048bc90 f   DisplayList.obj
 0002:00014d80       ?PCBToScreen@CDisplayList@@QAE?AVCPoint@@V2@@Z 0048bd80 f   DisplayList.obj
 0002:00014ed0       ?GetWindowRect@CDisplayList@@QAE?AUtagRECT@@XZ 0048bed0 f   DisplayList.obj
 0002:00014fc0       ??0?$CArray@VCPoint@@ABV1@@@QAE@XZ 0048bfc0 f i DisplayList.obj
 0002:00015050       ?GetSize@?$CArray@VCPoint@@ABV1@@@QBEHXZ 0048c050 f i DisplayList.obj
 0002:00015090       ??A?$CArray@VCPoint@@ABV1@@@QAEAAVCPoint@@H@Z 0048c090 f i DisplayList.obj
 0002:000150f0       ?ElementAt@?$CArray@VCPoint@@ABV1@@@QAEAAVCPoint@@H@Z 0048c0f0 f i DisplayList.obj
 0002:000151a0       ??8@YAHVid@@0@Z            0048c1a0 f i DisplayList.obj
 0002:00015230       ??1?$CArray@VCPoint@@ABV1@@@UAE@XZ 0048c230 f i DisplayList.obj
 0002:00015340       ?Serialize@?$CArray@VCPoint@@ABV1@@@UAEXAAVCArchive@@@Z 0048c340 f i DisplayList.obj
 0002:00015410       ?Dump@?$CArray@VCPoint@@ABV1@@@UBEXAAVCDumpContext@@@Z 0048c410 f i DisplayList.obj
 0002:000154f0       ?AssertValid@?$CArray@VCPoint@@ABV1@@@UBEXXZ 0048c4f0 f i DisplayList.obj
 0002:00015650       ??_G?$CArray@VCPoint@@ABV1@@@UAEPAXI@Z 0048c650 f i DisplayList.obj
 0002:00015650       ??_E?$CArray@VCPoint@@ABV1@@@UAEPAXI@Z 0048c650 f i DisplayList.obj
 0002:000156c0       ?SetSize@?$CArray@VCPoint@@ABV1@@@QAEXHH@Z 0048c6c0 f i DisplayList.obj
 0002:00015ce0       ??2@YAPAXIPAX@Z            0048cce0 f i DisplayList.obj
 0002:00015d20       ?memcpy_s@Checked@ATL@@YAXPAXIPBXI@Z 0048cd20 f i DisplayList.obj
 0002:00015da0       ?AfxCrtErrorCheck@@YAHH@Z  0048cda0 f i DisplayList.obj
 0002:00015eb0       ??$SerializeElements@VCPoint@@@@YGXAAVCArchive@@PAVCPoint@@H@Z 0048ceb0 f i DisplayList.obj
 0002:000160a0       ??$DumpElements@VCPoint@@@@YGXAAVCDumpContext@@PBVCPoint@@H@Z 0048d0a0 f i DisplayList.obj
 0002:00016190       ?_GetBaseClass@CDlgAddMaskCutout@@KGPAUCRuntimeClass@@XZ 0048d190 f   DlgAddMaskCutout.obj
 0002:000161e0       ?GetThisClass@CDlgAddMaskCutout@@SGPAUCRuntimeClass@@XZ 0048d1e0 f   DlgAddMaskCutout.obj
 0002:00016220       ?GetRuntimeClass@CDlgAddMaskCutout@@UBEPAUCRuntimeClass@@XZ 0048d220 f   DlgAddMaskCutout.obj
 0002:00016260       ??0CDlgAddMaskCutout@@QAE@PAVCWnd@@@Z 0048d260 f   DlgAddMaskCutout.obj
 0002:00016370       ??_ECDlgAddMaskCutout@@UAEPAXI@Z 0048d370 f i DlgAddMaskCutout.obj
 0002:00016370       ??_GCDlgAddMaskCutout@@UAEPAXI@Z 0048d370 f i DlgAddMaskCutout.obj
 0002:000163e0       ??1CDlgAddMaskCutout@@UAE@XZ 0048d3e0 f   DlgAddMaskCutout.obj
 0002:000164e0       ?Initialize@CDlgAddMaskCutout@@QAEXHHH@Z 0048d4e0 f   DlgAddMaskCutout.obj
 0002:00016550       ?DoDataExchange@CDlgAddMaskCutout@@MAEXPAVCDataExchange@@@Z 0048d550 f   DlgAddMaskCutout.obj
 0002:000168d0       ?GetMessageMap@CDlgAddMaskCutout@@MBEPBUAFX_MSGMAP@@XZ 0048d8d0 f   DlgAddMaskCutout.obj
 0002:00016920       ?GetThisMessageMap@CDlgAddMaskCutout@@KGPBUAFX_MSGMAP@@XZ 0048d920 f   DlgAddMaskCutout.obj
 0002:00016960       ?_GetBaseClass@CDlgAddMerge@@KGPAUCRuntimeClass@@XZ 0048d960 f   DlgAddMerge.obj
 0002:000169b0       ?GetThisClass@CDlgAddMerge@@SGPAUCRuntimeClass@@XZ 0048d9b0 f   DlgAddMerge.obj
 0002:000169f0       ?GetRuntimeClass@CDlgAddMerge@@UBEPAUCRuntimeClass@@XZ 0048d9f0 f   DlgAddMerge.obj
 0002:00016a30       ??0CDlgAddMerge@@QAE@PAVCWnd@@@Z 0048da30 f   DlgAddMerge.obj
 0002:00016b90       ??_ECDlgAddMerge@@UAEPAXI@Z 0048db90 f i DlgAddMerge.obj
 0002:00016b90       ??_GCDlgAddMerge@@UAEPAXI@Z 0048db90 f i DlgAddMerge.obj
 0002:00016c00       ??1CDlgAddMerge@@UAE@XZ    0048dc00 f   DlgAddMerge.obj
 0002:00016d10       ?DoDataExchange@CDlgAddMerge@@MAEXPAVCDataExchange@@@Z 0048dd10 f   DlgAddMerge.obj
 0002:000174e0       ?GetMessageMap@CDlgAddMerge@@MBEPBUAFX_MSGMAP@@XZ 0048e4e0 f   DlgAddMerge.obj
 0002:00017530       ?GetThisMessageMap@CDlgAddMerge@@KGPBUAFX_MSGMAP@@XZ 0048e530 f   DlgAddMerge.obj
 0002:00017570       ??8ATL@@YA_NABV?$CStringT@DV?$StrTraitMFC_DLL@DV?$ChTraitsCRT@D@ATL@@@@@0@PBD@Z 0048e570 f i DlgAddMerge.obj
 0002:000175e0       ?GetIndex@StrList@@QAEHV?$CStringT@DV?$StrTraitMFC_DLL@DV?$ChTraitsCRT@D@ATL@@@@@ATL@@@Z 0048e5e0 f i DlgAddMerge.obj
 0002:00017740       ?GetStr@StrList@@QAE?AV?$CStringT@DV?$StrTraitMFC_DLL@DV?$ChTraitsCRT@D@ATL@@@@@ATL@@H@Z 0048e740 f i DlgAddMerge.obj
 0002:00017830       ?GetSize@StrList@@QAEHXZ   0048e830 f i DlgAddMerge.obj
 0002:00017870       ??A?$CArray@V?$CStringT@DV?$StrTraitMFC_DLL@DV?$ChTraitsCRT@D@ATL@@@@@ATL@@ABV12@@@QAEAAV?$CStringT@DV?$StrTraitMFC_DLL@DV?$ChTraitsCRT@D@ATL@@@@@ATL@@H@Z 0048e870 f i DlgAddMerge.obj
 0002:000178d0       ?ElementAt@?$CArray@V?$CStringT@DV?$StrTraitMFC_DLL@DV?$ChTraitsCRT@D@ATL@@@@@ATL@@ABV12@@@QAEAAV?$CStringT@DV?$StrTraitMFC_DLL@DV?$ChTraitsCRT@D@ATL@@@@@ATL@@H@Z 0048e8d0 f i DlgAddMerge.obj
 0002:00017980       ?_GetBaseClass@CDlgAddPoly@@KGPAUCRuntimeClass@@XZ 0048e980 f   DlgAddPoly.obj
 0002:000179d0       ?GetThisClass@CDlgAddPoly@@SGPAUCRuntimeClass@@XZ 0048e9d0 f   DlgAddPoly.obj
 0002:00017a10       ?GetRuntimeClass@CDlgAddPoly@@UBEPAUCRuntimeClass@@XZ 0048ea10 f   DlgAddPoly.obj
 0002:00017a50       ??0CDlgAddPoly@@QAE@PAVCWnd@@@Z 0048ea50 f   DlgAddPoly.obj
 0002:00017b70       ??_GCDlgAddPoly@@UAEPAXI@Z 0048eb70 f i DlgAddPoly.obj
 0002:00017b70       ??_ECDlgAddPoly@@UAEPAXI@Z 0048eb70 f i DlgAddPoly.obj
 0002:00017be0       ??1CDlgAddPoly@@UAE@XZ     0048ebe0 f   DlgAddPoly.obj
 0002:00017ce0       ?DoDataExchange@CDlgAddPoly@@MAEXPAVCDataExchange@@@Z 0048ece0 f   DlgAddPoly.obj
 0002:00017f90       ?Initialize@CDlgAddPoly@@QAEXHHHHH@Z 0048ef90 f   DlgAddPoly.obj
 0002:00018040       ?GetMessageMap@CDlgAddPoly@@MBEPBUAFX_MSGMAP@@XZ 0048f040 f   DlgAddPoly.obj
 0002:00018090       ?GetThisMessageMap@CDlgAddPoly@@KGPBUAFX_MSGMAP@@XZ 0048f090 f   DlgAddPoly.obj
 0002:000180d0       ?GetFields@CDlgAddPoly@@AAEXXZ 0048f0d0 f   DlgAddPoly.obj
 0002:00018290       ?SetFields@CDlgAddPoly@@AAEXXZ 0048f290 f   DlgAddPoly.obj
 0002:00018450       ?OnCbnSelchangeComboAddPolyUnits@CDlgAddPoly@@AAEXXZ 0048f450 f   DlgAddPoly.obj
 0002:000184f0       ?_GetBaseClass@CDlgAddText@@KGPAUCRuntimeClass@@XZ 0048f4f0 f   DlgAddText.obj
 0002:00018540       ?GetThisClass@CDlgAddText@@SGPAUCRuntimeClass@@XZ 0048f540 f   DlgAddText.obj
 0002:00018580       ?GetRuntimeClass@CDlgAddText@@UBEPAUCRuntimeClass@@XZ 0048f580 f   DlgAddText.obj
 0002:000185c0       ??0CDlgAddText@@QAE@PAVCWnd@@@Z 0048f5c0 f   DlgAddText.obj
 0002:000187e0       ??_ECDlgAddText@@UAEPAXI@Z 0048f7e0 f i DlgAddText.obj
 0002:000187e0       ??_GCDlgAddText@@UAEPAXI@Z 0048f7e0 f i DlgAddText.obj
 0002:00018850       ??1CDlgAddText@@UAE@XZ     0048f850 f   DlgAddText.obj
 0002:00018a40       ?DoDataExchange@CDlgAddText@@MAEXPAVCDataExchange@@@Z 0048fa40 f   DlgAddText.obj
 0002:00018de0       ?GetMessageMap@CDlgAddText@@MBEPBUAFX_MSGMAP@@XZ 0048fde0 f   DlgAddText.obj
 0002:00018e30       ?GetThisMessageMap@CDlgAddText@@KGPBUAFX_MSGMAP@@XZ 0048fe30 f   DlgAddText.obj
 0002:00018e70       ?Initialize@CDlgAddText@@QAEXHHPAV?$CStringT@DV?$StrTraitMFC_DLL@DV?$ChTraitsCRT@D@ATL@@@@@ATL@@HHHHHH@Z 0048fe70 f   DlgAddText.obj
 0002:00019030       ?OnInitDialog@CDlgAddText@@UAEHXZ 00490030 f   DlgAddText.obj
 0002:00019210       ?OnBnClickedSetWidth@CDlgAddText@@QAEXXZ 00490210 f   DlgAddText.obj
 0002:00019270       ?OnBnClickedDefWidth@CDlgAddText@@QAEXXZ 00490270 f   DlgAddText.obj
 0002:000192d0       ?OnEnChangeEditHeight@CDlgAddText@@QAEXXZ 004902d0 f   DlgAddText.obj
 0002:00019570       ?OnBnClickedOk@CDlgAddText@@QAEXXZ 00490570 f   DlgAddText.obj
 0002:00019640       ?OnBnClickedSetPosition@CDlgAddText@@QAEXXZ 00490640 f   DlgAddText.obj
 0002:000196a0       ?OnBnClickedDrag@CDlgAddText@@QAEXXZ 004906a0 f   DlgAddText.obj
 0002:00019700       ?OnCbnSelchangeComboAddTextUnits@CDlgAddText@@QAEXXZ 00490700 f   DlgAddText.obj
 0002:000197c0       ?GetFields@CDlgAddText@@QAEXXZ 004907c0 f   DlgAddText.obj
 0002:00019b40       ?SetFields@CDlgAddText@@QAEXXZ 00490b40 f   DlgAddText.obj
 0002:0001a040       ?OnLbnSelchangeListLayer@CDlgAddText@@QAEXXZ 00491040 f   DlgAddText.obj
 0002:0001a0a0       ?_GetBaseClass@CDlgAddWidth@@KGPAUCRuntimeClass@@XZ 004910a0 f   DlgAddWidth.obj
 0002:0001a0f0       ?GetThisClass@CDlgAddWidth@@SGPAUCRuntimeClass@@XZ 004910f0 f   DlgAddWidth.obj
 0002:0001a130       ?GetRuntimeClass@CDlgAddWidth@@UBEPAUCRuntimeClass@@XZ 00491130 f   DlgAddWidth.obj
 0002:0001a170       ??0CDlgAddWidth@@QAE@PAVCWnd@@@Z 00491170 f   DlgAddWidth.obj
 0002:0001a1e0       ??_GCDlgAddWidth@@UAEPAXI@Z 004911e0 f i DlgAddWidth.obj
 0002:0001a1e0       ??_ECDlgAddWidth@@UAEPAXI@Z 004911e0 f i DlgAddWidth.obj
 0002:0001a250       ??1CDlgAddWidth@@UAE@XZ    00491250 f   DlgAddWidth.obj
 0002:0001a2b0       ?DoDataExchange@CDlgAddWidth@@MAEXPAVCDataExchange@@@Z 004912b0 f   DlgAddWidth.obj
 0002:0001a660       ?GetMessageMap@CDlgAddWidth@@MBEPBUAFX_MSGMAP@@XZ 00491660 f   DlgAddWidth.obj
 0002:0001a6b0       ?GetThisMessageMap@CDlgAddWidth@@KGPBUAFX_MSGMAP@@XZ 004916b0 f   DlgAddWidth.obj
 0002:0001a6f0       ?_GetBaseClass@CDlgCAD@@KGPAUCRuntimeClass@@XZ 004916f0 f   DlgCAD.obj
 0002:0001a740       ?GetThisClass@CDlgCAD@@SGPAUCRuntimeClass@@XZ 00491740 f   DlgCAD.obj
 0002:0001a780       ?GetRuntimeClass@CDlgCAD@@UBEPAUCRuntimeClass@@XZ 00491780 f   DlgCAD.obj
 0002:0001a7c0       ??0CDlgCAD@@QAE@PAVCWnd@@@Z 004917c0 f   DlgCAD.obj
 0002:0001ac60       ??_ECDlgCAD@@UAEPAXI@Z     00491c60 f i DlgCAD.obj
 0002:0001ac60       ??_GCDlgCAD@@UAEPAXI@Z     00491c60 f i DlgCAD.obj
 0002:0001acd0       ??1CDlgCAD@@UAE@XZ         00491cd0 f   DlgCAD.obj
 0002:0001b130       ?DoDataExchange@CDlgCAD@@MAEXPAVCDataExchange@@@Z 00492130 f   DlgCAD.obj
 0002:0001b800       ?GetMessageMap@CDlgCAD@@MBEPBUAFX_MSGMAP@@XZ 00492800 f   DlgCAD.obj
 0002:0001b850       ?GetThisMessageMap@CDlgCAD@@KGPBUAFX_MSGMAP@@XZ 00492850 f   DlgCAD.obj
 0002:0001b890       ?Initialize@CDlgCAD@@QAEXNPAV?$CStringT@DV?$StrTraitMFC_DLL@DV?$ChTraitsCRT@D@ATL@@@@@ATL@@000HHHHHHHHPAV?$CArray@VCPolyLine@@ABV1@@@PAUCAttrib@@PAVCDisplayList@@PAVStrList@@PAVCDlgLog@@@Z 00492890 f   DlgCAD.obj
 0002:0001bb10       ?OnBnClickedGo@CDlgCAD@@QAEXXZ 00492b10 f   DlgCAD.obj
 0002:0001d620       ?GetFields@CDlgCAD@@QAEXXZ 00494620 f   DlgCAD.obj
 0002:0001e0b0       ?SetFields@CDlgCAD@@QAEXXZ 004950b0 f   DlgCAD.obj
 0002:0001e920       ?OnCbnSelchangeComboCadUnits@CDlgCAD@@QAEXXZ 00495920 f   DlgCAD.obj
 0002:0001e9c0       ?OnBnClickedCancel@CDlgCAD@@QAEXXZ 004959c0 f   DlgCAD.obj
 0002:0001ea30       ?OnBnClickedButtonDef@CDlgCAD@@QAEXXZ 00495a30 f   DlgCAD.obj
 0002:0001f0e0       ?OnBnClickedButtonFolder@CDlgCAD@@QAEXXZ 004960e0 f   DlgCAD.obj
 0002:0001f360       ??1CPathDialog@@QAE@XZ     00496360 f i DlgCAD.obj
 0002:0001f3c0       ??1CPathDialogSub@@UAE@XZ  004963c0 f i DlgCAD.obj
 0002:0001f410       ?OnBnClickedButtonDone@CDlgCAD@@QAEXXZ 00496410 f   DlgCAD.obj
 0002:0001f4a0       ?OnChangeViewer@CDlgCAD@@QAEXXZ 004964a0 f   DlgCAD.obj
 0002:0001f600       ??HATL@@YA?AV?$CStringT@DV?$StrTraitMFC_DLL@DV?$ChTraitsCRT@D@ATL@@@@@0@ABV10@0@Z 00496600 f i DlgCAD.obj
 0002:0001f7c0       ??HATL@@YA?AV?$CStringT@DV?$StrTraitMFC_DLL@DV?$ChTraitsCRT@D@ATL@@@@@0@ABV10@PBD@Z 004967c0 f i DlgCAD.obj
 0002:0001f970       ??HATL@@YA?AV?$CStringT@DV?$StrTraitMFC_DLL@DV?$ChTraitsCRT@D@ATL@@@@@0@PBDABV10@@Z 00496970 f i DlgCAD.obj
 0002:0001fbe0       ?_GetBaseClass@CDlgChangeLayer@@KGPAUCRuntimeClass@@XZ 00496be0 f   DlgChangeLayer.obj
 0002:0001fc30       ?GetThisClass@CDlgChangeLayer@@SGPAUCRuntimeClass@@XZ 00496c30 f   DlgChangeLayer.obj
 0002:0001fc70       ?GetRuntimeClass@CDlgChangeLayer@@UBEPAUCRuntimeClass@@XZ 00496c70 f   DlgChangeLayer.obj
 0002:0001fcb0       ??0CDlgChangeLayer@@QAE@PAVCWnd@@@Z 00496cb0 f   DlgChangeLayer.obj
 0002:0001fdc0       ??_GCDlgChangeLayer@@UAEPAXI@Z 00496dc0 f i DlgChangeLayer.obj
 0002:0001fdc0       ??_ECDlgChangeLayer@@UAEPAXI@Z 00496dc0 f i DlgChangeLayer.obj
 0002:0001fe30       ??1CDlgChangeLayer@@UAE@XZ 00496e30 f   DlgChangeLayer.obj
 0002:0001ff30       ?DoDataExchange@CDlgChangeLayer@@MAEXPAVCDataExchange@@@Z 00496f30 f   DlgChangeLayer.obj
 0002:000201a0       ?GetMessageMap@CDlgChangeLayer@@MBEPBUAFX_MSGMAP@@XZ 004971a0 f   DlgChangeLayer.obj
 0002:000201f0       ?GetThisMessageMap@CDlgChangeLayer@@KGPBUAFX_MSGMAP@@XZ 004971f0 f   DlgChangeLayer.obj
 0002:00020230       ?Initialize@CDlgChangeLayer@@QAEXHHH@Z 00497230 f   DlgChangeLayer.obj
 0002:00020290       ?_GetBaseClass@CDlgChooseNetName@@KGPAUCRuntimeClass@@XZ 00497290 f   DlgChooseNetName.obj
 0002:000202e0       ?GetThisClass@CDlgChooseNetName@@SGPAUCRuntimeClass@@XZ 004972e0 f   DlgChooseNetName.obj
 0002:00020320       ?GetRuntimeClass@CDlgChooseNetName@@UBEPAUCRuntimeClass@@XZ 00497320 f   DlgChooseNetName.obj
 0002:00020360       ??0CDlgChooseNetName@@QAE@PAVCWnd@@@Z 00497360 f   DlgChooseNetName.obj
 0002:00020450       ??_GCDlgChooseNetName@@UAEPAXI@Z 00497450 f i DlgChooseNetName.obj
 0002:00020450       ??_ECDlgChooseNetName@@UAEPAXI@Z 00497450 f i DlgChooseNetName.obj
 0002:000204c0       ??1CDlgChooseNetName@@UAE@XZ 004974c0 f   DlgChooseNetName.obj
 0002:00020590       ?DoDataExchange@CDlgChooseNetName@@MAEXPAVCDataExchange@@@Z 00497590 f   DlgChooseNetName.obj
 0002:00020770       ?Initialize@CDlgChooseNetName@@QAEXPAV?$CArray@V?$CStringT@DV?$StrTraitMFC_DLL@DV?$ChTraitsCRT@D@ATL@@@@@ATL@@ABV12@@@@Z 00497770 f   DlgChooseNetName.obj
 0002:000207c0       ?GetMessageMap@CDlgChooseNetName@@MBEPBUAFX_MSGMAP@@XZ 004977c0 f   DlgChooseNetName.obj
 0002:00020810       ?GetThisMessageMap@CDlgChooseNetName@@KGPBUAFX_MSGMAP@@XZ 00497810 f   DlgChooseNetName.obj
 0002:00020850       ?GetSize@?$CArray@V?$CStringT@DV?$StrTraitMFC_DLL@DV?$ChTraitsCRT@D@ATL@@@@@ATL@@ABV12@@@QBEHXZ 00497850 f i DlgChooseNetName.obj
 0002:00020890       ?_GetBaseClass@DlgDRC@@KGPAUCRuntimeClass@@XZ 00497890 f   DlgDRC.obj
 0002:000208e0       ?GetThisClass@DlgDRC@@SGPAUCRuntimeClass@@XZ 004978e0 f   DlgDRC.obj
 0002:00020920       ?GetRuntimeClass@DlgDRC@@UBEPAUCRuntimeClass@@XZ 00497920 f   DlgDRC.obj
 0002:00020960       ??0DlgDRC@@QAE@PAVCWnd@@@Z 00497960 f   DlgDRC.obj
 0002:00020b60       ??_GDlgDRC@@UAEPAXI@Z      00497b60 f i DlgDRC.obj
 0002:00020b60       ??_EDlgDRC@@UAEPAXI@Z      00497b60 f i DlgDRC.obj
 0002:00020bd0       ??1DlgDRC@@UAE@XZ          00497bd0 f   DlgDRC.obj
 0002:00020db0       ?DoDataExchange@DlgDRC@@MAEXPAVCDataExchange@@@Z 00497db0 f   DlgDRC.obj
 0002:00021000       ?GetMessageMap@DlgDRC@@MBEPBUAFX_MSGMAP@@XZ 00498000 f   DlgDRC.obj
 0002:00021050       ?GetThisMessageMap@DlgDRC@@KGPBUAFX_MSGMAP@@XZ 00498050 f   DlgDRC.obj
 0002:00021090       ?Initialize@DlgDRC@@QAEXHPAUDesignRules@@PAVDRErrorList@@HPAV?$CArray@VCPolyLine@@ABV1@@@PAVCDlgLog@@V?$CStringT@DV?$StrTraitMFC_DLL@DV?$ChTraitsCRT@D@ATL@@@@@ATL@@@Z 00498090 f   DlgDRC.obj
 0002:000211e0       ?GetFields@DlgDRC@@QAEXXZ  004981e0 f   DlgDRC.obj
 0002:00021b20       ?SetFields@DlgDRC@@QAEXXZ  00498b20 f   DlgDRC.obj
 0002:00022360       ?OnCbnChangeUnits@DlgDRC@@QAEXXZ 00499360 f   DlgDRC.obj
 0002:000224c0       ?OnBnClickedCancel@DlgDRC@@QAEXXZ 004994c0 f   DlgDRC.obj
 0002:00022530       ?OnBnClickedOk@DlgDRC@@QAEXXZ 00499530 f   DlgDRC.obj
 0002:000225c0       ?OnBnClickedCheck@DlgDRC@@QAEXXZ 004995c0 f   DlgDRC.obj
 0002:00022600       ?_GetBaseClass@CDlgDupFootprintName@@KGPAUCRuntimeClass@@XZ 00499600 f   DlgDupFootprintName.obj
 0002:00022650       ?GetThisClass@CDlgDupFootprintName@@SGPAUCRuntimeClass@@XZ 00499650 f   DlgDupFootprintName.obj
 0002:00022690       ?GetRuntimeClass@CDlgDupFootprintName@@UBEPAUCRuntimeClass@@XZ 00499690 f   DlgDupFootprintName.obj
 0002:000226d0       ??0CDlgDupFootprintName@@QAE@PAVCWnd@@@Z 004996d0 f   DlgDupFootprintName.obj
 0002:00022800       ??_GCDlgDupFootprintName@@UAEPAXI@Z 00499800 f i DlgDupFootprintName.obj
 0002:00022800       ??_ECDlgDupFootprintName@@UAEPAXI@Z 00499800 f i DlgDupFootprintName.obj
 0002:00022870       ??1CDlgDupFootprintName@@UAE@XZ 00499870 f   DlgDupFootprintName.obj
 0002:00022990       ?DoDataExchange@CDlgDupFootprintName@@MAEXPAVCDataExchange@@@Z 00499990 f   DlgDupFootprintName.obj
 0002:00022be0       ?GetMessageMap@CDlgDupFootprintName@@MBEPBUAFX_MSGMAP@@XZ 00499be0 f   DlgDupFootprintName.obj
 0002:00022c30       ?GetThisMessageMap@CDlgDupFootprintName@@KGPBUAFX_MSGMAP@@XZ 00499c30 f   DlgDupFootprintName.obj
 0002:00022c70       ?Initialize@CDlgDupFootprintName@@QAEXPAV?$CStringT@DV?$StrTraitMFC_DLL@DV?$ChTraitsCRT@D@ATL@@@@@ATL@@PAVCMapStringToPtr@@@Z 00499c70 f   DlgDupFootprintName.obj
 0002:00022cd0       ?OnBnClickedRadioReplaceAll@CDlgDupFootprintName@@QAEXXZ 00499cd0 f   DlgDupFootprintName.obj
 0002:00022d30       ?OnBnClickedRadioReplaceThis@CDlgDupFootprintName@@QAEXXZ 00499d30 f   DlgDupFootprintName.obj
 0002:00022d90       ?OnBnClickedOk@CDlgDupFootprintName@@QAEXXZ 00499d90 f   DlgDupFootprintName.obj
 0002:00022e10       ?_GetBaseClass@DlgEditBoardCorner@@KGPAUCRuntimeClass@@XZ 00499e10 f   DlgEditBoardCorner.obj
 0002:00022e60       ?GetThisClass@DlgEditBoardCorner@@SGPAUCRuntimeClass@@XZ 00499e60 f   DlgEditBoardCorner.obj
 0002:00022ea0       ?GetRuntimeClass@DlgEditBoardCorner@@UBEPAUCRuntimeClass@@XZ 00499ea0 f   DlgEditBoardCorner.obj
 0002:00022ee0       ??0DlgEditBoardCorner@@QAE@PAVCWnd@@@Z 00499ee0 f   DlgEditBoardCorner.obj
 0002:00023020       ??_GDlgEditBoardCorner@@UAEPAXI@Z 0049a020 f i DlgEditBoardCorner.obj
 0002:00023020       ??_EDlgEditBoardCorner@@UAEPAXI@Z 0049a020 f i DlgEditBoardCorner.obj
 0002:00023090       ??1DlgEditBoardCorner@@UAE@XZ 0049a090 f   DlgEditBoardCorner.obj
 0002:00023170       ?DoDataExchange@DlgEditBoardCorner@@MAEXPAVCDataExchange@@@Z 0049a170 f   DlgEditBoardCorner.obj
 0002:000232f0       ?Init@DlgEditBoardCorner@@QAEXPAV?$CStringT@DV?$StrTraitMFC_DLL@DV?$ChTraitsCRT@D@ATL@@@@@ATL@@HHH@Z 0049a2f0 f   DlgEditBoardCorner.obj
 0002:00023370       ?GetMessageMap@DlgEditBoardCorner@@MBEPBUAFX_MSGMAP@@XZ 0049a370 f   DlgEditBoardCorner.obj
 0002:000233c0       ?GetThisMessageMap@DlgEditBoardCorner@@KGPBUAFX_MSGMAP@@XZ 0049a3c0 f   DlgEditBoardCorner.obj
 0002:00023400       ?OnCbnSelchangeComboCornerUnits@DlgEditBoardCorner@@QAEXXZ 0049a400 f   DlgEditBoardCorner.obj
 0002:000234a0       ?GetFields@DlgEditBoardCorner@@AAEXXZ 0049a4a0 f   DlgEditBoardCorner.obj
 0002:000236c0       ?SetFields@DlgEditBoardCorner@@AAEXXZ 0049a6c0 f   DlgEditBoardCorner.obj
 0002:00023920       ?_GetBaseClass@CDlgExportDsn@@KGPAUCRuntimeClass@@XZ 0049a920 f   DlgExportDsn.obj
 0002:00023970       ?GetThisClass@CDlgExportDsn@@SGPAUCRuntimeClass@@XZ 0049a970 f   DlgExportDsn.obj
 0002:000239b0       ?GetRuntimeClass@CDlgExportDsn@@UBEPAUCRuntimeClass@@XZ 0049a9b0 f   DlgExportDsn.obj
 0002:000239f0       ??0CDlgExportDsn@@QAE@PAVCWnd@@@Z 0049a9f0 f   DlgExportDsn.obj
 0002:00023ba0       ??_ECDlgExportDsn@@UAEPAXI@Z 0049aba0 f i DlgExportDsn.obj
 0002:00023ba0       ??_GCDlgExportDsn@@UAEPAXI@Z 0049aba0 f i DlgExportDsn.obj
 0002:00023c10       ??1CDlgExportDsn@@UAE@XZ   0049ac10 f   DlgExportDsn.obj
 0002:00023d90       ?DoDataExchange@CDlgExportDsn@@MAEXPAVCDataExchange@@@Z 0049ad90 f   DlgExportDsn.obj
 0002:00024340       ?GetMessageMap@CDlgExportDsn@@MBEPBUAFX_MSGMAP@@XZ 0049b340 f   DlgExportDsn.obj
 0002:00024390       ?GetThisMessageMap@CDlgExportDsn@@KGPBUAFX_MSGMAP@@XZ 0049b390 f   DlgExportDsn.obj
 0002:000243d0       ?Initialize@CDlgExportDsn@@QAEXPAV?$CStringT@DV?$StrTraitMFC_DLL@DV?$ChTraitsCRT@D@ATL@@@@@ATL@@HHHH@Z 0049b3d0 f   DlgExportDsn.obj
 0002:00024480       ?OnBnClickedOk@CDlgExportDsn@@QAEXXZ 0049b480 f   DlgExportDsn.obj
 0002:000244f0       ?OnBnClickedCheckFromTo@CDlgExportDsn@@QAEXXZ 0049b4f0 f   DlgExportDsn.obj
 0002:000245e0       ?OnBnClickedRadioAll@CDlgExportDsn@@QAEXXZ 0049b5e0 f   DlgExportDsn.obj
 0002:00024620       ?OnBnClickedRadioLocked@CDlgExportDsn@@QAEXXZ 0049b620 f   DlgExportDsn.obj
 0002:00024660       ?OnBnClickedRadioNetLocked@CDlgExportDsn@@QAEXXZ 0049b660 f   DlgExportDsn.obj
 0002:000246a0       ?_GetBaseClass@CDlgFindPart@@KGPAUCRuntimeClass@@XZ 0049b6a0 f   DlgFindPart.obj
 0002:000246f0       ?GetThisClass@CDlgFindPart@@SGPAUCRuntimeClass@@XZ 0049b6f0 f   DlgFindPart.obj
 0002:00024730       ?GetRuntimeClass@CDlgFindPart@@UBEPAUCRuntimeClass@@XZ 0049b730 f   DlgFindPart.obj
 0002:00024770       ??0CDlgFindPart@@QAE@PAVCWnd@@@Z 0049b770 f   DlgFindPart.obj
 0002:00024880       ??_ECDlgFindPart@@UAEPAXI@Z 0049b880 f i DlgFindPart.obj
 0002:00024880       ??_GCDlgFindPart@@UAEPAXI@Z 0049b880 f i DlgFindPart.obj
 0002:000248f0       ??1CDlgFindPart@@UAE@XZ    0049b8f0 f   DlgFindPart.obj
 0002:000249f0       ?DoDataExchange@CDlgFindPart@@MAEXPAVCDataExchange@@@Z 0049b9f0 f   DlgFindPart.obj
 0002:00024fc0       ?GetMessageMap@CDlgFindPart@@MBEPBUAFX_MSGMAP@@XZ 0049bfc0 f   DlgFindPart.obj
 0002:00025010       ?GetThisMessageMap@CDlgFindPart@@KGPBUAFX_MSGMAP@@XZ 0049c010 f   DlgFindPart.obj
 0002:00025050       ?Initialize@CDlgFindPart@@QAEXPAV?$CArray@V?$CStringT@DV?$StrTraitMFC_DLL@DV?$ChTraitsCRT@D@ATL@@@@@ATL@@ABV12@@@H@Z 0049c050 f   DlgFindPart.obj
 0002:000250b0       ?GetAt@?$CArray@V?$CStringT@DV?$StrTraitMFC_DLL@DV?$ChTraitsCRT@D@ATL@@@@@ATL@@ABV12@@@QAEAAV?$CStringT@DV?$StrTraitMFC_DLL@DV?$ChTraitsCRT@D@ATL@@@@@ATL@@H@Z 0049c0b0 f i DlgFindPart.obj
 0002:00025160       ?_GetBaseClass@CDlgHole@@KGPAUCRuntimeClass@@XZ 0049c160 f   DlgHole.obj
 0002:000251b0       ?GetThisClass@CDlgHole@@SGPAUCRuntimeClass@@XZ 0049c1b0 f   DlgHole.obj
 0002:000251f0       ?GetRuntimeClass@CDlgHole@@UBEPAUCRuntimeClass@@XZ 0049c1f0 f   DlgHole.obj
 0002:00025230       ??0CDlgHole@@QAE@PAVCWnd@@@Z 0049c230 f   DlgHole.obj
 0002:00025390       ??_ECDlgHole@@UAEPAXI@Z    0049c390 f i DlgHole.obj
 0002:00025390       ??_GCDlgHole@@UAEPAXI@Z    0049c390 f i DlgHole.obj
 0002:00025400       ??1CDlgHole@@UAE@XZ        0049c400 f   DlgHole.obj
 0002:00025550       ?DoDataExchange@CDlgHole@@MAEXPAVCDataExchange@@@Z 0049c550 f   DlgHole.obj
 0002:000256f0       ?GetMessageMap@CDlgHole@@MBEPBUAFX_MSGMAP@@XZ 0049c6f0 f   DlgHole.obj
 0002:00025740       ?GetThisMessageMap@CDlgHole@@KGPBUAFX_MSGMAP@@XZ 0049c740 f   DlgHole.obj
 0002:00025780       ?Initialize@CDlgHole@@QAEXHHHHH@Z 0049c780 f   DlgHole.obj
 0002:00025820       ?SetFields@CDlgHole@@QAEXXZ 0049c820 f   DlgHole.obj
 0002:00025b40       ?GetFields@CDlgHole@@QAEXXZ 0049cb40 f   DlgHole.obj
 0002:00025d40       ?OnCbnSelChangeCombo1@CDlgHole@@QAEXXZ 0049cd40 f   DlgHole.obj
 0002:00025de0       ?OnBnClickedSet@CDlgHole@@QAEXXZ 0049cde0 f   DlgHole.obj
 0002:00025e40       ?OnBnClickedDrag@CDlgHole@@QAEXXZ 0049ce40 f   DlgHole.obj
 0002:00025ea0       ?OnBnClickedPlated@CDlgHole@@QAEXXZ 0049cea0 f   DlgHole.obj
 0002:00025f00       ?OnBnClickedUnplated@CDlgHole@@QAEXXZ 0049cf00 f   DlgHole.obj
 0002:00025f60       ?_GetBaseClass@CDlgImportOptions@@KGPAUCRuntimeClass@@XZ 0049cf60 f   DlgImportOptions.obj
 0002:00025fb0       ?GetThisClass@CDlgImportOptions@@SGPAUCRuntimeClass@@XZ 0049cfb0 f   DlgImportOptions.obj
 0002:00025ff0       ?GetRuntimeClass@CDlgImportOptions@@UBEPAUCRuntimeClass@@XZ 0049cff0 f   DlgImportOptions.obj
 0002:00026030       ??0CDlgImportOptions@@QAE@PAVCWnd@@@Z 0049d030 f   DlgImportOptions.obj
 0002:000261e0       ??_GCDlgImportOptions@@UAEPAXI@Z 0049d1e0 f i DlgImportOptions.obj
 0002:000261e0       ??_ECDlgImportOptions@@UAEPAXI@Z 0049d1e0 f i DlgImportOptions.obj
 0002:00026250       ??1CDlgImportOptions@@UAE@XZ 0049d250 f   DlgImportOptions.obj
 0002:000263f0       ?DoDataExchange@CDlgImportOptions@@MAEXPAVCDataExchange@@@Z 0049d3f0 f   DlgImportOptions.obj
 0002:00026a70       ?GetMessageMap@CDlgImportOptions@@MBEPBUAFX_MSGMAP@@XZ 0049da70 f   DlgImportOptions.obj
 0002:00026ac0       ?GetThisMessageMap@CDlgImportOptions@@KGPBUAFX_MSGMAP@@XZ 0049dac0 f   DlgImportOptions.obj
 0002:00026b00       ?Initialize@CDlgImportOptions@@QAEXH@Z 0049db00 f   DlgImportOptions.obj
 0002:00026b50       ?OnBnClickedSaveAndImport@CDlgImportOptions@@QAEXXZ 0049db50 f   DlgImportOptions.obj
 0002:00026be0       ?OnBnClickedOk@CDlgImportOptions@@QAEXXZ 0049dbe0 f   DlgImportOptions.obj
 0002:00026c70       ?_GetBaseClass@CDlgImportSes@@KGPAUCRuntimeClass@@XZ 0049dc70 f   DlgImportSes.obj
 0002:00026cc0       ?GetThisClass@CDlgImportSes@@SGPAUCRuntimeClass@@XZ 0049dcc0 f   DlgImportSes.obj
 0002:00026d00       ?GetRuntimeClass@CDlgImportSes@@UBEPAUCRuntimeClass@@XZ 0049dd00 f   DlgImportSes.obj
 0002:00026d40       ??0CDlgImportSes@@QAE@PAVCWnd@@@Z 0049dd40 f   DlgImportSes.obj
 0002:00026e90       ??_GCDlgImportSes@@UAEPAXI@Z 0049de90 f i DlgImportSes.obj
 0002:00026e90       ??_ECDlgImportSes@@UAEPAXI@Z 0049de90 f i DlgImportSes.obj
 0002:00026f00       ??1CDlgImportSes@@UAE@XZ   0049df00 f   DlgImportSes.obj
 0002:00027030       ?DoDataExchange@CDlgImportSes@@MAEXPAVCDataExchange@@@Z 0049e030 f   DlgImportSes.obj
 0002:00027330       ?GetMessageMap@CDlgImportSes@@MBEPBUAFX_MSGMAP@@XZ 0049e330 f   DlgImportSes.obj
 0002:00027380       ?GetThisMessageMap@CDlgImportSes@@KGPBUAFX_MSGMAP@@XZ 0049e380 f   DlgImportSes.obj
 0002:000273c0       ?Initialize@CDlgImportSes@@QAEXPAV?$CStringT@DV?$StrTraitMFC_DLL@DV?$ChTraitsCRT@D@ATL@@@@@ATL@@0PAVCFreePcbDoc@@@Z 0049e3c0 f   DlgImportSes.obj
 0002:00027470       ?OnBnClickedButtonDef@CDlgImportSes@@QAEXXZ 0049e470 f   DlgImportSes.obj
 0002:00027510       ?OnBnClickedButtonBrowse@CDlgImportSes@@QAEXXZ 0049e510 f   DlgImportSes.obj
 0002:000276b0       ?_GetBaseClass@CDlgIndexing@@KGPAUCRuntimeClass@@XZ 0049e6b0 f   DlgIndexing.obj
 0002:00027700       ?GetThisClass@CDlgIndexing@@SGPAUCRuntimeClass@@XZ 0049e700 f   DlgIndexing.obj
 0002:00027740       ?GetRuntimeClass@CDlgIndexing@@UBEPAUCRuntimeClass@@XZ 0049e740 f   DlgIndexing.obj
 0002:00027780       ??0CDlgIndexing@@QAE@PAVCWnd@@@Z 0049e780 f   DlgIndexing.obj
 0002:000277f0       ??_GCDlgIndexing@@UAEPAXI@Z 0049e7f0 f i DlgIndexing.obj
 0002:000277f0       ??_ECDlgIndexing@@UAEPAXI@Z 0049e7f0 f i DlgIndexing.obj
 0002:00027860       ??1CDlgIndexing@@UAE@XZ    0049e860 f   DlgIndexing.obj
 0002:000278c0       ?DoDataExchange@CDlgIndexing@@MAEXPAVCDataExchange@@@Z 0049e8c0 f   DlgIndexing.obj
 0002:00027920       ?GetMessageMap@CDlgIndexing@@MBEPBUAFX_MSGMAP@@XZ 0049e920 f   DlgIndexing.obj
 0002:00027970       ?GetThisMessageMap@CDlgIndexing@@KGPBUAFX_MSGMAP@@XZ 0049e970 f   DlgIndexing.obj
 0002:000279b0       ?_GetBaseClass@CDlgLayers@@KGPAUCRuntimeClass@@XZ 0049e9b0 f   DlgLayers.obj
 0002:00027a00       ?GetThisClass@CDlgLayers@@SGPAUCRuntimeClass@@XZ 0049ea00 f   DlgLayers.obj
 0002:00027a40       ?GetRuntimeClass@CDlgLayers@@UBEPAUCRuntimeClass@@XZ 0049ea40 f   DlgLayers.obj
 0002:00027a80       ??0CDlgLayers@@QAE@PAVCWnd@@@Z 0049ea80 f   DlgLayers.obj
 0002:00027b50       ??_ECDlgLayers@@UAEPAXI@Z  0049eb50 f i DlgLayers.obj
 0002:00027b50       ??_GCDlgLayers@@UAEPAXI@Z  0049eb50 f i DlgLayers.obj
 0002:00027bc0       ??1CDlgLayers@@UAE@XZ      0049ebc0 f   DlgLayers.obj
 0002:00027c80       ?DoDataExchange@CDlgLayers@@MAEXPAVCDataExchange@@@Z 0049ec80 f   DlgLayers.obj
 0002:00027e50       ?GetMessageMap@CDlgLayers@@MBEPBUAFX_MSGMAP@@XZ 0049ee50 f   DlgLayers.obj
 0002:00027ea0       ?GetThisMessageMap@CDlgLayers@@KGPBUAFX_MSGMAP@@XZ 0049eea0 f   DlgLayers.obj
 0002:00027ee0       ?Initialize@CDlgLayers@@QAEXHQAHQAY02HH@Z 0049eee0 f   DlgLayers.obj
 0002:00028000       ?OnCtlColor@CDlgLayers@@QAEPAUHBRUSH__@@PAVCDC@@PAVCWnd@@I@Z 0049f000 f   DlgLayers.obj
 0002:000281b0       ?OnBnClickedButtonLayer1@CDlgLayers@@QAEXXZ 0049f1b0 f   DlgLayers.obj
 0002:00028210       ?OnBnClickedButtonLayer2@CDlgLayers@@QAEXXZ 0049f210 f   DlgLayers.obj
 0002:00028270       ?OnBnClickedButtonLayer3@CDlgLayers@@QAEXXZ 0049f270 f   DlgLayers.obj
 0002:000282d0       ?OnBnClickedButtonLayer4@CDlgLayers@@QAEXXZ 0049f2d0 f   DlgLayers.obj
 0002:00028330       ?OnBnClickedButtonLayer5@CDlgLayers@@QAEXXZ 0049f330 f   DlgLayers.obj
 0002:00028390       ?OnBnClickedButtonLayer6@CDlgLayers@@QAEXXZ 0049f390 f   DlgLayers.obj
 0002:000283f0       ?OnBnClickedButtonLayer7@CDlgLayers@@QAEXXZ 0049f3f0 f   DlgLayers.obj
 0002:00028450       ?OnBnClickedButtonLayer8@CDlgLayers@@QAEXXZ 0049f450 f   DlgLayers.obj
 0002:000284b0       ?OnBnClickedButtonLayer9@CDlgLayers@@QAEXXZ 0049f4b0 f   DlgLayers.obj
 0002:00028510       ?OnBnClickedButtonLayer10@CDlgLayers@@QAEXXZ 0049f510 f   DlgLayers.obj
 0002:00028570       ?OnBnClickedButtonLayer11@CDlgLayers@@QAEXXZ 0049f570 f   DlgLayers.obj
 0002:000285d0       ?OnBnClickedButtonLayer12@CDlgLayers@@QAEXXZ 0049f5d0 f   DlgLayers.obj
 0002:00028630       ?OnBnClickedButtonLayer13@CDlgLayers@@QAEXXZ 0049f630 f   DlgLayers.obj
 0002:00028690       ?OnBnClickedButtonLayer14@CDlgLayers@@QAEXXZ 0049f690 f   DlgLayers.obj
 0002:000286f0       ?OnBnClickedButtonLayer15@CDlgLayers@@QAEXXZ 0049f6f0 f   DlgLayers.obj
 0002:00028750       ?OnBnClickedButtonLayer16@CDlgLayers@@QAEXXZ 0049f750 f   DlgLayers.obj
 0002:000287b0       ?OnBnClickedButtonLayer17@CDlgLayers@@QAEXXZ 0049f7b0 f   DlgLayers.obj
 0002:00028810       ?OnBnClickedButtonLayer18@CDlgLayers@@QAEXXZ 0049f810 f   DlgLayers.obj
 0002:00028870       ?OnBnClickedButtonLayer19@CDlgLayers@@QAEXXZ 0049f870 f   DlgLayers.obj
 0002:000288d0       ?OnBnClickedButtonLayer20@CDlgLayers@@QAEXXZ 0049f8d0 f   DlgLayers.obj
 0002:00028930       ?OnBnClickedButtonLayer21@CDlgLayers@@QAEXXZ 0049f930 f   DlgLayers.obj
 0002:00028990       ?OnBnClickedButtonLayer22@CDlgLayers@@QAEXXZ 0049f990 f   DlgLayers.obj
 0002:000289f0       ?OnBnClickedButtonLayer23@CDlgLayers@@QAEXXZ 0049f9f0 f   DlgLayers.obj
 0002:00028a50       ?OnBnClickedButtonLayer24@CDlgLayers@@QAEXXZ 0049fa50 f   DlgLayers.obj
 0002:00028ab0       ?OnBnClickedButtonLayer25@CDlgLayers@@QAEXXZ 0049fab0 f   DlgLayers.obj
 0002:00028b10       ?OnBnClickedButtonLayer26@CDlgLayers@@QAEXXZ 0049fb10 f   DlgLayers.obj
 0002:00028b70       ?OnBnClickedButtonLayer27@CDlgLayers@@QAEXXZ 0049fb70 f   DlgLayers.obj
 0002:00028bd0       ?OnBnClickedButtonLayer28@CDlgLayers@@QAEXXZ 0049fbd0 f   DlgLayers.obj
 0002:00028c30       ?OnBnClickedButtonLayer29@CDlgLayers@@QAEXXZ 0049fc30 f   DlgLayers.obj
 0002:00028c90       ?OnBnClickedButtonLayer30@CDlgLayers@@QAEXXZ 0049fc90 f   DlgLayers.obj
 0002:00028cf0       ?OnBnClickedButtonLayer31@CDlgLayers@@QAEXXZ 0049fcf0 f   DlgLayers.obj
 0002:00028d50       ?EditColor@CDlgLayers@@QAEXH@Z 0049fd50 f   DlgLayers.obj
 0002:00028f40       ??1CColorDialog@@UAE@XZ    0049ff40 f i DlgLayers.obj
 0002:00028f90       ??1CCommonDialog@@UAE@XZ   0049ff90 f i DlgLayers.obj
 0002:00028ff0       ??_GCCommonDialog@@UAEPAXI@Z 0049fff0 f i DlgLayers.obj
 0002:00028ff0       ??_ECCommonDialog@@UAEPAXI@Z 0049fff0 f i DlgLayers.obj
 0002:00029060       ?_GetBaseClass@CDlgLog@@KGPAUCRuntimeClass@@XZ 004a0060 f   DlgLog.obj
 0002:000290b0       ?GetThisClass@CDlgLog@@SGPAUCRuntimeClass@@XZ 004a00b0 f   DlgLog.obj
 0002:000290f0       ?GetRuntimeClass@CDlgLog@@UBEPAUCRuntimeClass@@XZ 004a00f0 f   DlgLog.obj
 0002:00029130       ??0CDlgLog@@QAE@PAVCWnd@@@Z 004a0130 f   DlgLog.obj
 0002:00029210       ??_GCDlgLog@@UAEPAXI@Z     004a0210 f i DlgLog.obj
 0002:00029210       ??_ECDlgLog@@UAEPAXI@Z     004a0210 f i DlgLog.obj
 0002:00029280       ??1CDlgLog@@UAE@XZ         004a0280 f   DlgLog.obj
 0002:00029340       ?DoDataExchange@CDlgLog@@MAEXPAVCDataExchange@@@Z 004a0340 f   DlgLog.obj
 0002:000293e0       ?GetMessageMap@CDlgLog@@MBEPBUAFX_MSGMAP@@XZ 004a03e0 f   DlgLog.obj
 0002:00029430       ?GetThisMessageMap@CDlgLog@@KGPBUAFX_MSGMAP@@XZ 004a0430 f   DlgLog.obj
 0002:00029470       ?Move@CDlgLog@@QAEXHH@Z    004a0470 f   DlgLog.obj
 0002:00029550       ?Clear@CDlgLog@@QAEXXZ     004a0550 f   DlgLog.obj
 0002:000295d0       ?AddLine@CDlgLog@@QAEXPBD@Z 004a05d0 f   DlgLog.obj
 0002:00029630       ?OnBnClickedOk@CDlgLog@@QAEXXZ 004a0630 f   DlgLog.obj
 0002:000296c0       ?OnSetCursor@CDlgLog@@QAEHPAVCWnd@@II@Z 004a06c0 f   DlgLog.obj
 0002:00029750       ?OnBnClickedHideMe@CDlgLog@@QAEXXZ 004a0750 f   DlgLog.obj
 0002:000297b0       ?_GetBaseClass@CDlgMoveOrigin@@KGPAUCRuntimeClass@@XZ 004a07b0 f   DlgMoveOrigin.obj
 0002:00029800       ?GetThisClass@CDlgMoveOrigin@@SGPAUCRuntimeClass@@XZ 004a0800 f   DlgMoveOrigin.obj
 0002:00029840       ?GetRuntimeClass@CDlgMoveOrigin@@UBEPAUCRuntimeClass@@XZ 004a0840 f   DlgMoveOrigin.obj
 0002:00029880       ??0CDlgMoveOrigin@@QAE@PAVCWnd@@@Z 004a0880 f   DlgMoveOrigin.obj
 0002:000299a0       ??_ECDlgMoveOrigin@@UAEPAXI@Z 004a09a0 f i DlgMoveOrigin.obj
 0002:000299a0       ??_GCDlgMoveOrigin@@UAEPAXI@Z 004a09a0 f i DlgMoveOrigin.obj
 0002:00029a10       ??1CDlgMoveOrigin@@UAE@XZ  004a0a10 f   DlgMoveOrigin.obj
 0002:00029b20       ?DoDataExchange@CDlgMoveOrigin@@MAEXPAVCDataExchange@@@Z 004a0b20 f   DlgMoveOrigin.obj
 0002:00029c80       ?GetMessageMap@CDlgMoveOrigin@@MBEPBUAFX_MSGMAP@@XZ 004a0c80 f   DlgMoveOrigin.obj
 0002:00029cd0       ?GetThisMessageMap@CDlgMoveOrigin@@KGPBUAFX_MSGMAP@@XZ 004a0cd0 f   DlgMoveOrigin.obj
 0002:00029d10       ?Initialize@CDlgMoveOrigin@@QAEXH@Z 004a0d10 f   DlgMoveOrigin.obj
 0002:00029d80       ?GetFields@CDlgMoveOrigin@@QAEXXZ 004a0d80 f   DlgMoveOrigin.obj
 0002:00029f70       ?SetFields@CDlgMoveOrigin@@QAEXXZ 004a0f70 f   DlgMoveOrigin.obj
 0002:0002a250       ?OnCbnSelchangeUnits@CDlgMoveOrigin@@QAEXXZ 004a1250 f   DlgMoveOrigin.obj
 0002:0002a2b0       ?OnBnClickedDrag@CDlgMoveOrigin@@QAEXXZ 004a12b0 f   DlgMoveOrigin.obj
 0002:0002a310       ?OnBnClickedSet@CDlgMoveOrigin@@QAEXXZ 004a1310 f   DlgMoveOrigin.obj
 0002:0002a370       ?_GetBaseClass@CDlgMyMessageBox@@KGPAUCRuntimeClass@@XZ 004a1370 f   DlgMyMessageBox.obj
 0002:0002a3c0       ?GetThisClass@CDlgMyMessageBox@@SGPAUCRuntimeClass@@XZ 004a13c0 f   DlgMyMessageBox.obj
 0002:0002a400       ?GetRuntimeClass@CDlgMyMessageBox@@UBEPAUCRuntimeClass@@XZ 004a1400 f   DlgMyMessageBox.obj
 0002:0002a440       ??0CDlgMyMessageBox@@QAE@PAVCWnd@@@Z 004a1440 f   DlgMyMessageBox.obj
 0002:0002a540       ??_ECDlgMyMessageBox@@UAEPAXI@Z 004a1540 f i DlgMyMessageBox.obj
 0002:0002a540       ??_GCDlgMyMessageBox@@UAEPAXI@Z 004a1540 f i DlgMyMessageBox.obj
 0002:0002a5b0       ??1CDlgMyMessageBox@@UAE@XZ 004a15b0 f   DlgMyMessageBox.obj
 0002:0002a6a0       ?DoDataExchange@CDlgMyMessageBox@@MAEXPAVCDataExchange@@@Z 004a16a0 f   DlgMyMessageBox.obj
 0002:0002a7d0       ?GetMessageMap@CDlgMyMessageBox@@MBEPBUAFX_MSGMAP@@XZ 004a17d0 f   DlgMyMessageBox.obj
 0002:0002a820       ?GetThisMessageMap@CDlgMyMessageBox@@KGPBUAFX_MSGMAP@@XZ 004a1820 f   DlgMyMessageBox.obj
 0002:0002a860       ?Initialize@CDlgMyMessageBox@@QAEXPBD@Z 004a1860 f   DlgMyMessageBox.obj
 0002:0002a8d0       ?_GetBaseClass@CDlgMyMessageBox2@@KGPAUCRuntimeClass@@XZ 004a18d0 f   DlgMyMessageBox2.obj
 0002:0002a920       ?GetThisClass@CDlgMyMessageBox2@@SGPAUCRuntimeClass@@XZ 004a1920 f   DlgMyMessageBox2.obj
 0002:0002a960       ?GetRuntimeClass@CDlgMyMessageBox2@@UBEPAUCRuntimeClass@@XZ 004a1960 f   DlgMyMessageBox2.obj
 0002:0002a9a0       ??0CDlgMyMessageBox2@@QAE@PAVCWnd@@@Z 004a19a0 f   DlgMyMessageBox2.obj
 0002:0002aa80       ??_ECDlgMyMessageBox2@@UAEPAXI@Z 004a1a80 f i DlgMyMessageBox2.obj
 0002:0002aa80       ??_GCDlgMyMessageBox2@@UAEPAXI@Z 004a1a80 f i DlgMyMessageBox2.obj
 0002:0002aaf0       ??1CDlgMyMessageBox2@@UAE@XZ 004a1af0 f   DlgMyMessageBox2.obj
 0002:0002abc0       ?DoDataExchange@CDlgMyMessageBox2@@MAEXPAVCDataExchange@@@Z 004a1bc0 f   DlgMyMessageBox2.obj
 0002:0002ace0       ?GetMessageMap@CDlgMyMessageBox2@@MBEPBUAFX_MSGMAP@@XZ 004a1ce0 f   DlgMyMessageBox2.obj
 0002:0002ad30       ?GetThisMessageMap@CDlgMyMessageBox2@@KGPBUAFX_MSGMAP@@XZ 004a1d30 f   DlgMyMessageBox2.obj
 0002:0002ad70       ?Initialize@CDlgMyMessageBox2@@QAEXPAV?$CStringT@DV?$StrTraitMFC_DLL@DV?$ChTraitsCRT@D@ATL@@@@@ATL@@@Z 004a1d70 f   DlgMyMessageBox2.obj
 0002:0002adc0       ?WidthCompare@@YGHJJJ@Z    004a1dc0 f   DlgProjectOptions.obj
 0002:0002ae20       ?_GetBaseClass@CDlgProjectOptions@@KGPAUCRuntimeClass@@XZ 004a1e20 f   DlgProjectOptions.obj
 0002:0002ae70       ?GetThisClass@CDlgProjectOptions@@SGPAUCRuntimeClass@@XZ 004a1e70 f   DlgProjectOptions.obj
 0002:0002aeb0       ?GetRuntimeClass@CDlgProjectOptions@@UBEPAUCRuntimeClass@@XZ 004a1eb0 f   DlgProjectOptions.obj
 0002:0002aef0       ??0CDlgProjectOptions@@QAE@PAVCWnd@@@Z 004a1ef0 f   DlgProjectOptions.obj
 0002:0002b150       ??_GCDlgProjectOptions@@UAEPAXI@Z 004a2150 f i DlgProjectOptions.obj
 0002:0002b150       ??_ECDlgProjectOptions@@UAEPAXI@Z 004a2150 f i DlgProjectOptions.obj
 0002:0002b1c0       ??1CDlgProjectOptions@@UAE@XZ 004a21c0 f   DlgProjectOptions.obj
 0002:0002b3b0       ?DoDataExchange@CDlgProjectOptions@@EAEXPAVCDataExchange@@@Z 004a23b0 f   DlgProjectOptions.obj
 0002:0002c250       ?GetMessageMap@CDlgProjectOptions@@MBEPBUAFX_MSGMAP@@XZ 004a3250 f   DlgProjectOptions.obj
 0002:0002c2a0       ?GetThisMessageMap@CDlgProjectOptions@@KGPBUAFX_MSGMAP@@XZ 004a32a0 f   DlgProjectOptions.obj
 0002:0002c2e0       ?Init@CDlgProjectOptions@@QAEXHPAV?$CStringT@DV?$StrTraitMFC_DLL@DV?$ChTraitsCRT@D@ATL@@@@@ATL@@000HHHHHHHHH@Z 004a32e0 f   DlgProjectOptions.obj
 0002:0002c6f0       ?OnInitDialog@CDlgProjectOptions@@EAEHXZ 004a36f0 f   DlgProjectOptions.obj
 0002:0002c8f0       ?OnBnClickedButtonAdd@CDlgProjectOptions@@IAEXXZ 004a38f0 f   DlgProjectOptions.obj
 0002:0002cd70       ?OnBnClickedButtonEdit@CDlgProjectOptions@@IAEXXZ 004a3d70 f   DlgProjectOptions.obj
 0002:0002d2c0       ?OnBnClickedButtonDelete@CDlgProjectOptions@@IAEXXZ 004a42c0 f   DlgProjectOptions.obj
 0002:0002d3a0       ?OnEnChangeEditName@CDlgProjectOptions@@IAEXXZ 004a43a0 f   DlgProjectOptions.obj
 0002:0002d550       ?OnEnChangeEditFolder@CDlgProjectOptions@@IAEXXZ 004a4550 f   DlgProjectOptions.obj
 0002:0002d5b0       ?OnEnSetfocusEditFolder@CDlgProjectOptions@@IAEXXZ 004a45b0 f   DlgProjectOptions.obj
 0002:0002d600       ?OnEnKillfocusEditFolder@CDlgProjectOptions@@IAEXXZ 004a4600 f   DlgProjectOptions.obj
 0002:0002d650       ?OnBnClickedCheckAutosave@CDlgProjectOptions@@QAEXXZ 004a4650 f   DlgProjectOptions.obj
 0002:0002d6f0       ?OnBnClickedButtonLib@CDlgProjectOptions@@QAEXXZ 004a46f0 f   DlgProjectOptions.obj
 0002:0002d8f0       ?OnBnClickedButtonProjectFolder@CDlgProjectOptions@@QAEXXZ 004a48f0 f   DlgProjectOptions.obj
 0002:0002db50       ?OnBnClickedCheckAutoRatDisable@CDlgProjectOptions@@QAEXXZ 004a4b50 f   DlgProjectOptions.obj
 0002:0002dbc0       ?_GetBaseClass@CDlgReassignLayers@@KGPAUCRuntimeClass@@XZ 004a4bc0 f   DlgReassignLayers.obj
 0002:0002dc10       ?GetThisClass@CDlgReassignLayers@@SGPAUCRuntimeClass@@XZ 004a4c10 f   DlgReassignLayers.obj
 0002:0002dc50       ?GetRuntimeClass@CDlgReassignLayers@@UBEPAUCRuntimeClass@@XZ 004a4c50 f   DlgReassignLayers.obj
 0002:0002dc90       ??0CDlgReassignLayers@@QAE@PAVCWnd@@@Z 004a4c90 f   DlgReassignLayers.obj
 0002:0002dd70       ??_GCDlgReassignLayers@@UAEPAXI@Z 004a4d70 f i DlgReassignLayers.obj
 0002:0002dd70       ??_ECDlgReassignLayers@@UAEPAXI@Z 004a4d70 f i DlgReassignLayers.obj
 0002:0002dde0       ??1CDlgReassignLayers@@UAE@XZ 004a4de0 f   DlgReassignLayers.obj
 0002:0002dea0       ?DoDataExchange@CDlgReassignLayers@@MAEXPAVCDataExchange@@@Z 004a4ea0 f   DlgReassignLayers.obj
 0002:0002e2b0       ?Initialize@CDlgReassignLayers@@QAEXHH@Z 004a52b0 f   DlgReassignLayers.obj
 0002:0002e310       ?GetMessageMap@CDlgReassignLayers@@MBEPBUAFX_MSGMAP@@XZ 004a5310 f   DlgReassignLayers.obj
 0002:0002e360       ?GetThisMessageMap@CDlgReassignLayers@@KGPBUAFX_MSGMAP@@XZ 004a5360 f   DlgReassignLayers.obj
 0002:0002e3a0       ?_GetBaseClass@CDlgReport@@KGPAUCRuntimeClass@@XZ 004a53a0 f   DlgReport.obj
 0002:0002e3f0       ?GetThisClass@CDlgReport@@SGPAUCRuntimeClass@@XZ 004a53f0 f   DlgReport.obj
 0002:0002e430       ?GetRuntimeClass@CDlgReport@@UBEPAUCRuntimeClass@@XZ 004a5430 f   DlgReport.obj
 0002:0002e470       ??0CDlgReport@@QAE@PAVCWnd@@@Z 004a5470 f   DlgReport.obj
 0002:0002e620       ??_ECDlgReport@@UAEPAXI@Z  004a5620 f i DlgReport.obj
 0002:0002e620       ??_GCDlgReport@@UAEPAXI@Z  004a5620 f i DlgReport.obj
 0002:0002e690       ??1CDlgReport@@UAE@XZ      004a5690 f   DlgReport.obj
 0002:0002e830       ?DoDataExchange@CDlgReport@@MAEXPAVCDataExchange@@@Z 004a5830 f   DlgReport.obj
 0002:0002eb70       ?Initialize@CDlgReport@@QAEXPAVCFreePcbDoc@@@Z 004a5b70 f   DlgReport.obj
 0002:0002ec30       ?GetMessageMap@CDlgReport@@MBEPBUAFX_MSGMAP@@XZ 004a5c30 f   DlgReport.obj
 0002:0002ec80       ?GetThisMessageMap@CDlgReport@@KGPBUAFX_MSGMAP@@XZ 004a5c80 f   DlgReport.obj
 0002:0002ecc0       ?mycompare@@YAHPBX0@Z      004a5cc0 f   DlgReport.obj
 0002:0002ed40       ?OnBnClickedOk@CDlgReport@@QAEXXZ 004a5d40 f   DlgReport.obj
 0002:00031240       ?OnBnClickedCancel@CDlgReport@@QAEXXZ 004a8240 f   DlgReport.obj
 0002:000312b0       ??0?$CMap@HHHH@@QAE@H@Z    004a82b0 f i DlgReport.obj
 0002:000313c0       ?GetStartPosition@?$CMap@HHHH@@QBEPAU__POSITION@@XZ 004a83c0 f i DlgReport.obj
 0002:00031410       ?GetNextAssoc@?$CMap@HHHH@@QBEXAAPAU__POSITION@@AAH1@Z 004a8410 f i DlgReport.obj
 0002:00031650       ??1?$CMap@HHHH@@UAE@XZ     004a8650 f i DlgReport.obj
 0002:00031720       ?Serialize@?$CMap@HHHH@@UAEXAAVCArchive@@@Z 004a8720 f i DlgReport.obj
 0002:00031940       ?Dump@?$CMap@HHHH@@UBEXAAVCDumpContext@@@Z 004a8940 f i DlgReport.obj
 0002:00031ac0       ?AssertValid@?$CMap@HHHH@@UBEXXZ 004a8ac0 f i DlgReport.obj
 0002:00031b70       ??_G?$CMap@HHHH@@UAEPAXI@Z 004a8b70 f i DlgReport.obj
 0002:00031b70       ??_E?$CMap@HHHH@@UAEPAXI@Z 004a8b70 f i DlgReport.obj
 0002:00031be0       ?SetAt@?$CMap@HHHH@@QAEXHH@Z 004a8be0 f i DlgReport.obj
 0002:00031c40       ?RemoveAll@?$CMap@HHHH@@QAEXXZ 004a8c40 f i DlgReport.obj
 0002:00031d60       ??A?$CMap@HHHH@@QAEAAHH@Z  004a8d60 f i DlgReport.obj
 0002:00031f00       ?InitHashTable@?$CMap@HHHH@@QAEXIH@Z 004a8f00 f i DlgReport.obj
 0002:00032090       ?NewAssoc@?$CMap@HHHH@@IAEPAVCAssoc@1@H@Z 004a9090 f i DlgReport.obj
 0002:000322e0       ??3@YAXPAX0@Z              004a92e0 f i DlgReport.obj
 0002:00032310       ?GetAssocAt@?$CMap@HHHH@@IBEPAVCAssoc@1@HAAI0@Z 004a9310 f i DlgReport.obj
 0002:000323f0       ??0CAssoc@?$CMap@HHHH@@QAE@H@Z 004a93f0 f i DlgReport.obj
 0002:00032450       ??0CPair@?$CMap@HHHH@@IAE@H@Z 004a9450 f i DlgReport.obj
 0002:000324a0       ??$HashKey@H@@YGIH@Z       004a94a0 f i DlgReport.obj
 0002:000325a0       ??$CompareElements@HH@@YGHPBH0@Z 004a95a0 f i DlgReport.obj
 0002:000326c0       ?data@CPlex@@QAEPAXXZ      004a96c0 f i DlgReport.obj
 0002:00032700       ??$SerializeElements@H@@YGXAAVCArchive@@PAHH@Z 004a9700 f i DlgReport.obj
 0002:000328f0       ??$DumpElements@H@@YGXAAVCDumpContext@@PBHH@Z 004a98f0 f i DlgReport.obj
 0002:000329e0       ?_GetBaseClass@CDlgSaveLib@@KGPAUCRuntimeClass@@XZ 004a99e0 f   DlgSaveLib.obj
 0002:00032a30       ?GetThisClass@CDlgSaveLib@@SGPAUCRuntimeClass@@XZ 004a9a30 f   DlgSaveLib.obj
 0002:00032a70       ?GetRuntimeClass@CDlgSaveLib@@UBEPAUCRuntimeClass@@XZ 004a9a70 f   DlgSaveLib.obj
 0002:00032ab0       ??0CDlgSaveLib@@QAE@PAVCWnd@@@Z 004a9ab0 f   DlgSaveLib.obj
 0002:00032b90       ??_GCDlgSaveLib@@UAEPAXI@Z 004a9b90 f i DlgSaveLib.obj
 0002:00032b90       ??_ECDlgSaveLib@@UAEPAXI@Z 004a9b90 f i DlgSaveLib.obj
 0002:00032c00       ??1CDlgSaveLib@@UAE@XZ     004a9c00 f   DlgSaveLib.obj
 0002:00032cd0       ?DoDataExchange@CDlgSaveLib@@MAEXPAVCDataExchange@@@Z 004a9cd0 f   DlgSaveLib.obj
 0002:00032e30       ?GetMessageMap@CDlgSaveLib@@MBEPBUAFX_MSGMAP@@XZ 004a9e30 f   DlgSaveLib.obj
 0002:00032e80       ?GetThisMessageMap@CDlgSaveLib@@KGPBUAFX_MSGMAP@@XZ 004a9e80 f   DlgSaveLib.obj
 0002:00032ec0       ?Initialize@CDlgSaveLib@@QAEXPAV?$CArray@V?$CStringT@DV?$StrTraitMFC_DLL@DV?$ChTraitsCRT@D@ATL@@@@@ATL@@ABV12@@@@Z 004a9ec0 f   DlgSaveLib.obj
 0002:00033050       ?OnBnClickedDelete@CDlgSaveLib@@QAEXXZ 004aa050 f   DlgSaveLib.obj
 0002:00033100       ?OnBnClickedButtonTop@CDlgSaveLib@@QAEXXZ 004aa100 f   DlgSaveLib.obj
 0002:00033300       ?OnBnClickedButtonUp@CDlgSaveLib@@QAEXXZ 004aa300 f   DlgSaveLib.obj
 0002:00033510       ?OnBnClickedButtonDown@CDlgSaveLib@@QAEXXZ 004aa510 f   DlgSaveLib.obj
 0002:00033740       ?OnBnClickedButtonBottom@CDlgSaveLib@@QAEXXZ 004aa740 f   DlgSaveLib.obj
 0002:00033950       ?GetSelected@CDlgSaveLib@@QAEXXZ 004aa950 f   DlgSaveLib.obj
 0002:00033a40       ?ResetSelected@CDlgSaveLib@@QAEXXZ 004aaa40 f   DlgSaveLib.obj
 0002:00033b40       ??0?$CArray@V?$CStringT@DV?$StrTraitMFC_DLL@DV?$ChTraitsCRT@D@ATL@@@@@ATL@@ABV12@@@QAE@XZ 004aab40 f i DlgSaveLib.obj
 0002:00033bd0       ?SetSize@?$CArray@V?$CStringT@DV?$StrTraitMFC_DLL@DV?$ChTraitsCRT@D@ATL@@@@@ATL@@ABV12@@@QAEXHH@Z 004aabd0 f i DlgSaveLib.obj
 0002:00034250       ??1?$CArray@V?$CStringT@DV?$StrTraitMFC_DLL@DV?$ChTraitsCRT@D@ATL@@@@@ATL@@ABV12@@@UAE@XZ 004ab250 f i DlgSaveLib.obj
 0002:00034380       ?Serialize@?$CArray@V?$CStringT@DV?$StrTraitMFC_DLL@DV?$ChTraitsCRT@D@ATL@@@@@ATL@@ABV12@@@UAEXAAVCArchive@@@Z 004ab380 f i DlgSaveLib.obj
 0002:00034450       ?Dump@?$CArray@V?$CStringT@DV?$StrTraitMFC_DLL@DV?$ChTraitsCRT@D@ATL@@@@@ATL@@ABV12@@@UBEXAAVCDumpContext@@@Z 004ab450 f i DlgSaveLib.obj
 0002:00034530       ?AssertValid@?$CArray@V?$CStringT@DV?$StrTraitMFC_DLL@DV?$ChTraitsCRT@D@ATL@@@@@ATL@@ABV12@@@UBEXXZ 004ab530 f i DlgSaveLib.obj
 0002:00034690       ??_E?$CArray@V?$CStringT@DV?$StrTraitMFC_DLL@DV?$ChTraitsCRT@D@ATL@@@@@ATL@@ABV12@@@UAEPAXI@Z 004ab690 f i DlgSaveLib.obj
 0002:00034690       ??_G?$CArray@V?$CStringT@DV?$StrTraitMFC_DLL@DV?$ChTraitsCRT@D@ATL@@@@@ATL@@ABV12@@@UAEPAXI@Z 004ab690 f i DlgSaveLib.obj
 0002:00034700       ??_G?$CStringT@DV?$StrTraitMFC_DLL@DV?$ChTraitsCRT@D@ATL@@@@@ATL@@QAEPAXI@Z 004ab700 f i DlgSaveLib.obj
 0002:00034780       ??$DumpElements@V?$CStringT@DV?$StrTraitMFC_DLL@DV?$ChTraitsCRT@D@ATL@@@@@ATL@@@@YGXAAVCDumpContext@@PBV?$CStringT@DV?$StrTraitMFC_DLL@DV?$ChTraitsCRT@D@ATL@@@@@ATL@@H@Z 004ab780 f i DlgSaveLib.obj
 0002:00034870       ?_GetBaseClass@CDlgSetAreaHatch@@KGPAUCRuntimeClass@@XZ 004ab870 f   DlgSetAreaHatch.obj
 0002:000348c0       ?GetThisClass@CDlgSetAreaHatch@@SGPAUCRuntimeClass@@XZ 004ab8c0 f   DlgSetAreaHatch.obj
 0002:00034900       ?GetRuntimeClass@CDlgSetAreaHatch@@UBEPAUCRuntimeClass@@XZ 004ab900 f   DlgSetAreaHatch.obj
 0002:00034940       ??0CDlgSetAreaHatch@@QAE@PAVCWnd@@@Z 004ab940 f   DlgSetAreaHatch.obj
 0002:00034a30       ??_ECDlgSetAreaHatch@@UAEPAXI@Z 004aba30 f i DlgSetAreaHatch.obj
 0002:00034a30       ??_GCDlgSetAreaHatch@@UAEPAXI@Z 004aba30 f i DlgSetAreaHatch.obj
 0002:00034aa0       ??1CDlgSetAreaHatch@@UAE@XZ 004abaa0 f   DlgSetAreaHatch.obj
 0002:00034b80       ?DoDataExchange@CDlgSetAreaHatch@@MAEXPAVCDataExchange@@@Z 004abb80 f   DlgSetAreaHatch.obj
 0002:00034d20       ?GetMessageMap@CDlgSetAreaHatch@@MBEPBUAFX_MSGMAP@@XZ 004abd20 f   DlgSetAreaHatch.obj
 0002:00034d70       ?GetThisMessageMap@CDlgSetAreaHatch@@KGPBUAFX_MSGMAP@@XZ 004abd70 f   DlgSetAreaHatch.obj
 0002:00034db0       ?Init@CDlgSetAreaHatch@@QAEXH@Z 004abdb0 f   DlgSetAreaHatch.obj
 0002:00034e00       ?_GetBaseClass@DlgSetSegmentWidth@@KGPAUCRuntimeClass@@XZ 004abe00 f   DlgSetSegmentWidth.obj
 0002:00034e50       ?GetThisClass@DlgSetSegmentWidth@@SGPAUCRuntimeClass@@XZ 004abe50 f   DlgSetSegmentWidth.obj
 0002:00034e90       ?GetRuntimeClass@DlgSetSegmentWidth@@UBEPAUCRuntimeClass@@XZ 004abe90 f   DlgSetSegmentWidth.obj
 0002:00034ed0       ??0DlgSetSegmentWidth@@QAE@PAVCWnd@@@Z 004abed0 f   DlgSetSegmentWidth.obj
 0002:000351b0       ??_EDlgSetSegmentWidth@@UAEPAXI@Z 004ac1b0 f i DlgSetSegmentWidth.obj
 0002:000351b0       ??_GDlgSetSegmentWidth@@UAEPAXI@Z 004ac1b0 f i DlgSetSegmentWidth.obj
 0002:00035220       ??1DlgSetSegmentWidth@@UAE@XZ 004ac220 f   DlgSetSegmentWidth.obj
 0002:00035440       ?DoDataExchange@DlgSetSegmentWidth@@MAEXPAVCDataExchange@@@Z 004ac440 f   DlgSetSegmentWidth.obj
 0002:00035850       ?GetMessageMap@DlgSetSegmentWidth@@MBEPBUAFX_MSGMAP@@XZ 004ac850 f   DlgSetSegmentWidth.obj
 0002:000358a0       ?GetThisMessageMap@DlgSetSegmentWidth@@KGPBUAFX_MSGMAP@@XZ 004ac8a0 f   DlgSetSegmentWidth.obj
 0002:000358e0       ?OnBnClickedDefNet@DlgSetSegmentWidth@@QAEXXZ 004ac8e0 f   DlgSetSegmentWidth.obj
 0002:00035920       ?OnBnClickedApplyNet@DlgSetSegmentWidth@@QAEXXZ 004ac920 f   DlgSetSegmentWidth.obj
 0002:000359b0       ?OnBnClickedApplyCon@DlgSetSegmentWidth@@QAEXXZ 004ac9b0 f   DlgSetSegmentWidth.obj
 0002:00035a40       ?OnBnClickedApplySeg@DlgSetSegmentWidth@@QAEXXZ 004aca40 f   DlgSetSegmentWidth.obj
 0002:00035ad0       ?OnInitDialog@DlgSetSegmentWidth@@UAEHXZ 004acad0 f   DlgSetSegmentWidth.obj
 0002:00035fa0       ?OnBnClickedRadioDefVia@DlgSetSegmentWidth@@QAEXXZ 004acfa0 f   DlgSetSegmentWidth.obj
 0002:00036280       ?OnBnClickedRadioSetVia@DlgSetSegmentWidth@@QAEXXZ 004ad280 f   DlgSetSegmentWidth.obj
 0002:00036320       ?OnCbnSelchangeComboWidth@DlgSetSegmentWidth@@QAEXXZ 004ad320 f   DlgSetSegmentWidth.obj
 0002:00036570       ?OnCbnEditchangeComboWidth@DlgSetSegmentWidth@@QAEXXZ 004ad570 f   DlgSetSegmentWidth.obj
 0002:00036870       ?OnBnClickedRadioModTv@DlgSetSegmentWidth@@QAEXXZ 004ad870 f   DlgSetSegmentWidth.obj
 0002:000368c0       ?OnBnClickedRadioModT@DlgSetSegmentWidth@@QAEXXZ 004ad8c0 f   DlgSetSegmentWidth.obj
 0002:00036910       ?OnBnClickedRadioModV@DlgSetSegmentWidth@@QAEXXZ 004ad910 f   DlgSetSegmentWidth.obj
 0002:00036960       ?OnBnClickedRadioModify@DlgSetSegmentWidth@@QAEXXZ 004ad960 f   DlgSetSegmentWidth.obj
 0002:00036bb0       ?GetSize@?$CArray@HABH@@QBEHXZ 004adbb0 f i DlgSetSegmentWidth.obj
 0002:00036bf0       ??A?$CArray@HABH@@QAEAAHH@Z 004adbf0 f i DlgSetSegmentWidth.obj
 0002:00036c50       ?ElementAt@?$CArray@HABH@@QAEAAHH@Z 004adc50 f i DlgSetSegmentWidth.obj
 0002:00036d00       ?_GetBaseClass@CDlgSetTraceWidths@@KGPAUCRuntimeClass@@XZ 004add00 f   DlgSetTraceWidths.obj
 0002:00036d50       ?GetThisClass@CDlgSetTraceWidths@@SGPAUCRuntimeClass@@XZ 004add50 f   DlgSetTraceWidths.obj
 0002:00036d90       ?GetRuntimeClass@CDlgSetTraceWidths@@UBEPAUCRuntimeClass@@XZ 004add90 f   DlgSetTraceWidths.obj
 0002:00036dd0       ??0CDlgSetTraceWidths@@QAE@PAVCWnd@@@Z 004addd0 f   DlgSetTraceWidths.obj
 0002:00037060       ??_ECDlgSetTraceWidths@@UAEPAXI@Z 004ae060 f i DlgSetTraceWidths.obj
 0002:00037060       ??_GCDlgSetTraceWidths@@UAEPAXI@Z 004ae060 f i DlgSetTraceWidths.obj
 0002:000370d0       ??1CDlgSetTraceWidths@@UAE@XZ 004ae0d0 f   DlgSetTraceWidths.obj
 0002:00037270       ?DoDataExchange@CDlgSetTraceWidths@@MAEXPAVCDataExchange@@@Z 004ae270 f   DlgSetTraceWidths.obj
 0002:00037a40       ?GetMessageMap@CDlgSetTraceWidths@@MBEPBUAFX_MSGMAP@@XZ 004aea40 f   DlgSetTraceWidths.obj
 0002:00037a90       ?GetThisMessageMap@CDlgSetTraceWidths@@KGPBUAFX_MSGMAP@@XZ 004aea90 f   DlgSetTraceWidths.obj
 0002:00037ad0       ?OnBnClickedRadioDef@CDlgSetTraceWidths@@AAEXXZ 004aead0 f   DlgSetTraceWidths.obj
 0002:00037b30       ?OnBnClickedRadioSet@CDlgSetTraceWidths@@AAEXXZ 004aeb30 f   DlgSetTraceWidths.obj
 0002:00037b80       ?OnCbnSelchangeComboWidth@CDlgSetTraceWidths@@QAEXXZ 004aeb80 f   DlgSetTraceWidths.obj
 0002:000381d0       ?OnCbnEditchangeComboWidth@CDlgSetTraceWidths@@QAEXXZ 004af1d0 f   DlgSetTraceWidths.obj
 0002:00038800       ?OnBnClickedSetTrace@CDlgSetTraceWidths@@QAEXXZ 004af800 f   DlgSetTraceWidths.obj
 0002:00038850       ?OnBnClickedSetVias@CDlgSetTraceWidths@@QAEXXZ 004af850 f   DlgSetTraceWidths.obj
 0002:000388a0       ?SetFields@CDlgSetTraceWidths@@QAEXXZ 004af8a0 f   DlgSetTraceWidths.obj
 0002:00038c30       ?OnBnClickedRadioRevertTraces@CDlgSetTraceWidths@@QAEXXZ 004afc30 f   DlgSetTraceWidths.obj
 0002:00038c80       ?OnBnClickedRadioRevertVias@CDlgSetTraceWidths@@QAEXXZ 004afc80 f   DlgSetTraceWidths.obj
 0002:00038cd0       ?OnBnClickedRadioSetTraceWidth@CDlgSetTraceWidths@@QAEXXZ 004afcd0 f   DlgSetTraceWidths.obj
 0002:00038d20       ?OnBnClickedRadioSetSize@CDlgSetTraceWidths@@QAEXXZ 004afd20 f   DlgSetTraceWidths.obj
 0002:00038d60       ?_GetBaseClass@CDlgShortcuts@@KGPAUCRuntimeClass@@XZ 004afd60 f   DlgShortcuts.obj
 0002:00038db0       ?GetThisClass@CDlgShortcuts@@SGPAUCRuntimeClass@@XZ 004afdb0 f   DlgShortcuts.obj
 0002:00038df0       ?GetRuntimeClass@CDlgShortcuts@@UBEPAUCRuntimeClass@@XZ 004afdf0 f   DlgShortcuts.obj
 0002:00038e30       ??0CDlgShortcuts@@QAE@PAVCWnd@@@Z 004afe30 f   DlgShortcuts.obj
 0002:00038ea0       ??_ECDlgShortcuts@@UAEPAXI@Z 004afea0 f i DlgShortcuts.obj
 0002:00038ea0       ??_GCDlgShortcuts@@UAEPAXI@Z 004afea0 f i DlgShortcuts.obj
 0002:00038f10       ??1CDlgShortcuts@@UAE@XZ   004aff10 f   DlgShortcuts.obj
 0002:00038f70       ?DoDataExchange@CDlgShortcuts@@MAEXPAVCDataExchange@@@Z 004aff70 f   DlgShortcuts.obj
 0002:00038fd0       ?GetMessageMap@CDlgShortcuts@@MBEPBUAFX_MSGMAP@@XZ 004affd0 f   DlgShortcuts.obj
 0002:00039020       ?GetThisMessageMap@CDlgShortcuts@@KGPBUAFX_MSGMAP@@XZ 004b0020 f   DlgShortcuts.obj
 0002:00039060       ?_GetBaseClass@CDlgSideStyle@@KGPAUCRuntimeClass@@XZ 004b0060 f   DlgSideStyle.obj
 0002:000390b0       ?GetThisClass@CDlgSideStyle@@SGPAUCRuntimeClass@@XZ 004b00b0 f   DlgSideStyle.obj
 0002:000390f0       ?GetRuntimeClass@CDlgSideStyle@@UBEPAUCRuntimeClass@@XZ 004b00f0 f   DlgSideStyle.obj
 0002:00039130       ??0CDlgSideStyle@@QAE@PAVCWnd@@@Z 004b0130 f   DlgSideStyle.obj
 0002:000391a0       ??_ECDlgSideStyle@@UAEPAXI@Z 004b01a0 f i DlgSideStyle.obj
 0002:000391a0       ??_GCDlgSideStyle@@UAEPAXI@Z 004b01a0 f i DlgSideStyle.obj
 0002:00039210       ??1CDlgSideStyle@@UAE@XZ   004b0210 f   DlgSideStyle.obj
 0002:00039270       ?DoDataExchange@CDlgSideStyle@@MAEXPAVCDataExchange@@@Z 004b0270 f   DlgSideStyle.obj
 0002:000392f0       ?GetMessageMap@CDlgSideStyle@@MBEPBUAFX_MSGMAP@@XZ 004b02f0 f   DlgSideStyle.obj
 0002:00039340       ?GetThisMessageMap@CDlgSideStyle@@KGPBUAFX_MSGMAP@@XZ 004b0340 f   DlgSideStyle.obj
 0002:00039380       ?Initialize@CDlgSideStyle@@QAEXH@Z 004b0380 f   DlgSideStyle.obj
 0002:000393d0       ?_GetBaseClass@CDlgAttr@@KGPAUCRuntimeClass@@XZ 004b03d0 f   DlgAttr.obj
 0002:00039420       ?GetThisClass@CDlgAttr@@SGPAUCRuntimeClass@@XZ 004b0420 f   DlgAttr.obj
 0002:00039460       ?GetRuntimeClass@CDlgAttr@@UBEPAUCRuntimeClass@@XZ 004b0460 f   DlgAttr.obj
 0002:000394a0       ??0CDlgAttr@@QAE@PAVCWnd@@@Z 004b04a0 f   DlgAttr.obj
 0002:00039830       ??_GCDlgAttr@@UAEPAXI@Z    004b0830 f i DlgAttr.obj
 0002:00039830       ??_ECDlgAttr@@UAEPAXI@Z    004b0830 f i DlgAttr.obj
 0002:000398a0       ??1CDlgAttr@@UAE@XZ        004b08a0 f   DlgAttr.obj
 0002:00039c10       ?DoDataExchange@CDlgAttr@@MAEXPAVCDataExchange@@@Z 004b0c10 f   DlgAttr.obj
 0002:0003b470       ?Initialize@CDlgAttr@@QAEXPAV?$CArray@V?$CStringT@DV?$StrTraitMFC_DLL@DV?$ChTraitsCRT@D@ATL@@@@@ATL@@ABV12@@@PAVCTextList@@PAV?$CStringT@DV?$StrTraitMFC_DLL@DV?$ChTraitsCRT@D@ATL@@@@@ATL@@22222Vattr_size@@HH@Z 004b2470 f   DlgAttr.obj
 0002:0003b6f0       ?GetMessageMap@CDlgAttr@@MBEPBUAFX_MSGMAP@@XZ 004b26f0 f   DlgAttr.obj
 0002:0003b740       ?GetThisMessageMap@CDlgAttr@@KGPBUAFX_MSGMAP@@XZ 004b2740 f   DlgAttr.obj
 0002:0003b780       ?OnChange@CDlgAttr@@QAEXXZ 004b2780 f   DlgAttr.obj
 0002:0003ba40       ??0attr_size@@QAE@XZ       004b2a40 f i DlgAttr.obj
 0002:0003bb60       ?Multiply@attr_size@@QAEXM@Z 004b2b60 f i DlgAttr.obj
 0002:0003be90       ?ParseStringFields@@YAHPAV?$CStringT@DV?$StrTraitMFC_DLL@DV?$ChTraitsCRT@D@ATL@@@@@ATL@@PAV?$CArray@V?$CStringT@DV?$StrTraitMFC_DLL@DV?$ChTraitsCRT@D@ATL@@@@@ATL@@ABV12@@@@Z 004b2e90 f   file_io.obj
 0002:0003c1f0       ?ParseKeyString@@YAHPAV?$CStringT@DV?$StrTraitMFC_DLL@DV?$ChTraitsCRT@D@ATL@@@@@ATL@@0PAV?$CArray@V?$CStringT@DV?$StrTraitMFC_DLL@DV?$ChTraitsCRT@D@ATL@@@@@ATL@@ABV12@@@@Z 004b31f0 f   file_io.obj
 0002:0003c950       ?my_atoi@@YAHPAV?$CStringT@DV?$StrTraitMFC_DLL@DV?$ChTraitsCRT@D@ATL@@@@@ATL@@@Z 004b3950 f   file_io.obj
 0002:0003d060       ?my_atof@@YANPAV?$CStringT@DV?$StrTraitMFC_DLL@DV?$ChTraitsCRT@D@ATL@@@@@ATL@@@Z 004b4060 f   file_io.obj
 0002:0003d830       ?SetAtGrow@?$CArray@V?$CStringT@DV?$StrTraitMFC_DLL@DV?$ChTraitsCRT@D@ATL@@@@@ATL@@ABV12@@@QAEXHABV?$CStringT@DV?$StrTraitMFC_DLL@DV?$ChTraitsCRT@D@ATL@@@@@ATL@@@Z 004b4830 f i file_io.obj
 0002:0003d910       ?CreateObject@CFreePcbDoc@@SGPAVCObject@@XZ 004b4910 f   FreePcbDoc.obj
 0002:0003da00       ?_GetBaseClass@CFreePcbDoc@@KGPAUCRuntimeClass@@XZ 004b4a00 f   FreePcbDoc.obj
 0002:0003da50       ?GetThisClass@CFreePcbDoc@@SGPAUCRuntimeClass@@XZ 004b4a50 f   FreePcbDoc.obj
 0002:0003da90       ?GetRuntimeClass@CFreePcbDoc@@UBEPAUCRuntimeClass@@XZ 004b4a90 f   FreePcbDoc.obj
 0002:0003dad0       ?GetMessageMap@CFreePcbDoc@@MBEPBUAFX_MSGMAP@@XZ 004b4ad0 f   FreePcbDoc.obj
 0002:0003db20       ?GetThisMessageMap@CFreePcbDoc@@KGPBUAFX_MSGMAP@@XZ 004b4b20 f   FreePcbDoc.obj
 0002:0003db60       ??0CFreePcbDoc@@IAE@XZ     004b4b60 f   FreePcbDoc.obj
 0002:0003ed30       ??_GCFreePcbDoc@@UAEPAXI@Z 004b5d30 f i FreePcbDoc.obj
 0002:0003ed30       ??_ECFreePcbDoc@@UAEPAXI@Z 004b5d30 f i FreePcbDoc.obj
 0002:0003eda0       ??1CFreePcbDoc@@UAE@XZ     004b5da0 f   FreePcbDoc.obj
 0002:0003f690       ??_GDRErrorList@@QAEPAXI@Z 004b6690 f i FreePcbDoc.obj
 0002:0003f700       ??_GCUndoList@@QAEPAXI@Z   004b6700 f i FreePcbDoc.obj
 0002:0003f770       ??_GCTextList@@QAEPAXI@Z   004b6770 f i FreePcbDoc.obj
 0002:0003f7e0       ??_GCDisplayList@@QAEPAXI@Z 004b67e0 f i FreePcbDoc.obj
 0002:0003f850       ??_GSMFontUtil@@QAEPAXI@Z  004b6850 f i FreePcbDoc.obj
 0002:0003f8c0       ?SendInitialUpdate@CFreePcbDoc@@QAEXXZ 004b68c0 f   FreePcbDoc.obj
 0002:0003f910       ?OnNewDocument@CFreePcbDoc@@UAEHXZ 004b6910 f   FreePcbDoc.obj
 0002:0003f9e0       ?Serialize@CFreePcbDoc@@UAEXAAVCArchive@@@Z 004b69e0 f   FreePcbDoc.obj
 0002:0003fa20       ?AssertValid@CFreePcbDoc@@UBEXXZ 004b6a20 f   FreePcbDoc.obj
 0002:0003fa70       ?Dump@CFreePcbDoc@@UBEXAAVCDumpContext@@@Z 004b6a70 f   FreePcbDoc.obj
 0002:0003fad0       ?OnSaveDocument@CFreePcbDoc@@UAEHPBD@Z 004b6ad0 f   FreePcbDoc.obj
 0002:0003fb30       ?OnFileNew@CFreePcbDoc@@QAEXXZ 004b6b30 f   FreePcbDoc.obj
 0002:00040a60       ?GetName@CDlgProjectOptions@@QAE?AV?$CStringT@DV?$StrTraitMFC_DLL@DV?$ChTraitsCRT@D@ATL@@@@@ATL@@XZ 004b7a60 f i FreePcbDoc.obj
 0002:00040af0       ?GetPathToFolder@CDlgProjectOptions@@QAE?AV?$CStringT@DV?$StrTraitMFC_DLL@DV?$ChTraitsCRT@D@ATL@@@@@ATL@@XZ 004b7af0 f i FreePcbDoc.obj
 0002:00040b80       ?GetLibFolder@CDlgProjectOptions@@QAE?AV?$CStringT@DV?$StrTraitMFC_DLL@DV?$ChTraitsCRT@D@ATL@@@@@ATL@@XZ 004b7b80 f i FreePcbDoc.obj
 0002:00040c10       ?GetNumALayers@CDlgProjectOptions@@QAEHXZ 004b7c10 f i FreePcbDoc.obj
 0002:00040c50       ?GetTraceWidth@CDlgProjectOptions@@QAEHXZ 004b7c50 f i FreePcbDoc.obj
 0002:00040c90       ?GetViaWidth@CDlgProjectOptions@@QAEHXZ 004b7c90 f i FreePcbDoc.obj
 0002:00040cd0       ?GetViaHoleWidth@CDlgProjectOptions@@QAEHXZ 004b7cd0 f i FreePcbDoc.obj
 0002:00040d10       ?GetAutoRatlineDisable@CDlgProjectOptions@@QAEHXZ 004b7d10 f i FreePcbDoc.obj
 0002:00040d50       ?GetNodeWidth@CDlgProjectOptions@@QAEHXZ 004b7d50 f i FreePcbDoc.obj
 0002:00040d90       ?GetAutoRatlineMinPins@CDlgProjectOptions@@QAEHXZ 004b7d90 f i FreePcbDoc.obj
 0002:00040dd0       ?RunFileDialog@CFreePcbDoc@@QAE?AV?$CStringT@DV?$StrTraitMFC_DLL@DV?$ChTraitsCRT@D@ATL@@@@@ATL@@HV23@@Z 004b7dd0 f   FreePcbDoc.obj
 0002:000417f0       ?OnFileOpen@CFreePcbDoc@@QAEXXZ 004b87f0 f   FreePcbDoc.obj
 0002:00041990       ?OnFileAutoOpen@CFreePcbDoc@@QAEXPBD@Z 004b8990 f   FreePcbDoc.obj
 0002:000419f0       ?FileOpen@CFreePcbDoc@@QAEHPBD@Z 004b89f0 f   FreePcbDoc.obj
 0002:00042dc0       ?OnFileClose@CFreePcbDoc@@QAEXXZ 004b9dc0 f   FreePcbDoc.obj
 0002:00042e10       ?FileClose@CFreePcbDoc@@QAEHXZ 004b9e10 f   FreePcbDoc.obj
 0002:00043290       ?OnFileSave@CFreePcbDoc@@QAEXXZ 004ba290 f   FreePcbDoc.obj
 0002:000433b0       ?AutoSave@CFreePcbDoc@@QAEHXZ 004ba3b0 f   FreePcbDoc.obj
 0002:00043c40       ?FileSave@CFreePcbDoc@@QAEHPAV?$CStringT@DV?$StrTraitMFC_DLL@DV?$ChTraitsCRT@D@ATL@@@@@ATL@@000H@Z 004bac40 f   FreePcbDoc.obj
 0002:000446c0       ?ReadMerges@CFreePcbDoc@@QAEXPAVCStdioFile@@PAVStrList@@@Z 004bb6c0 f   FreePcbDoc.obj
 0002:00044b30       ?WriteMerges@CFreePcbDoc@@QAEXPAVCStdioFile@@PAVStrList@@@Z 004bbb30 f   FreePcbDoc.obj
 0002:00044f90       ?OnFileSaveAs@CFreePcbDoc@@QAEXXZ 004bbf90 f   FreePcbDoc.obj
 0002:00045500       ?WriteOutlinesPoly@CFreePcbDoc@@QAEXPAVCStdioFile@@H@Z 004bc500 f   FreePcbDoc.obj
 0002:00046e60       ?ReadGraphics@CFreePcbDoc@@QAEXPAVCStdioFile@@PAV?$CArray@VCPolyLine@@ABV1@@@@Z 004bde60 f   FreePcbDoc.obj
 0002:00049ec0       ?ReadOptions@CFreePcbDoc@@QAEHPAVCStdioFile@@H@Z 004c0ec0 f   FreePcbDoc.obj
 0002:0004ddf0       ?WriteOptions@CFreePcbDoc@@QAEXPAVCStdioFile@@H@Z 004c4df0 f   FreePcbDoc.obj
 0002:00050660       ?InitializeNewProject@CFreePcbDoc@@QAEXXZ 004c7660 f   FreePcbDoc.obj
 0002:000519e0       ?ProjectModified@CFreePcbDoc@@QAEXHH@Z 004c89e0 f   FreePcbDoc.obj
 0002:00051e00       ?SaveOptions@CFreePcbDoc@@QAEXXZ 004c8e00 f   FreePcbDoc.obj
 0002:00052190       ?OnViewLayers@CFreePcbDoc@@QAEXXZ 004c9190 f   FreePcbDoc.obj
 0002:00052420       ?FileExport@CFreePcbDoc@@QAEXV?$CStringT@DV?$StrTraitMFC_DLL@DV?$ChTraitsCRT@D@ATL@@@@@ATL@@@Z 004c9420 f   FreePcbDoc.obj
 0002:000525c0       ?OnFileExport1@CFreePcbDoc@@QAEXXZ 004c95c0 f   FreePcbDoc.obj
 0002:00052740       ?OnFileExport2@CFreePcbDoc@@QAEXXZ 004c9740 f   FreePcbDoc.obj
 0002:000528c0       ?GetSessionLayer@@YAHPAV?$CStringT@DV?$StrTraitMFC_DLL@DV?$ChTraitsCRT@D@ATL@@@@@ATL@@@Z 004c98c0 f   FreePcbDoc.obj
 0002:00052aa0       ?ExportPADSPCBNetlist@CFreePcbDoc@@QAEHPAVCStdioFile@@I@Z 004c9aa0 f   FreePcbDoc.obj
 0002:00052cc0       ?OnAppExit@CFreePcbDoc@@QAEXXZ 004c9cc0 f   FreePcbDoc.obj
 0002:00052d30       ?CreateMoveOriginUndoRecord@CFreePcbDoc@@QAEPAUundo_move_origin@@HH@Z 004c9d30 f   FreePcbDoc.obj
 0002:00052dd0       ?MoveOriginUndoCallback@CFreePcbDoc@@SAXPAXH@Z 004c9dd0 f   FreePcbDoc.obj
 0002:00052ea0       ?CreateOutlinePolyUndoRecord@CFreePcbDoc@@QAEPAUundo_outline_poly@@PAVCPolyLine@@H@Z 004c9ea0 f   FreePcbDoc.obj
 0002:00053100       ?OutlinePolyUndoCallback@CFreePcbDoc@@SAXPAXH@Z 004ca100 f   FreePcbDoc.obj
 0002:00053530       ?OnFileGenerateCadFiles@CFreePcbDoc@@QAEXXZ 004ca530 f   FreePcbDoc.obj
 0002:00053e10       ?OnProjectOptions@CFreePcbDoc@@QAEXXZ 004cae10 f   FreePcbDoc.obj
 0002:000545f0       ?GetAutoInterval@CDlgProjectOptions@@QAEHXZ 004cb5f0 f i FreePcbDoc.obj
 0002:00054630       ?OnTimer@CFreePcbDoc@@QAEXXZ 004cb630 f   FreePcbDoc.obj
 0002:00054700       ?OnToolsDrc@CFreePcbDoc@@QAEXXZ 004cb700 f   FreePcbDoc.obj
 0002:00054960       ?OnToolsClearDrc@CFreePcbDoc@@QAEXXZ 004cb960 f   FreePcbDoc.obj
 0002:00054a20       ?OnToolsShowDRCErrorlist@CFreePcbDoc@@QAEXXZ 004cba20 f   FreePcbDoc.obj
 0002:00054a60       ?OnViewLog@CFreePcbDoc@@QAEXXZ 004cba60 f   FreePcbDoc.obj
 0002:00054ae0       ?OnEditSelectAll@CFreePcbDoc@@QAEXXZ 004cbae0 f   FreePcbDoc.obj
 0002:00054dc0       ?OnEditPasteFromFile@CFreePcbDoc@@QAEXXZ 004cbdc0 f   FreePcbDoc.obj
 0002:00054f50       ?PasteFromFile@CFreePcbDoc@@QAEXV?$CStringT@DV?$StrTraitMFC_DLL@DV?$ChTraitsCRT@D@ATL@@@@@ATL@@H@Z 004cbf50 f   FreePcbDoc.obj
 0002:000556d0       ?OnFileGerbV@CFreePcbDoc@@QAEXV?$CStringT@DV?$StrTraitMFC_DLL@DV?$ChTraitsCRT@D@ATL@@@@@ATL@@0@Z 004cc6d0 f   FreePcbDoc.obj
 0002:00055ea0       ?OnEditUndo@CFreePcbDoc@@QAEXXZ 004ccea0 f   FreePcbDoc.obj
 0002:00055f90       ?OnEditRedo@CFreePcbDoc@@QAEXXZ 004ccf90 f   FreePcbDoc.obj
 0002:00056090       ?ResetUndoState@CFreePcbDoc@@QAEXXZ 004cd090 f   FreePcbDoc.obj
 0002:00056110       ?OnRepeatDrc@CFreePcbDoc@@QAEXXZ 004cd110 f   FreePcbDoc.obj
 0002:000561e0       ?OnFileGenerateReportFile@CFreePcbDoc@@QAEXXZ 004cd1e0 f   FreePcbDoc.obj
 0002:00056320       ?OPRefreshID@CFreePcbDoc@@QAEXXZ 004cd320 f   FreePcbDoc.obj
 0002:00056440       ?CombineBoardOutlines@CFreePcbDoc@@QAEHHH@Z 004cd440 f   FreePcbDoc.obj
 0002:00057080       ?ClipOP@CFreePcbDoc@@QAEXH@Z 004ce080 f   FreePcbDoc.obj
 0002:00057640       ?OnProjectCombineBoard@CFreePcbDoc@@QAEXXZ 004ce640 f   FreePcbDoc.obj
 0002:000576e0       ?ProjectCombineBoard@CFreePcbDoc@@QAEXH@Z 004ce6e0 f   FreePcbDoc.obj
 0002:00057d80       ?DRC@CFreePcbDoc@@QAEXXZ   004ced80 f   FreePcbDoc.obj
 0002:00057dc0       ?GetGerberPathes@CFreePcbDoc@@QAEHV?$CStringT@DV?$StrTraitMFC_DLL@DV?$ChTraitsCRT@D@ATL@@@@@ATL@@@Z 004cedc0 f   FreePcbDoc.obj
 0002:00058a50       ?GetTextListbyLayer@CFreePcbDoc@@QAEPAVCTextList@@H@Z 004cfa50 f   FreePcbDoc.obj
 0002:00058b40       ?GetFreeNet@CFreePcbDoc@@QAEPAVCText@@PAV?$CStringT@DV?$StrTraitMFC_DLL@DV?$ChTraitsCRT@D@ATL@@@@@ATL@@HHHH@Z 004cfb40 f   FreePcbDoc.obj
 0002:00058de0       ?CheckFree@CFreePcbDoc@@QAEHPAVCPolyLine@@H@Z 004cfde0 f   FreePcbDoc.obj
 0002:00058e80       ?FindFreePolyline@CFreePcbDoc@@QAEHH@Z 004cfe80 f   FreePcbDoc.obj
 0002:00058f60       ?CreatePCBNets@CFreePcbDoc@@QAEXXZ 004cff60 f   FreePcbDoc.obj
 0002:0005ab90       ??0poly_ptr_array@@QAE@XZ  004d1b90 f i FreePcbDoc.obj
 0002:0005ac00       ??1poly_ptr_array@@QAE@XZ  004d1c00 f i FreePcbDoc.obj
 0002:0005ac60       ?FindNodeLines@CFreePcbDoc@@QAEHPAVCText@@0PAHHPAUpoly_ptr_array@@PAUtagRECT@@@Z 004d1c60 f   FreePcbDoc.obj
 0002:0005af50       ?FindNodeLine@CFreePcbDoc@@QAEHHPAVCText@@0HHPAV?$CArray@PAVCPolyLine@@ABQAV1@@@PAUtagRECT@@@Z 004d1f50 f   FreePcbDoc.obj
 0002:0005c1c0       ?abs@@YAJJ@Z               004d31c0 f i FreePcbDoc.obj
 0002:0005c210       ?ScanAttr@CFreePcbDoc@@QAEPAVCText@@PAVCPolyLine@@PAH@Z 004d3210 f   FreePcbDoc.obj
 0002:0005c2e0       ?AttributeIndexing@CFreePcbDoc@@QAEXPAVCText@@H@Z 004d32e0 f   FreePcbDoc.obj
 0002:0005c440       ?AttributeIndexing@CFreePcbDoc@@QAEXH@Z 004d3440 f   FreePcbDoc.obj
 0002:0005c570       ?GetPartBounds@CFreePcbDoc@@QAE?AUtagRECT@@PAVCText@@0@Z 004d3570 f   FreePcbDoc.obj
 0002:0005c7b0       ?GetPolylineBounds@CFreePcbDoc@@QAE?AUtagRECT@@XZ 004d37b0 f   FreePcbDoc.obj
 0002:0005c9e0       ?SelectPart@CFreePcbDoc@@QAEXPAVCText@@0H@Z 004d39e0 f   FreePcbDoc.obj
 0002:0005cf10       ?HighlightPartAttributes@CFreePcbDoc@@QAEXPAVCText@@0@Z 004d3f10 f   FreePcbDoc.obj
 0002:0005d150       ?SelectPartAttributes@CFreePcbDoc@@QAEXPAVCText@@H@Z 004d4150 f   FreePcbDoc.obj
 0002:0005d340       ?SelectPinAttributes@CFreePcbDoc@@QAEXPAVCPolyLine@@H@Z 004d4340 f   FreePcbDoc.obj
 0002:0005d570       ?SelectLineAttributes@CFreePcbDoc@@QAEXPAVCPolyLine@@H@Z 004d4570 f   FreePcbDoc.obj
 0002:0005d850       ?SelectGroupAttributes@CFreePcbDoc@@QAEXXZ 004d4850 f   FreePcbDoc.obj
 0002:0005d9c0       ?HighlightLineAttributes@CFreePcbDoc@@QAEXPAVCPolyLine@@@Z 004d49c0 f   FreePcbDoc.obj
 0002:0005db90       ?RenumberPartDesignations@CFreePcbDoc@@QAEXXZ 004d4b90 f   FreePcbDoc.obj
 0002:0005e070       ?ClearPartDesignations@CFreePcbDoc@@QAEXXZ 004d5070 f   FreePcbDoc.obj
 0002:0005e0b0       ?RaisePartNumbers@CFreePcbDoc@@QAEXXZ 004d50b0 f   FreePcbDoc.obj
 0002:0005e0f0       ?ExcludePartNumbers@CFreePcbDoc@@QAEXXZ 004d50f0 f   FreePcbDoc.obj
 0002:0005e130       ?ReadFootprintFolder@CFreePcbDoc@@QAEXXZ 004d5130 f   FreePcbDoc.obj
 0002:0005e370       ?ReadFootprintNames@CFreePcbDoc@@QAEXPAV?$CStringT@DV?$StrTraitMFC_DLL@DV?$ChTraitsCRT@D@ATL@@@@@ATL@@@Z 004d5370 f   FreePcbDoc.obj
 0002:0005e9e0       ??8ATL@@YA_NABV?$CStringT@DV?$StrTraitMFC_DLL@DV?$ChTraitsCRT@D@ATL@@@@@0@0@Z 004d59e0 f i FreePcbDoc.obj
 0002:0005ea60       ??9ATL@@YA_NABV?$CStringT@DV?$StrTraitMFC_DLL@DV?$ChTraitsCRT@D@ATL@@@@@0@0@Z 004d5a60 f i FreePcbDoc.obj
 0002:0005eae0       ??9ATL@@YA_NABV?$CStringT@DV?$StrTraitMFC_DLL@DV?$ChTraitsCRT@D@ATL@@@@@0@PBD@Z 004d5ae0 f i FreePcbDoc.obj
 0002:0005eb50       ??0?$CArray@PAVCPolyLine@@ABQAV1@@@QAE@XZ 004d5b50 f i FreePcbDoc.obj
 0002:0005ebe0       ?GetSize@?$CArray@PAVCPolyLine@@ABQAV1@@@QBEHXZ 004d5be0 f i FreePcbDoc.obj
 0002:0005ec20       ?Add@?$CArray@PAVCPolyLine@@ABQAV1@@@QAEHABQAVCPolyLine@@@Z 004d5c20 f i FreePcbDoc.obj
 0002:0005ec90       ??A?$CArray@PAVCPolyLine@@ABQAV1@@@QAEAAPAVCPolyLine@@H@Z 004d5c90 f i FreePcbDoc.obj
 0002:0005ecf0       ??0?$CArray@VCPolyLine@@ABV1@@@QAE@XZ 004d5cf0 f i FreePcbDoc.obj
 0002:0005ed80       ?RemoveAll@?$CArray@VCPolyLine@@ABV1@@@QAEXXZ 004d5d80 f i FreePcbDoc.obj
 0002:0005ede0       ??A?$CArray@VCPolyLine@@ABV1@@@QAEAAVCPolyLine@@H@Z 004d5de0 f i FreePcbDoc.obj
 0002:0005ee40       ??0?$CArray@NABN@@QAE@XZ   004d5e40 f i FreePcbDoc.obj
 0002:0005eed0       ?GetSize@?$CArray@NABN@@QBEHXZ 004d5ed0 f i FreePcbDoc.obj
 0002:0005ef10       ?RemoveAll@?$CArray@NABN@@QAEXXZ 004d5f10 f i FreePcbDoc.obj
 0002:0005ef70       ?Add@?$CArray@NABN@@QAEHABN@Z 004d5f70 f i FreePcbDoc.obj
 0002:0005efe0       ??A?$CArray@NABN@@QAEAANH@Z 004d5fe0 f i FreePcbDoc.obj
 0002:0005f040       ??0?$CArray@VCArc@@ABV1@@@QAE@XZ 004d6040 f i FreePcbDoc.obj
 0002:0005f0d0       ??1?$CArray@VCArc@@ABV1@@@UAE@XZ 004d60d0 f i FreePcbDoc.obj
 0002:0005f1e0       ?Serialize@?$CArray@VCArc@@ABV1@@@UAEXAAVCArchive@@@Z 004d61e0 f i FreePcbDoc.obj
 0002:0005f2b0       ?Dump@?$CArray@VCArc@@ABV1@@@UBEXAAVCDumpContext@@@Z 004d62b0 f i FreePcbDoc.obj
 0002:0005f390       ?AssertValid@?$CArray@VCArc@@ABV1@@@UBEXXZ 004d6390 f i FreePcbDoc.obj
 0002:0005f4f0       ??_G?$CArray@VCArc@@ABV1@@@UAEPAXI@Z 004d64f0 f i FreePcbDoc.obj
 0002:0005f4f0       ??_E?$CArray@VCArc@@ABV1@@@UAEPAXI@Z 004d64f0 f i FreePcbDoc.obj
 0002:0005f560       ?ElementAt@?$CArray@PAVCPolyLine@@ABQAV1@@@QAEAAPAVCPolyLine@@H@Z 004d6560 f i FreePcbDoc.obj
[...]
 0005:00001ebc       __imp_?OnGesturePan@CWnd@@MAEHVCPoint@@0@Z 00591ebc     mfc100d:mfc100d.dll
 0005:00001ec0       __imp_?OnGestureZoom@CWnd@@MAEHVCPoint@@J@Z 00591ec0     mfc100d:mfc100d.dll
 0005:00001ec4       __imp_?GetGestureStatus@CWnd@@MAEKVCPoint@@@Z 00591ec4     mfc100d:mfc100d.dll
 0005:00001ec8       __imp_?OnTouchInput@CWnd@@MAEHVCPoint@@HHPAUtagTOUCHINPUT@@@Z 00591ec8     mfc100d:mfc100d.dll
 0005:00001ecc       __imp_?OnTouchInputs@CWnd@@MAEHIPAUtagTOUCHINPUT@@@Z 00591ecc     mfc100d:mfc100d.dll
 0005:00001ed0       __imp_?OnChildNotify@CWnd@@MAEHIIJPAJ@Z 00591ed0     mfc100d:mfc100d.dll
 0005:00001ed4       __imp_?PostNcDestroy@CWnd@@MAEXXZ 00591ed4     mfc100d:mfc100d.dll
 0005:00001ed8       __imp_?DefWindowProcA@CWnd@@MAEJIIJ@Z 00591ed8     mfc100d:mfc100d.dll
 0005:00001edc       __imp_?OnWndMsg@CWnd@@MAEHIIJPAJ@Z 00591edc     mfc100d:mfc100d.dll
 0005:00001ee0       __imp_?WindowProc@CWnd@@MAEJIIJ@Z 00591ee0     mfc100d:mfc100d.dll
 0005:00001ee4       __imp_?OnAmbientProperty@CWnd@@UAEHPAVCOleControlSite@@JPAUtagVARIANT@@@Z 00591ee4     mfc100d:mfc100d.dll
 0005:00001ee8       __imp_?PreTranslateMessage@CDialog@@UAEHPAUtagMSG@@@Z 00591ee8     mfc100d:mfc100d.dll
 0005:00001eec       __imp_?EndModalState@CWnd@@UAEXXZ 00591eec     mfc100d:mfc100d.dll
 0005:00001ef0       __imp_?BeginModalState@CWnd@@UAEXXZ 00591ef0     mfc100d:mfc100d.dll
 0005:00001ef4       __imp_?GetSuperWndProcAddr@CWnd@@MAEPAP6GJPAUHWND__@@IIJ@ZXZ 00591ef4     mfc100d:mfc100d.dll
 0005:00001ef8       __imp_?OnNotify@CWnd@@MAEHIJPAJ@Z 00591ef8     mfc100d:mfc100d.dll
 0005:00001efc       __imp_?OnCommand@CWnd@@MAEHIJ@Z 00591efc     mfc100d:mfc100d.dll
 0005:00001f00       __imp_?CreateAccessibleProxy@CWnd@@UAEJIJPAJ@Z 00591f00     mfc100d:mfc100d.dll
 0005:00001f04       __imp_?SetProxy@CWnd@@UAEJPAUIAccessibleProxy@@@Z 00591f04     mfc100d:mfc100d.dll
 0005:00001f08       __imp_?put_accValue@CWnd@@UAEJUtagVARIANT@@PA_W@Z 00591f08     mfc100d:mfc100d.dll
 0005:00001f0c       __imp_?put_accName@CWnd@@UAEJUtagVARIANT@@PA_W@Z 00591f0c     mfc100d:mfc100d.dll
 0005:00001f10       __imp_?accDoDefaultAction@CWnd@@UAEJUtagVARIANT@@@Z 00591f10     mfc100d:mfc100d.dll
 0005:00001f14       __imp_?accHitTest@CWnd@@UAEJJJPAUtagVARIANT@@@Z 00591f14     mfc100d:mfc100d.dll
 0005:00001f18       __imp_?accNavigate@CWnd@@UAEJJUtagVARIANT@@PAU2@@Z 00591f18     mfc100d:mfc100d.dll
 0005:00001f1c       __imp_?accLocation@CWnd@@UAEJPAJ000UtagVARIANT@@@Z 00591f1c     mfc100d:mfc100d.dll
 0005:00001f20       __imp_?accSelect@CWnd@@UAEJJUtagVARIANT@@@Z 00591f20     mfc100d:mfc100d.dll
 0005:00001f24       __imp_?get_accDefaultAction@CWnd@@UAEJUtagVARIANT@@PAPA_W@Z 00591f24     mfc100d:mfc100d.dll
 0005:00001f28       __imp_?get_accSelection@CWnd@@UAEJPAUtagVARIANT@@@Z 00591f28     mfc100d:mfc100d.dll
 0005:00001f2c       __imp_?get_accFocus@CWnd@@UAEJPAUtagVARIANT@@@Z 00591f2c     mfc100d:mfc100d.dll
 0005:00001f30       __imp_?get_accKeyboardShortcut@CWnd@@UAEJUtagVARIANT@@PAPA_W@Z 00591f30     mfc100d:mfc100d.dll
 0005:00001f34       __imp_?get_accHelpTopic@CWnd@@UAEJPAPA_WUtagVARIANT@@PAJ@Z 00591f34     mfc100d:mfc100d.dll
 0005:00001f38       __imp_?get_accHelp@CWnd@@UAEJUtagVARIANT@@PAPA_W@Z 00591f38     mfc100d:mfc100d.dll
 0005:00001f3c       __imp_?get_accState@CWnd@@UAEJUtagVARIANT@@PAU2@@Z 00591f3c     mfc100d:mfc100d.dll
 0005:00001f40       __imp_?get_accRole@CWnd@@UAEJUtagVARIANT@@PAU2@@Z 00591f40     mfc100d:mfc100d.dll
 0005:00001f44       __imp_?get_accDescription@CWnd@@UAEJUtagVARIANT@@PAPA_W@Z 00591f44     mfc100d:mfc100d.dll
 0005:00001f48       __imp_?get_accValue@CWnd@@UAEJUtagVARIANT@@PAPA_W@Z 00591f48     mfc100d:mfc100d.dll
 0005:00001f4c       __imp_?get_accName@CWnd@@UAEJUtagVARIANT@@PAPA_W@Z 00591f4c     mfc100d:mfc100d.dll
 0005:00001f50       __imp_?get_accChild@CWnd@@UAEJUtagVARIANT@@PAPAUIDispatch@@@Z 00591f50     mfc100d:mfc100d.dll
 0005:00001f54       __imp_?get_accChildCount@CWnd@@UAEJPAJ@Z 00591f54     mfc100d:mfc100d.dll
 0005:00001f58       __imp_?get_accParent@CWnd@@UAEJPAPAUIDispatch@@@Z 00591f58     mfc100d:mfc100d.dll
 0005:00001f5c       __imp_?EnsureStdObj@CWnd@@UAEJXZ 00591f5c     mfc100d:mfc100d.dll
 0005:00001f60       __imp_?OnDrawIconicThumbnailOrLivePreview@CWnd@@UAEXAAVCDC@@VCRect@@VCSize@@HAAH@Z 00591f60     mfc100d:mfc100d.dll
 0005:00001f64       __imp_?EndModalLoop@CWnd@@UAEXH@Z 00591f64     mfc100d:mfc100d.dll
 0005:00001f68       __imp_?ContinueModal@CWnd@@UAEHXZ 00591f68     mfc100d:mfc100d.dll
 0005:00001f6c       __imp_?WinHelpInternal@CWnd@@UAEXKI@Z 00591f6c     mfc100d:mfc100d.dll
 0005:00001f70       __imp_?HtmlHelpA@CWnd@@UAEXKI@Z 00591f70     mfc100d:mfc100d.dll
 0005:00001f74       __imp_?WinHelpA@CWnd@@UAEXKI@Z 00591f74     mfc100d:mfc100d.dll
 0005:00001f78       __imp_?GetScrollBarCtrl@CWnd@@UBEPAVCScrollBar@@H@Z 00591f78     mfc100d:mfc100d.dll
 0005:00001f7c       __imp_?OnToolHitTest@CWnd@@UBEHVCPoint@@PAUtagTOOLINFOA@@@Z 00591f7c     mfc100d:mfc100d.dll
 0005:00001f80       __imp_?SetMenu@CWnd@@UAEHPAVCMenu@@@Z 00591f80     mfc100d:mfc100d.dll
 0005:00001f84       __imp_?GetMenu@CWnd@@UBEPAVCMenu@@XZ 00591f84     mfc100d:mfc100d.dll
 0005:00001f88       __imp_?CalcWindowRect@CWnd@@UAEXPAUtagRECT@@I@Z 00591f88     mfc100d:mfc100d.dll
 0005:00001f8c       __imp_?PreCreateWindow@CWnd@@UAEHAAUtagCREATESTRUCTA@@@Z 00591f8c     mfc100d:mfc100d.dll
 0005:00001f90       __imp_?DestroyWindow@CWnd@@UAEHXZ 00591f90     mfc100d:mfc100d.dll
 0005:00001f94       __imp_?CreateEx@CWnd@@UAEHKPBD0KHHHHPAUHWND__@@PAUHMENU__@@PAX@Z 00591f94     mfc100d:mfc100d.dll
 0005:00001f98       __imp_?CreateEx@CWnd@@UAEHKPBD0KABUtagRECT@@PAV1@IPAX@Z 00591f98     mfc100d:mfc100d.dll
 0005:00001f9c       __imp_?Create@CWnd@@UAEHPBD0KABUtagRECT@@PAV1@IPAUCCreateContext@@@Z 00591f9c     mfc100d:mfc100d.dll
 0005:00001fa0       __imp_?PreSubclassWindow@CWnd@@UAEXXZ 00591fa0     mfc100d:mfc100d.dll
 0005:00001fa4       __imp_?GetConnectionHook@CCmdTarget@@MAEPAUIConnectionPoint@@ABU_GUID@@@Z 00591fa4     mfc100d:mfc100d.dll
 0005:00001fa8       __imp_?GetExtraConnectionPoints@CCmdTarget@@MAEHPAVCPtrArray@@@Z 00591fa8     mfc100d:mfc100d.dll
 0005:00001fac       __imp_?GetInterfaceHook@CCmdTarget@@UAEPAUIUnknown@@PBX@Z 00591fac     mfc100d:mfc100d.dll
 0005:00001fb0       __imp_?OnCreateAggregates@CCmdTarget@@UAEHXZ 00591fb0     mfc100d:mfc100d.dll
 0005:00001fb4       __imp_?GetEventSinkMap@CCmdTarget@@MBEPBUAFX_EVENTSINKMAP@@XZ 00591fb4     mfc100d:mfc100d.dll
 0005:00001fb8       __imp_?GetInterfaceMap@CWnd@@MBEPBUAFX_INTERFACEMAP@@XZ 00591fb8     mfc100d:mfc100d.dll
 0005:00001fbc       __imp_?GetConnectionMap@CCmdTarget@@MBEPBUAFX_CONNECTIONMAP@@XZ 00591fbc     mfc100d:mfc100d.dll
 0005:00001fc0       __imp_?GetDispatchMap@CCmdTarget@@MBEPBUAFX_DISPMAP@@XZ 00591fc0     mfc100d:mfc100d.dll
 0005:00001fc4       __imp_?GetCommandMap@CCmdTarget@@MBEPBUAFX_OLECMDMAP@@XZ 00591fc4     mfc100d:mfc100d.dll
 0005:00001fc8       __imp_?GetTypeLib@CCmdTarget@@UAEJKPAPAUITypeLib@@@Z 00591fc8     mfc100d:mfc100d.dll
 0005:00001fcc       __imp_?GetTypeLibCache@CCmdTarget@@UAEPAVCTypeLibCache@@XZ 00591fcc     mfc100d:mfc100d.dll
 0005:00001fd0       __imp_?GetTypeInfoCount@CCmdTarget@@UAEIXZ 00591fd0     mfc100d:mfc100d.dll
 0005:00001fd4       __imp_?GetDispatchIID@CCmdTarget@@UAEHPAU_GUID@@@Z 00591fd4     mfc100d:mfc100d.dll
 0005:00001fd8       __imp_?IsInvokeAllowed@CCmdTarget@@UAEHJ@Z 00591fd8     mfc100d:mfc100d.dll
 0005:00001fdc       __imp_?OnFinalRelease@CWnd@@UAEXXZ 00591fdc     mfc100d:mfc100d.dll
 0005:00001fe0       __imp_?OnCmdMsg@CDialog@@UAEHIHPAXPAUAFX_CMDHANDLERINFO@@@Z 00591fe0     mfc100d:mfc100d.dll
 0005:00001fe4       __imp_?Dump@CDialog@@UBEXAAVCDumpContext@@@Z 00591fe4     mfc100d:mfc100d.dll
 0005:00001fe8       __imp_?AssertValid@CDialog@@UBEXXZ 00591fe8     mfc100d:mfc100d.dll
 0005:00001fec       __imp_??0CDialog@@QAE@IPAVCWnd@@@Z 00591fec     mfc100d:mfc100d.dll
 0005:00001ff0       __imp_??0CComboBox@@QAE@XZ 00591ff0     mfc100d:mfc100d.dll
 0005:00001ff4       __imp_??0CButton@@QAE@XZ   00591ff4     mfc100d:mfc100d.dll
 0005:00001ff8       __imp_??1CDialog@@UAE@XZ   00591ff8     mfc100d:mfc100d.dll
 0005:00001ffc       __imp_??1CComboBox@@UAE@XZ 00591ffc     mfc100d:mfc100d.dll
 0005:00002000       __imp_??1CButton@@UAE@XZ   00592000     mfc100d:mfc100d.dll
 0005:00002004       __imp_?GetThisClass@CDialog@@SGPAUCRuntimeClass@@XZ 00592004     mfc100d:mfc100d.dll
 0005:00002008       __imp_?GetThisMessageMap@CDialog@@KGPBUAFX_MSGMAP@@XZ 00592008     mfc100d:mfc100d.dll
 0005:0000200c       __imp_?Write@CArchive@@QAEXPBXI@Z 0059200c     mfc100d:mfc100d.dll
 0005:00002010       __imp_?EnsureRead@CArchive@@QAEXPAXI@Z 00592010     mfc100d:mfc100d.dll
 0005:00002014       __imp_?AfxThrowMemoryException@@YGXXZ 00592014     mfc100d:mfc100d.dll
 0005:00002018       __imp_??_U@YAPAXIPBDH@Z    00592018     mfc100d:mfc100d.dll
 0005:0000201c       __imp_??_U@YAPAXI@Z        0059201c     mfc100d:mfc100d.dll
 0005:00002020       __imp_??3CObject@@SGXPAX@Z 00592020     mfc100d:mfc100d.dll
 0005:00002024       __imp_?AssertValid@CObject@@UBEXXZ 00592024     mfc100d:mfc100d.dll
 0005:00002028       __imp_?AfxIsValidAddress@@YGHPBXIH@Z 00592028     mfc100d:mfc100d.dll
 0005:0000202c       __imp_?Dump@CObject@@UBEXAAVCDumpContext@@@Z 0059202c     mfc100d:mfc100d.dll
 0005:00002030       __imp_??6CDumpContext@@QAEAAV0@PBD@Z 00592030     mfc100d:mfc100d.dll
 0005:00002034       __imp_??6CDumpContext@@QAEAAV0@H@Z 00592034     mfc100d:mfc100d.dll
 0005:00002038       __imp_?GetDepth@CDumpContext@@QBEHXZ 00592038     mfc100d:mfc100d.dll
 0005:0000203c       __imp_?Serialize@CObject@@UAEXAAVCArchive@@@Z 0059203c     mfc100d:mfc100d.dll
 0005:00002040       __imp_?IsStoring@CArchive@@QBEHXZ 00592040     mfc100d:mfc100d.dll
 0005:00002044       __imp_?WriteCount@CArchive@@QAEXK@Z 00592044     mfc100d:mfc100d.dll
 0005:00002048       __imp_?ReadCount@CArchive@@QAEKXZ 00592048     mfc100d:mfc100d.dll
 0005:0000204c       __imp_?AfxAssertValidObject@@YGXPBVCObject@@PBDH@Z 0059204c     mfc100d:mfc100d.dll
 0005:00002050       __imp_??_V@YAXPAX@Z        00592050     mfc100d:mfc100d.dll
 0005:00002054       __imp_??1CObject@@UAE@XZ   00592054     mfc100d:mfc100d.dll
 0005:00002058       __imp_?GetRuntimeClass@CObject@@UBEPAUCRuntimeClass@@XZ 00592058     mfc100d:mfc100d.dll
 0005:0000205c       __imp_??0CObject@@IAE@XZ   0059205c     mfc100d:mfc100d.dll
 0005:00002060       __imp_?SetWindowOrg@CDC@@QAE?AVCPoint@@HH@Z 00592060     mfc100d:mfc100d.dll
 0005:00002064       __imp_?GetROP2@CDC@@QBEHXZ 00592064     mfc100d:mfc100d.dll
 0005:00002068       __imp_??0CBrush@@QAE@K@Z   00592068     mfc100d:mfc100d.dll
 0005:0000206c       __imp_??0CPen@@QAE@HHK@Z   0059206c     mfc100d:mfc100d.dll
 0005:00002070       __imp_?SelectObject@CDC@@QAEPAVCPen@@PAV2@@Z 00592070     mfc100d:mfc100d.dll
 0005:00002074       __imp_?SelectObject@CDC@@QAEPAVCBrush@@PAV2@@Z 00592074     mfc100d:mfc100d.dll
 0005:00002078       __imp_?GetBkMode@CDC@@QBEHXZ 00592078     mfc100d:mfc100d.dll
 0005:0000207c       __imp_?Rectangle@CDC@@QAEHPBUtagRECT@@@Z 0059207c     mfc100d:mfc100d.dll
 0005:00002080       __imp_?MoveTo@CDC@@QAE?AVCPoint@@UtagPOINT@@@Z 00592080     mfc100d:mfc100d.dll
 0005:00002084       __imp_?LineTo@CDC@@QAEHUtagPOINT@@@Z 00592084     mfc100d:mfc100d.dll
 0005:00002088       __imp_??1CPen@@UAE@XZ      00592088     mfc100d:mfc100d.dll
 0005:0000208c       __imp_??0CColorDialog@@QAE@KKPAVCWnd@@@Z 0059208c     mfc100d:mfc100d.dll
 0005:00002090       __imp_?DoModal@CColorDialog@@UAEHXZ 00592090     mfc100d:mfc100d.dll
 0005:00002094       __imp_?GetColor@CColorDialog@@QBEKXZ 00592094     mfc100d:mfc100d.dll
 0005:00002098       __imp_?Invalidate@CWnd@@QAEXH@Z 00592098     mfc100d:mfc100d.dll
 0005:0000209c       __imp_?OnCtlColor@CWnd@@IAEPAUHBRUSH__@@PAVCDC@@PAV1@I@Z 0059209c     mfc100d:mfc100d.dll
 0005:000020a0       __imp_?GetDlgCtrlID@CWnd@@QBEHXZ 005920a0     mfc100d:mfc100d.dll
 0005:000020a4       __imp_?SetBkMode@CDC@@QAEHH@Z 005920a4     mfc100d:mfc100d.dll
 0005:000020a8       __imp_?CreateSolidBrush@CBrush@@QAEHK@Z 005920a8     mfc100d:mfc100d.dll
 0005:000020ac       __imp_??BCBrush@@QBEPAUHBRUSH__@@XZ 005920ac     mfc100d:mfc100d.dll
 0005:000020b0       __imp_?GetDlgItem@CWnd@@QBEPAV1@H@Z 005920b0     mfc100d:mfc100d.dll
 0005:000020b4       __imp_??0CBrush@@QAE@XZ    005920b4     mfc100d:mfc100d.dll
 0005:000020b8       __imp_?DDX_Check@@YGXPAVCDataExchange@@HAAH@Z 005920b8     mfc100d:mfc100d.dll
 0005:000020bc       __imp_?Append@?$CSimpleStringT@D$00@ATL@@QAEXPBD@Z 005920bc     mfc100d:mfc100d.dll
 0005:000020c0       __imp_?DDX_CBIndex@@YGXPAVCDataExchange@@HAAH@Z 005920c0     mfc100d:mfc100d.dll
 0005:000020c4       __imp_?Lookup@CMapStringToPtr@@QBEHPBDAAPAX@Z 005920c4     mfc100d:mfc100d.dll
 0005:000020c8       __imp_?StringLength@?$CSimpleStringT@D$00@ATL@@SAHPBD@Z 005920c8     mfc100d:mfc100d.dll
 0005:000020cc       __imp_?GetManager@?$CStringT@DV?$StrTraitMFC_DLL@DV?$ChTraitsCRT@D@ATL@@@@@ATL@@QBEPAUIAtlStringMgr@2@XZ 005920cc     mfc100d:mfc100d.dll
 0005:000020d0       __imp_??0?$CStringT@DV?$StrTraitMFC_DLL@DV?$ChTraitsCRT@D@ATL@@@@@ATL@@QAE@PAUIAtlStringMgr@1@@Z 005920d0     mfc100d:mfc100d.dll
 0005:000020d4       __imp_?Concatenate@?$CSimpleStringT@D$00@ATL@@KAXAAV12@PBDH1H@Z 005920d4     mfc100d:mfc100d.dll
 0005:000020d8       __imp_?DeleteObject@CGdiObject@@QAEHXZ 005920d8     mfc100d:mfc100d.dll
 0005:000020dc       __imp_?LoadBitmapA@CBitmap@@QAEHI@Z 005920dc     mfc100d:mfc100d.dll
 0005:000020e0       __imp_??BCBitmap@@QBEPAUHBITMAP__@@XZ 005920e0     mfc100d:mfc100d.dll
 0005:000020e4       __imp_?SetBitmap@CStatic@@QAEPAUHBITMAP__@@PAU2@@Z 005920e4     mfc100d:mfc100d.dll
 0005:000020e8       __imp_??1CWnd@@UAE@XZ      005920e8     mfc100d:mfc100d.dll
 0005:000020ec       __imp_?CompareNoCase@?$CStringT@DV?$StrTraitMFC_DLL@DV?$ChTraitsCRT@D@ATL@@@@@ATL@@QBEHPBD@Z 005920ec     mfc100d:mfc100d.dll
 0005:000020f0       __imp_?ShowWindow@CWnd@@QAEHH@Z 005920f0     mfc100d:mfc100d.dll
 0005:000020f4       __imp_?UpdateWindow@CWnd@@QAEXXZ 005920f4     mfc100d:mfc100d.dll
 0005:000020f8       __imp_?BringWindowToTop@CWnd@@QAEXXZ 005920f8     mfc100d:mfc100d.dll
 0005:000020fc       __imp_?ReverseFind@?$CStringT@DV?$StrTraitMFC_DLL@DV?$ChTraitsCRT@D@ATL@@@@@ATL@@QBEHD@Z 005920fc     mfc100d:mfc100d.dll
 0005:00002100       __imp_?Right@?$CStringT@DV?$StrTraitMFC_DLL@DV?$ChTraitsCRT@D@ATL@@@@@ATL@@QBE?AV12@H@Z 00592100     mfc100d:mfc100d.dll
 0005:00002104       __imp_?BitBlt@CDC@@QAEHHHHHPAV1@HHK@Z 00592104     mfc100d:mfc100d.dll
 0005:00002108       __imp_?SetROP2@CDC@@QAEHH@Z 00592108     mfc100d:mfc100d.dll
 0005:0000210c       __imp_??BCGdiObject@@QBEPAXXZ 0059210c     mfc100d:mfc100d.dll
 0005:00002110       __imp_??0CStdioFile@@QAE@XZ 00592110     mfc100d:mfc100d.dll
 0005:00002114       __imp_?Open@CStdioFile@@UAEHPBDIPAVCFileException@@@Z 00592114     mfc100d:mfc100d.dll
 0005:00002118       __imp_?WriteString@CStdioFile@@UAEXPBD@Z 00592118     mfc100d:mfc100d.dll
 0005:0000211c       __imp_?Close@CStdioFile@@UAEXXZ 0059211c     mfc100d:mfc100d.dll
 0005:00002120       __imp_??1CStdioFile@@UAE@XZ 00592120     mfc100d:mfc100d.dll
 0005:00002124       __imp_?MakeLower@?$CStringT@DV?$StrTraitMFC_DLL@DV?$ChTraitsCRT@D@ATL@@@@@ATL@@QAEAAV12@XZ 00592124     mfc100d:mfc100d.dll
 0005:00002128       __imp_??0CStatic@@QAE@XZ   00592128     mfc100d:mfc100d.dll
 0005:0000212c       __imp_??0CBitmap@@QAE@XZ   0059212c     mfc100d:mfc100d.dll
 0005:00002130       __imp_?SelectObject@CDC@@QAEPAXPAX@Z 00592130     mfc100d:mfc100d.dll
 0005:00002134       __imp_?Ellipse@CDC@@QAEHHHHH@Z 00592134     mfc100d:mfc100d.dll
 0005:00002138       __imp_?MoveTo@CDC@@QAE?AVCPoint@@HH@Z 00592138     mfc100d:mfc100d.dll
 0005:0000213c       __imp_?LineTo@CDC@@QAEHHH@Z 0059213c     mfc100d:mfc100d.dll
 0005:00002140       __imp_?Polyline@CDC@@QAEHPBUtagPOINT@@H@Z 00592140     mfc100d:mfc100d.dll
 0005:00002144       __imp_?Rectangle@CDC@@QAEHHHHH@Z 00592144     mfc100d:mfc100d.dll
 0005:00002148       __imp_??1CBrush@@UAE@XZ    00592148     mfc100d:mfc100d.dll
 0005:0000214c       __imp_?SetPixel@CDC@@QAEKHHK@Z 0059214c     mfc100d:mfc100d.dll
 0005:00002150       __imp_??0CPen@@QAE@XZ      00592150     mfc100d:mfc100d.dll
 0005:00002154       __imp_?CreatePen@CPen@@QAEHHHK@Z 00592154     mfc100d:mfc100d.dll
 0005:00002158       __imp_?Ellipse@CDC@@QAEHPBUtagRECT@@@Z 00592158     mfc100d:mfc100d.dll
 0005:0000215c       __imp_?AfxThrowInvalidArgException@@YGXXZ 0059215c     mfc100d:mfc100d.dll
 0005:00002160       __imp_?GetHeadPosition@CPtrList@@QBEPAU__POSITION@@XZ 00592160     mfc100d:mfc100d.dll
 0005:00002164       __imp_?GetNext@CPtrList@@QAEAAPAXAAPAU__POSITION@@@Z 00592164     mfc100d:mfc100d.dll
 0005:00002168       __imp_??2@YAPAXIPBDH@Z     00592168     mfc100d:mfc100d.dll
 0005:0000216c       __imp_?GetSize@CPtrList@@QBEHXZ 0059216c     mfc100d:mfc100d.dll
 0005:00002170       __imp_??4?$CStringT@DV?$StrTraitMFC_DLL@DV?$ChTraitsCRT@D@ATL@@@@@ATL@@QAEAAV01@ABV01@@Z 00592170     mfc100d:mfc100d.dll
 0005:00002174       __imp_?Trim@?$CStringT@DV?$StrTraitMFC_DLL@DV?$ChTraitsCRT@D@ATL@@@@@ATL@@QAEAAV12@XZ 00592174     mfc100d:mfc100d.dll
 0005:00002178       __imp_?AddTail@CPtrList@@QAEPAU__POSITION@@PAX@Z 00592178     mfc100d:mfc100d.dll
 0005:0000217c       __imp_??3@YAXPAXPBDH@Z     0059217c     mfc100d:mfc100d.dll
 0005:00002180       __imp_?Find@CPtrList@@QBEPAU__POSITION@@PAXPAU2@@Z 00592180     mfc100d:mfc100d.dll
 0005:00002184       __imp_?RemoveAt@CPtrList@@QAEXPAU__POSITION@@@Z 00592184     mfc100d:mfc100d.dll
 0005:00002188       __imp_?IsEmpty@CPtrList@@QBEHXZ 00592188     mfc100d:mfc100d.dll
 0005:0000218c       __imp_?GetHead@CPtrList@@QAEAAPAXXZ 0059218c     mfc100d:mfc100d.dll
 0005:00002190       __imp_?RemoveHead@CPtrList@@QAEPAXXZ 00592190     mfc100d:mfc100d.dll
 0005:00002194       __imp_??1CPtrList@@UAE@XZ  00592194     mfc100d:mfc100d.dll
 0005:00002198       __imp_??0CPtrList@@QAE@H@Z 00592198     mfc100d:mfc100d.dll
 0005:0000219c       __imp_??1CStatic@@UAE@XZ   0059219c     mfc100d:mfc100d.dll
 0005:000021a0       __imp_??1CBitmap@@UAE@XZ   005921a0     mfc100d:mfc100d.dll
 0005:000021a4       __imp_?GetAt@?$CSimpleStringT@D$00@ATL@@QBEDH@Z 005921a4     mfc100d:mfc100d.dll
 0005:000021a8       __imp_?SetCurSel@CListBox@@QAEHH@Z 005921a8     mfc100d:mfc100d.dll
 0005:000021ac       __imp_?InsertString@CListBox@@QAEHHPBD@Z 005921ac     mfc100d:mfc100d.dll
 0005:000021b0       __imp_?DDX_Text@@YGXPAVCDataExchange@@HAAV?$CStringT@DV?$StrTraitMFC_DLL@DV?$ChTraitsCRT@D@ATL@@@@@ATL@@@Z 005921b0     mfc100d:mfc100d.dll
 0005:000021b4       __imp_?Find@?$CStringT@DV?$StrTraitMFC_DLL@DV?$ChTraitsCRT@D@ATL@@@@@ATL@@QBEHDH@Z 005921b4     mfc100d:mfc100d.dll
 0005:000021b8       __imp_?GetCurSel@CListBox@@QBEHXZ 005921b8     mfc100d:mfc100d.dll
 0005:000021bc       __imp_??0CListBox@@QAE@XZ  005921bc     mfc100d:mfc100d.dll
 0005:000021c0       __imp_?GetMessageBar@CFrameWnd@@UAEPAVCWnd@@XZ 005921c0     mfc100d:mfc100d.dll
 0005:000021c4       __imp_??1CListBox@@UAE@XZ  005921c4     mfc100d:mfc100d.dll
 0005:000021c8       __imp_??0?$CStringT@DV?$StrTraitMFC_DLL@DV?$ChTraitsCRT@D@ATL@@@@@ATL@@QAE@XZ 005921c8     mfc100d:mfc100d.dll
 0005:000021cc       __imp_??1?$CStringT@DV?$StrTraitMFC_DLL@DV?$ChTraitsCRT@D@ATL@@@@@ATL@@QAE@XZ 005921cc     mfc100d:mfc100d.dll
 0005:000021d0       __imp_??3@YAXPAX@Z         005921d0     mfc100d:mfc100d.dll
 0005:000021d4       __imp_??0CMenu@@QAE@XZ     005921d4     mfc100d:mfc100d.dll
 0005:000021d8       __imp_?AfxWinMain@@YGHPAUHINSTANCE__@@0PADH@Z 005921d8     mfc100d:mfc100d.dll
 0005:000021dc       __imp_?AfxGetModuleState@@YGPAVAFX_MODULE_STATE@@XZ 005921dc     mfc100d:mfc100d.dll
 0005:000021e0       \177mfc100d_NULL_THUNK_DATA 005921e0     mfc100d:mfc100d.dll

 entry point at        0002:00001536

