 FreePcb

 Timestamp is 5e4be229 (Tue Feb 18 18:10:01 2020)

 Preferred load address is 00400000

 Start         Length     Name                   Class
 0001:00000000 00142e72H .textbss                DATA
 0002:00000000 002757b6H .text                   CODE
 0002:002757c0 0001b8b0H .text$x                 CODE
 0002:00291070 00002154H .text$yc                CODE
 0002:002931d0 000018e8H .text$yd                CODE
 0003:00000000 00000104H .CRT$XCA                DATA
 0003:00000104 00000104H .CRT$XCAA               DATA
 0003:00000208 0000010eH .CRT$XCC                DATA
 0003:00000318 0000018aH .CRT$XCL                DATA
 0003:000004a4 000001b0H .CRT$XCU                DATA
 0003:00000654 00000104H .CRT$XCZ                DATA
 0003:00000758 00000104H .CRT$XIA                DATA
 0003:0000085c 00000104H .CRT$XIAA               DATA
 0003:00000960 00000104H .CRT$XIC                DATA
 0003:00000a64 00000104H .CRT$XIY                DATA
 0003:00000b68 00000104H .CRT$XIZ                DATA
 0003:00000c70 00026b1eH .rdata                  DATA
 0003:00027790 0000013fH .rdata$debug            DATA
 0003:000278d0 0000304aH .rdata$r                DATA
 0003:0002a91c 00000104H .rtc$IAA                DATA
 0003:0002aa20 00000314H .rtc$IMZ                DATA
 0003:0002ad34 00000104H .rtc$IZZ                DATA
 0003:0002ae38 00000104H .rtc$TAA                DATA
 0003:0002af3c 00000314H .rtc$TMZ                DATA
 0003:0002b250 00000104H .rtc$TZZ                DATA
 0003:0002b358 000104ccH .xdata$x                DATA
 0003:0003b824 00000104H ATL$__a                 DATA
 0003:0003b928 00000104H ATL$__z                 DATA
 0003:0003ba2c 00000000H .edata                  DATA
 0004:00000000 00013102H .data                   DATA
 0004:00013108 001349e4H .bss                    DATA
 0005:00000000 000000c8H .idata$2                DATA
 0005:000000c8 00000014H .idata$3                DATA
 0005:000000dc 000013bcH .idata$4                DATA
 0005:00001498 000013bcH .idata$5                DATA
 0005:00002854 00001338H .idata$6                DATA
 0006:00000000 00001960H .rsrc$01                DATA
 0006:00001960 000af279H .rsrc$02                DATA

  Address         Publics by Value              Rva+Base       Lib:Object

 0000:00000000       ___safe_se_handler_count   00000000     <absolute>
 0000:00000000       __except_list              00000000     <absolute>
 0000:00000000       ___safe_se_handler_table   00000000     <absolute>
 0000:00009876       __ldused                   00009876     <absolute>
 0000:00009876       __fltused                  00009876     <absolute>
 0000:00000000       ___ImageBase               00400000     <linker-defined>
 0001:00000000       __enc$textbss$begin        00401000     <linker-defined>
 0001:00142e72       __enc$textbss$end          00543e72     <linker-defined>
 0002:0000b890       ?AfxAssertFailedLine@@YGHPBDH@Z 0054f890 f   afxasert.obj
 0002:0000b980       ??0Cuid@@QAE@XZ            0054f980 f   Cuid.obj
 0002:0000baa0       ?GetNewUID@Cuid@@QAEHXZ    0054faa0 f   Cuid.obj
 0002:0000bc80       ?ReleaseUID@Cuid@@QAEXI@Z  0054fc80 f   Cuid.obj
 0002:0000bd70       ??0DRError@@QAE@XZ         0054fd70 f   DesignRules.obj
 0002:0000bec0       ??1DRError@@QAE@XZ         0054fec0 f   DesignRules.obj
 0002:0000c000       ??0DRErrorList@@QAE@XZ     00550000 f   DesignRules.obj
 0002:0000c070       ??1DRErrorList@@QAE@XZ     00550070 f   DesignRules.obj
 0002:0000c120       ?SetLists@DRErrorList@@QAEXPAVCPartList@@PAVCNetList@@PAVCDisplayList@@PAVCTextList@@PAV?$CArray@VCPolyLine@@ABV1@@@@Z 00550120 f   DesignRules.obj
 0002:0000c190       ?Clear@DRErrorList@@QAEXXZ 00550190 f   DesignRules.obj
 0002:0000c260       ??_GDRError@@QAEPAXI@Z     00550260 f i DesignRules.obj
 0002:0000c2d0       ?Remove@DRErrorList@@QAEXPAVDRError@@@Z 005502d0 f   DesignRules.obj
 0002:0000c3a0       ?Add@DRErrorList@@QAEPAVDRError@@JHPAV?$CStringT@DV?$StrTraitMFC_DLL@DV?$ChTraitsCRT@D@ATL@@@@@ATL@@00Vid@@1HHHHHH@Z 005503a0 f   DesignRules.obj
 0002:0000c860       ?GetPadElement@@YAPAVdl_element@@PAVpart_pin@@H@Z 00550860 f   DesignRules.obj
 0002:0000c940       ?HighLight@DRErrorList@@QAEXPAVDRError@@@Z 00550940 f   DesignRules.obj
 0002:0000cf80       ?MakeSolidCircles@DRErrorList@@QAEXXZ 00550f80 f   DesignRules.obj
 0002:0000d100       ?MakeHollowCircles@DRErrorList@@QAEXXZ 00551100 f   DesignRules.obj
 0002:0000d300       ?GetSize@?$CArray@PAVdl_element@@ABQAV1@@@QBEHXZ 00551300 f i DesignRules.obj
 0002:0000d340       ??A?$CArray@PAVdl_element@@ABQAV1@@@QAEAAPAVdl_element@@H@Z 00551340 f i DesignRules.obj
 0002:0000d3a0       ?GetSize@?$CArray@VCPolyLine@@ABV1@@@QBEHXZ 005513a0 f i DesignRules.obj
 0002:0000d3e0       ?GetAt@?$CArray@VCPolyLine@@ABV1@@@QAEAAVCPolyLine@@H@Z 005513e0 f i DesignRules.obj
 0002:0000d490       ?GetSize@?$CArray@Vpart_pin@@ABV1@@@QBEHXZ 00551490 f i DesignRules.obj
 0002:0000d4d0       ??A?$CArray@Vpart_pin@@ABV1@@@QAEAAVpart_pin@@H@Z 005514d0 f i DesignRules.obj
 0002:0000d530       ??A?$CArray@Vcseg@@ABV1@@@QAEAAVcseg@@H@Z 00551530 f i DesignRules.obj
 0002:0000d590       ??A?$CArray@Vcconnect@@ABV1@@@QAEAAVcconnect@@H@Z 00551590 f i DesignRules.obj
 0002:0000d5f0       ??A?$CArray@Vcarea@@V1@@@QAEAAVcarea@@H@Z 005515f0 f i DesignRules.obj
 0002:0000d650       ?ElementAt@?$CArray@PAVdl_element@@ABQAV1@@@QAEAAPAVdl_element@@H@Z 00551650 f i DesignRules.obj
 0002:0000d700       ?ElementAt@?$CArray@Vpart_pin@@ABV1@@@QAEAAVpart_pin@@H@Z 00551700 f i DesignRules.obj
 0002:0000d7b0       ?ElementAt@?$CArray@Vcseg@@ABV1@@@QAEAAVcseg@@H@Z 005517b0 f i DesignRules.obj
 0002:0000d860       ?ElementAt@?$CArray@Vcconnect@@ABV1@@@QAEAAVcconnect@@H@Z 00551860 f i DesignRules.obj
 0002:0000d910       ?ElementAt@?$CArray@Vcarea@@V1@@@QAEAAVcarea@@H@Z 00551910 f i DesignRules.obj
 0002:0000d9c0       ??0id@@QAE@HHHHH@Z         005519c0 f i DesignRules.obj
 0002:0000da40       ??0CDisplayList@@QAE@XZ    00551a40 f   DisplayList.obj
 0002:0000dd90       ??0dl_element@@QAE@XZ      00551d90 f i DisplayList.obj
 0002:0000de00       ??1dl_element@@QAE@XZ      00551e00 f i DisplayList.obj
 0002:0000de60       ??1CDisplayList@@QAE@XZ    00551e60 f   DisplayList.obj
 0002:0000df20       ?RemoveAll@CDisplayList@@QAEXXZ 00551f20 f   DisplayList.obj
 0002:0000e060       ?SetMapping@CDisplayList@@QAEXPAVCRect@@0HHNHH@Z 00552060 f   DisplayList.obj
 0002:0000e3d0       ?AddSelector@CDisplayList@@QAEPAVdl_element@@Vid@@PAXHHPAUtagRECT@@HPAVCPoint@@HH@Z 005523d0 f   DisplayList.obj
 0002:0000e4a0       ?AddSelector@CDisplayList@@QAEXPAVdl_element@@@Z 005524a0 f   DisplayList.obj
 0002:0000e500       ?Add@CDisplayList@@QAEPAVdl_element@@Vid@@PAXHHHPAUtagRECT@@HPAVCPoint@@HH@Z 00552500 f   DisplayList.obj
 0002:0000e990       ?HighLight@CDisplayList@@QAEXPAVdl_element@@@Z 00552990 f   DisplayList.obj
 0002:0000e9f0       ?HighlightAll@CDisplayList@@QAEHXZ 005529f0 f   DisplayList.obj
 0002:0000eba0       ?GetHighlightedBounds@CDisplayList@@QAE?AUtagRECT@@PAH@Z 00552ba0 f   DisplayList.obj
 0002:0000ee60       ?Cpy@CDisplayList@@QAEPAVdl_element@@PAV2@@Z 00552e60 f   DisplayList.obj
 0002:0000f010       ?Move@CDisplayList@@QAEXPAVdl_element@@HH@Z 00553010 f   DisplayList.obj
 0002:0000f0f0       ?Get_Start@CDisplayList@@QAEPAVdl_element@@XZ 005530f0 f   DisplayList.obj
 0002:0000f130       ?Get_End@CDisplayList@@QAEPAVdl_element@@XZ 00553130 f   DisplayList.obj
 0002:0000f170       ?Get_Rect@CDisplayList@@QAEPAUtagRECT@@PAVdl_element@@PAU2@@Z 00553170 f   DisplayList.obj
 0002:0000f210       ?Get_Points@CDisplayList@@QAEPAV?$CArray@VCPoint@@ABV1@@@PAVdl_element@@PAVCPoint@@PAHHH@Z 00553210 f   DisplayList.obj
 0002:0000f360       ?Get_el_w@CDisplayList@@QAEHPAVdl_element@@@Z 00553360 f   DisplayList.obj
 0002:0000f3b0       ?Get_Selected@CDisplayList@@QAEHXZ 005533b0 f   DisplayList.obj
 0002:0000f450       ?Set_RectGroup@CDisplayList@@QAEXPAVdl_element@@HHHH@Z 00553450 f   DisplayList.obj
 0002:0000f4e0       ?Get_RectGroup@CDisplayList@@QAEHPAVdl_element@@PAUtagRECT@@@Z 005534e0 f   DisplayList.obj
 0002:0000f590       ?Get_Endpoints@CDisplayList@@QAEXPAVCPoint@@0@Z 00553590 f   DisplayList.obj
 0002:0000f630       ?Remove@CDisplayList@@QAE?AVid@@PAVdl_element@@@Z 00553630 f   DisplayList.obj
 0002:0000f800       ??_Gdl_element@@QAEPAXI@Z  00553800 f i DisplayList.obj
 0002:0000f870       ?Draw@CDisplayList@@QAEXPAVCDC@@H@Z 00553870 f   DisplayList.obj
 0002:00013f40       ??_H@YGXPAXIHP6EPAX0@Z@Z   00557f40 f i DisplayList.obj
 0002:00013fb0       ?SetLayerRGB@CDisplayList@@QAEXHHHH@Z 00557fb0 f   DisplayList.obj
 0002:00014030       ?SetLayerVisible@CDisplayList@@QAEXHH@Z 00558030 f   DisplayList.obj
 0002:00014080       ?TestSelect@CDisplayList@@QAEPAXHHPAVid@@PAH0PAX0H@Z 00558080 f   DisplayList.obj
 0002:00015410       ??_Fid@@QAEXXZ             00559410 f i DisplayList.obj
 0002:00015470       ?StartDraggingArray@CDisplayList@@QAEHPAVCDC@@HHH@Z 00559470 f   DisplayList.obj
 0002:00015570       ?StartDraggingRectangle@CDisplayList@@QAEHPAVCDC@@HHHHHHH@Z 00559570 f   DisplayList.obj
 0002:00015720       ?StartDraggingRatLine@CDisplayList@@QAEHPAVCDC@@HHHHHHH@Z 00559720 f   DisplayList.obj
 0002:00015830       ?SetDragArcStyle@CDisplayList@@QAEXH@Z 00559830 f   DisplayList.obj
 0002:000158c0       ?StartDraggingArc@CDisplayList@@QAEHPAVCDC@@HHHHHHHH@Z 005598c0 f   DisplayList.obj
 0002:00015a30       ?StartDraggingLine@CDisplayList@@QAEHPAVCDC@@HHHHHHHHHHHH@Z 00559a30 f   DisplayList.obj
 0002:00015bd0       ?StartDraggingLineVertex@CDisplayList@@QAEHPAVCDC@@HHHHHHHHHHHHHHHHH@Z 00559bd0 f   DisplayList.obj
 0002:00015e30       ?StartDraggingLineSegment@CDisplayList@@QAEHPAVCDC@@HHHHHHHHHHHHHHHHHHHHHHH@Z 00559e30 f   DisplayList.obj
 0002:000160d0       ?Drag@CDisplayList@@QAEXPAVCDC@@HH@Z 0055a0d0 f   DisplayList.obj
 0002:000188a0       ?StopDragging@CDisplayList@@QAEHXZ 0055c8a0 f   DisplayList.obj
 0002:00018930       ?ChangeRoutingLayer@CDisplayList@@QAEXPAVCDC@@HHH@Z 0055c930 f   DisplayList.obj
 0002:00019100       ?IncrementDragAngle@CDisplayList@@QAEXPAVCDC@@@Z 0055d100 f   DisplayList.obj
 0002:000196a0       ?FlipDragSide@CDisplayList@@QAEXPAVCDC@@@Z 0055d6a0 f   DisplayList.obj
 0002:00019c70       ?GetDragSide@CDisplayList@@QAEHXZ 0055dc70 f   DisplayList.obj
 0002:00019cb0       ?GetDragAngle@CDisplayList@@QAEHXZ 0055dcb0 f   DisplayList.obj
 0002:00019cf0       ?MakeDragLineArray@CDisplayList@@QAEHH@Z 0055dcf0 f   DisplayList.obj
 0002:00019dd0       ?MakeDragRatlineArray@CDisplayList@@QAEHHH@Z 0055ddd0 f   DisplayList.obj
 0002:00019f40       ?AddDragLine@CDisplayList@@QAEHVCPoint@@0@Z 0055df40 f   DisplayList.obj
 0002:0001a070       ?AddDragRatline@CDisplayList@@QAEHVCPoint@@0@Z 0055e070 f   DisplayList.obj
 0002:0001a190       ?CancelHighLight@CDisplayList@@QAEHH@Z 0055e190 f   DisplayList.obj
 0002:0001a2e0       ?SetDCToWorldCoords@CDisplayList@@QAEXPAVCDC@@00HH@Z 0055e2e0 f   DisplayList.obj
 0002:0001a6c0       ?SetVisibleGrid@CDisplayList@@QAEXHN@Z 0055e6c0 f   DisplayList.obj
 0002:0001a720       ?SetStatic@CDisplayList@@QAEXH@Z 0055e720 f   DisplayList.obj
 0002:0001a800       ?SetUpCrosshairs@CDisplayList@@QAEXHHH@Z 0055e800 f   DisplayList.obj
 0002:0001ab30       ?WindowToPCB@CDisplayList@@QAE?AVCPoint@@V2@@Z 0055eb30 f   DisplayList.obj
 0002:0001ac70       ?ScreenToPCB@CDisplayList@@QAE?AVCPoint@@V2@@Z 0055ec70 f   DisplayList.obj
 0002:0001ad60       ?PCBToScreen@CDisplayList@@QAE?AVCPoint@@V2@@Z 0055ed60 f   DisplayList.obj
 0002:0001aeb0       ?GetWindowRect@CDisplayList@@QAE?AUtagRECT@@XZ 0055eeb0 f   DisplayList.obj
 0002:0001afa0       ??0?$CArray@VCPoint@@ABV1@@@QAE@XZ 0055efa0 f i DisplayList.obj
 0002:0001b030       ?GetSize@?$CArray@VCPoint@@ABV1@@@QBEHXZ 0055f030 f i DisplayList.obj
 0002:0001b070       ??A?$CArray@VCPoint@@ABV1@@@QAEAAVCPoint@@H@Z 0055f070 f i DisplayList.obj
 0002:0001b0d0       ?ElementAt@?$CArray@VCPoint@@ABV1@@@QAEAAVCPoint@@H@Z 0055f0d0 f i DisplayList.obj
 0002:0001b180       ??8@YAHVid@@0@Z            0055f180 f i DisplayList.obj
 0002:0001b210       ??1?$CArray@VCPoint@@ABV1@@@UAE@XZ 0055f210 f i DisplayList.obj
 0002:0001b320       ?Serialize@?$CArray@VCPoint@@ABV1@@@UAEXAAVCArchive@@@Z 0055f320 f i DisplayList.obj
 0002:0001b3f0       ?Dump@?$CArray@VCPoint@@ABV1@@@UBEXAAVCDumpContext@@@Z 0055f3f0 f i DisplayList.obj
 0002:0001b4d0       ?AssertValid@?$CArray@VCPoint@@ABV1@@@UBEXXZ 0055f4d0 f i DisplayList.obj
 0002:0001b630       ??_G?$CArray@VCPoint@@ABV1@@@UAEPAXI@Z 0055f630 f i DisplayList.obj
 0002:0001b630       ??_E?$CArray@VCPoint@@ABV1@@@UAEPAXI@Z 0055f630 f i DisplayList.obj
 0002:0001b6a0       ?SetSize@?$CArray@VCPoint@@ABV1@@@QAEXHH@Z 0055f6a0 f i DisplayList.obj
 0002:0001bcc0       ??2@YAPAXIPAX@Z            0055fcc0 f i DisplayList.obj
 0002:0001bd00       ?memcpy_s@Checked@ATL@@YAXPAXIPBXI@Z 0055fd00 f i DisplayList.obj
 0002:0001bd80       ?AfxCrtErrorCheck@@YAHH@Z  0055fd80 f i DisplayList.obj
 0002:0001be90       ??$SerializeElements@VCPoint@@@@YGXAAVCArchive@@PAVCPoint@@H@Z 0055fe90 f i DisplayList.obj
 0002:0001c080       ??$DumpElements@VCPoint@@@@YGXAAVCDumpContext@@PBVCPoint@@H@Z 00560080 f i DisplayList.obj
 0002:0001c170       ?_GetBaseClass@CDlgAddArea@@KGPAUCRuntimeClass@@XZ 00560170 f   DlgAddArea.obj
 0002:0001c1c0       ?GetThisClass@CDlgAddArea@@SGPAUCRuntimeClass@@XZ 005601c0 f   DlgAddArea.obj
 0002:0001c200       ?GetRuntimeClass@CDlgAddArea@@UBEPAUCRuntimeClass@@XZ 00560200 f   DlgAddArea.obj
 0002:0001c240       ??0CDlgAddArea@@QAE@PAVCWnd@@@Z 00560240 f   DlgAddArea.obj
 0002:0001c3a0       ??_GCDlgAddArea@@UAEPAXI@Z 005603a0 f i DlgAddArea.obj
 0002:0001c3a0       ??_ECDlgAddArea@@UAEPAXI@Z 005603a0 f i DlgAddArea.obj
 0002:0001c410       ??1CDlgAddArea@@UAE@XZ     00560410 f   DlgAddArea.obj
 0002:0001c560       ?DoDataExchange@CDlgAddArea@@MAEXPAVCDataExchange@@@Z 00560560 f   DlgAddArea.obj
 0002:0001cc40       ?GetMessageMap@CDlgAddArea@@MBEPBUAFX_MSGMAP@@XZ 00560c40 f   DlgAddArea.obj
 0002:0001cc90       ?GetThisMessageMap@CDlgAddArea@@KGPBUAFX_MSGMAP@@XZ 00560c90 f   DlgAddArea.obj
 0002:0001ccd0       ?Initialize@CDlgAddArea@@QAEXPAVCNetList@@HPAVcnet@@HHHHH@Z 00560cd0 f   DlgAddArea.obj
 0002:0001cd80       ?_GetBaseClass@CDlgAddMaskCutout@@KGPAUCRuntimeClass@@XZ 00560d80 f   DlgAddMaskCutout.obj
 0002:0001cdd0       ?GetThisClass@CDlgAddMaskCutout@@SGPAUCRuntimeClass@@XZ 00560dd0 f   DlgAddMaskCutout.obj
 0002:0001ce10       ?GetRuntimeClass@CDlgAddMaskCutout@@UBEPAUCRuntimeClass@@XZ 00560e10 f   DlgAddMaskCutout.obj
 0002:0001ce50       ??0CDlgAddMaskCutout@@QAE@PAVCWnd@@@Z 00560e50 f   DlgAddMaskCutout.obj
 0002:0001cf60       ??_ECDlgAddMaskCutout@@UAEPAXI@Z 00560f60 f i DlgAddMaskCutout.obj
 0002:0001cf60       ??_GCDlgAddMaskCutout@@UAEPAXI@Z 00560f60 f i DlgAddMaskCutout.obj
 0002:0001cfd0       ??1CDlgAddMaskCutout@@UAE@XZ 00560fd0 f   DlgAddMaskCutout.obj
 0002:0001d0d0       ?Initialize@CDlgAddMaskCutout@@QAEXHH@Z 005610d0 f   DlgAddMaskCutout.obj
 0002:0001d130       ?DoDataExchange@CDlgAddMaskCutout@@MAEXPAVCDataExchange@@@Z 00561130 f   DlgAddMaskCutout.obj
 0002:0001d720       ?GetMessageMap@CDlgAddMaskCutout@@MBEPBUAFX_MSGMAP@@XZ 00561720 f   DlgAddMaskCutout.obj
 0002:0001d770       ?GetThisMessageMap@CDlgAddMaskCutout@@KGPBUAFX_MSGMAP@@XZ 00561770 f   DlgAddMaskCutout.obj
 0002:0001d7b0       ?_GetBaseClass@CDlgAddMerge@@KGPAUCRuntimeClass@@XZ 005617b0 f   DlgAddMerge.obj
 0002:0001d800       ?GetThisClass@CDlgAddMerge@@SGPAUCRuntimeClass@@XZ 00561800 f   DlgAddMerge.obj
 0002:0001d840       ?GetRuntimeClass@CDlgAddMerge@@UBEPAUCRuntimeClass@@XZ 00561840 f   DlgAddMerge.obj
 0002:0001d880       ??0CDlgAddMerge@@QAE@PAVCWnd@@@Z 00561880 f   DlgAddMerge.obj
 0002:0001d9e0       ??_ECDlgAddMerge@@UAEPAXI@Z 005619e0 f i DlgAddMerge.obj
 0002:0001d9e0       ??_GCDlgAddMerge@@UAEPAXI@Z 005619e0 f i DlgAddMerge.obj
 0002:0001da50       ??1CDlgAddMerge@@UAE@XZ    00561a50 f   DlgAddMerge.obj
 0002:0001db60       ?DoDataExchange@CDlgAddMerge@@MAEXPAVCDataExchange@@@Z 00561b60 f   DlgAddMerge.obj
 0002:0001e330       ?GetMessageMap@CDlgAddMerge@@MBEPBUAFX_MSGMAP@@XZ 00562330 f   DlgAddMerge.obj
 0002:0001e380       ?GetThisMessageMap@CDlgAddMerge@@KGPBUAFX_MSGMAP@@XZ 00562380 f   DlgAddMerge.obj
 0002:0001e3c0       ??8ATL@@YA_NABV?$CStringT@DV?$StrTraitMFC_DLL@DV?$ChTraitsCRT@D@ATL@@@@@0@PBD@Z 005623c0 f i DlgAddMerge.obj
 0002:0001e430       ?GetIndex@Merge@@QAEHV?$CStringT@DV?$StrTraitMFC_DLL@DV?$ChTraitsCRT@D@ATL@@@@@ATL@@@Z 00562430 f i DlgAddMerge.obj
 0002:0001e590       ?GetMerge@Merge@@QAE?AV?$CStringT@DV?$StrTraitMFC_DLL@DV?$ChTraitsCRT@D@ATL@@@@@ATL@@H@Z 00562590 f i DlgAddMerge.obj
 0002:0001e680       ?GetSize@Merge@@QAEHXZ     00562680 f i DlgAddMerge.obj
 0002:0001e6c0       ??A?$CArray@V?$CStringT@DV?$StrTraitMFC_DLL@DV?$ChTraitsCRT@D@ATL@@@@@ATL@@ABV12@@@QAEAAV?$CStringT@DV?$StrTraitMFC_DLL@DV?$ChTraitsCRT@D@ATL@@@@@ATL@@H@Z 005626c0 f i DlgAddMerge.obj
 0002:0001e720       ?ElementAt@?$CArray@V?$CStringT@DV?$StrTraitMFC_DLL@DV?$ChTraitsCRT@D@ATL@@@@@ATL@@ABV12@@@QAEAAV?$CStringT@DV?$StrTraitMFC_DLL@DV?$ChTraitsCRT@D@ATL@@@@@ATL@@H@Z 00562720 f i DlgAddMerge.obj
 0002:0001e7d0       ?_GetBaseClass@CDlgAddNet@@KGPAUCRuntimeClass@@XZ 005627d0 f   DlgAddNet.obj
 0002:0001e820       ?GetThisClass@CDlgAddNet@@SGPAUCRuntimeClass@@XZ 00562820 f   DlgAddNet.obj
 0002:0001e860       ?GetRuntimeClass@CDlgAddNet@@UBEPAUCRuntimeClass@@XZ 00562860 f   DlgAddNet.obj
 0002:0001e8a0       ??0CDlgAddNet@@QAE@PAVCWnd@@@Z 005628a0 f   DlgAddNet.obj
 0002:0001e910       ??_GCDlgAddNet@@UAEPAXI@Z  00562910 f i DlgAddNet.obj
 0002:0001e910       ??_ECDlgAddNet@@UAEPAXI@Z  00562910 f i DlgAddNet.obj
 0002:0001e980       ??1CDlgAddNet@@UAE@XZ      00562980 f   DlgAddNet.obj
 0002:0001e9e0       ?DoDataExchange@CDlgAddNet@@MAEXPAVCDataExchange@@@Z 005629e0 f   DlgAddNet.obj
 0002:0001ea40       ?GetMessageMap@CDlgAddNet@@MBEPBUAFX_MSGMAP@@XZ 00562a40 f   DlgAddNet.obj
 0002:0001ea90       ?GetThisMessageMap@CDlgAddNet@@KGPBUAFX_MSGMAP@@XZ 00562a90 f   DlgAddNet.obj
 0002:0001ead0       ?_GetBaseClass@CDlgAddPart@@KGPAUCRuntimeClass@@XZ 00562ad0 f   DlgAddPart.obj
 0002:0001eb20       ?GetThisClass@CDlgAddPart@@SGPAUCRuntimeClass@@XZ 00562b20 f   DlgAddPart.obj
 0002:0001eb60       ?GetRuntimeClass@CDlgAddPart@@UBEPAUCRuntimeClass@@XZ 00562b60 f   DlgAddPart.obj
 0002:0001eba0       ??0CDlgAddPart@@QAE@PAVCWnd@@@Z 00562ba0 f   DlgAddPart.obj
 0002:0001eed0       ??_ECDlgAddPart@@UAEPAXI@Z 00562ed0 f i DlgAddPart.obj
 0002:0001eed0       ??_GCDlgAddPart@@UAEPAXI@Z 00562ed0 f i DlgAddPart.obj
 0002:0001ef40       ??1CDlgAddPart@@UAE@XZ     00562f40 f   DlgAddPart.obj
 0002:0001f230       ?DoDataExchange@CDlgAddPart@@MAEXPAVCDataExchange@@@Z 00563230 f   DlgAddPart.obj
 0002:00021690       ?GetNewName@CDlgDupFootprintName@@QAEPAV?$CStringT@DV?$StrTraitMFC_DLL@DV?$ChTraitsCRT@D@ATL@@@@@ATL@@XZ 00565690 f i DlgAddPart.obj
 0002:000216d0       ?GetMessageMap@CDlgAddPart@@MBEPBUAFX_MSGMAP@@XZ 005656d0 f   DlgAddPart.obj
 0002:00021720       ?GetThisMessageMap@CDlgAddPart@@KGPBUAFX_MSGMAP@@XZ 00565720 f   DlgAddPart.obj
 0002:00021760       ?Initialize@CDlgAddPart@@QAEXPAV?$CArray@Upart_info@@ABU1@@@HHHHHHPAVCMapStringToPtr@@PAVCFootLibFolderMap@@HPAVCDlgLog@@PAV?$CStringT@DV?$StrTraitMFC_DLL@DV?$ChTraitsCRT@D@ATL@@@@@ATL@@@Z 00565760 f   DlgAddPart.obj
 0002:00021900       ?GetDragFlag@CDlgAddPart@@QAEHXZ 00565900 f   DlgAddPart.obj
 0002:00021940       ?OnInitDialog@CDlgAddPart@@EAEHXZ 00565940 f   DlgAddPart.obj
 0002:000228a0       ?InitPartLibTree@CDlgAddPart@@QAEXV?$CStringT@DV?$StrTraitMFC_DLL@DV?$ChTraitsCRT@D@ATL@@@@@ATL@@@Z 005668a0 f   DlgAddPart.obj
 0002:00023260       ?OnTvnSelchangedPartLibTree@CDlgAddPart@@AAEXPAUtagNMHDR@@PAJ@Z 00567260 f   DlgAddPart.obj
 0002:00023c60       ?OnBnClickedRadioDrag@CDlgAddPart@@AAEXXZ 00567c60 f   DlgAddPart.obj
 0002:00023d20       ?OnBnClickedRadioSet@CDlgAddPart@@AAEXXZ 00567d20 f   DlgAddPart.obj
 0002:00023de0       ?OnBnClickedRadioOffBoard@CDlgAddPart@@AAEXXZ 00567de0 f   DlgAddPart.obj
 0002:00023ea0       ?OnEditFootChange@CDlgAddPart@@AAEXXZ 00567ea0 f   DlgAddPart.obj
 0002:00024020       ?OnBnClickedOk@CDlgAddPart@@AAEXXZ 00568020 f   DlgAddPart.obj
 0002:000241e0       ?OnBnClickedCancel@CDlgAddPart@@AAEXXZ 005681e0 f   DlgAddPart.obj
 0002:000243b0       ?OnCbnSelchangeComboAddPartUnits@CDlgAddPart@@AAEXXZ 005683b0 f   DlgAddPart.obj
 0002:00024450       ?GetFields@CDlgAddPart@@QAEXXZ 00568450 f   DlgAddPart.obj
 0002:000246d0       ?SetFields@CDlgAddPart@@QAEXXZ 005686d0 f   DlgAddPart.obj
 0002:00024930       ?OnBnClickedButtonBrowse@CDlgAddPart@@AAEXXZ 00568930 f   DlgAddPart.obj
 0002:00024c60       ??1CPathDialog@@QAE@XZ     00568c60 f i DlgAddPart.obj
 0002:00024cc0       ??1CPathDialogSub@@UAE@XZ  00568cc0 f i DlgAddPart.obj
 0002:00024d10       ?OnStnClickedStatic2@CDlgAddPart@@QAEXXZ 00568d10 f   DlgAddPart.obj
 0002:00024d50       ??HATL@@YA?AV?$CStringT@DV?$StrTraitMFC_DLL@DV?$ChTraitsCRT@D@ATL@@@@@0@ABV10@0@Z 00568d50 f i DlgAddPart.obj
 0002:00024f10       ??8ATL@@YA_NABV?$CStringT@DV?$StrTraitMFC_DLL@DV?$ChTraitsCRT@D@ATL@@@@@0@0@Z 00568f10 f i DlgAddPart.obj
 0002:00024f90       ??9ATL@@YA_NABV?$CStringT@DV?$StrTraitMFC_DLL@DV?$ChTraitsCRT@D@ATL@@@@@0@0@Z 00568f90 f i DlgAddPart.obj
 0002:00025010       ?GetSize@?$CArray@Vpadstack@@ABV1@@@QBEHXZ 00569010 f i DlgAddPart.obj
 0002:00025050       ??A?$CArray@Vpadstack@@ABV1@@@QAEAAVpadstack@@H@Z 00569050 f i DlgAddPart.obj
 0002:000250b0       ?GetSize@?$CArray@Upart_info@@ABU1@@@QBEHXZ 005690b0 f i DlgAddPart.obj
 0002:000250f0       ?SetSize@?$CArray@Upart_info@@ABU1@@@QAEXHH@Z 005690f0 f i DlgAddPart.obj
 0002:00025750       ?GetAt@?$CArray@Upart_info@@ABU1@@@QAEAAUpart_info@@H@Z 00569750 f i DlgAddPart.obj
 0002:00025800       ??A?$CArray@Upart_info@@ABU1@@@QAEAAUpart_info@@H@Z 00569800 f i DlgAddPart.obj
 0002:00025860       ??_Gpart_info@@QAEPAXI@Z   00569860 f i DlgAddPart.obj
 0002:000258d0       ??0part_info@@QAE@XZ       005698d0 f i DlgAddPart.obj
 0002:00025950       ??1part_info@@QAE@XZ       00569950 f i DlgAddPart.obj
 0002:000259d0       ?ElementAt@?$CArray@Vpadstack@@ABV1@@@QAEAAVpadstack@@H@Z 005699d0 f i DlgAddPart.obj
 0002:00025a80       ?ElementAt@?$CArray@Upart_info@@ABU1@@@QAEAAUpart_info@@H@Z 00569a80 f i DlgAddPart.obj
 0002:00025b30       ?SetExpanded@CFootLibFolder@@QAEXHH@Z 00569b30 f i DlgAddPart.obj
 0002:00025ba0       ??A?$CArray@VCFootLib@@ABV1@@@QAEAAVCFootLib@@H@Z 00569ba0 f i DlgAddPart.obj
 0002:00025c00       ?ElementAt@?$CArray@VCFootLib@@ABV1@@@QAEAAVCFootLib@@H@Z 00569c00 f i DlgAddPart.obj
 0002:00025cb0       ?ConvertMaskCurSelToShape@@YAHH@Z 00569cb0 f   DlgAddPin.obj
 0002:00025d00       ?ConvertMaskShapeToCurSel@@YAHH@Z 00569d00 f   DlgAddPin.obj
 0002:00025d50       ?GetNameValue@@YANPAV?$CStringT@DV?$StrTraitMFC_DLL@DV?$ChTraitsCRT@D@ATL@@@@@ATL@@@Z 00569d50 f   DlgAddPin.obj
 0002:00025e90       ?SortByName@@YAXPAV?$CArray@V?$CStringT@DV?$StrTraitMFC_DLL@DV?$ChTraitsCRT@D@ATL@@@@@ATL@@ABV12@@@@Z 00569e90 f   DlgAddPin.obj
 0002:000260c0       ?_GetBaseClass@CDlgAddPin@@KGPAUCRuntimeClass@@XZ 0056a0c0 f   DlgAddPin.obj
 0002:00026110       ?GetThisClass@CDlgAddPin@@SGPAUCRuntimeClass@@XZ 0056a110 f   DlgAddPin.obj
 0002:00026150       ?GetRuntimeClass@CDlgAddPin@@UBEPAUCRuntimeClass@@XZ 0056a150 f   DlgAddPin.obj
 0002:00026190       ??0CDlgAddPin@@QAE@PAVCWnd@@@Z 0056a190 f   DlgAddPin.obj
 0002:000269b0       ??_GCDlgAddPin@@UAEPAXI@Z  0056a9b0 f i DlgAddPin.obj
 0002:000269b0       ??_ECDlgAddPin@@UAEPAXI@Z  0056a9b0 f i DlgAddPin.obj
 0002:00026a20       ??1CDlgAddPin@@UAE@XZ      0056aa20 f   DlgAddPin.obj
 0002:00026fb0       ?DoDataExchange@CDlgAddPin@@MAEXPAVCDataExchange@@@Z 0056afb0 f   DlgAddPin.obj
 0002:0002aff0       ?GetMessageMap@CDlgAddPin@@MBEPBUAFX_MSGMAP@@XZ 0056eff0 f   DlgAddPin.obj
 0002:0002b040       ?GetThisMessageMap@CDlgAddPin@@KGPBUAFX_MSGMAP@@XZ 0056f040 f   DlgAddPin.obj
 0002:0002b080       ?InitDialog@CDlgAddPin@@QAEXPAVCShape@@HHH@Z 0056f080 f   DlgAddPin.obj
 0002:0002b190       ?OnBnClickedRadioAddPin@CDlgAddPin@@QAEXXZ 0056f190 f   DlgAddPin.obj
 0002:0002b320       ?OnBnClickedRadioAddRow@CDlgAddPin@@QAEXXZ 0056f320 f   DlgAddPin.obj
 0002:0002b490       ?OnBnClickedRadioDragPin@CDlgAddPin@@QAEXXZ 0056f490 f   DlgAddPin.obj
 0002:0002b540       ?OnBnClickedRadioSetPinPos@CDlgAddPin@@QAEXXZ 0056f540 f   DlgAddPin.obj
 0002:0002b610       ?OnBnClickedCheckInnerSameAs@CDlgAddPin@@QAEXXZ 0056f610 f   DlgAddPin.obj
 0002:0002b670       ?OnBnClickedCheckBottomSameAs@CDlgAddPin@@QAEXXZ 0056f670 f   DlgAddPin.obj
 0002:0002b6d0       ?OnCbnSelchangeComboPinUnits@CDlgAddPin@@QAEXXZ 0056f6d0 f   DlgAddPin.obj
 0002:0002b770       ?SetFields@CDlgAddPin@@IAEXXZ 0056f770 f   DlgAddPin.obj
 0002:0002cf60       ?GetFields@CDlgAddPin@@IAEXXZ 00570f60 f   DlgAddPin.obj
 0002:0002e3b0       ?OnChange@CDlgAddPin@@QAEXXZ 005723b0 f   DlgAddPin.obj
 0002:0002e410       ?OnChangeTopPadParam@CDlgAddPin@@QAEXXZ 00572410 f   DlgAddPin.obj
 0002:0002e760       ?OnBnClickedCheckBottomSameAs2@CDlgAddPin@@QAEXXZ 00572760 f   DlgAddPin.obj
 0002:0002e7a0       ?InsertAt@?$CArray@Vpadstack@@ABV1@@@QAEXHABVpadstack@@H@Z 005727a0 f i DlgAddPin.obj
 0002:0002eaf0       ??3@YAXPAX0@Z              00572af0 f i DlgAddPin.obj
 0002:0002eb20       ?RemoveAt@?$CArray@Vpadstack@@ABV1@@@QAEXHH@Z 00572b20 f i DlgAddPin.obj
 0002:0002ed00       ??4padstack@@QAEAAV0@ABV0@@Z 00572d00 f i DlgAddPin.obj
 0002:0002ef90       ?memmove_s@Checked@ATL@@YAXPAXIPBXI@Z 00572f90 f i DlgAddPin.obj
 0002:0002f010       ??0?$CArray@V?$CStringT@DV?$StrTraitMFC_DLL@DV?$ChTraitsCRT@D@ATL@@@@@ATL@@ABV12@@@QAE@XZ 00573010 f i DlgAddPin.obj
 0002:0002f0a0       ?GetSize@?$CArray@V?$CStringT@DV?$StrTraitMFC_DLL@DV?$ChTraitsCRT@D@ATL@@@@@ATL@@ABV12@@@QBEHXZ 005730a0 f i DlgAddPin.obj
 0002:0002f0e0       ?SetSize@?$CArray@V?$CStringT@DV?$StrTraitMFC_DLL@DV?$ChTraitsCRT@D@ATL@@@@@ATL@@ABV12@@@QAEXHH@Z 005730e0 f i DlgAddPin.obj
 0002:0002f760       ??1?$CArray@V?$CStringT@DV?$StrTraitMFC_DLL@DV?$ChTraitsCRT@D@ATL@@@@@ATL@@ABV12@@@UAE@XZ 00573760 f i DlgAddPin.obj
 0002:0002f890       ?Serialize@?$CArray@V?$CStringT@DV?$StrTraitMFC_DLL@DV?$ChTraitsCRT@D@ATL@@@@@ATL@@ABV12@@@UAEXAAVCArchive@@@Z 00573890 f i DlgAddPin.obj
 0002:0002f960       ?Dump@?$CArray@V?$CStringT@DV?$StrTraitMFC_DLL@DV?$ChTraitsCRT@D@ATL@@@@@ATL@@ABV12@@@UBEXAAVCDumpContext@@@Z 00573960 f i DlgAddPin.obj
 0002:0002fa40       ?AssertValid@?$CArray@V?$CStringT@DV?$StrTraitMFC_DLL@DV?$ChTraitsCRT@D@ATL@@@@@ATL@@ABV12@@@UBEXXZ 00573a40 f i DlgAddPin.obj
 0002:0002fba0       ??_G?$CArray@V?$CStringT@DV?$StrTraitMFC_DLL@DV?$ChTraitsCRT@D@ATL@@@@@ATL@@ABV12@@@UAEPAXI@Z 00573ba0 f i DlgAddPin.obj
 0002:0002fba0       ??_E?$CArray@V?$CStringT@DV?$StrTraitMFC_DLL@DV?$ChTraitsCRT@D@ATL@@@@@ATL@@ABV12@@@UAEPAXI@Z 00573ba0 f i DlgAddPin.obj
 0002:0002fc10       ??_G?$CStringT@DV?$StrTraitMFC_DLL@DV?$ChTraitsCRT@D@ATL@@@@@ATL@@QAEPAXI@Z 00573c10 f i DlgAddPin.obj
 0002:0002fc90       ??_Gpadstack@@QAEPAXI@Z    00573c90 f i DlgAddPin.obj
 0002:0002fd00       ??1padstack@@QAE@XZ        00573d00 f i DlgAddPin.obj
 0002:0002fd80       ??$DumpElements@V?$CStringT@DV?$StrTraitMFC_DLL@DV?$ChTraitsCRT@D@ATL@@@@@ATL@@@@YGXAAVCDumpContext@@PBV?$CStringT@DV?$StrTraitMFC_DLL@DV?$ChTraitsCRT@D@ATL@@@@@ATL@@H@Z 00573d80 f i DlgAddPin.obj
 0002:0002fe70       ?SetSize@?$CArray@Vpadstack@@ABV1@@@QAEXHH@Z 00573e70 f i DlgAddPin.obj
 0002:000305c0       ?_GetBaseClass@CDlgAddPoly@@KGPAUCRuntimeClass@@XZ 005745c0 f   DlgAddPoly.obj
 0002:00030610       ?GetThisClass@CDlgAddPoly@@SGPAUCRuntimeClass@@XZ 00574610 f   DlgAddPoly.obj
 0002:00030650       ?GetRuntimeClass@CDlgAddPoly@@UBEPAUCRuntimeClass@@XZ 00574650 f   DlgAddPoly.obj
 0002:00030690       ??0CDlgAddPoly@@QAE@PAVCWnd@@@Z 00574690 f   DlgAddPoly.obj
 0002:000307b0       ??_ECDlgAddPoly@@UAEPAXI@Z 005747b0 f i DlgAddPoly.obj
 0002:000307b0       ??_GCDlgAddPoly@@UAEPAXI@Z 005747b0 f i DlgAddPoly.obj
 0002:00030820       ??1CDlgAddPoly@@UAE@XZ     00574820 f   DlgAddPoly.obj
 0002:00030920       ?DoDataExchange@CDlgAddPoly@@MAEXPAVCDataExchange@@@Z 00574920 f   DlgAddPoly.obj
 0002:00030bd0       ?Initialize@CDlgAddPoly@@QAEXHHHHH@Z 00574bd0 f   DlgAddPoly.obj
 0002:00030c80       ?GetMessageMap@CDlgAddPoly@@MBEPBUAFX_MSGMAP@@XZ 00574c80 f   DlgAddPoly.obj
 0002:00030cd0       ?GetThisMessageMap@CDlgAddPoly@@KGPBUAFX_MSGMAP@@XZ 00574cd0 f   DlgAddPoly.obj
 0002:00030d10       ?GetFields@CDlgAddPoly@@AAEXXZ 00574d10 f   DlgAddPoly.obj
 0002:00030ed0       ?SetFields@CDlgAddPoly@@AAEXXZ 00574ed0 f   DlgAddPoly.obj
 0002:00031090       ?OnCbnSelchangeComboAddPolyUnits@CDlgAddPoly@@AAEXXZ 00575090 f   DlgAddPoly.obj
 0002:00031130       ?_GetBaseClass@CDlgAddText@@KGPAUCRuntimeClass@@XZ 00575130 f   DlgAddText.obj
 0002:00031180       ?GetThisClass@CDlgAddText@@SGPAUCRuntimeClass@@XZ 00575180 f   DlgAddText.obj
 0002:000311c0       ?GetRuntimeClass@CDlgAddText@@UBEPAUCRuntimeClass@@XZ 005751c0 f   DlgAddText.obj
 0002:00031200       ??0CDlgAddText@@QAE@PAVCWnd@@@Z 00575200 f   DlgAddText.obj
 0002:00031430       ??_ECDlgAddText@@UAEPAXI@Z 00575430 f i DlgAddText.obj
 0002:00031430       ??_GCDlgAddText@@UAEPAXI@Z 00575430 f i DlgAddText.obj
 0002:000314a0       ??1CDlgAddText@@UAE@XZ     005754a0 f   DlgAddText.obj
 0002:00031690       ?DoDataExchange@CDlgAddText@@MAEXPAVCDataExchange@@@Z 00575690 f   DlgAddText.obj
 0002:00031a10       ?GetMessageMap@CDlgAddText@@MBEPBUAFX_MSGMAP@@XZ 00575a10 f   DlgAddText.obj
 0002:00031a60       ?GetThisMessageMap@CDlgAddText@@KGPBUAFX_MSGMAP@@XZ 00575a60 f   DlgAddText.obj
 0002:00031aa0       ?Initialize@CDlgAddText@@QAEXHHHPAV?$CStringT@DV?$StrTraitMFC_DLL@DV?$ChTraitsCRT@D@ATL@@@@@ATL@@HHHHHHHH@Z 00575aa0 f   DlgAddText.obj
 0002:00031cc0       ?OnInitDialog@CDlgAddText@@UAEHXZ 00575cc0 f   DlgAddText.obj
 0002:00031ed0       ?OnBnClickedSetWidth@CDlgAddText@@QAEXXZ 00575ed0 f   DlgAddText.obj
 0002:00031f30       ?OnBnClickedDefWidth@CDlgAddText@@QAEXXZ 00575f30 f   DlgAddText.obj
 0002:00031f90       ?OnEnChangeEditHeight@CDlgAddText@@QAEXXZ 00575f90 f   DlgAddText.obj
 0002:00032230       ?OnBnClickedOk@CDlgAddText@@QAEXXZ 00576230 f   DlgAddText.obj
 0002:00032330       ?OnBnClickedSetPosition@CDlgAddText@@QAEXXZ 00576330 f   DlgAddText.obj
 0002:00032390       ?OnBnClickedDrag@CDlgAddText@@QAEXXZ 00576390 f   DlgAddText.obj
 0002:000323f0       ?OnCbnSelchangeComboAddTextUnits@CDlgAddText@@QAEXXZ 005763f0 f   DlgAddText.obj
 0002:000324b0       ?GetFields@CDlgAddText@@QAEXXZ 005764b0 f   DlgAddText.obj
 0002:00032850       ?SetFields@CDlgAddText@@QAEXXZ 00576850 f   DlgAddText.obj
 0002:00032d40       ?OnLbnSelchangeListLayer@CDlgAddText@@QAEXXZ 00576d40 f   DlgAddText.obj
 0002:00032da0       ?_GetBaseClass@CDlgAddWidth@@KGPAUCRuntimeClass@@XZ 00576da0 f   DlgAddWidth.obj
 0002:00032df0       ?GetThisClass@CDlgAddWidth@@SGPAUCRuntimeClass@@XZ 00576df0 f   DlgAddWidth.obj
 0002:00032e30       ?GetRuntimeClass@CDlgAddWidth@@UBEPAUCRuntimeClass@@XZ 00576e30 f   DlgAddWidth.obj
 0002:00032e70       ??0CDlgAddWidth@@QAE@PAVCWnd@@@Z 00576e70 f   DlgAddWidth.obj
 0002:00032ee0       ??_ECDlgAddWidth@@UAEPAXI@Z 00576ee0 f i DlgAddWidth.obj
 0002:00032ee0       ??_GCDlgAddWidth@@UAEPAXI@Z 00576ee0 f i DlgAddWidth.obj
 0002:00032f50       ??1CDlgAddWidth@@UAE@XZ    00576f50 f   DlgAddWidth.obj
 0002:00032fb0       ?DoDataExchange@CDlgAddWidth@@MAEXPAVCDataExchange@@@Z 00576fb0 f   DlgAddWidth.obj
 0002:00033360       ?GetMessageMap@CDlgAddWidth@@MBEPBUAFX_MSGMAP@@XZ 00577360 f   DlgAddWidth.obj
 0002:000333b0       ?GetThisMessageMap@CDlgAddWidth@@KGPBUAFX_MSGMAP@@XZ 005773b0 f   DlgAddWidth.obj
 0002:000333f0       ?_GetBaseClass@DlgAreaLayer@@KGPAUCRuntimeClass@@XZ 005773f0 f   DlgAreaLayer.obj
 0002:00033440       ?GetThisClass@DlgAreaLayer@@SGPAUCRuntimeClass@@XZ 00577440 f   DlgAreaLayer.obj
 0002:00033480       ?GetRuntimeClass@DlgAreaLayer@@UBEPAUCRuntimeClass@@XZ 00577480 f   DlgAreaLayer.obj
 0002:000334c0       ??0DlgAreaLayer@@QAE@PAVCWnd@@@Z 005774c0 f   DlgAreaLayer.obj
 0002:00033590       ??_EDlgAreaLayer@@UAEPAXI@Z 00577590 f i DlgAreaLayer.obj
 0002:00033590       ??_GDlgAreaLayer@@UAEPAXI@Z 00577590 f i DlgAreaLayer.obj
 0002:00033600       ??1DlgAreaLayer@@UAE@XZ    00577600 f   DlgAreaLayer.obj
 0002:000336c0       ?DoDataExchange@DlgAreaLayer@@MAEXPAVCDataExchange@@@Z 005776c0 f   DlgAreaLayer.obj
 0002:000337e0       ?GetMessageMap@DlgAreaLayer@@MBEPBUAFX_MSGMAP@@XZ 005777e0 f   DlgAreaLayer.obj
 0002:00033830       ?GetThisMessageMap@DlgAreaLayer@@KGPBUAFX_MSGMAP@@XZ 00577830 f   DlgAreaLayer.obj
 0002:00033870       ?Initialize@DlgAreaLayer@@QAEXH@Z 00577870 f   DlgAreaLayer.obj
 0002:000338c0       ?_GetBaseClass@DlgAssignNet@@KGPAUCRuntimeClass@@XZ 005778c0 f   DlgAssignNet.obj
 0002:00033910       ?GetThisClass@DlgAssignNet@@SGPAUCRuntimeClass@@XZ 00577910 f   DlgAssignNet.obj
 0002:00033950       ?GetRuntimeClass@DlgAssignNet@@UBEPAUCRuntimeClass@@XZ 00577950 f   DlgAssignNet.obj
 0002:00033990       ??0DlgAssignNet@@QAE@PAVCWnd@@@Z 00577990 f   DlgAssignNet.obj
 0002:00033b10       ??_EDlgAssignNet@@UAEPAXI@Z 00577b10 f i DlgAssignNet.obj
 0002:00033b10       ??_GDlgAssignNet@@UAEPAXI@Z 00577b10 f i DlgAssignNet.obj
 0002:00033b80       ??1DlgAssignNet@@UAE@XZ    00577b80 f   DlgAssignNet.obj
 0002:00033c80       ?DoDataExchange@DlgAssignNet@@MAEXPAVCDataExchange@@@Z 00577c80 f   DlgAssignNet.obj
 0002:000344a0       ?GetMessageMap@DlgAssignNet@@MBEPBUAFX_MSGMAP@@XZ 005784a0 f   DlgAssignNet.obj
 0002:000344f0       ?GetThisMessageMap@DlgAssignNet@@KGPBUAFX_MSGMAP@@XZ 005784f0 f   DlgAssignNet.obj
 0002:00034530       ?OnBnClickedButtonNewNet@DlgAssignNet@@QAEXXZ 00578530 f   DlgAssignNet.obj
 0002:00034710       ?OnBnClickedCancel@DlgAssignNet@@QAEXXZ 00578710 f   DlgAssignNet.obj
 0002:00034790       ??HATL@@YA?AV?$CStringT@DV?$StrTraitMFC_DLL@DV?$ChTraitsCRT@D@ATL@@@@@0@ABV10@PBD@Z 00578790 f i DlgAssignNet.obj
 0002:00034940       ??HATL@@YA?AV?$CStringT@DV?$StrTraitMFC_DLL@DV?$ChTraitsCRT@D@ATL@@@@@0@PBDABV10@@Z 00578940 f i DlgAssignNet.obj
 0002:00034af0       ??A?$CArray@Vcpin@@ABV1@@@QAEAAVcpin@@H@Z 00578af0 f i DlgAssignNet.obj
 0002:00034b50       ?ElementAt@?$CArray@Vcpin@@ABV1@@@QAEAAVcpin@@H@Z 00578b50 f i DlgAssignNet.obj
 0002:00034c00       ?_GetBaseClass@CDlgCAD@@KGPAUCRuntimeClass@@XZ 00578c00 f   DlgCAD.obj
 0002:00034c50       ?GetThisClass@CDlgCAD@@SGPAUCRuntimeClass@@XZ 00578c50 f   DlgCAD.obj
 0002:00034c90       ?GetRuntimeClass@CDlgCAD@@UBEPAUCRuntimeClass@@XZ 00578c90 f   DlgCAD.obj
 0002:00034cd0       ??0CDlgCAD@@QAE@PAVCWnd@@@Z 00578cd0 f   DlgCAD.obj
 0002:00035340       ??_GCDlgCAD@@UAEPAXI@Z     00579340 f i DlgCAD.obj
 0002:00035340       ??_ECDlgCAD@@UAEPAXI@Z     00579340 f i DlgCAD.obj
 0002:000353b0       ??1CDlgCAD@@UAE@XZ         005793b0 f   DlgCAD.obj
 0002:000359b0       ?DoDataExchange@CDlgCAD@@MAEXPAVCDataExchange@@@Z 005799b0 f   DlgCAD.obj
 0002:00036b40       ?GetMessageMap@CDlgCAD@@MBEPBUAFX_MSGMAP@@XZ 0057ab40 f   DlgCAD.obj
 0002:00036b90       ?GetThisMessageMap@CDlgCAD@@KGPBUAFX_MSGMAP@@XZ 0057ab90 f   DlgCAD.obj
 0002:00036bd0       ?Initialize@CDlgCAD@@QAEXNPAV?$CStringT@DV?$StrTraitMFC_DLL@DV?$ChTraitsCRT@D@ATL@@@@@ATL@@000HHHHHHHHHHHHHHHHHHHHHPAV?$CArray@VCPolyLine@@ABV1@@@PAHPAVCPartList@@PAVCNetList@@PAVCTextList@@PAVCDisplayList@@PAVMerge@@PAVCDlgLog@@@Z 0057abd0 f   DlgCAD.obj
 0002:00036f50       ?OnBnClickedGo@CDlgCAD@@QAEXXZ 0057af50 f   DlgCAD.obj
 0002:00039cd0       ?GetFields@CDlgCAD@@QAEXXZ 0057dcd0 f   DlgCAD.obj
 0002:0003adc0       ?SetFields@CDlgCAD@@QAEXXZ 0057edc0 f   DlgCAD.obj
 0002:0003b2e0       ?OnCbnSelchangeComboCadUnits@CDlgCAD@@QAEXXZ 0057f2e0 f   DlgCAD.obj
 0002:0003b380       ?OnBnClickedCheckCadPilot@CDlgCAD@@QAEXXZ 0057f380 f   DlgCAD.obj
 0002:0003b410       ?OnBnClickedCancel@CDlgCAD@@QAEXXZ 0057f410 f   DlgCAD.obj
 0002:0003b480       ?OnBnClickedButtonDef@CDlgCAD@@QAEXXZ 0057f480 f   DlgCAD.obj
 0002:0003bbf0       ?OnBnClickedButtonFolder@CDlgCAD@@QAEXXZ 0057fbf0 f   DlgCAD.obj
 0002:0003be70       ?OnBnClickedThermalPins@CDlgCAD@@QAEXXZ 0057fe70 f   DlgCAD.obj
 0002:0003bf10       ?OnBnClickedThermalVias@CDlgCAD@@QAEXXZ 0057ff10 f   DlgCAD.obj
 0002:0003bf60       ?OnBnClickedRenderAllGerbers@CDlgCAD@@QAEXXZ 0057ff60 f   DlgCAD.obj
 0002:0003bfd0       ?OnBnClickedButtonDone@CDlgCAD@@QAEXXZ 0057ffd0 f   DlgCAD.obj
 0002:0003c040       ?SetPinAnnularRing@CPartList@@QAEXH@Z 00580040 f i DlgCAD.obj
 0002:0003c090       ?SetViaAnnularRing@CNetList@@QAEXH@Z 00580090 f i DlgCAD.obj
 0002:0003c0e0       ?_GetBaseClass@CDlgCentroid@@KGPAUCRuntimeClass@@XZ 005800e0 f   DlgCentroid.obj
 0002:0003c130       ?GetThisClass@CDlgCentroid@@SGPAUCRuntimeClass@@XZ 00580130 f   DlgCentroid.obj
 0002:0003c170       ?GetRuntimeClass@CDlgCentroid@@UBEPAUCRuntimeClass@@XZ 00580170 f   DlgCentroid.obj
 0002:0003c1b0       ??0CDlgCentroid@@QAE@PAVCWnd@@@Z 005801b0 f   DlgCentroid.obj
 0002:0003c2f0       ??_ECDlgCentroid@@UAEPAXI@Z 005802f0 f i DlgCentroid.obj
 0002:0003c2f0       ??_GCDlgCentroid@@UAEPAXI@Z 005802f0 f i DlgCentroid.obj
 0002:0003c360       ??1CDlgCentroid@@UAE@XZ    00580360 f   DlgCentroid.obj
 0002:0003c490       ?DoDataExchange@CDlgCentroid@@MAEXPAVCDataExchange@@@Z 00580490 f   DlgCentroid.obj
 0002:0003c660       ?GetMessageMap@CDlgCentroid@@MBEPBUAFX_MSGMAP@@XZ 00580660 f   DlgCentroid.obj
 0002:0003c6b0       ?GetThisMessageMap@CDlgCentroid@@KGPBUAFX_MSGMAP@@XZ 005806b0 f   DlgCentroid.obj
 0002:0003c6f0       ?Initialize@CDlgCentroid@@QAEXW4CENTROID_TYPE@@HHHH@Z 005806f0 f   DlgCentroid.obj
 0002:0003c780       ?SetFields@CDlgCentroid@@QAEXXZ 00580780 f   DlgCentroid.obj
 0002:0003ca70       ?GetFields@CDlgCentroid@@QAEXXZ 00580a70 f   DlgCentroid.obj
 0002:0003cc50       ?OnBnClickedDefault@CDlgCentroid@@QAEXXZ 00580c50 f   DlgCentroid.obj
 0002:0003ccc0       ?OnBnClickedSet@CDlgCentroid@@QAEXXZ 00580cc0 f   DlgCentroid.obj
 0002:0003cd30       ?OnCbnSelChangeCombo1@CDlgCentroid@@QAEXXZ 00580d30 f   DlgCentroid.obj
 0002:0003cdd0       ?_GetBaseClass@CDlgChangeLayer@@KGPAUCRuntimeClass@@XZ 00580dd0 f   DlgChangeLayer.obj
 0002:0003ce20       ?GetThisClass@CDlgChangeLayer@@SGPAUCRuntimeClass@@XZ 00580e20 f   DlgChangeLayer.obj
 0002:0003ce60       ?GetRuntimeClass@CDlgChangeLayer@@UBEPAUCRuntimeClass@@XZ 00580e60 f   DlgChangeLayer.obj
 0002:0003cea0       ??0CDlgChangeLayer@@QAE@PAVCWnd@@@Z 00580ea0 f   DlgChangeLayer.obj
 0002:0003cfb0       ??_ECDlgChangeLayer@@UAEPAXI@Z 00580fb0 f i DlgChangeLayer.obj
 0002:0003cfb0       ??_GCDlgChangeLayer@@UAEPAXI@Z 00580fb0 f i DlgChangeLayer.obj
 0002:0003d020       ??1CDlgChangeLayer@@UAE@XZ 00581020 f   DlgChangeLayer.obj
 0002:0003d120       ?DoDataExchange@CDlgChangeLayer@@MAEXPAVCDataExchange@@@Z 00581120 f   DlgChangeLayer.obj
 0002:0003d3e0       ?GetMessageMap@CDlgChangeLayer@@MBEPBUAFX_MSGMAP@@XZ 005813e0 f   DlgChangeLayer.obj
 0002:0003d430       ?GetThisMessageMap@CDlgChangeLayer@@KGPBUAFX_MSGMAP@@XZ 00581430 f   DlgChangeLayer.obj
 0002:0003d470       ?Initialize@CDlgChangeLayer@@QAEXHHH@Z 00581470 f   DlgChangeLayer.obj
 0002:0003d4e0       ?_GetBaseClass@CDlgChooseNetName@@KGPAUCRuntimeClass@@XZ 005814e0 f   DlgChooseNetName.obj
 0002:0003d530       ?GetThisClass@CDlgChooseNetName@@SGPAUCRuntimeClass@@XZ 00581530 f   DlgChooseNetName.obj
 0002:0003d570       ?GetRuntimeClass@CDlgChooseNetName@@UBEPAUCRuntimeClass@@XZ 00581570 f   DlgChooseNetName.obj
 0002:0003d5b0       ??0CDlgChooseNetName@@QAE@PAVCWnd@@@Z 005815b0 f   DlgChooseNetName.obj
 0002:0003d6a0       ??_ECDlgChooseNetName@@UAEPAXI@Z 005816a0 f i DlgChooseNetName.obj
 0002:0003d6a0       ??_GCDlgChooseNetName@@UAEPAXI@Z 005816a0 f i DlgChooseNetName.obj
 0002:0003d710       ??1CDlgChooseNetName@@UAE@XZ 00581710 f   DlgChooseNetName.obj
 0002:0003d7e0       ?DoDataExchange@CDlgChooseNetName@@MAEXPAVCDataExchange@@@Z 005817e0 f   DlgChooseNetName.obj
 0002:0003d9c0       ?Initialize@CDlgChooseNetName@@QAEXPAV?$CArray@V?$CStringT@DV?$StrTraitMFC_DLL@DV?$ChTraitsCRT@D@ATL@@@@@ATL@@ABV12@@@@Z 005819c0 f   DlgChooseNetName.obj
 0002:0003da10       ?GetMessageMap@CDlgChooseNetName@@MBEPBUAFX_MSGMAP@@XZ 00581a10 f   DlgChooseNetName.obj
 0002:0003da60       ?GetThisMessageMap@CDlgChooseNetName@@KGPBUAFX_MSGMAP@@XZ 00581a60 f   DlgChooseNetName.obj
 0002:0003daa0       ?_GetBaseClass@DlgDRC@@KGPAUCRuntimeClass@@XZ 00581aa0 f   DlgDRC.obj
 0002:0003daf0       ?GetThisClass@DlgDRC@@SGPAUCRuntimeClass@@XZ 00581af0 f   DlgDRC.obj
 0002:0003db30       ?GetRuntimeClass@DlgDRC@@UBEPAUCRuntimeClass@@XZ 00581b30 f   DlgDRC.obj
 0002:0003db70       ??0DlgDRC@@QAE@PAVCWnd@@@Z 00581b70 f   DlgDRC.obj
 0002:0003dd70       ??_EDlgDRC@@UAEPAXI@Z      00581d70 f i DlgDRC.obj
 0002:0003dd70       ??_GDlgDRC@@UAEPAXI@Z      00581d70 f i DlgDRC.obj
 0002:0003dde0       ??1DlgDRC@@UAE@XZ          00581de0 f   DlgDRC.obj
 0002:0003dfc0       ?DoDataExchange@DlgDRC@@MAEXPAVCDataExchange@@@Z 00581fc0 f   DlgDRC.obj
 0002:0003e210       ?GetMessageMap@DlgDRC@@MBEPBUAFX_MSGMAP@@XZ 00582210 f   DlgDRC.obj
 0002:0003e260       ?GetThisMessageMap@DlgDRC@@KGPBUAFX_MSGMAP@@XZ 00582260 f   DlgDRC.obj
 0002:0003e2a0       ?Initialize@DlgDRC@@QAEXHPAUDesignRules@@PAVCPartList@@PAVCNetList@@PAVCTextList@@PAVDRErrorList@@HPAV?$CArray@VCPolyLine@@ABV1@@@HHPAVCDlgLog@@V?$CStringT@DV?$StrTraitMFC_DLL@DV?$ChTraitsCRT@D@ATL@@@@@ATL@@@Z 005822a0 f   DlgDRC.obj
 0002:0003e440       ?GetFields@DlgDRC@@QAEXXZ  00582440 f   DlgDRC.obj
 0002:0003ed80       ?SetFields@DlgDRC@@QAEXXZ  00582d80 f   DlgDRC.obj
 0002:0003f5c0       ?OnCbnChangeUnits@DlgDRC@@QAEXXZ 005835c0 f   DlgDRC.obj
 0002:0003f720       ?CheckDesign@DlgDRC@@QAEXXZ 00583720 f   DlgDRC.obj
 0002:0003fb40       ?OnBnClickedCancel@DlgDRC@@QAEXXZ 00583b40 f   DlgDRC.obj
 0002:0003fbb0       ?OnBnClickedOk@DlgDRC@@QAEXXZ 00583bb0 f   DlgDRC.obj
 0002:0003fc40       ?OnBnClickedCheck@DlgDRC@@QAEXXZ 00583c40 f   DlgDRC.obj
 0002:0003fc90       ?_GetBaseClass@CDlgDupFootprintName@@KGPAUCRuntimeClass@@XZ 00583c90 f   DlgDupFootprintName.obj
 0002:0003fce0       ?GetThisClass@CDlgDupFootprintName@@SGPAUCRuntimeClass@@XZ 00583ce0 f   DlgDupFootprintName.obj
 0002:0003fd20       ?GetRuntimeClass@CDlgDupFootprintName@@UBEPAUCRuntimeClass@@XZ 00583d20 f   DlgDupFootprintName.obj
 0002:0003fd60       ??0CDlgDupFootprintName@@QAE@PAVCWnd@@@Z 00583d60 f   DlgDupFootprintName.obj
 0002:0003fe90       ??_GCDlgDupFootprintName@@UAEPAXI@Z 00583e90 f i DlgDupFootprintName.obj
 0002:0003fe90       ??_ECDlgDupFootprintName@@UAEPAXI@Z 00583e90 f i DlgDupFootprintName.obj
 0002:0003ff00       ??1CDlgDupFootprintName@@UAE@XZ 00583f00 f   DlgDupFootprintName.obj
 0002:00040020       ?DoDataExchange@CDlgDupFootprintName@@MAEXPAVCDataExchange@@@Z 00584020 f   DlgDupFootprintName.obj
 0002:00040270       ?GetMessageMap@CDlgDupFootprintName@@MBEPBUAFX_MSGMAP@@XZ 00584270 f   DlgDupFootprintName.obj
 0002:000402c0       ?GetThisMessageMap@CDlgDupFootprintName@@KGPBUAFX_MSGMAP@@XZ 005842c0 f   DlgDupFootprintName.obj
 0002:00040300       ?Initialize@CDlgDupFootprintName@@QAEXPAV?$CStringT@DV?$StrTraitMFC_DLL@DV?$ChTraitsCRT@D@ATL@@@@@ATL@@PAVCMapStringToPtr@@@Z 00584300 f   DlgDupFootprintName.obj
 0002:00040360       ?OnBnClickedRadioReplaceAll@CDlgDupFootprintName@@QAEXXZ 00584360 f   DlgDupFootprintName.obj
 0002:000403c0       ?OnBnClickedRadioReplaceThis@CDlgDupFootprintName@@QAEXXZ 005843c0 f   DlgDupFootprintName.obj
 0002:00040420       ?OnBnClickedOk@CDlgDupFootprintName@@QAEXXZ 00584420 f   DlgDupFootprintName.obj
 0002:000404a0       ?_GetBaseClass@DlgEditBoardCorner@@KGPAUCRuntimeClass@@XZ 005844a0 f   DlgEditBoardCorner.obj
 0002:000404f0       ?GetThisClass@DlgEditBoardCorner@@SGPAUCRuntimeClass@@XZ 005844f0 f   DlgEditBoardCorner.obj
 0002:00040530       ?GetRuntimeClass@DlgEditBoardCorner@@UBEPAUCRuntimeClass@@XZ 00584530 f   DlgEditBoardCorner.obj
 0002:00040570       ??0DlgEditBoardCorner@@QAE@PAVCWnd@@@Z 00584570 f   DlgEditBoardCorner.obj
 0002:000406b0       ??_GDlgEditBoardCorner@@UAEPAXI@Z 005846b0 f i DlgEditBoardCorner.obj
 0002:000406b0       ??_EDlgEditBoardCorner@@UAEPAXI@Z 005846b0 f i DlgEditBoardCorner.obj
 0002:00040720       ??1DlgEditBoardCorner@@UAE@XZ 00584720 f   DlgEditBoardCorner.obj
 0002:00040800       ?DoDataExchange@DlgEditBoardCorner@@MAEXPAVCDataExchange@@@Z 00584800 f   DlgEditBoardCorner.obj
 0002:00040980       ?Init@DlgEditBoardCorner@@QAEXPAV?$CStringT@DV?$StrTraitMFC_DLL@DV?$ChTraitsCRT@D@ATL@@@@@ATL@@HHH@Z 00584980 f   DlgEditBoardCorner.obj
 0002:00040a00       ?GetMessageMap@DlgEditBoardCorner@@MBEPBUAFX_MSGMAP@@XZ 00584a00 f   DlgEditBoardCorner.obj
 0002:00040a50       ?GetThisMessageMap@DlgEditBoardCorner@@KGPBUAFX_MSGMAP@@XZ 00584a50 f   DlgEditBoardCorner.obj
 0002:00040a90       ?OnCbnSelchangeComboCornerUnits@DlgEditBoardCorner@@QAEXXZ 00584a90 f   DlgEditBoardCorner.obj
 0002:00040b30       ?GetFields@DlgEditBoardCorner@@AAEXXZ 00584b30 f   DlgEditBoardCorner.obj
 0002:00040d50       ?SetFields@DlgEditBoardCorner@@AAEXXZ 00584d50 f   DlgEditBoardCorner.obj
 0002:00040fb0       ?_GetBaseClass@CDlgEditNet@@KGPAUCRuntimeClass@@XZ 00584fb0 f   DlgEditNet.obj
 0002:00041000       ?GetThisClass@CDlgEditNet@@SGPAUCRuntimeClass@@XZ 00585000 f   DlgEditNet.obj
 0002:00041040       ?GetRuntimeClass@CDlgEditNet@@UBEPAUCRuntimeClass@@XZ 00585040 f   DlgEditNet.obj
 0002:00041080       ??0CDlgEditNet@@QAE@PAVCWnd@@@Z 00585080 f   DlgEditNet.obj
 0002:000412b0       ??_GCDlgEditNet@@UAEPAXI@Z 005852b0 f i DlgEditNet.obj
 0002:000412b0       ??_ECDlgEditNet@@UAEPAXI@Z 005852b0 f i DlgEditNet.obj
 0002:00041320       ??1CDlgEditNet@@UAE@XZ     00585320 f   DlgEditNet.obj
 0002:00041510       ?DoDataExchange@CDlgEditNet@@MAEXPAVCDataExchange@@@Z 00585510 f   DlgEditNet.obj
 0002:00042410       ?Initialize@CDlgEditNet@@QAEXPAV?$CArray@Unet_info@@ABU1@@@HPAVCPartList@@HHHHPAV?$CArray@HABH@@22PAV?$CStringT@DV?$StrTraitMFC_DLL@DV?$ChTraitsCRT@D@ATL@@@@@ATL@@@Z 00586410 f   DlgEditNet.obj
 0002:00042630       ?GetMessageMap@CDlgEditNet@@MBEPBUAFX_MSGMAP@@XZ 00586630 f   DlgEditNet.obj
 0002:00042680       ?GetThisMessageMap@CDlgEditNet@@KGPBUAFX_MSGMAP@@XZ 00586680 f   DlgEditNet.obj
 0002:000426c0       ?OnBnClickedRadioDefWidth@CDlgEditNet@@IAEXXZ 005866c0 f   DlgEditNet.obj
 0002:00042820       ?OnBnClickedRadioSetWidth@CDlgEditNet@@IAEXXZ 00586820 f   DlgEditNet.obj
 0002:00042890       ?OnBnClickedButtonDelete@CDlgEditNet@@IAEXXZ 00586890 f   DlgEditNet.obj
 0002:00042ca0       ?OnBnClickedButtonAdd@CDlgEditNet@@IAEXXZ 00586ca0 f   DlgEditNet.obj
 0002:00043820       ?OnInitDialog@CDlgEditNet@@MAEHXZ 00587820 f   DlgEditNet.obj
 0002:00043dc0       ?OnCbnSelchangeComboWidth@CDlgEditNet@@IAEXXZ 00587dc0 f   DlgEditNet.obj
 0002:00043f20       ?OnCbnEditchangeComboWidth@CDlgEditNet@@IAEXXZ 00587f20 f   DlgEditNet.obj
 0002:00044060       ?ChangeTraceWidth@CDlgEditNet@@IAEXV?$CStringT@DV?$StrTraitMFC_DLL@DV?$ChTraitsCRT@D@ATL@@@@@ATL@@@Z 00588060 f   DlgEditNet.obj
 0002:00044660       ?SetFields@CDlgEditNet@@QAEXXZ 00588660 f   DlgEditNet.obj
 0002:000446a0       ?GetFields@CDlgEditNet@@QAEXXZ 005886a0 f   DlgEditNet.obj
 0002:000446e0       ?OnEnUpdateEditAddPin@CDlgEditNet@@QAEXXZ 005886e0 f   DlgEditNet.obj
 0002:00044760       ?OnBnClickedOk@CDlgEditNet@@QAEXXZ 00588760 f   DlgEditNet.obj
 0002:000448d0       ?RemoveAt@?$CArray@V?$CStringT@DV?$StrTraitMFC_DLL@DV?$ChTraitsCRT@D@ATL@@@@@ATL@@ABV12@@@QAEXHH@Z 005888d0 f i DlgEditNet.obj
 0002:00044aa0       ?GetSize@?$CArray@HABH@@QBEHXZ 00588aa0 f i DlgEditNet.obj
 0002:00044ae0       ?GetSize@?$CArray@Unet_info@@ABU1@@@QBEHXZ 00588ae0 f i DlgEditNet.obj
 0002:00044b20       ?SetSize@?$CArray@Unet_info@@ABU1@@@QAEXHH@Z 00588b20 f i DlgEditNet.obj
 0002:00045220       ??A?$CArray@Unet_info@@ABU1@@@QAEAAUnet_info@@H@Z 00589220 f i DlgEditNet.obj
 0002:00045280       ??0?$CArray@HH@@QAE@XZ     00589280 f i DlgEditNet.obj
 0002:00045310       ?SetSize@?$CArray@HH@@QAEXHH@Z 00589310 f i DlgEditNet.obj
 0002:000458a0       ?GetData@?$CArray@HH@@QAEPAHXZ 005898a0 f i DlgEditNet.obj
 0002:000458e0       ??A?$CArray@HH@@QAEAAHH@Z  005898e0 f i DlgEditNet.obj
 0002:00045940       ??1?$CArray@HH@@UAE@XZ     00589940 f i DlgEditNet.obj
 0002:00045a50       ?Serialize@?$CArray@HH@@UAEXAAVCArchive@@@Z 00589a50 f i DlgEditNet.obj
 0002:00045b20       ?Dump@?$CArray@HH@@UBEXAAVCDumpContext@@@Z 00589b20 f i DlgEditNet.obj
 0002:00045c00       ?AssertValid@?$CArray@HH@@UBEXXZ 00589c00 f i DlgEditNet.obj
 0002:00045d60       ??_Gnet_info@@QAEPAXI@Z    00589d60 f i DlgEditNet.obj
 0002:00045dd0       ??0net_info@@QAE@XZ        00589dd0 f i DlgEditNet.obj
 0002:00045ea0       ??_G?$CArray@HH@@UAEPAXI@Z 00589ea0 f i DlgEditNet.obj
 0002:00045ea0       ??_E?$CArray@HH@@UAEPAXI@Z 00589ea0 f i DlgEditNet.obj
 0002:00045f10       ??1net_info@@QAE@XZ        00589f10 f i DlgEditNet.obj
 0002:00045fe0       ?ElementAt@?$CArray@Unet_info@@ABU1@@@QAEAAUnet_info@@H@Z 00589fe0 f i DlgEditNet.obj
 0002:00046090       ?ElementAt@?$CArray@HH@@QAEAAHH@Z 0058a090 f i DlgEditNet.obj
 0002:00046140       ??A?$CArray@HABH@@QAEAAHH@Z 0058a140 f i DlgEditNet.obj
 0002:000461a0       ?ElementAt@?$CArray@HABH@@QAEAAHH@Z 0058a1a0 f i DlgEditNet.obj
 0002:00046250       ??$SerializeElements@H@@YGXAAVCArchive@@PAHH@Z 0058a250 f i DlgEditNet.obj
 0002:00046440       ??$DumpElements@H@@YGXAAVCDumpContext@@PBHH@Z 0058a440 f i DlgEditNet.obj
 0002:00046530       ?_GetBaseClass@CDlgExportDsn@@KGPAUCRuntimeClass@@XZ 0058a530 f   DlgExportDsn.obj
 0002:00046580       ?GetThisClass@CDlgExportDsn@@SGPAUCRuntimeClass@@XZ 0058a580 f   DlgExportDsn.obj
 0002:000465c0       ?GetRuntimeClass@CDlgExportDsn@@UBEPAUCRuntimeClass@@XZ 0058a5c0 f   DlgExportDsn.obj
 0002:00046600       ??0CDlgExportDsn@@QAE@PAVCWnd@@@Z 0058a600 f   DlgExportDsn.obj
 0002:000467b0       ??_ECDlgExportDsn@@UAEPAXI@Z 0058a7b0 f i DlgExportDsn.obj
 0002:000467b0       ??_GCDlgExportDsn@@UAEPAXI@Z 0058a7b0 f i DlgExportDsn.obj
 0002:00046820       ??1CDlgExportDsn@@UAE@XZ   0058a820 f   DlgExportDsn.obj
 0002:000469a0       ?DoDataExchange@CDlgExportDsn@@MAEXPAVCDataExchange@@@Z 0058a9a0 f   DlgExportDsn.obj
 0002:00046f50       ?GetMessageMap@CDlgExportDsn@@MBEPBUAFX_MSGMAP@@XZ 0058af50 f   DlgExportDsn.obj
 0002:00046fa0       ?GetThisMessageMap@CDlgExportDsn@@KGPBUAFX_MSGMAP@@XZ 0058afa0 f   DlgExportDsn.obj
 0002:00046fe0       ?Initialize@CDlgExportDsn@@QAEXPAV?$CStringT@DV?$StrTraitMFC_DLL@DV?$ChTraitsCRT@D@ATL@@@@@ATL@@HHHH@Z 0058afe0 f   DlgExportDsn.obj
 0002:00047090       ?OnBnClickedOk@CDlgExportDsn@@QAEXXZ 0058b090 f   DlgExportDsn.obj
 0002:00047100       ?OnBnClickedCheckFromTo@CDlgExportDsn@@QAEXXZ 0058b100 f   DlgExportDsn.obj
 0002:000471f0       ?OnBnClickedRadioAll@CDlgExportDsn@@QAEXXZ 0058b1f0 f   DlgExportDsn.obj
 0002:00047230       ?OnBnClickedRadioLocked@CDlgExportDsn@@QAEXXZ 0058b230 f   DlgExportDsn.obj
 0002:00047270       ?OnBnClickedRadioNetLocked@CDlgExportDsn@@QAEXXZ 0058b270 f   DlgExportDsn.obj
 0002:000472b0       ?_GetBaseClass@CDlgFindPart@@KGPAUCRuntimeClass@@XZ 0058b2b0 f   DlgFindPart.obj
 0002:00047300       ?GetThisClass@CDlgFindPart@@SGPAUCRuntimeClass@@XZ 0058b300 f   DlgFindPart.obj
 0002:00047340       ?GetRuntimeClass@CDlgFindPart@@UBEPAUCRuntimeClass@@XZ 0058b340 f   DlgFindPart.obj
 0002:00047380       ??0CDlgFindPart@@QAE@PAVCWnd@@@Z 0058b380 f   DlgFindPart.obj
 0002:00047470       ??_GCDlgFindPart@@UAEPAXI@Z 0058b470 f i DlgFindPart.obj
 0002:00047470       ??_ECDlgFindPart@@UAEPAXI@Z 0058b470 f i DlgFindPart.obj
 0002:000474e0       ??1CDlgFindPart@@UAE@XZ    0058b4e0 f   DlgFindPart.obj
 0002:000475b0       ?DoDataExchange@CDlgFindPart@@MAEXPAVCDataExchange@@@Z 0058b5b0 f   DlgFindPart.obj
 0002:000476c0       ?GetMessageMap@CDlgFindPart@@MBEPBUAFX_MSGMAP@@XZ 0058b6c0 f   DlgFindPart.obj
 0002:00047710       ?GetThisMessageMap@CDlgFindPart@@KGPBUAFX_MSGMAP@@XZ 0058b710 f   DlgFindPart.obj
 0002:00047750       ?Initialize@CDlgFindPart@@QAEXPAVCPartList@@@Z 0058b750 f   DlgFindPart.obj
 0002:000477a0       ?_GetBaseClass@CDlgFpRefText@@KGPAUCRuntimeClass@@XZ 0058b7a0 f   DlgFpRefText.obj
 0002:000477f0       ?GetThisClass@CDlgFpRefText@@SGPAUCRuntimeClass@@XZ 0058b7f0 f   DlgFpRefText.obj
 0002:00047830       ?GetRuntimeClass@CDlgFpRefText@@UBEPAUCRuntimeClass@@XZ 0058b830 f   DlgFpRefText.obj
 0002:00047870       ??0CDlgFpRefText@@QAE@PAVCWnd@@@Z 0058b870 f   DlgFpRefText.obj
 0002:000479b0       ??_ECDlgFpRefText@@UAEPAXI@Z 0058b9b0 f i DlgFpRefText.obj
 0002:000479b0       ??_GCDlgFpRefText@@UAEPAXI@Z 0058b9b0 f i DlgFpRefText.obj
 0002:00047a20       ??1CDlgFpRefText@@UAE@XZ   0058ba20 f   DlgFpRefText.obj
 0002:00047b50       ?Initialize@CDlgFpRefText@@QAEXHHH@Z 0058bb50 f   DlgFpRefText.obj
 0002:00047bc0       ?DoDataExchange@CDlgFpRefText@@MAEXPAVCDataExchange@@@Z 0058bbc0 f   DlgFpRefText.obj
 0002:00047dc0       ?GetMessageMap@CDlgFpRefText@@MBEPBUAFX_MSGMAP@@XZ 0058bdc0 f   DlgFpRefText.obj
 0002:00047e10       ?GetThisMessageMap@CDlgFpRefText@@KGPBUAFX_MSGMAP@@XZ 0058be10 f   DlgFpRefText.obj
 0002:00047e50       ?OnBnClickedRadioSet@CDlgFpRefText@@AAEXXZ 0058be50 f   DlgFpRefText.obj
 0002:00047eb0       ?OnBnClickedRadioDef@CDlgFpRefText@@AAEXXZ 0058beb0 f   DlgFpRefText.obj
 0002:00047f10       ?OnCbnSelchangeComboRefTextUnits@CDlgFpRefText@@AAEXXZ 0058bf10 f   DlgFpRefText.obj
 0002:00047fb0       ?OnEnChangeEditCharHeight@CDlgFpRefText@@AAEXXZ 0058bfb0 f   DlgFpRefText.obj
 0002:00048260       ?GetFields@CDlgFpRefText@@AAEXXZ 0058c260 f   DlgFpRefText.obj
 0002:00048500       ?SetFields@CDlgFpRefText@@AAEXXZ 0058c500 f   DlgFpRefText.obj
 0002:00048870       ?_GetBaseClass@CDlgFpText@@KGPAUCRuntimeClass@@XZ 0058c870 f   DlgFpText.obj
 0002:000488c0       ?GetThisClass@CDlgFpText@@SGPAUCRuntimeClass@@XZ 0058c8c0 f   DlgFpText.obj
 0002:00048900       ?GetRuntimeClass@CDlgFpText@@UBEPAUCRuntimeClass@@XZ 0058c900 f   DlgFpText.obj
 0002:00048940       ??0CDlgFpText@@QAE@PAVCWnd@@@Z 0058c940 f   DlgFpText.obj
 0002:00048b30       ??_GCDlgFpText@@UAEPAXI@Z  0058cb30 f i DlgFpText.obj
 0002:00048b30       ??_ECDlgFpText@@UAEPAXI@Z  0058cb30 f i DlgFpText.obj
 0002:00048ba0       ??1CDlgFpText@@UAE@XZ      0058cba0 f   DlgFpText.obj
 0002:00048d60       ?DoDataExchange@CDlgFpText@@MAEXPAVCDataExchange@@@Z 0058cd60 f   DlgFpText.obj
 0002:000490f0       ?GetMessageMap@CDlgFpText@@MBEPBUAFX_MSGMAP@@XZ 0058d0f0 f   DlgFpText.obj
 0002:00049140       ?GetThisMessageMap@CDlgFpText@@KGPBUAFX_MSGMAP@@XZ 0058d140 f   DlgFpText.obj
 0002:00049180       ?Initialize@CDlgFpText@@QAEXHHPAV?$CStringT@DV?$StrTraitMFC_DLL@DV?$ChTraitsCRT@D@ATL@@@@@ATL@@HHHHHH@Z 0058d180 f   DlgFpText.obj
 0002:000492e0       ?OnInitDialog@CDlgFpText@@UAEHXZ 0058d2e0 f   DlgFpText.obj
 0002:000497b0       ?OnBnClickedSetWidth@CDlgFpText@@QAEXXZ 0058d7b0 f   DlgFpText.obj
 0002:00049830       ?OnBnClickedDefWidth@CDlgFpText@@QAEXXZ 0058d830 f   DlgFpText.obj
 0002:000498c0       ?OnEnChangeEditHeight@CDlgFpText@@QAEXXZ 0058d8c0 f   DlgFpText.obj
 0002:00049b60       ?OnBnClickedOk@CDlgFpText@@QAEXXZ 0058db60 f   DlgFpText.obj
 0002:00049bd0       ?OnBnClickedSetPosition@CDlgFpText@@QAEXXZ 0058dbd0 f   DlgFpText.obj
 0002:00049c70       ?OnBnClickedDrag@CDlgFpText@@QAEXXZ 0058dc70 f   DlgFpText.obj
 0002:00049d10       ?OnCbnSelchangeComboAddTextUnits@CDlgFpText@@QAEXXZ 0058dd10 f   DlgFpText.obj
 0002:00049dd0       ?GetFields@CDlgFpText@@QAEXXZ 0058ddd0 f   DlgFpText.obj
 0002:0004a050       ?SetFields@CDlgFpText@@QAEXXZ 0058e050 f   DlgFpText.obj
 0002:0004a2a0       ?_GetBaseClass@CDlgGlue@@KGPAUCRuntimeClass@@XZ 0058e2a0 f   DlgGlue.obj
 0002:0004a2f0       ?GetThisClass@CDlgGlue@@SGPAUCRuntimeClass@@XZ 0058e2f0 f   DlgGlue.obj
 0002:0004a330       ?GetRuntimeClass@CDlgGlue@@UBEPAUCRuntimeClass@@XZ 0058e330 f   DlgGlue.obj
 0002:0004a370       ??0CDlgGlue@@QAE@PAVCWnd@@@Z 0058e370 f   DlgGlue.obj
 0002:0004a4f0       ??_GCDlgGlue@@UAEPAXI@Z    0058e4f0 f i DlgGlue.obj
 0002:0004a4f0       ??_ECDlgGlue@@UAEPAXI@Z    0058e4f0 f i DlgGlue.obj
 0002:0004a560       ??1CDlgGlue@@UAE@XZ        0058e560 f   DlgGlue.obj
 0002:0004a6d0       ?DoDataExchange@CDlgGlue@@MAEXPAVCDataExchange@@@Z 0058e6d0 f   DlgGlue.obj
 0002:0004a8c0       ?GetMessageMap@CDlgGlue@@MBEPBUAFX_MSGMAP@@XZ 0058e8c0 f   DlgGlue.obj
 0002:0004a910       ?GetThisMessageMap@CDlgGlue@@KGPBUAFX_MSGMAP@@XZ 0058e910 f   DlgGlue.obj
 0002:0004a950       ?Initialize@CDlgGlue@@QAEXW4GLUE_POS_TYPE@@HHHH@Z 0058e950 f   DlgGlue.obj
 0002:0004aa00       ?SetFields@CDlgGlue@@QAEXXZ 0058ea00 f   DlgGlue.obj
 0002:0004ad20       ?GetFields@CDlgGlue@@QAEXXZ 0058ed20 f   DlgGlue.obj
 0002:0004afa0       ?OnBnClickedDefault@CDlgGlue@@QAEXXZ 0058efa0 f   DlgGlue.obj
 0002:0004b000       ?OnBnClickedSet@CDlgGlue@@QAEXXZ 0058f000 f   DlgGlue.obj
 0002:0004b060       ?OnCbnSelChangeCombo1@CDlgGlue@@QAEXXZ 0058f060 f   DlgGlue.obj
 0002:0004b100       ?OnBnClickedDrag@CDlgGlue@@QAEXXZ 0058f100 f   DlgGlue.obj
 0002:0004b160       ?OnBnClickedDefaultSize@CDlgGlue@@QAEXXZ 0058f160 f   DlgGlue.obj
 0002:0004b1c0       ?OnBnClickedRadioSetSize@CDlgGlue@@QAEXXZ 0058f1c0 f   DlgGlue.obj
 0002:0004b220       ?ListCompare@@YGHJJJ@Z     0058f220 f   DlgGroupPaste.obj
 0002:0004b5a0       ?_GetBaseClass@CDlgGroupPaste@@KGPAUCRuntimeClass@@XZ 0058f5a0 f   DlgGroupPaste.obj
 0002:0004b5f0       ?GetThisClass@CDlgGroupPaste@@SGPAUCRuntimeClass@@XZ 0058f5f0 f   DlgGroupPaste.obj
 0002:0004b630       ?GetRuntimeClass@CDlgGroupPaste@@UBEPAUCRuntimeClass@@XZ 0058f630 f   DlgGroupPaste.obj
 0002:0004b670       ??0CDlgGroupPaste@@QAE@PAVCWnd@@@Z 0058f670 f   DlgGroupPaste.obj
 0002:0004b8d0       ??_ECDlgGroupPaste@@UAEPAXI@Z 0058f8d0 f i DlgGroupPaste.obj
 0002:0004b8d0       ??_GCDlgGroupPaste@@UAEPAXI@Z 0058f8d0 f i DlgGroupPaste.obj
 0002:0004b940       ??1CDlgGroupPaste@@UAE@XZ  0058f940 f   DlgGroupPaste.obj
 0002:0004bb90       ?DoDataExchange@CDlgGroupPaste@@MAEXPAVCDataExchange@@@Z 0058fb90 f   DlgGroupPaste.obj
 0002:0004c830       ?GetMessageMap@CDlgGroupPaste@@MBEPBUAFX_MSGMAP@@XZ 00590830 f   DlgGroupPaste.obj
 0002:0004c880       ?GetThisMessageMap@CDlgGroupPaste@@KGPBUAFX_MSGMAP@@XZ 00590880 f   DlgGroupPaste.obj
 0002:0004c8c0       ?Initialize@CDlgGroupPaste@@QAEXPAVCNetList@@@Z 005908c0 f   DlgGroupPaste.obj
 0002:0004c990       ?SetFields@CDlgGroupPaste@@QAEXXZ 00590990 f   DlgGroupPaste.obj
 0002:0004cd60       ?OnBnClickedRadioUseGroupRef@CDlgGroupPaste@@QAEXXZ 00590d60 f   DlgGroupPaste.obj
 0002:0004cdb0       ?OnBnClickedRadioUseNextRef@CDlgGroupPaste@@QAEXXZ 00590db0 f   DlgGroupPaste.obj
 0002:0004ce00       ?OnBnClickedRadioAddRefOffset@CDlgGroupPaste@@QAEXXZ 00590e00 f   DlgGroupPaste.obj
 0002:0004ce50       ?OnBnClickedRadioUseGroupNets@CDlgGroupPaste@@QAEXXZ 00590e50 f   DlgGroupPaste.obj
 0002:0004cea0       ?OnBnClickedRadioUseSelectedNets@CDlgGroupPaste@@QAEXXZ 00590ea0 f   DlgGroupPaste.obj
 0002:0004cef0       ?OnBnClickedRadioUseSuffix@CDlgGroupPaste@@QAEXXZ 00590ef0 f   DlgGroupPaste.obj
 0002:0004cf40       ?OnBnClickedRadioMakeNewNames@CDlgGroupPaste@@QAEXXZ 00590f40 f   DlgGroupPaste.obj
 0002:0004cf90       ?OnBnClickedRadioDrag@CDlgGroupPaste@@QAEXXZ 00590f90 f   DlgGroupPaste.obj
 0002:0004cfe0       ?OnBnClickedRadioOffset@CDlgGroupPaste@@QAEXXZ 00590fe0 f   DlgGroupPaste.obj
 0002:0004d030       ?OnCbnSelchangeComboGroupUnits@CDlgGroupPaste@@QAEXXZ 00591030 f   DlgGroupPaste.obj
 0002:0004d070       ?OnBnClickedRadioRetainAll@CDlgGroupPaste@@QAEXXZ 00591070 f   DlgGroupPaste.obj
 0002:0004d0b0       ?OnBnClickedRadioRetainTraces@CDlgGroupPaste@@QAEXXZ 005910b0 f   DlgGroupPaste.obj
 0002:0004d0f0       ?OnLvnColumnClickListSelectGroupNets@CDlgGroupPaste@@QAEXPAUtagNMHDR@@PAJ@Z 005910f0 f   DlgGroupPaste.obj
 0002:0004d340       ??0?$CArray@Unet_info@@ABU1@@@QAE@XZ 00591340 f i DlgGroupPaste.obj
 0002:0004d3d0       ?Serialize@?$CArray@Unet_info@@ABU1@@@UAEXAAVCArchive@@@Z 005913d0 f i DlgGroupPaste.obj
 0002:0004d4a0       ?Dump@?$CArray@Unet_info@@ABU1@@@UBEXAAVCDumpContext@@@Z 005914a0 f i DlgGroupPaste.obj
 0002:0004d580       ?AssertValid@?$CArray@Unet_info@@ABU1@@@UBEXXZ 00591580 f i DlgGroupPaste.obj
 0002:0004d6e0       ??_G?$CArray@Unet_info@@ABU1@@@UAEPAXI@Z 005916e0 f i DlgGroupPaste.obj
 0002:0004d6e0       ??_E?$CArray@Unet_info@@ABU1@@@UAEPAXI@Z 005916e0 f i DlgGroupPaste.obj
 0002:0004d750       ??1?$CArray@Unet_info@@ABU1@@@UAE@XZ 00591750 f i DlgGroupPaste.obj
 0002:0004d880       ??$SerializeElements@Unet_info@@@@YGXAAVCArchive@@PAUnet_info@@H@Z 00591880 f i DlgGroupPaste.obj
 0002:0004da70       ??$DumpElements@Unet_info@@@@YGXAAVCDumpContext@@PBUnet_info@@H@Z 00591a70 f i DlgGroupPaste.obj
 0002:0004db60       ?_GetBaseClass@CDlgHole@@KGPAUCRuntimeClass@@XZ 00591b60 f   DlgHole.obj
 0002:0004dbb0       ?GetThisClass@CDlgHole@@SGPAUCRuntimeClass@@XZ 00591bb0 f   DlgHole.obj
 0002:0004dbf0       ?GetRuntimeClass@CDlgHole@@UBEPAUCRuntimeClass@@XZ 00591bf0 f   DlgHole.obj
 0002:0004dc30       ??0CDlgHole@@QAE@PAVCWnd@@@Z 00591c30 f   DlgHole.obj
 0002:0004dd90       ??_GCDlgHole@@UAEPAXI@Z    00591d90 f i DlgHole.obj
 0002:0004dd90       ??_ECDlgHole@@UAEPAXI@Z    00591d90 f i DlgHole.obj
 0002:0004de00       ??1CDlgHole@@UAE@XZ        00591e00 f   DlgHole.obj
 0002:0004df50       ?DoDataExchange@CDlgHole@@MAEXPAVCDataExchange@@@Z 00591f50 f   DlgHole.obj
 0002:0004e0f0       ?GetMessageMap@CDlgHole@@MBEPBUAFX_MSGMAP@@XZ 005920f0 f   DlgHole.obj
 0002:0004e140       ?GetThisMessageMap@CDlgHole@@KGPBUAFX_MSGMAP@@XZ 00592140 f   DlgHole.obj
 0002:0004e180       ?Initialize@CDlgHole@@QAEXHHHHH@Z 00592180 f   DlgHole.obj
 0002:0004e220       ?SetFields@CDlgHole@@QAEXXZ 00592220 f   DlgHole.obj
 0002:0004e540       ?GetFields@CDlgHole@@QAEXXZ 00592540 f   DlgHole.obj
 0002:0004e740       ?OnCbnSelChangeCombo1@CDlgHole@@QAEXXZ 00592740 f   DlgHole.obj
 0002:0004e7e0       ?OnBnClickedSet@CDlgHole@@QAEXXZ 005927e0 f   DlgHole.obj
 0002:0004e840       ?OnBnClickedDrag@CDlgHole@@QAEXXZ 00592840 f   DlgHole.obj
 0002:0004e8a0       ?OnBnClickedPlated@CDlgHole@@QAEXXZ 005928a0 f   DlgHole.obj
 0002:0004e900       ?OnBnClickedUnplated@CDlgHole@@QAEXXZ 00592900 f   DlgHole.obj
 0002:0004e960       ?_GetBaseClass@CDlgImportFootprint@@KGPAUCRuntimeClass@@XZ 00592960 f   DlgImportFootprint.obj
 0002:0004e9b0       ?GetThisClass@CDlgImportFootprint@@SGPAUCRuntimeClass@@XZ 005929b0 f   DlgImportFootprint.obj
 0002:0004e9f0       ?GetRuntimeClass@CDlgImportFootprint@@UBEPAUCRuntimeClass@@XZ 005929f0 f   DlgImportFootprint.obj
 0002:0004ea30       ??0CDlgImportFootprint@@QAE@PAVCWnd@@@Z 00592a30 f   DlgImportFootprint.obj
 0002:0004eca0       ??_GCDlgImportFootprint@@UAEPAXI@Z 00592ca0 f i DlgImportFootprint.obj
 0002:0004eca0       ??_ECDlgImportFootprint@@UAEPAXI@Z 00592ca0 f i DlgImportFootprint.obj
 0002:0004ed10       ??1CDlgImportFootprint@@UAE@XZ 00592d10 f   DlgImportFootprint.obj
 0002:0004eed0       ?DoDataExchange@CDlgImportFootprint@@MAEXPAVCDataExchange@@@Z 00592ed0 f   DlgImportFootprint.obj
 0002:0004eff0       ?GetMessageMap@CDlgImportFootprint@@MBEPBUAFX_MSGMAP@@XZ 00592ff0 f   DlgImportFootprint.obj
 0002:0004f040       ?GetThisMessageMap@CDlgImportFootprint@@KGPBUAFX_MSGMAP@@XZ 00593040 f   DlgImportFootprint.obj
 0002:0004f080       ?InitInstance@CDlgImportFootprint@@QAEXPAVCMapStringToPtr@@PAVCFootLibFolderMap@@PAVCDlgLog@@@Z 00593080 f   DlgImportFootprint.obj
 0002:0004f130       ?OnInitDialog@CDlgImportFootprint@@EAEHXZ 00593130 f   DlgImportFootprint.obj
 0002:0004f190       ?OnBnClickedButtonBrowseLibFolder@CDlgImportFootprint@@QAEXXZ 00593190 f   DlgImportFootprint.obj
 0002:0004f460       ?OnTvnSelchangedPartLibTree@CDlgImportFootprint@@AAEXPAUtagNMHDR@@PAJ@Z 00593460 f   DlgImportFootprint.obj
 0002:0004fba0       ?InitPartLibTree@CDlgImportFootprint@@QAEXXZ 00593ba0 f   DlgImportFootprint.obj
 0002:000501d0       ?OnBnClickedOk@CDlgImportFootprint@@QAEXXZ 005941d0 f   DlgImportFootprint.obj
 0002:000503e0       ?OnBnClickedCancel@CDlgImportFootprint@@QAEXXZ 005943e0 f   DlgImportFootprint.obj
 0002:000505a0       ?GetExpanded@CFootLibFolder@@QAEHH@Z 005945a0 f i DlgImportFootprint.obj
 0002:00050600       ?_GetBaseClass@CDlgImportOptions@@KGPAUCRuntimeClass@@XZ 00594600 f   DlgImportOptions.obj
 0002:00050650       ?GetThisClass@CDlgImportOptions@@SGPAUCRuntimeClass@@XZ 00594650 f   DlgImportOptions.obj
 0002:00050690       ?GetRuntimeClass@CDlgImportOptions@@UBEPAUCRuntimeClass@@XZ 00594690 f   DlgImportOptions.obj
 0002:000506d0       ??0CDlgImportOptions@@QAE@PAVCWnd@@@Z 005946d0 f   DlgImportOptions.obj
 0002:00050880       ??_ECDlgImportOptions@@UAEPAXI@Z 00594880 f i DlgImportOptions.obj
 0002:00050880       ??_GCDlgImportOptions@@UAEPAXI@Z 00594880 f i DlgImportOptions.obj
 0002:000508f0       ??1CDlgImportOptions@@UAE@XZ 005948f0 f   DlgImportOptions.obj
 0002:00050a90       ?DoDataExchange@CDlgImportOptions@@MAEXPAVCDataExchange@@@Z 00594a90 f   DlgImportOptions.obj
 0002:00051110       ?GetMessageMap@CDlgImportOptions@@MBEPBUAFX_MSGMAP@@XZ 00595110 f   DlgImportOptions.obj
 0002:00051160       ?GetThisMessageMap@CDlgImportOptions@@KGPBUAFX_MSGMAP@@XZ 00595160 f   DlgImportOptions.obj
 0002:000511a0       ?Initialize@CDlgImportOptions@@QAEXH@Z 005951a0 f   DlgImportOptions.obj
 0002:000511f0       ?OnBnClickedSaveAndImport@CDlgImportOptions@@QAEXXZ 005951f0 f   DlgImportOptions.obj
 0002:00051280       ?OnBnClickedOk@CDlgImportOptions@@QAEXXZ 00595280 f   DlgImportOptions.obj
 0002:00051310       ?_GetBaseClass@CDlgImportSes@@KGPAUCRuntimeClass@@XZ 00595310 f   DlgImportSes.obj
 0002:00051360       ?GetThisClass@CDlgImportSes@@SGPAUCRuntimeClass@@XZ 00595360 f   DlgImportSes.obj
 0002:000513a0       ?GetRuntimeClass@CDlgImportSes@@UBEPAUCRuntimeClass@@XZ 005953a0 f   DlgImportSes.obj
 0002:000513e0       ??0CDlgImportSes@@QAE@PAVCWnd@@@Z 005953e0 f   DlgImportSes.obj
 0002:00051530       ??_GCDlgImportSes@@UAEPAXI@Z 00595530 f i DlgImportSes.obj
 0002:00051530       ??_ECDlgImportSes@@UAEPAXI@Z 00595530 f i DlgImportSes.obj
 0002:000515a0       ??1CDlgImportSes@@UAE@XZ   005955a0 f   DlgImportSes.obj
 0002:000516d0       ?DoDataExchange@CDlgImportSes@@MAEXPAVCDataExchange@@@Z 005956d0 f   DlgImportSes.obj
 0002:000519d0       ?GetMessageMap@CDlgImportSes@@MBEPBUAFX_MSGMAP@@XZ 005959d0 f   DlgImportSes.obj
 0002:00051a20       ?GetThisMessageMap@CDlgImportSes@@KGPBUAFX_MSGMAP@@XZ 00595a20 f   DlgImportSes.obj
 0002:00051a60       ?Initialize@CDlgImportSes@@QAEXPAV?$CStringT@DV?$StrTraitMFC_DLL@DV?$ChTraitsCRT@D@ATL@@@@@ATL@@0PAVCFreePcbDoc@@@Z 00595a60 f   DlgImportSes.obj
 0002:00051b10       ?OnBnClickedButtonDef@CDlgImportSes@@QAEXXZ 00595b10 f   DlgImportSes.obj
 0002:00051bb0       ?OnBnClickedButtonBrowse@CDlgImportSes@@QAEXXZ 00595bb0 f   DlgImportSes.obj
 0002:00051d50       ?_GetBaseClass@CDlgIndexing@@KGPAUCRuntimeClass@@XZ 00595d50 f   DlgIndexing.obj
 0002:00051da0       ?GetThisClass@CDlgIndexing@@SGPAUCRuntimeClass@@XZ 00595da0 f   DlgIndexing.obj
 0002:00051de0       ?GetRuntimeClass@CDlgIndexing@@UBEPAUCRuntimeClass@@XZ 00595de0 f   DlgIndexing.obj
 0002:00051e20       ??0CDlgIndexing@@QAE@PAVCWnd@@@Z 00595e20 f   DlgIndexing.obj
 0002:00051e90       ??_GCDlgIndexing@@UAEPAXI@Z 00595e90 f i DlgIndexing.obj
 0002:00051e90       ??_ECDlgIndexing@@UAEPAXI@Z 00595e90 f i DlgIndexing.obj
 0002:00051f00       ??1CDlgIndexing@@UAE@XZ    00595f00 f   DlgIndexing.obj
 0002:00051f60       ?DoDataExchange@CDlgIndexing@@MAEXPAVCDataExchange@@@Z 00595f60 f   DlgIndexing.obj
 0002:00051fc0       ?GetMessageMap@CDlgIndexing@@MBEPBUAFX_MSGMAP@@XZ 00595fc0 f   DlgIndexing.obj
 0002:00052010       ?GetThisMessageMap@CDlgIndexing@@KGPBUAFX_MSGMAP@@XZ 00596010 f   DlgIndexing.obj
 0002:00052050       ??0CivexDlg@@QAE@PAVCWnd@@@Z 00596050 f   DlgIvex.obj
 0002:000521b0       ??_GCivexDlg@@UAEPAXI@Z    005961b0 f i DlgIvex.obj
 0002:000521b0       ??_ECivexDlg@@UAEPAXI@Z    005961b0 f i DlgIvex.obj
 0002:00052220       ??1CivexDlg@@UAE@XZ        00596220 f i DlgIvex.obj
 0002:00052340       ?DoDataExchange@CivexDlg@@MAEXPAVCDataExchange@@@Z 00596340 f   DlgIvex.obj
 0002:000523f0       ?GetMessageMap@CivexDlg@@MBEPBUAFX_MSGMAP@@XZ 005963f0 f   DlgIvex.obj
 0002:00052440       ?GetThisMessageMap@CivexDlg@@KGPBUAFX_MSGMAP@@XZ 00596440 f   DlgIvex.obj
 0002:00052480       ?OnInitDialog@CivexDlg@@MAEHXZ 00596480 f   DlgIvex.obj
 0002:000524e0       ?OnSysCommand@CivexDlg@@IAEXIJ@Z 005964e0 f   DlgIvex.obj
 0002:00052540       ?OnPaint@CivexDlg@@IAEXXZ  00596540 f   DlgIvex.obj
 0002:00052740       ?OnQueryDragIcon@CivexDlg@@IAEPAUHICON__@@XZ 00596740 f   DlgIvex.obj
 0002:00052780       ?OnBnClickedButtonInfile@CivexDlg@@QAEXXZ 00596780 f   DlgIvex.obj
 0002:00052ab0       ?OnBnClickedButtonOutfile@CivexDlg@@QAEXXZ 00596ab0 f   DlgIvex.obj
 0002:00052af0       ?OnEnChangeEditInfile@CivexDlg@@QAEXXZ 00596af0 f   DlgIvex.obj
 0002:00052b30       ?OnEnChangeEditOutfile@CivexDlg@@QAEXXZ 00596b30 f   DlgIvex.obj
 0002:00052b70       ?OnBnClickedConvert@CivexDlg@@QAEXXZ 00596b70 f   DlgIvex.obj
 0002:00053170       ?_GetBaseClass@CDlgLayers@@KGPAUCRuntimeClass@@XZ 00597170 f   DlgLayers.obj
 0002:000531c0       ?GetThisClass@CDlgLayers@@SGPAUCRuntimeClass@@XZ 005971c0 f   DlgLayers.obj
 0002:00053200       ?GetRuntimeClass@CDlgLayers@@UBEPAUCRuntimeClass@@XZ 00597200 f   DlgLayers.obj
 0002:00053240       ??0CDlgLayers@@QAE@PAVCWnd@@@Z 00597240 f   DlgLayers.obj
 0002:00053310       ??_ECDlgLayers@@UAEPAXI@Z  00597310 f i DlgLayers.obj
 0002:00053310       ??_GCDlgLayers@@UAEPAXI@Z  00597310 f i DlgLayers.obj
 0002:00053380       ??1CDlgLayers@@UAE@XZ      00597380 f   DlgLayers.obj
 0002:00053440       ?DoDataExchange@CDlgLayers@@MAEXPAVCDataExchange@@@Z 00597440 f   DlgLayers.obj
 0002:00053610       ?GetMessageMap@CDlgLayers@@MBEPBUAFX_MSGMAP@@XZ 00597610 f   DlgLayers.obj
 0002:00053660       ?GetThisMessageMap@CDlgLayers@@KGPBUAFX_MSGMAP@@XZ 00597660 f   DlgLayers.obj
 0002:000536a0       ?Initialize@CDlgLayers@@QAEXHQAHQAY02HH@Z 005976a0 f   DlgLayers.obj
 0002:000537c0       ?OnCtlColor@CDlgLayers@@QAEPAUHBRUSH__@@PAVCDC@@PAVCWnd@@I@Z 005977c0 f   DlgLayers.obj
 0002:00053970       ?OnBnClickedButtonLayer1@CDlgLayers@@QAEXXZ 00597970 f   DlgLayers.obj
 0002:000539d0       ?OnBnClickedButtonLayer2@CDlgLayers@@QAEXXZ 005979d0 f   DlgLayers.obj
 0002:00053a30       ?OnBnClickedButtonLayer3@CDlgLayers@@QAEXXZ 00597a30 f   DlgLayers.obj
 0002:00053a90       ?OnBnClickedButtonLayer4@CDlgLayers@@QAEXXZ 00597a90 f   DlgLayers.obj
 0002:00053af0       ?OnBnClickedButtonLayer5@CDlgLayers@@QAEXXZ 00597af0 f   DlgLayers.obj
 0002:00053b50       ?OnBnClickedButtonLayer6@CDlgLayers@@QAEXXZ 00597b50 f   DlgLayers.obj
 0002:00053bb0       ?OnBnClickedButtonLayer7@CDlgLayers@@QAEXXZ 00597bb0 f   DlgLayers.obj
 0002:00053c10       ?OnBnClickedButtonLayer8@CDlgLayers@@QAEXXZ 00597c10 f   DlgLayers.obj
 0002:00053c70       ?OnBnClickedButtonLayer9@CDlgLayers@@QAEXXZ 00597c70 f   DlgLayers.obj
 0002:00053cd0       ?OnBnClickedButtonLayer10@CDlgLayers@@QAEXXZ 00597cd0 f   DlgLayers.obj
 0002:00053d30       ?OnBnClickedButtonLayer11@CDlgLayers@@QAEXXZ 00597d30 f   DlgLayers.obj
 0002:00053d90       ?OnBnClickedButtonLayer12@CDlgLayers@@QAEXXZ 00597d90 f   DlgLayers.obj
 0002:00053df0       ?OnBnClickedButtonLayer13@CDlgLayers@@QAEXXZ 00597df0 f   DlgLayers.obj
 0002:00053e50       ?OnBnClickedButtonLayer14@CDlgLayers@@QAEXXZ 00597e50 f   DlgLayers.obj
 0002:00053eb0       ?OnBnClickedButtonLayer15@CDlgLayers@@QAEXXZ 00597eb0 f   DlgLayers.obj
 0002:00053f10       ?OnBnClickedButtonLayer16@CDlgLayers@@QAEXXZ 00597f10 f   DlgLayers.obj
 0002:00053f70       ?OnBnClickedButtonLayer17@CDlgLayers@@QAEXXZ 00597f70 f   DlgLayers.obj
 0002:00053fd0       ?OnBnClickedButtonLayer18@CDlgLayers@@QAEXXZ 00597fd0 f   DlgLayers.obj
 0002:00054030       ?OnBnClickedButtonLayer19@CDlgLayers@@QAEXXZ 00598030 f   DlgLayers.obj
 0002:00054090       ?OnBnClickedButtonLayer20@CDlgLayers@@QAEXXZ 00598090 f   DlgLayers.obj
 0002:000540f0       ?OnBnClickedButtonLayer21@CDlgLayers@@QAEXXZ 005980f0 f   DlgLayers.obj
 0002:00054150       ?OnBnClickedButtonLayer22@CDlgLayers@@QAEXXZ 00598150 f   DlgLayers.obj
 0002:000541b0       ?OnBnClickedButtonLayer23@CDlgLayers@@QAEXXZ 005981b0 f   DlgLayers.obj
 0002:00054210       ?OnBnClickedButtonLayer24@CDlgLayers@@QAEXXZ 00598210 f   DlgLayers.obj
 0002:00054270       ?OnBnClickedButtonLayer25@CDlgLayers@@QAEXXZ 00598270 f   DlgLayers.obj
 0002:000542d0       ?OnBnClickedButtonLayer26@CDlgLayers@@QAEXXZ 005982d0 f   DlgLayers.obj
 0002:00054330       ?OnBnClickedButtonLayer27@CDlgLayers@@QAEXXZ 00598330 f   DlgLayers.obj
 0002:00054390       ?OnBnClickedButtonLayer28@CDlgLayers@@QAEXXZ 00598390 f   DlgLayers.obj
 0002:000543f0       ?OnBnClickedButtonLayer29@CDlgLayers@@QAEXXZ 005983f0 f   DlgLayers.obj
 0002:00054450       ?OnBnClickedButtonLayer30@CDlgLayers@@QAEXXZ 00598450 f   DlgLayers.obj
 0002:000544b0       ?OnBnClickedButtonLayer31@CDlgLayers@@QAEXXZ 005984b0 f   DlgLayers.obj
 0002:00054510       ?EditColor@CDlgLayers@@QAEXH@Z 00598510 f   DlgLayers.obj
 0002:00054700       ??1CColorDialog@@UAE@XZ    00598700 f i DlgLayers.obj
 0002:00054750       ??1CCommonDialog@@UAE@XZ   00598750 f i DlgLayers.obj
 0002:000547b0       ??_GCCommonDialog@@UAEPAXI@Z 005987b0 f i DlgLayers.obj
 0002:000547b0       ??_ECCommonDialog@@UAEPAXI@Z 005987b0 f i DlgLayers.obj
 0002:00054820       _cpdf_getCurrentTextX      00598820 f   DlgLibraryManager.obj
 0002:00054880       _cpdf_getCurrentTextY      00598880 f   DlgLibraryManager.obj
 0002:000548e0       ?_GetBaseClass@CDlgLibraryManager@@KGPAUCRuntimeClass@@XZ 005988e0 f   DlgLibraryManager.obj
 0002:00054930       ?GetThisClass@CDlgLibraryManager@@SGPAUCRuntimeClass@@XZ 00598930 f   DlgLibraryManager.obj
 0002:00054970       ?GetRuntimeClass@CDlgLibraryManager@@UBEPAUCRuntimeClass@@XZ 00598970 f   DlgLibraryManager.obj
 0002:000549b0       ??0CDlgLibraryManager@@QAE@PAVCWnd@@@Z 005989b0 f   DlgLibraryManager.obj
 0002:00054ac0       ??_GCDlgLibraryManager@@UAEPAXI@Z 00598ac0 f i DlgLibraryManager.obj
 0002:00054ac0       ??_ECDlgLibraryManager@@UAEPAXI@Z 00598ac0 f i DlgLibraryManager.obj
 0002:00054b30       ??1CDlgLibraryManager@@UAE@XZ 00598b30 f   DlgLibraryManager.obj
 0002:00054c30       ?DoDataExchange@CDlgLibraryManager@@MAEXPAVCDataExchange@@@Z 00598c30 f   DlgLibraryManager.obj
 0002:00054fc0       ?GetMessageMap@CDlgLibraryManager@@MBEPBUAFX_MSGMAP@@XZ 00598fc0 f   DlgLibraryManager.obj
 0002:00055010       ?GetThisMessageMap@CDlgLibraryManager@@KGPBUAFX_MSGMAP@@XZ 00599010 f   DlgLibraryManager.obj
 0002:00055050       ?OnBnClickedButtonMakePdf@CDlgLibraryManager@@QAEXXZ 00599050 f   DlgLibraryManager.obj
 0002:0005def0       ?abs@@YANN@Z               005a1ef0 f i DlgLibraryManager.obj
 0002:0005df50       ?Initialize@CDlgLibraryManager@@QAEXPAVCFootLibFolderMap@@PAVCDlgLog@@@Z 005a1f50 f   DlgLibraryManager.obj
 0002:0005dfb0       ?OnBnClickedButtonMgrBrowse@CDlgLibraryManager@@QAEXXZ 005a1fb0 f   DlgLibraryManager.obj
 0002:0005e300       ?RemoveAt@?$CArray@HABH@@QAEXHH@Z 005a2300 f i DlgLibraryManager.obj
 0002:0005e4b0       ??A?$CArray@PAVCText@@ABQAV1@@@QAEAAPAVCText@@H@Z 005a24b0 f i DlgLibraryManager.obj
 0002:0005e510       ??A?$CArray@VCPolyLine@@ABV1@@@QAEAAVCPolyLine@@H@Z 005a2510 f i DlgLibraryManager.obj
 0002:0005e570       ?ElementAt@?$CArray@PAVCText@@ABQAV1@@@QAEAAPAVCText@@H@Z 005a2570 f i DlgLibraryManager.obj
 0002:0005e620       ?ElementAt@?$CArray@VCPolyLine@@ABV1@@@QAEAAVCPolyLine@@H@Z 005a2620 f i DlgLibraryManager.obj
 0002:0005e6d0       ??0?$CArray@HABH@@QAE@XZ   005a26d0 f i DlgLibraryManager.obj
 0002:0005e760       ?Add@?$CArray@HABH@@QAEHABH@Z 005a2760 f i DlgLibraryManager.obj
 0002:0005e7d0       ??1?$CArray@HABH@@UAE@XZ   005a27d0 f i DlgLibraryManager.obj
 0002:0005e8e0       ?Serialize@?$CArray@HABH@@UAEXAAVCArchive@@@Z 005a28e0 f i DlgLibraryManager.obj
 0002:0005e9b0       ?SetSize@?$CArray@HABH@@QAEXHH@Z 005a29b0 f i DlgLibraryManager.obj
 0002:0005ef40       ?Dump@?$CArray@HABH@@UBEXAAVCDumpContext@@@Z 005a2f40 f i DlgLibraryManager.obj
 0002:0005f020       ?AssertValid@?$CArray@HABH@@UBEXXZ 005a3020 f i DlgLibraryManager.obj
 0002:0005f180       ?GetSize@?$CArray@PAVCText@@ABQAV1@@@QBEHXZ 005a3180 f i DlgLibraryManager.obj
 0002:0005f1c0       ??_G?$CArray@HABH@@UAEPAXI@Z 005a31c0 f i DlgLibraryManager.obj
 0002:0005f1c0       ??_E?$CArray@HABH@@UAEPAXI@Z 005a31c0 f i DlgLibraryManager.obj
 0002:0005f230       ?SetAtGrow@?$CArray@HABH@@QAEXHABH@Z 005a3230 f i DlgLibraryManager.obj
 0002:0005f300       ?_GetBaseClass@CDlgLog@@KGPAUCRuntimeClass@@XZ 005a3300 f   DlgLog.obj
 0002:0005f350       ?GetThisClass@CDlgLog@@SGPAUCRuntimeClass@@XZ 005a3350 f   DlgLog.obj
 0002:0005f390       ?GetRuntimeClass@CDlgLog@@UBEPAUCRuntimeClass@@XZ 005a3390 f   DlgLog.obj
 0002:0005f3d0       ??0CDlgLog@@QAE@PAVCWnd@@@Z 005a33d0 f   DlgLog.obj
 0002:0005f4b0       ??_GCDlgLog@@UAEPAXI@Z     005a34b0 f i DlgLog.obj
 0002:0005f4b0       ??_ECDlgLog@@UAEPAXI@Z     005a34b0 f i DlgLog.obj
 0002:0005f520       ??1CDlgLog@@UAE@XZ         005a3520 f   DlgLog.obj
 0002:0005f5e0       ?DoDataExchange@CDlgLog@@MAEXPAVCDataExchange@@@Z 005a35e0 f   DlgLog.obj
 0002:0005f680       ?GetMessageMap@CDlgLog@@MBEPBUAFX_MSGMAP@@XZ 005a3680 f   DlgLog.obj
 0002:0005f6d0       ?GetThisMessageMap@CDlgLog@@KGPBUAFX_MSGMAP@@XZ 005a36d0 f   DlgLog.obj
 0002:0005f710       ?Move@CDlgLog@@QAEXHH@Z    005a3710 f   DlgLog.obj
 0002:0005f7f0       ?Clear@CDlgLog@@QAEXXZ     005a37f0 f   DlgLog.obj
 0002:0005f870       ?AddLine@CDlgLog@@QAEXPBD@Z 005a3870 f   DlgLog.obj
 0002:0005f8d0       ?OnBnClickedOk@CDlgLog@@QAEXXZ 005a38d0 f   DlgLog.obj
 0002:0005f960       ?OnSetCursor@CDlgLog@@QAEHPAVCWnd@@II@Z 005a3960 f   DlgLog.obj
 0002:0005f9f0       ?OnBnClickedHideMe@CDlgLog@@QAEXXZ 005a39f0 f   DlgLog.obj
 0002:0005fa50       ?_GetBaseClass@CDlgMoveOrigin@@KGPAUCRuntimeClass@@XZ 005a3a50 f   DlgMoveOrigin.obj
 0002:0005faa0       ?GetThisClass@CDlgMoveOrigin@@SGPAUCRuntimeClass@@XZ 005a3aa0 f   DlgMoveOrigin.obj
 0002:0005fae0       ?GetRuntimeClass@CDlgMoveOrigin@@UBEPAUCRuntimeClass@@XZ 005a3ae0 f   DlgMoveOrigin.obj
 0002:0005fb20       ??0CDlgMoveOrigin@@QAE@PAVCWnd@@@Z 005a3b20 f   DlgMoveOrigin.obj
 0002:0005fc40       ??_ECDlgMoveOrigin@@UAEPAXI@Z 005a3c40 f i DlgMoveOrigin.obj
 0002:0005fc40       ??_GCDlgMoveOrigin@@UAEPAXI@Z 005a3c40 f i DlgMoveOrigin.obj
 0002:0005fcb0       ??1CDlgMoveOrigin@@UAE@XZ  005a3cb0 f   DlgMoveOrigin.obj
 0002:0005fdc0       ?DoDataExchange@CDlgMoveOrigin@@MAEXPAVCDataExchange@@@Z 005a3dc0 f   DlgMoveOrigin.obj
 0002:0005ff20       ?GetMessageMap@CDlgMoveOrigin@@MBEPBUAFX_MSGMAP@@XZ 005a3f20 f   DlgMoveOrigin.obj
 0002:0005ff70       ?GetThisMessageMap@CDlgMoveOrigin@@KGPBUAFX_MSGMAP@@XZ 005a3f70 f   DlgMoveOrigin.obj
 0002:0005ffb0       ?Initialize@CDlgMoveOrigin@@QAEXH@Z 005a3fb0 f   DlgMoveOrigin.obj
 0002:00060020       ?GetFields@CDlgMoveOrigin@@QAEXXZ 005a4020 f   DlgMoveOrigin.obj
 0002:00060210       ?SetFields@CDlgMoveOrigin@@QAEXXZ 005a4210 f   DlgMoveOrigin.obj
 0002:000604f0       ?OnCbnSelchangeUnits@CDlgMoveOrigin@@QAEXXZ 005a44f0 f   DlgMoveOrigin.obj
 0002:00060550       ?OnBnClickedDrag@CDlgMoveOrigin@@QAEXXZ 005a4550 f   DlgMoveOrigin.obj
 0002:000605b0       ?OnBnClickedSet@CDlgMoveOrigin@@QAEXXZ 005a45b0 f   DlgMoveOrigin.obj
 0002:00060610       ?_GetBaseClass@CDlgMyMessageBox@@KGPAUCRuntimeClass@@XZ 005a4610 f   DlgMyMessageBox.obj
 0002:00060660       ?GetThisClass@CDlgMyMessageBox@@SGPAUCRuntimeClass@@XZ 005a4660 f   DlgMyMessageBox.obj
 0002:000606a0       ?GetRuntimeClass@CDlgMyMessageBox@@UBEPAUCRuntimeClass@@XZ 005a46a0 f   DlgMyMessageBox.obj
 0002:000606e0       ??0CDlgMyMessageBox@@QAE@PAVCWnd@@@Z 005a46e0 f   DlgMyMessageBox.obj
 0002:000607e0       ??_GCDlgMyMessageBox@@UAEPAXI@Z 005a47e0 f i DlgMyMessageBox.obj
[...]
 0005:000022e8       __imp_?EndModalState@CWnd@@UAEXXZ 0095f2e8     mfc100d:mfc100d.dll
 0005:000022ec       __imp_?BeginModalState@CWnd@@UAEXXZ 0095f2ec     mfc100d:mfc100d.dll
 0005:000022f0       __imp_?GetSuperWndProcAddr@CWnd@@MAEPAP6GJPAUHWND__@@IIJ@ZXZ 0095f2f0     mfc100d:mfc100d.dll
 0005:000022f4       __imp_?OnNotify@CWnd@@MAEHIJPAJ@Z 0095f2f4     mfc100d:mfc100d.dll
 0005:000022f8       __imp_?OnCommand@CWnd@@MAEHIJ@Z 0095f2f8     mfc100d:mfc100d.dll
 0005:000022fc       __imp_?CreateAccessibleProxy@CWnd@@UAEJIJPAJ@Z 0095f2fc     mfc100d:mfc100d.dll
 0005:00002300       __imp_?SetProxy@CWnd@@UAEJPAUIAccessibleProxy@@@Z 0095f300     mfc100d:mfc100d.dll
 0005:00002304       __imp_?put_accValue@CWnd@@UAEJUtagVARIANT@@PA_W@Z 0095f304     mfc100d:mfc100d.dll
 0005:00002308       __imp_?put_accName@CWnd@@UAEJUtagVARIANT@@PA_W@Z 0095f308     mfc100d:mfc100d.dll
 0005:0000230c       __imp_?accDoDefaultAction@CWnd@@UAEJUtagVARIANT@@@Z 0095f30c     mfc100d:mfc100d.dll
 0005:00002310       __imp_?accHitTest@CWnd@@UAEJJJPAUtagVARIANT@@@Z 0095f310     mfc100d:mfc100d.dll
 0005:00002314       __imp_?accNavigate@CWnd@@UAEJJUtagVARIANT@@PAU2@@Z 0095f314     mfc100d:mfc100d.dll
 0005:00002318       __imp_?accLocation@CWnd@@UAEJPAJ000UtagVARIANT@@@Z 0095f318     mfc100d:mfc100d.dll
 0005:0000231c       __imp_?accSelect@CWnd@@UAEJJUtagVARIANT@@@Z 0095f31c     mfc100d:mfc100d.dll
 0005:00002320       __imp_?get_accDefaultAction@CWnd@@UAEJUtagVARIANT@@PAPA_W@Z 0095f320     mfc100d:mfc100d.dll
 0005:00002324       __imp_?get_accSelection@CWnd@@UAEJPAUtagVARIANT@@@Z 0095f324     mfc100d:mfc100d.dll
 0005:00002328       __imp_?get_accFocus@CWnd@@UAEJPAUtagVARIANT@@@Z 0095f328     mfc100d:mfc100d.dll
 0005:0000232c       __imp_?get_accKeyboardShortcut@CWnd@@UAEJUtagVARIANT@@PAPA_W@Z 0095f32c     mfc100d:mfc100d.dll
 0005:00002330       __imp_?get_accHelpTopic@CWnd@@UAEJPAPA_WUtagVARIANT@@PAJ@Z 0095f330     mfc100d:mfc100d.dll
 0005:00002334       __imp_?get_accHelp@CWnd@@UAEJUtagVARIANT@@PAPA_W@Z 0095f334     mfc100d:mfc100d.dll
 0005:00002338       __imp_?get_accState@CWnd@@UAEJUtagVARIANT@@PAU2@@Z 0095f338     mfc100d:mfc100d.dll
 0005:0000233c       __imp_?get_accRole@CWnd@@UAEJUtagVARIANT@@PAU2@@Z 0095f33c     mfc100d:mfc100d.dll
 0005:00002340       __imp_?get_accDescription@CWnd@@UAEJUtagVARIANT@@PAPA_W@Z 0095f340     mfc100d:mfc100d.dll
 0005:00002344       __imp_?get_accValue@CWnd@@UAEJUtagVARIANT@@PAPA_W@Z 0095f344     mfc100d:mfc100d.dll
 0005:00002348       __imp_?get_accName@CWnd@@UAEJUtagVARIANT@@PAPA_W@Z 0095f348     mfc100d:mfc100d.dll
 0005:0000234c       __imp_?get_accChild@CWnd@@UAEJUtagVARIANT@@PAPAUIDispatch@@@Z 0095f34c     mfc100d:mfc100d.dll
 0005:00002350       __imp_?get_accChildCount@CWnd@@UAEJPAJ@Z 0095f350     mfc100d:mfc100d.dll
 0005:00002354       __imp_?get_accParent@CWnd@@UAEJPAPAUIDispatch@@@Z 0095f354     mfc100d:mfc100d.dll
 0005:00002358       __imp_?EnsureStdObj@CWnd@@UAEJXZ 0095f358     mfc100d:mfc100d.dll
 0005:0000235c       __imp_?OnDrawIconicThumbnailOrLivePreview@CWnd@@UAEXAAVCDC@@VCRect@@VCSize@@HAAH@Z 0095f35c     mfc100d:mfc100d.dll
 0005:00002360       __imp_?EndModalLoop@CWnd@@UAEXH@Z 0095f360     mfc100d:mfc100d.dll
 0005:00002364       __imp_?ContinueModal@CWnd@@UAEHXZ 0095f364     mfc100d:mfc100d.dll
 0005:00002368       __imp_?WinHelpInternal@CWnd@@UAEXKI@Z 0095f368     mfc100d:mfc100d.dll
 0005:0000236c       __imp_?HtmlHelpA@CWnd@@UAEXKI@Z 0095f36c     mfc100d:mfc100d.dll
 0005:00002370       __imp_?WinHelpA@CWnd@@UAEXKI@Z 0095f370     mfc100d:mfc100d.dll
 0005:00002374       __imp_?GetScrollBarCtrl@CWnd@@UBEPAVCScrollBar@@H@Z 0095f374     mfc100d:mfc100d.dll
 0005:00002378       __imp_?OnToolHitTest@CWnd@@UBEHVCPoint@@PAUtagTOOLINFOA@@@Z 0095f378     mfc100d:mfc100d.dll
 0005:0000237c       __imp_?SetMenu@CWnd@@UAEHPAVCMenu@@@Z 0095f37c     mfc100d:mfc100d.dll
 0005:00002380       __imp_?GetMenu@CWnd@@UBEPAVCMenu@@XZ 0095f380     mfc100d:mfc100d.dll
 0005:00002384       __imp_?CalcWindowRect@CWnd@@UAEXPAUtagRECT@@I@Z 0095f384     mfc100d:mfc100d.dll
 0005:00002388       __imp_?PreCreateWindow@CWnd@@UAEHAAUtagCREATESTRUCTA@@@Z 0095f388     mfc100d:mfc100d.dll
 0005:0000238c       __imp_?DestroyWindow@CWnd@@UAEHXZ 0095f38c     mfc100d:mfc100d.dll
 0005:00002390       __imp_?CreateEx@CWnd@@UAEHKPBD0KHHHHPAUHWND__@@PAUHMENU__@@PAX@Z 0095f390     mfc100d:mfc100d.dll
 0005:00002394       __imp_?CreateEx@CWnd@@UAEHKPBD0KABUtagRECT@@PAV1@IPAX@Z 0095f394     mfc100d:mfc100d.dll
 0005:00002398       __imp_?Create@CWnd@@UAEHPBD0KABUtagRECT@@PAV1@IPAUCCreateContext@@@Z 0095f398     mfc100d:mfc100d.dll
 0005:0000239c       __imp_?PreSubclassWindow@CWnd@@UAEXXZ 0095f39c     mfc100d:mfc100d.dll
 0005:000023a0       __imp_?GetConnectionHook@CCmdTarget@@MAEPAUIConnectionPoint@@ABU_GUID@@@Z 0095f3a0     mfc100d:mfc100d.dll
 0005:000023a4       __imp_?GetExtraConnectionPoints@CCmdTarget@@MAEHPAVCPtrArray@@@Z 0095f3a4     mfc100d:mfc100d.dll
 0005:000023a8       __imp_?GetInterfaceHook@CCmdTarget@@UAEPAUIUnknown@@PBX@Z 0095f3a8     mfc100d:mfc100d.dll
 0005:000023ac       __imp_?OnCreateAggregates@CCmdTarget@@UAEHXZ 0095f3ac     mfc100d:mfc100d.dll
 0005:000023b0       __imp_?GetEventSinkMap@CCmdTarget@@MBEPBUAFX_EVENTSINKMAP@@XZ 0095f3b0     mfc100d:mfc100d.dll
 0005:000023b4       __imp_?GetInterfaceMap@CWnd@@MBEPBUAFX_INTERFACEMAP@@XZ 0095f3b4     mfc100d:mfc100d.dll
 0005:000023b8       __imp_?GetConnectionMap@CCmdTarget@@MBEPBUAFX_CONNECTIONMAP@@XZ 0095f3b8     mfc100d:mfc100d.dll
 0005:000023bc       __imp_?GetDispatchMap@CCmdTarget@@MBEPBUAFX_DISPMAP@@XZ 0095f3bc     mfc100d:mfc100d.dll
 0005:000023c0       __imp_?GetCommandMap@CCmdTarget@@MBEPBUAFX_OLECMDMAP@@XZ 0095f3c0     mfc100d:mfc100d.dll
 0005:000023c4       __imp_?GetTypeLib@CCmdTarget@@UAEJKPAPAUITypeLib@@@Z 0095f3c4     mfc100d:mfc100d.dll
 0005:000023c8       __imp_?GetTypeLibCache@CCmdTarget@@UAEPAVCTypeLibCache@@XZ 0095f3c8     mfc100d:mfc100d.dll
 0005:000023cc       __imp_?GetTypeInfoCount@CCmdTarget@@UAEIXZ 0095f3cc     mfc100d:mfc100d.dll
 0005:000023d0       __imp_?GetDispatchIID@CCmdTarget@@UAEHPAU_GUID@@@Z 0095f3d0     mfc100d:mfc100d.dll
 0005:000023d4       __imp_?IsInvokeAllowed@CCmdTarget@@UAEHJ@Z 0095f3d4     mfc100d:mfc100d.dll
 0005:000023d8       __imp_?OnFinalRelease@CWnd@@UAEXXZ 0095f3d8     mfc100d:mfc100d.dll
 0005:000023dc       __imp_?OnCmdMsg@CDialog@@UAEHIHPAXPAUAFX_CMDHANDLERINFO@@@Z 0095f3dc     mfc100d:mfc100d.dll
 0005:000023e0       __imp_?Dump@CDialog@@UBEXAAVCDumpContext@@@Z 0095f3e0     mfc100d:mfc100d.dll
 0005:000023e4       __imp_?AssertValid@CDialog@@UBEXXZ 0095f3e4     mfc100d:mfc100d.dll
 0005:000023e8       __imp_??0CDialog@@QAE@IPAVCWnd@@@Z 0095f3e8     mfc100d:mfc100d.dll
 0005:000023ec       __imp_??0CComboBox@@QAE@XZ 0095f3ec     mfc100d:mfc100d.dll
 0005:000023f0       __imp_??0CEdit@@QAE@XZ     0095f3f0     mfc100d:mfc100d.dll
 0005:000023f4       __imp_??0CListBox@@QAE@XZ  0095f3f4     mfc100d:mfc100d.dll
 0005:000023f8       __imp_??0CButton@@QAE@XZ   0095f3f8     mfc100d:mfc100d.dll
 0005:000023fc       __imp_??1CDialog@@UAE@XZ   0095f3fc     mfc100d:mfc100d.dll
 0005:00002400       __imp_??1CComboBox@@UAE@XZ 0095f400     mfc100d:mfc100d.dll
 0005:00002404       __imp_??1CEdit@@UAE@XZ     0095f404     mfc100d:mfc100d.dll
 0005:00002408       __imp_??1CListBox@@UAE@XZ  0095f408     mfc100d:mfc100d.dll
 0005:0000240c       __imp_??1CButton@@UAE@XZ   0095f40c     mfc100d:mfc100d.dll
 0005:00002410       __imp_?GetThisClass@CDialog@@SGPAUCRuntimeClass@@XZ 0095f410     mfc100d:mfc100d.dll
 0005:00002414       __imp_?GetThisMessageMap@CDialog@@KGPBUAFX_MSGMAP@@XZ 0095f414     mfc100d:mfc100d.dll
 0005:00002418       __imp_?Write@CArchive@@QAEXPBXI@Z 0095f418     mfc100d:mfc100d.dll
 0005:0000241c       __imp_?EnsureRead@CArchive@@QAEXPAXI@Z 0095f41c     mfc100d:mfc100d.dll
 0005:00002420       __imp_?AfxThrowMemoryException@@YGXXZ 0095f420     mfc100d:mfc100d.dll
 0005:00002424       __imp_??_U@YAPAXIPBDH@Z    0095f424     mfc100d:mfc100d.dll
 0005:00002428       __imp_??_U@YAPAXI@Z        0095f428     mfc100d:mfc100d.dll
 0005:0000242c       __imp_??3CObject@@SGXPAX@Z 0095f42c     mfc100d:mfc100d.dll
 0005:00002430       __imp_?AssertValid@CObject@@UBEXXZ 0095f430     mfc100d:mfc100d.dll
 0005:00002434       __imp_?AfxIsValidAddress@@YGHPBXIH@Z 0095f434     mfc100d:mfc100d.dll
 0005:00002438       __imp_?Dump@CObject@@UBEXAAVCDumpContext@@@Z 0095f438     mfc100d:mfc100d.dll
 0005:0000243c       __imp_??6CDumpContext@@QAEAAV0@PBD@Z 0095f43c     mfc100d:mfc100d.dll
 0005:00002440       __imp_??6CDumpContext@@QAEAAV0@H@Z 0095f440     mfc100d:mfc100d.dll
 0005:00002444       __imp_?GetDepth@CDumpContext@@QBEHXZ 0095f444     mfc100d:mfc100d.dll
 0005:00002448       __imp_?Serialize@CObject@@UAEXAAVCArchive@@@Z 0095f448     mfc100d:mfc100d.dll
 0005:0000244c       __imp_?IsStoring@CArchive@@QBEHXZ 0095f44c     mfc100d:mfc100d.dll
 0005:00002450       __imp_?WriteCount@CArchive@@QAEXK@Z 0095f450     mfc100d:mfc100d.dll
 0005:00002454       __imp_?ReadCount@CArchive@@QAEKXZ 0095f454     mfc100d:mfc100d.dll
 0005:00002458       __imp_?AfxAssertValidObject@@YGXPBVCObject@@PBDH@Z 0095f458     mfc100d:mfc100d.dll
 0005:0000245c       __imp_??_V@YAXPAX@Z        0095f45c     mfc100d:mfc100d.dll
 0005:00002460       __imp_??1CObject@@UAE@XZ   0095f460     mfc100d:mfc100d.dll
 0005:00002464       __imp_?GetRuntimeClass@CObject@@UBEPAUCRuntimeClass@@XZ 0095f464     mfc100d:mfc100d.dll
 0005:00002468       __imp_??0CObject@@IAE@XZ   0095f468     mfc100d:mfc100d.dll
 0005:0000246c       __imp_?SetWindowOrg@CDC@@QAE?AVCPoint@@HH@Z 0095f46c     mfc100d:mfc100d.dll
 0005:00002470       __imp_?GetROP2@CDC@@QBEHXZ 0095f470     mfc100d:mfc100d.dll
 0005:00002474       __imp_??0CBrush@@QAE@K@Z   0095f474     mfc100d:mfc100d.dll
 0005:00002478       __imp_??0CPen@@QAE@HHK@Z   0095f478     mfc100d:mfc100d.dll
 0005:0000247c       __imp_?SelectObject@CDC@@QAEPAVCPen@@PAV2@@Z 0095f47c     mfc100d:mfc100d.dll
 0005:00002480       __imp_?SelectObject@CDC@@QAEPAVCBrush@@PAV2@@Z 0095f480     mfc100d:mfc100d.dll
 0005:00002484       __imp_?GetBkMode@CDC@@QBEHXZ 0095f484     mfc100d:mfc100d.dll
 0005:00002488       __imp_?Rectangle@CDC@@QAEHPBUtagRECT@@@Z 0095f488     mfc100d:mfc100d.dll
 0005:0000248c       __imp_?InsertColumn@CListCtrl@@QAEHHPBDHHH@Z 0095f48c     mfc100d:mfc100d.dll
 0005:00002490       __imp_?InsertItem@CListCtrl@@QAEHHPBD@Z 0095f490     mfc100d:mfc100d.dll
 0005:00002494       __imp_?SetItemData@CListCtrl@@QAEHHK@Z 0095f494     mfc100d:mfc100d.dll
 0005:00002498       __imp_?SetItem@CListCtrl@@QAEHHHIPBDHIIJ@Z 0095f498     mfc100d:mfc100d.dll
 0005:0000249c       __imp_?GetWindowRect@CWnd@@QBEXPAUtagRECT@@@Z 0095f49c     mfc100d:mfc100d.dll
 0005:000024a0       __imp_?MoveWindow@CWnd@@QAEXHHHHH@Z 0095f4a0     mfc100d:mfc100d.dll
 0005:000024a4       __imp_?GetItemCount@CListCtrl@@QBEHXZ 0095f4a4     mfc100d:mfc100d.dll
 0005:000024a8       __imp_?GetItemData@CListCtrl@@QBEKH@Z 0095f4a8     mfc100d:mfc100d.dll
 0005:000024ac       __imp_??0CListCtrl@@QAE@XZ 0095f4ac     mfc100d:mfc100d.dll
 0005:000024b0       __imp_??1CListCtrl@@UAE@XZ 0095f4b0     mfc100d:mfc100d.dll
 0005:000024b4       __imp_?DDX_CBIndex@@YGXPAVCDataExchange@@HAAH@Z 0095f4b4     mfc100d:mfc100d.dll
 0005:000024b8       __imp_?GetFocus@CWnd@@SGPAV1@XZ 0095f4b8     mfc100d:mfc100d.dll
 0005:000024bc       __imp_?GetLBText@CComboBox@@QBEXHAAV?$CStringT@DV?$StrTraitMFC_DLL@DV?$ChTraitsCRT@D@ATL@@@@@ATL@@@Z 0095f4bc     mfc100d:mfc100d.dll
 0005:000024c0       __imp_?FindString@CListBox@@QBEHHPBD@Z 0095f4c0     mfc100d:mfc100d.dll
 0005:000024c4       __imp_?SetSel@CListBox@@QAEHHH@Z 0095f4c4     mfc100d:mfc100d.dll
 0005:000024c8       __imp_?FindStringExact@CListBox@@QBEHHPBD@Z 0095f4c8     mfc100d:mfc100d.dll
 0005:000024cc       __imp_?AddString@CListBox@@QAEHPBD@Z 0095f4cc     mfc100d:mfc100d.dll
 0005:000024d0       __imp_?SetButtonStyle@CButton@@QAEXIH@Z 0095f4d0     mfc100d:mfc100d.dll
 0005:000024d4       __imp_?GetSelCount@CListBox@@QBEHXZ 0095f4d4     mfc100d:mfc100d.dll
 0005:000024d8       __imp_?GetSelItems@CListBox@@QBEHHPAH@Z 0095f4d8     mfc100d:mfc100d.dll
 0005:000024dc       __imp_?DeleteString@CListBox@@QAEHI@Z 0095f4dc     mfc100d:mfc100d.dll
 0005:000024e0       __imp_?GetState@CButton@@QBEIXZ 0095f4e0     mfc100d:mfc100d.dll
 0005:000024e4       __imp_?GetText@CListBox@@QBEXHAAV?$CStringT@DV?$StrTraitMFC_DLL@DV?$ChTraitsCRT@D@ATL@@@@@ATL@@@Z 0095f4e4     mfc100d:mfc100d.dll
 0005:000024e8       __imp_?ReverseFind@?$CStringT@DV?$StrTraitMFC_DLL@DV?$ChTraitsCRT@D@ATL@@@@@ATL@@QBEHD@Z 0095f4e8     mfc100d:mfc100d.dll
 0005:000024ec       __imp_??0CStdioFile@@QAE@XZ 0095f4ec     mfc100d:mfc100d.dll
 0005:000024f0       __imp_?Open@CStdioFile@@UAEHPBDIPAVCFileException@@@Z 0095f4f0     mfc100d:mfc100d.dll
 0005:000024f4       __imp_?Close@CStdioFile@@UAEXXZ 0095f4f4     mfc100d:mfc100d.dll
 0005:000024f8       __imp_??1CStdioFile@@UAE@XZ 0095f4f8     mfc100d:mfc100d.dll
 0005:000024fc       __imp_?WriteString@CStdioFile@@UAEXPBD@Z 0095f4fc     mfc100d:mfc100d.dll
 0005:00002500       __imp_?MakeLower@?$CStringT@DV?$StrTraitMFC_DLL@DV?$ChTraitsCRT@D@ATL@@@@@ATL@@QAEAAV12@XZ 0095f500     mfc100d:mfc100d.dll
 0005:00002504       __imp_?DDX_Text@@YGXPAVCDataExchange@@HAAH@Z 0095f504     mfc100d:mfc100d.dll
 0005:00002508       __imp_?DDV_MinMaxUInt@@YGXPAVCDataExchange@@III@Z 0095f508     mfc100d:mfc100d.dll
 0005:0000250c       __imp_?StringLength@?$CSimpleStringT@D$00@ATL@@SAHPBD@Z 0095f50c     mfc100d:mfc100d.dll
 0005:00002510       __imp_?DDX_CBString@@YGXPAVCDataExchange@@HAAV?$CStringT@DV?$StrTraitMFC_DLL@DV?$ChTraitsCRT@D@ATL@@@@@ATL@@@Z 0095f510     mfc100d:mfc100d.dll
 0005:00002514       __imp_?DDV_MaxChars@@YGXPAVCDataExchange@@ABV?$CStringT@DV?$StrTraitMFC_DLL@DV?$ChTraitsCRT@D@ATL@@@@@ATL@@H@Z 0095f514     mfc100d:mfc100d.dll
 0005:00002518       __imp_?MoveTo@CDC@@QAE?AVCPoint@@UtagPOINT@@@Z 0095f518     mfc100d:mfc100d.dll
 0005:0000251c       __imp_?LineTo@CDC@@QAEHUtagPOINT@@@Z 0095f51c     mfc100d:mfc100d.dll
 0005:00002520       __imp_??1CPen@@UAE@XZ      0095f520     mfc100d:mfc100d.dll
 0005:00002524       __imp_?BitBlt@CDC@@QAEHHHHHPAV1@HHK@Z 0095f524     mfc100d:mfc100d.dll
 0005:00002528       __imp_?SetROP2@CDC@@QAEHH@Z 0095f528     mfc100d:mfc100d.dll
 0005:0000252c       __imp_?SetFocus@CWnd@@QAEPAV1@XZ 0095f52c     mfc100d:mfc100d.dll
 0005:00002530       __imp_?PrepareCtrl@CDataExchange@@QAEPAUHWND__@@H@Z 0095f530     mfc100d:mfc100d.dll
 0005:00002534       __imp_?DDX_Text@@YGXPAVCDataExchange@@HAAV?$CStringT@DV?$StrTraitMFC_DLL@DV?$ChTraitsCRT@D@ATL@@@@@ATL@@@Z 0095f534     mfc100d:mfc100d.dll
 0005:00002538       __imp_?Find@?$CStringT@DV?$StrTraitMFC_DLL@DV?$ChTraitsCRT@D@ATL@@@@@ATL@@QBEHDH@Z 0095f538     mfc100d:mfc100d.dll
 0005:0000253c       __imp_??$SerializeElements@V?$CStringT@DV?$StrTraitMFC_DLL@DV?$ChTraitsCRT@D@ATL@@@@@ATL@@@@YGXAAVCArchive@@PAV?$CStringT@DV?$StrTraitMFC_DLL@DV?$ChTraitsCRT@D@ATL@@@@@ATL@@H@Z 0095f53c     mfc100d:mfc100d.dll
 0005:00002540       __imp_?FindString@CComboBox@@QBEHHPBD@Z 0095f540     mfc100d:mfc100d.dll
 0005:00002544       __imp_?GetCount@CListBox@@QBEHXZ 0095f544     mfc100d:mfc100d.dll
 0005:00002548       __imp_?GetSel@CListBox@@QBEHH@Z 0095f548     mfc100d:mfc100d.dll
 0005:0000254c       __imp_??BCGdiObject@@QBEPAXXZ 0095f54c     mfc100d:mfc100d.dll
 0005:00002550       __imp_?SelectObject@CDC@@QAEPAXPAX@Z 0095f550     mfc100d:mfc100d.dll
 0005:00002554       __imp_?Ellipse@CDC@@QAEHHHHH@Z 0095f554     mfc100d:mfc100d.dll
 0005:00002558       __imp_?MoveTo@CDC@@QAE?AVCPoint@@HH@Z 0095f558     mfc100d:mfc100d.dll
 0005:0000255c       __imp_?LineTo@CDC@@QAEHHH@Z 0095f55c     mfc100d:mfc100d.dll
 0005:00002560       __imp_?Polyline@CDC@@QAEHPBUtagPOINT@@H@Z 0095f560     mfc100d:mfc100d.dll
 0005:00002564       __imp_?Rectangle@CDC@@QAEHHHHH@Z 0095f564     mfc100d:mfc100d.dll
 0005:00002568       __imp_?RoundRect@CDC@@QAEHHHHHHH@Z 0095f568     mfc100d:mfc100d.dll
 0005:0000256c       __imp_?Polygon@CDC@@QAEHPBUtagPOINT@@H@Z 0095f56c     mfc100d:mfc100d.dll
 0005:00002570       __imp_??1CBrush@@UAE@XZ    0095f570     mfc100d:mfc100d.dll
 0005:00002574       __imp_?SetPixel@CDC@@QAEKHHK@Z 0095f574     mfc100d:mfc100d.dll
 0005:00002578       __imp_??0CPen@@QAE@XZ      0095f578     mfc100d:mfc100d.dll
 0005:0000257c       __imp_?CreatePen@CPen@@QAEHHHK@Z 0095f57c     mfc100d:mfc100d.dll
 0005:00002580       __imp_?Ellipse@CDC@@QAEHPBUtagRECT@@@Z 0095f580     mfc100d:mfc100d.dll
 0005:00002584       __imp_?AfxThrowInvalidArgException@@YGXXZ 0095f584     mfc100d:mfc100d.dll
 0005:00002588       __imp_?GetHeadPosition@CPtrList@@QBEPAU__POSITION@@XZ 0095f588     mfc100d:mfc100d.dll
 0005:0000258c       __imp_?GetNext@CPtrList@@QAEAAPAXAAPAU__POSITION@@@Z 0095f58c     mfc100d:mfc100d.dll
 0005:00002590       __imp_??B?$CSimpleStringT@D$00@ATL@@QBEPBDXZ 0095f590     mfc100d:mfc100d.dll
 0005:00002594       __imp_??2@YAPAXIPBDH@Z     0095f594     mfc100d:mfc100d.dll
 0005:00002598       __imp_??4?$CStringT@DV?$StrTraitMFC_DLL@DV?$ChTraitsCRT@D@ATL@@@@@ATL@@QAEAAV01@ABV01@@Z 0095f598     mfc100d:mfc100d.dll
 0005:0000259c       __imp_?AddTail@CPtrList@@QAEPAU__POSITION@@PAX@Z 0095f59c     mfc100d:mfc100d.dll
 0005:000025a0       __imp_??3@YAXPAXPBDH@Z     0095f5a0     mfc100d:mfc100d.dll
 0005:000025a4       __imp_?Find@CPtrList@@QBEPAU__POSITION@@PAXPAU2@@Z 0095f5a4     mfc100d:mfc100d.dll
 0005:000025a8       __imp_?RemoveAt@CPtrList@@QAEXPAU__POSITION@@@Z 0095f5a8     mfc100d:mfc100d.dll
 0005:000025ac       __imp_?IsEmpty@CPtrList@@QBEHXZ 0095f5ac     mfc100d:mfc100d.dll
 0005:000025b0       __imp_?GetHead@CPtrList@@QAEAAPAXXZ 0095f5b0     mfc100d:mfc100d.dll
 0005:000025b4       __imp_?RemoveHead@CPtrList@@QAEPAXXZ 0095f5b4     mfc100d:mfc100d.dll
 0005:000025b8       __imp_??1CPtrList@@UAE@XZ  0095f5b8     mfc100d:mfc100d.dll
 0005:000025bc       __imp_??0CPtrList@@QAE@H@Z 0095f5bc     mfc100d:mfc100d.dll
 0005:000025c0       __imp_?GetAt@?$CSimpleStringT@D$00@ATL@@QBEDH@Z 0095f5c0     mfc100d:mfc100d.dll
 0005:000025c4       __imp_?GetManager@?$CStringT@DV?$StrTraitMFC_DLL@DV?$ChTraitsCRT@D@ATL@@@@@ATL@@QBEPAUIAtlStringMgr@2@XZ 0095f5c4     mfc100d:mfc100d.dll
 0005:000025c8       __imp_??0?$CStringT@DV?$StrTraitMFC_DLL@DV?$ChTraitsCRT@D@ATL@@@@@ATL@@QAE@PAUIAtlStringMgr@1@@Z 0095f5c8     mfc100d:mfc100d.dll
 0005:000025cc       __imp_?Concatenate@?$CSimpleStringT@D$00@ATL@@KAXAAV12@PBDH1H@Z 0095f5cc     mfc100d:mfc100d.dll
 0005:000025d0       __imp_??1CWnd@@UAE@XZ      0095f5d0     mfc100d:mfc100d.dll
 0005:000025d4       __imp_?ShowWindow@CWnd@@QAEHH@Z 0095f5d4     mfc100d:mfc100d.dll
 0005:000025d8       __imp_?UpdateWindow@CWnd@@QAEXXZ 0095f5d8     mfc100d:mfc100d.dll
 0005:000025dc       __imp_?BringWindowToTop@CWnd@@QAEXXZ 0095f5dc     mfc100d:mfc100d.dll
 0005:000025e0       __imp_?GetNextItem@CTreeCtrl@@QBEPAU_TREEITEM@@PAU2@I@Z 0095f5e0     mfc100d:mfc100d.dll
 0005:000025e4       __imp_?DelayUpdateFrameMenu@CFrameWnd@@UAEXPAUHMENU__@@@Z 0095f5e4     mfc100d:mfc100d.dll
 0005:000025e8       __imp_?GetItemState@CTreeCtrl@@QBEIPAU_TREEITEM@@I@Z 0095f5e8     mfc100d:mfc100d.dll
 0005:000025ec       __imp_??0?$CStringT@DV?$StrTraitMFC_DLL@DV?$ChTraitsCRT@D@ATL@@@@@ATL@@QAE@XZ 0095f5ec     mfc100d:mfc100d.dll
 0005:000025f0       __imp_??1?$CStringT@DV?$StrTraitMFC_DLL@DV?$ChTraitsCRT@D@ATL@@@@@ATL@@QAE@XZ 0095f5f0     mfc100d:mfc100d.dll
 0005:000025f4       __imp_??3@YAXPAX@Z         0095f5f4     mfc100d:mfc100d.dll
 0005:000025f8       __imp_?GetCount@CMapStringToPtr@@QBEHXZ 0095f5f8     mfc100d:mfc100d.dll
 0005:000025fc       __imp_?AfxWinMain@@YGHPAUHINSTANCE__@@0PADH@Z 0095f5fc     mfc100d:mfc100d.dll
 0005:00002600       __imp_?AfxGetModuleState@@YGPAVAFX_MODULE_STATE@@XZ 0095f600     mfc100d:mfc100d.dll
 0005:00002604       \177mfc100d_NULL_THUNK_DATA 0095f604     mfc100d:mfc100d.dll

 entry point at        0002:0000532a

