  StdAfx.cpp
D:\FreePCBDev\Schematic Constructor\stdafx.h(53,1): warning C4005: ASSERT: изменение макроопределения
  (компиляция исходного файла "StdAfx.cpp")
  C:\Program Files\Microsoft Visual Studio\2022\Community\VC\Tools\MSVC\14.39.33519\atlmfc\include\afx.h(366,1):
  см. предыдущее определение "ASSERT"
  
  BomInTable.cpp
  CCompare.cpp
  ComponentNoteExt.cpp
  Cuid.cpp
  DesignRules.cpp
  DisplayList.cpp
  DlgAddMaskCutout.cpp
  DlgAddMerge.cpp
  DlgAddPoly.cpp
  DlgAddText.cpp
  DlgAddWidth.cpp
  DlgAttrSync.cpp
  DlgCAD.cpp
  DlgChangeLayer.cpp
  DlgCreateBranch.cpp
  DlgDRC.cpp
  DlgEditBoardCorner.cpp
  DlgFindPart.cpp
  DlgImportMerge.cpp
  DlgImportOptions.cpp
  Компиляция...
  DlgImportPart.cpp
  DlgIndexing.cpp
  DlgLayers.cpp
  DlgLog.cpp
  DlgMoveOrigin.cpp
  DlgMyMessageBox.cpp
  DlgMyMessageBox2.cpp
  DlgPartlist.cpp
  DlgPDFLayers.cpp
  DlgPinMap.cpp
  DlgProjectOptions.cpp
  DlgProtection.cpp
  DlgReassignLayers.cpp
  DlgRenumbers.cpp
  DlgReplaceText.cpp
  DlgReport.cpp
  DlgSetAreaHatch.cpp
  DlgShortcuts.cpp
  DlgSideStyle.cpp
  DlgAttr.cpp
  Компиляция...
  file_io.cpp
  Documents.cpp
  FreePcbView.cpp
  FreeSch.cpp
  Gerber.cpp
  gpc_232.cpp
  ImportNetlist.cpp
  LibPointer.cpp
  MainFrm.cpp
  MyToolBar.cpp
  NetlistSettings.cpp
  Pages.cpp
  PartTemplate.cpp
  PathDialog.cpp
  php_polygon.cpp
  php_polygon_vertex.cpp
  PolyLine.cpp
  QAFDebug.cpp
  ReadFootprintFolder.cpp
  ReportFiles.cpp
  Компиляция...
  RTcall.cpp
  smcharacter.cpp
  smfontutil.cpp
  SpeedFiles.cpp
  TagTable.cpp
  TextList.cpp
  UndoList.cpp
  utility.cpp
  adler32.c
  compress.c
  cpdfAnnot.c
  cpdfArc.c
  cpdfAxis.c
  cpdfColor.c
  cpdfDomain.c
  cpdfDomPlot.c
  cpdfFont.c
  cpdfGstate.c
  cpdfImage.c
  cpdfImgIL.c
  cpdfInit.c
  cpdfMarker.c
  cpdfMemBuf.c
  cpdfOutline.c
  cpdfPreview.c
  cpdfRawPlot.c
  cpdfReadPFB.c
  cpdfReadPFM.c
  Компиляция...
  cpdfText.c
  cpdfTextBox.c
  cpdfTicInt.c
  cpdfTime.c
  cpdfUtil.c
  deflate.c
  jpegsize.c
  testpdf.c
  trees.c
  zutil.c
  Создание кода
  Создание кода завершено
  FreePcb.vcxproj -> D:\FreePCBDev\Schematic Constructor\Debug\СхемАтор.exe
  Скопировано файлов:         1.
