 FreeCds

 Timestamp is 68b668f0 (Tue Sep 02 08:48:00 2025)

 Preferred load address is 00400000

 Start         Length     Name                   Class
 0001:00000000 00119ea2H .textbss                DATA
 0002:00000000 0021bd66H .text                   CODE
 0002:0021bd70 00021c07H .text$x                 CODE
 0002:0023d980 00001c41H .text$yc                CODE
 0002:0023f5d0 00001c9bH .text$yd                CODE
 0003:00000000 00000104H .CRT$XCA                DATA
 0003:00000104 00000104H .CRT$XCAA               DATA
 0003:00000208 0000010eH .CRT$XCC                DATA
 0003:00000318 0000018eH .CRT$XCL                DATA
 0003:000004a8 00000168H .CRT$XCU                DATA
 0003:00000610 00000104H .CRT$XCZ                DATA
 0003:00000714 00000104H .CRT$XIA                DATA
 0003:00000818 00000104H .CRT$XIAA               DATA
 0003:0000091c 00000104H .CRT$XIC                DATA
 0003:00000a20 00000104H .CRT$XIY                DATA
 0003:00000b24 00000104H .CRT$XIZ                DATA
 0003:00000c30 0002fbe4H .rdata                  DATA
 0003:00030814 0000015dH .rdata$debug            DATA
 0003:00030974 00002426H .rdata$r                DATA
 0003:00032d9c 00000104H .rtc$IAA                DATA
 0003:00032ea0 000002beH .rtc$IMZ                DATA
 0003:00033160 00000104H .rtc$IZZ                DATA
 0003:00033264 00000104H .rtc$TAA                DATA
 0003:00033368 000002beH .rtc$TMZ                DATA
 0003:00033628 00000104H .rtc$TZZ                DATA
 0003:00033730 00011404H .xdata$x                DATA
 0003:00044b34 00000104H ATL$__a                 DATA
 0003:00044c38 00000104H ATL$__z                 DATA
 0003:00044d3c 00000000H .edata                  DATA
 0004:00000000 0000d9dfH .data                   DATA
 0004:0000d9e0 00000e74H .bss                    DATA
 0005:00000000 000000dcH .idata$2                DATA
 0005:000000dc 00000014H .idata$3                DATA
 0005:000000f0 000014d0H .idata$4                DATA
 0005:000015c0 000014d0H .idata$5                DATA
 0005:00002a90 00002022H .idata$6                DATA
 0006:00000000 00002504H .rsrc$01                DATA
 0006:00002510 00147d4cH .rsrc$02                DATA

  Address         Publics by Value              Rva+Base       Lib:Object

 0000:00000000       ___safe_se_handler_table   00000000     <absolute>
 0000:00000000       ___safe_se_handler_count   00000000     <absolute>
 0000:00000000       __except_list              00000000     <absolute>
 0000:00009876       __fltused                  00009876     <absolute>
 0000:00009876       __ldused                   00009876     <absolute>
 0000:00000000       ___ImageBase               00400000     <linker-defined>
 0001:00000000       __enc$textbss$begin        00401000     <linker-defined>
 0001:00119ea2       __enc$textbss$end          0051aea2     <linker-defined>
 0002:00009fb0       ?AfxAssertFailedLine@@YGHPBDH@Z 00524fb0 f   afxasert.obj
 0002:0000a0a0       ??0BomInTable@@QAE@PAVCFreePcbDoc@@@Z 005250a0 f   BomInTable.obj
 0002:0000a270       ?MakeReport@BomInTable@@QAEXXZ 00525270 f   BomInTable.obj
 0002:0000d4b0       ?GetURL@BomInTable@@QAE?AV?$CStringT@DV?$StrTraitMFC_DLL@DV?$ChTraitsCRT@D@ATL@@@@@ATL@@PAV23@0PAH1@Z 005284b0 f   BomInTable.obj
 0002:0000e330       ?PushRows@BomInTable@@AAEHHH@Z 00529330 f   BomInTable.obj
 0002:0000e6e0       ?ReadParamsFromTagFile@BomInTable@@AAEHXZ 005296e0 f   BomInTable.obj
 0002:0000fdb0       ?GetCName@BomInTable@@QAE?AV?$CStringT@DV?$StrTraitMFC_DLL@DV?$ChTraitsCRT@D@ATL@@@@@ATL@@PAV23@0@Z 0052adb0 f   BomInTable.obj
 0002:00010330       ?AddObject@BomInTable@@AAEXHPAV?$CStringT@DV?$StrTraitMFC_DLL@DV?$ChTraitsCRT@D@ATL@@@@@ATL@@000@Z 0052b330 f   BomInTable.obj
 0002:00010e50       ?RemoveEmptyRows@BomInTable@@AAEXXZ 0052be50 f   BomInTable.obj
 0002:00011300       ?PushBack@BomInTable@@AAEHHH@Z 0052c300 f   BomInTable.obj
 0002:000113b0       ?RedrawNumbers@BomInTable@@AAEHXZ 0052c3b0 f   BomInTable.obj
 0002:00011620       ?FindNextRow@BomInTable@@AAEHPAV?$CStringT@DV?$StrTraitMFC_DLL@DV?$ChTraitsCRT@D@ATL@@@@@ATL@@@Z 0052c620 f   BomInTable.obj
 0002:00012440       ?ParseString@BomInTable@@AAEPAVCText@@PAV2@H@Z 0052d440 f   BomInTable.obj
 0002:00012950       ?AddPString@BomInTable@@AAEHPAVCText@@HHH@Z 0052d950 f   BomInTable.obj
 0002:00012b90       ??HATL@@YA?AV?$CStringT@DV?$StrTraitMFC_DLL@DV?$ChTraitsCRT@D@ATL@@@@@0@ABV10@0@Z 0052db90 f i BomInTable.obj
 0002:00012d50       ??HATL@@YA?AV?$CStringT@DV?$StrTraitMFC_DLL@DV?$ChTraitsCRT@D@ATL@@@@@0@ABV10@PBD@Z 0052dd50 f i BomInTable.obj
 0002:00012f00       ??HATL@@YA?AV?$CStringT@DV?$StrTraitMFC_DLL@DV?$ChTraitsCRT@D@ATL@@@@@0@PBDABV10@@Z 0052df00 f i BomInTable.obj
 0002:000130b0       ??8ATL@@YA_NABV?$CStringT@DV?$StrTraitMFC_DLL@DV?$ChTraitsCRT@D@ATL@@@@@0@PBD@Z 0052e0b0 f i BomInTable.obj
 0002:00013120       ??9ATL@@YA_NABV?$CStringT@DV?$StrTraitMFC_DLL@DV?$ChTraitsCRT@D@ATL@@@@@0@PBD@Z 0052e120 f i BomInTable.obj
 0002:00013190       ?GetAt@?$CArray@V?$CStringT@DV?$StrTraitMFC_DLL@DV?$ChTraitsCRT@D@ATL@@@@@ATL@@ABV12@@@QAEAAV?$CStringT@DV?$StrTraitMFC_DLL@DV?$ChTraitsCRT@D@ATL@@@@@ATL@@H@Z 0052e190 f i BomInTable.obj
 0002:00013240       ?GetSize@?$CArray@VCPolyLine@@ABV1@@@QBEHXZ 0052e240 f i BomInTable.obj
 0002:00013280       ?GetAt@?$CArray@VCPolyLine@@ABV1@@@QAEAAVCPolyLine@@H@Z 0052e280 f i BomInTable.obj
 0002:00013330       ??0?$CArray@PAVCText@@ABQAV1@@@QAE@XZ 0052e330 f i BomInTable.obj
 0002:000133c0       ?RemoveAll@?$CArray@PAVCText@@ABQAV1@@@QAEXXZ 0052e3c0 f i BomInTable.obj
 0002:00013420       ?GetAt@?$CArray@PAVCText@@ABQAV1@@@QAEAAPAVCText@@H@Z 0052e420 f i BomInTable.obj
 0002:000134d0       ?Add@?$CArray@PAVCText@@ABQAV1@@@QAEHABQAVCText@@@Z 0052e4d0 f i BomInTable.obj
 0002:00013540       ?RemoveAt@?$CArray@PAVCText@@ABQAV1@@@QAEXHH@Z 0052e540 f i BomInTable.obj
 0002:000136f0       ?SetAtGrow@?$CArray@PAVCText@@ABQAV1@@@QAEXHABQAVCText@@@Z 0052e6f0 f i BomInTable.obj
 0002:000137c0       ?memmove_s@Checked@ATL@@YAXPAXIPBXI@Z 0052e7c0 f i BomInTable.obj
 0002:00013840       ?AfxCrtErrorCheck@@YAHH@Z  0052e840 f i BomInTable.obj
 0002:00013950       ?GetIndex@StrList@@QAEHV?$CStringT@DV?$StrTraitMFC_DLL@DV?$ChTraitsCRT@D@ATL@@@@@ATL@@@Z 0052e950 f i BomInTable.obj
 0002:00013ab0       ??0?$CArray@V?$CStringT@DV?$StrTraitMFC_DLL@DV?$ChTraitsCRT@D@ATL@@@@@ATL@@ABV12@@@QAE@XZ 0052eab0 f i BomInTable.obj
 0002:00013b40       ?GetSize@?$CArray@V?$CStringT@DV?$StrTraitMFC_DLL@DV?$ChTraitsCRT@D@ATL@@@@@ATL@@ABV12@@@QBEHXZ 0052eb40 f i BomInTable.obj
 0002:00013b80       ?SetSize@?$CArray@V?$CStringT@DV?$StrTraitMFC_DLL@DV?$ChTraitsCRT@D@ATL@@@@@ATL@@ABV12@@@QAEXHH@Z 0052eb80 f i BomInTable.obj
 0002:00014200       ??2@YAPAXIPAX@Z            0052f200 f i BomInTable.obj
 0002:00014240       ?memcpy_s@Checked@ATL@@YAXPAXIPBXI@Z 0052f240 f i BomInTable.obj
 0002:000142c0       ?Add@?$CArray@V?$CStringT@DV?$StrTraitMFC_DLL@DV?$ChTraitsCRT@D@ATL@@@@@ATL@@ABV12@@@QAEHABV?$CStringT@DV?$StrTraitMFC_DLL@DV?$ChTraitsCRT@D@ATL@@@@@ATL@@@Z 0052f2c0 f i BomInTable.obj
 0002:00014330       ??A?$CArray@V?$CStringT@DV?$StrTraitMFC_DLL@DV?$ChTraitsCRT@D@ATL@@@@@ATL@@ABV12@@@QAEAAV?$CStringT@DV?$StrTraitMFC_DLL@DV?$ChTraitsCRT@D@ATL@@@@@ATL@@H@Z 0052f330 f i BomInTable.obj
 0002:00014390       ?RemoveAt@?$CArray@V?$CStringT@DV?$StrTraitMFC_DLL@DV?$ChTraitsCRT@D@ATL@@@@@ATL@@ABV12@@@QAEXHH@Z 0052f390 f i BomInTable.obj
 0002:00014560       ??1?$CArray@V?$CStringT@DV?$StrTraitMFC_DLL@DV?$ChTraitsCRT@D@ATL@@@@@ATL@@ABV12@@@UAE@XZ 0052f560 f i BomInTable.obj
 0002:00014690       ?Serialize@?$CArray@V?$CStringT@DV?$StrTraitMFC_DLL@DV?$ChTraitsCRT@D@ATL@@@@@ATL@@ABV12@@@UAEXAAVCArchive@@@Z 0052f690 f i BomInTable.obj
 0002:00014760       ?Dump@?$CArray@V?$CStringT@DV?$StrTraitMFC_DLL@DV?$ChTraitsCRT@D@ATL@@@@@ATL@@ABV12@@@UBEXAAVCDumpContext@@@Z 0052f760 f i BomInTable.obj
 0002:00014840       ?AssertValid@?$CArray@V?$CStringT@DV?$StrTraitMFC_DLL@DV?$ChTraitsCRT@D@ATL@@@@@ATL@@ABV12@@@UBEXXZ 0052f840 f i BomInTable.obj
 0002:000149a0       ?GetSize@?$CArray@PAVCText@@ABQAV1@@@QBEHXZ 0052f9a0 f i BomInTable.obj
 0002:000149e0       ??1?$CArray@PAVCText@@ABQAV1@@@UAE@XZ 0052f9e0 f i BomInTable.obj
 0002:00014af0       ?Serialize@?$CArray@PAVCText@@ABQAV1@@@UAEXAAVCArchive@@@Z 0052faf0 f i BomInTable.obj
 0002:00014bc0       ?Dump@?$CArray@PAVCText@@ABQAV1@@@UBEXAAVCDumpContext@@@Z 0052fbc0 f i BomInTable.obj
 0002:00014ca0       ?AssertValid@?$CArray@PAVCText@@ABQAV1@@@UBEXXZ 0052fca0 f i BomInTable.obj
 0002:00014e00       ??_E?$CArray@V?$CStringT@DV?$StrTraitMFC_DLL@DV?$ChTraitsCRT@D@ATL@@@@@ATL@@ABV12@@@UAEPAXI@Z 0052fe00 f i BomInTable.obj
 0002:00014e00       ??_G?$CArray@V?$CStringT@DV?$StrTraitMFC_DLL@DV?$ChTraitsCRT@D@ATL@@@@@ATL@@ABV12@@@UAEPAXI@Z 0052fe00 f i BomInTable.obj
 0002:00014e70       ??_G?$CStringT@DV?$StrTraitMFC_DLL@DV?$ChTraitsCRT@D@ATL@@@@@ATL@@QAEPAXI@Z 0052fe70 f i BomInTable.obj
 0002:00014ef0       ??_E?$CArray@PAVCText@@ABQAV1@@@UAEPAXI@Z 0052fef0 f i BomInTable.obj
 0002:00014ef0       ??_G?$CArray@PAVCText@@ABQAV1@@@UAEPAXI@Z 0052fef0 f i BomInTable.obj
 0002:00014f60       ?ElementAt@?$CArray@V?$CStringT@DV?$StrTraitMFC_DLL@DV?$ChTraitsCRT@D@ATL@@@@@ATL@@ABV12@@@QAEAAV?$CStringT@DV?$StrTraitMFC_DLL@DV?$ChTraitsCRT@D@ATL@@@@@ATL@@H@Z 0052ff60 f i BomInTable.obj
 0002:00015010       ?SetAtGrow@?$CArray@V?$CStringT@DV?$StrTraitMFC_DLL@DV?$ChTraitsCRT@D@ATL@@@@@ATL@@ABV12@@@QAEXHABV?$CStringT@DV?$StrTraitMFC_DLL@DV?$ChTraitsCRT@D@ATL@@@@@ATL@@@Z 00530010 f i BomInTable.obj
 0002:000150f0       ??$DumpElements@V?$CStringT@DV?$StrTraitMFC_DLL@DV?$ChTraitsCRT@D@ATL@@@@@ATL@@@@YGXAAVCDumpContext@@PBV?$CStringT@DV?$StrTraitMFC_DLL@DV?$ChTraitsCRT@D@ATL@@@@@ATL@@H@Z 005300f0 f i BomInTable.obj
 0002:000151e0       ?SetSize@?$CArray@PAVCText@@ABQAV1@@@QAEXHH@Z 005301e0 f i BomInTable.obj
 0002:00015770       ??$SerializeElements@PAVCText@@@@YGXAAVCArchive@@PAPAVCText@@H@Z 00530770 f i BomInTable.obj
 0002:00015960       ??$DumpElements@PAVCText@@@@YGXAAVCDumpContext@@PBQAVCText@@H@Z 00530960 f i BomInTable.obj
 0002:00015a50       ??0CCompare@@QAE@XZ        00530a50 f   CCompare.obj
 0002:00015a90       ??1CCompare@@QAE@XZ        00530a90 f   CCompare.obj
 0002:00015ad0       ?Compare@CCompare@@QAEXPAVCFreePcbDoc@@H@Z 00530ad0 f   CCompare.obj
 0002:00015d60       ?ComparePartlist@CDlgCompare@@QAEHHH@Z 00530d60 f   CCompare.obj
 0002:00016ae0       ?CompareNetlist@CDlgCompare@@QAEHHH@Z 00531ae0 f   CCompare.obj
 0002:000195e0       ?DATA5_FindNet@CDlgCompare@@QAEHPAV?$CStringT@DV?$StrTraitMFC_DLL@DV?$ChTraitsCRT@D@ATL@@@@@ATL@@@Z 005345e0 f   CCompare.obj
 0002:00019840       ?Conformity@CDlgCompare@@QAEHPAV?$CStringT@DV?$StrTraitMFC_DLL@DV?$ChTraitsCRT@D@ATL@@@@@ATL@@0@Z 00534840 f   CCompare.obj
 0002:00019d90       ?FindPin@CDlgCompare@@QAEPAVCPolyLine@@PAVCText@@PAV?$CStringT@DV?$StrTraitMFC_DLL@DV?$ChTraitsCRT@D@ATL@@@@@ATL@@PAV?$CArray@VCPolyLine@@ABV1@@@@Z 00534d90 f   CCompare.obj
 0002:00019ff0       ?FindPartByCoordinates@CDlgCompare@@QAEPAVCText@@PAV?$CArray@VCPolyLine@@ABV1@@@HHPAV?$CStringT@DV?$StrTraitMFC_DLL@DV?$ChTraitsCRT@D@ATL@@@@@ATL@@H@Z 00534ff0 f   CCompare.obj
 0002:0001a450       ?_GetBaseClass@CDlgCompare@@KGPAUCRuntimeClass@@XZ 00535450 f   CCompare.obj
 0002:0001a4a0       ?GetThisClass@CDlgCompare@@SGPAUCRuntimeClass@@XZ 005354a0 f   CCompare.obj
 0002:0001a4e0       ?GetRuntimeClass@CDlgCompare@@UBEPAUCRuntimeClass@@XZ 005354e0 f   CCompare.obj
 0002:0001a520       ??0CDlgCompare@@QAE@PAVCWnd@@@Z 00535520 f   CCompare.obj
 0002:0001a850       ??_GCDlgCompare@@UAEPAXI@Z 00535850 f i CCompare.obj
 0002:0001a850       ??_ECDlgCompare@@UAEPAXI@Z 00535850 f i CCompare.obj
 0002:0001a8c0       ?GetMessageMap@CDlgCompare@@MBEPBUAFX_MSGMAP@@XZ 005358c0 f   CCompare.obj
 0002:0001a910       ?GetThisMessageMap@CDlgCompare@@KGPBUAFX_MSGMAP@@XZ 00535910 f   CCompare.obj
 0002:0001a950       ??1CDlgCompare@@UAE@XZ     00535950 f   CCompare.obj
 0002:0001abd0       ?DoDataExchange@CDlgCompare@@MAEXPAVCDataExchange@@@Z 00535bd0 f   CCompare.obj
 0002:0001b170       ?OnBnClickedCompare@CDlgCompare@@QAEXXZ 00536170 f   CCompare.obj
 0002:0001b5b0       ?OnLbnSelchangeListDiff1@CDlgCompare@@QAEXXZ 005365b0 f   CCompare.obj
 0002:0001b650       ?OnLbnSelchangeListDiff2@CDlgCompare@@QAEXXZ 00536650 f   CCompare.obj
 0002:0001b6f0       ?OnLbnSelchangeListDiff3@CDlgCompare@@QAEXXZ 005366f0 f   CCompare.obj
 0002:0001b790       ?OnLbnSelchangeListDiff4@CDlgCompare@@QAEXXZ 00536790 f   CCompare.obj
 0002:0001b830       ?OnLbnSelchangeListDiff5@CDlgCompare@@QAEXXZ 00536830 f   CCompare.obj
 0002:0001b8d0       ?OnLbnSelchangeListDiff6@CDlgCompare@@QAEXXZ 005368d0 f   CCompare.obj
 0002:0001b940       ?OnAddedDblClick@CDlgCompare@@QAEXXZ 00536940 f   CCompare.obj
 0002:0001bca0       ?OnDeletedDblClick@CDlgCompare@@QAEXXZ 00536ca0 f   CCompare.obj
 0002:0001c060       ?OnValueDblClick@CDlgCompare@@QAEXXZ 00537060 f   CCompare.obj
 0002:0001c4d0       ?OnFootprintDblClick@CDlgCompare@@QAEXXZ 005374d0 f   CCompare.obj
 0002:0001c940       ?OnPinsNetsDblClick@CDlgCompare@@QAEXXZ 00537940 f   CCompare.obj
 0002:0001d7a0       ?OnSwapPinsDblClick@CDlgCompare@@QAEXXZ 005387a0 f   CCompare.obj
 0002:0001dc10       ?OnBnClickedChParts@CDlgCompare@@QAEXXZ 00538c10 f   CCompare.obj
 0002:0001dca0       ?OnBnClickedChNets@CDlgCompare@@QAEXXZ 00538ca0 f   CCompare.obj
 0002:0001dd30       ?ReloadPages@CDlgCompare@@QAEXXZ 00538d30 f   CCompare.obj
 0002:0001e140       ?OnBnClickedSelect1@CDlgCompare@@QAEXXZ 00539140 f   CCompare.obj
 0002:0001e4d0       ?OnBnClickedSelect4@CDlgCompare@@QAEXXZ 005394d0 f   CCompare.obj
 0002:0001e730       ?OnBnClickedSelect2@CDlgCompare@@QAEXXZ 00539730 f   CCompare.obj
 0002:0001ebd0       ?OnBnClickedSelect3@CDlgCompare@@QAEXXZ 00539bd0 f   CCompare.obj
 0002:0001f070       ?OnBnClickedRepairAll@CDlgCompare@@QAEXXZ 0053a070 f   CCompare.obj
 0002:0001fd70       ?SelectNetlist@CDlgCompare@@QAEHXZ 0053ad70 f   CCompare.obj
 0002:00020730       ?OnBnClickedSelNl2@CDlgCompare@@QAEXXZ 0053b730 f   CCompare.obj
 0002:000208b0       ??9ATL@@YA_NABV?$CStringT@DV?$StrTraitMFC_DLL@DV?$ChTraitsCRT@D@ATL@@@@@0@0@Z 0053b8b0 f i CCompare.obj
 0002:00020930       ?SetAt@?$CArray@V?$CStringT@DV?$StrTraitMFC_DLL@DV?$ChTraitsCRT@D@ATL@@@@@ATL@@ABV12@@@QAEXHABV?$CStringT@DV?$StrTraitMFC_DLL@DV?$ChTraitsCRT@D@ATL@@@@@ATL@@@Z 0053b930 f i CCompare.obj
 0002:000209f0       ?GetNumTexts@CTextList@@QAEHXZ 0053b9f0 f i CCompare.obj
 0002:00020a50       ?RemoveAll@?$CArray@V?$CStringT@DV?$StrTraitMFC_DLL@DV?$ChTraitsCRT@D@ATL@@@@@ATL@@ABV12@@@QAEXXZ 0053ba50 f i CCompare.obj
 0002:00020ab0       ?_GetBaseClass@CComponentNoteExt@@KGPAUCRuntimeClass@@XZ 0053bab0 f   ComponentNoteExt.obj
 0002:00020b00       ?GetThisClass@CComponentNoteExt@@SGPAUCRuntimeClass@@XZ 0053bb00 f   ComponentNoteExt.obj
 0002:00020b40       ?GetRuntimeClass@CComponentNoteExt@@UBEPAUCRuntimeClass@@XZ 0053bb40 f   ComponentNoteExt.obj
 0002:00020b80       ??0CComponentNoteExt@@QAE@PAVCWnd@@@Z 0053bb80 f   ComponentNoteExt.obj
 0002:00020cd0       ??_ECComponentNoteExt@@UAEPAXI@Z 0053bcd0 f i ComponentNoteExt.obj
 0002:00020cd0       ??_GCComponentNoteExt@@UAEPAXI@Z 0053bcd0 f i ComponentNoteExt.obj
 0002:00020d40       ??1CComponentNoteExt@@UAE@XZ 0053bd40 f   ComponentNoteExt.obj
 0002:00020e60       ?DoDataExchange@CComponentNoteExt@@MAEXPAVCDataExchange@@@Z 0053be60 f   ComponentNoteExt.obj
 0002:000210c0       ?GetMessageMap@CComponentNoteExt@@MBEPBUAFX_MSGMAP@@XZ 0053c0c0 f   ComponentNoteExt.obj
 0002:00021110       ?GetThisMessageMap@CComponentNoteExt@@KGPBUAFX_MSGMAP@@XZ 0053c110 f   ComponentNoteExt.obj
 0002:00021150       ?Initialize@CComponentNoteExt@@QAEXH@Z 0053c150 f   ComponentNoteExt.obj
 0002:000211a0       ?OnBnClickedExfile@CComponentNoteExt@@QAEXXZ 0053c1a0 f   ComponentNoteExt.obj
 0002:00021220       ?Sync@CComponentNoteExt@@QAEXPAVCFreePcbDoc@@@Z 0053c220 f   ComponentNoteExt.obj
 0002:000222d0       ??0Cuid@@QAE@XZ            0053d2d0 f   Cuid.obj
 0002:000223f0       ?GetNewUID@Cuid@@QAEHXZ    0053d3f0 f   Cuid.obj
 0002:000225d0       ?ReleaseUID@Cuid@@QAEXI@Z  0053d5d0 f   Cuid.obj
 0002:000226c0       ??0DRError@@QAE@XZ         0053d6c0 f   DesignRules.obj
 0002:000227d0       ??1DRError@@QAE@XZ         0053d7d0 f   DesignRules.obj
 0002:000228d0       ??0DRErrorList@@QAE@XZ     0053d8d0 f   DesignRules.obj
 0002:00022940       ??1DRErrorList@@QAE@XZ     0053d940 f   DesignRules.obj
 0002:000229f0       ?SetLists@DRErrorList@@QAEXPAVCDisplayList@@PAV?$CArray@VCPolyLine@@ABV1@@@@Z 0053d9f0 f   DesignRules.obj
 0002:00022a40       ?Clear@DRErrorList@@QAEXXZ 0053da40 f   DesignRules.obj
 0002:00022b10       ??_GDRError@@QAEPAXI@Z     0053db10 f i DesignRules.obj
 0002:00022b80       ?Remove@DRErrorList@@QAEXPAVDRError@@@Z 0053db80 f   DesignRules.obj
 0002:00022c50       ?Add@DRErrorList@@QAEPAVDRError@@PAV?$CStringT@DV?$StrTraitMFC_DLL@DV?$ChTraitsCRT@D@ATL@@@@@ATL@@Vid@@1HHHHHHPAVCText@@2@Z 0053dc50 f   DesignRules.obj
 0002:00023070       ?HighLight@DRErrorList@@QAEXPAVDRError@@@Z 0053e070 f   DesignRules.obj
 0002:000232e0       ?MakeSolidCircles@DRErrorList@@QAEXXZ 0053e2e0 f   DesignRules.obj
 0002:00023460       ?MakeHollowCircles@DRErrorList@@QAEXXZ 0053e460 f   DesignRules.obj
 0002:00023660       ?MoveOrigin@DRErrorList@@QAEXHH@Z 0053e660 f   DesignRules.obj
 0002:000237e0       ??A?$CArray@PAVdl_element@@ABQAV1@@@QAEAAPAVdl_element@@H@Z 0053e7e0 f i DesignRules.obj
 0002:00023840       ?ElementAt@?$CArray@PAVdl_element@@ABQAV1@@@QAEAAPAVdl_element@@H@Z 0053e840 f i DesignRules.obj
 0002:000238f0       ??0id@@QAE@HHHHH@Z         0053e8f0 f i DesignRules.obj
 0002:00023970       ??0CDisplayList@@QAE@XZ    0053e970 f   DisplayList.obj
 0002:00023e40       ??0dl_element@@QAE@XZ      0053ee40 f i DisplayList.obj
 0002:00023eb0       ??1dl_element@@QAE@XZ      0053eeb0 f i DisplayList.obj
 0002:00023f10       ??1CDisplayList@@QAE@XZ    0053ef10 f   DisplayList.obj
 0002:00024010       ?RemoveAll@CDisplayList@@QAEXXZ 0053f010 f   DisplayList.obj
 0002:000242d0       ??_GCTemplate@@QAEPAXI@Z   0053f2d0 f i DisplayList.obj
 0002:00024340       ??1CTemplate@@QAE@XZ       0053f340 f i DisplayList.obj
 0002:000243a0       ?SetMapping@CDisplayList@@QAEXPAVCRect@@0HHNHH@Z 0053f3a0 f   DisplayList.obj
 0002:00024720       ?GetMapping@CDisplayList@@QAEHPAVCRect@@PAH1PAN22@Z 0053f720 f   DisplayList.obj
 0002:00024840       ?AddSelector@CDisplayList@@QAEPAVdl_element@@PAXVid@@HHPAUtagRECT@@HPAVCPoint@@HH@Z 0053f840 f   DisplayList.obj
 0002:00024900       ?AddSelector@CDisplayList@@QAEPAVdl_element@@PAV2@@Z 0053f900 f   DisplayList.obj
 0002:00024a90       ?GetElById@CDisplayList@@QAEPAVdl_element@@HH@Z 0053fa90 f   DisplayList.obj
 0002:00024be0       ?Add@CDisplayList@@QAEPAVdl_element@@PAXVid@@HHHPAUtagRECT@@HPAVCPoint@@HHPAV2@@Z 0053fbe0 f   DisplayList.obj
 0002:00025070       ?HighLight@CDisplayList@@QAEXPAVdl_element@@@Z 00540070 f   DisplayList.obj
 0002:000250e0       ?CopyToLayer@CDisplayList@@QAEPAVdl_element@@PAV2@H@Z 005400e0 f   DisplayList.obj
 0002:00025290       ?HighLight@CDisplayList@@QAEPAVdl_element@@HPAUtagRECT@@HPAVCPoint@@HH@Z 00540290 f   DisplayList.obj
 0002:00025390       ?HighlightAll@CDisplayList@@QAEHXZ 00540390 f   DisplayList.obj
 0002:00025480       ?HighlightRect@CDisplayList@@QAEPAVdl_element@@PAUtagRECT@@HHH@Z 00540480 f   DisplayList.obj
 0002:00025530       ?HighlightSelRect@CDisplayList@@QAE?AUtagRECT@@H@Z 00540530 f   DisplayList.obj
 0002:00025620       ?GetHighlightedBounds@CDisplayList@@QAE?AUtagRECT@@PAHH@Z 00540620 f   DisplayList.obj
 0002:00025ab0       ?Move@CDisplayList@@QAEXPAVdl_element@@HH@Z 00540ab0 f   DisplayList.obj
 0002:00025bb0       ?Get_Start@CDisplayList@@QAEPAVdl_element@@H@Z 00540bb0 f   DisplayList.obj
 0002:00025c00       ?Get_End@CDisplayList@@QAEPAVdl_element@@H@Z 00540c00 f   DisplayList.obj
 0002:00025c50       ?Get_Rect@CDisplayList@@QAEPAUtagRECT@@PAVdl_element@@PAU2@@Z 00540c50 f   DisplayList.obj
 0002:00025cf0       ?Get_Points@CDisplayList@@QAEPAV?$CArray@VCPoint@@ABV1@@@PAVdl_element@@PAVCPoint@@PAHHH@Z 00540cf0 f   DisplayList.obj
 0002:00025e40       ?Get_el_w@CDisplayList@@QAEHPAVdl_element@@@Z 00540e40 f   DisplayList.obj
 0002:00025e90       ?Get_Selected@CDisplayList@@QAEHXZ 00540e90 f   DisplayList.obj
 0002:00025f00       ?Get_Endpoints@CDisplayList@@QAEXPAVCPoint@@0@Z 00540f00 f   DisplayList.obj
 0002:00025fa0       ?HLTClear@CDisplayList@@QAEXXZ 00540fa0 f   DisplayList.obj
 0002:00026030       ?Remove@CDisplayList@@QAE?AVid@@PAVdl_element@@@Z 00541030 f   DisplayList.obj
 0002:00026220       ??_Gdl_element@@QAEPAXI@Z  00541220 f i DisplayList.obj
 0002:00026290       ?ProcessMessages@CDisplayList@@QAEHXZ 00541290 f   DisplayList.obj
 0002:00026350       ?Draw@CDisplayList@@QAEXPAVCDC@@H@Z 00541350 f   DisplayList.obj
 0002:0002bac0       ??_H@YGXPAXIHP6EPAX0@Z@Z   00546ac0 f i DisplayList.obj
 0002:0002bb30       ?SetLayerRGB@CDisplayList@@QAEXHHHH@Z 00546b30 f   DisplayList.obj
 0002:0002bbb0       ?SetLayerVisible@CDisplayList@@QAEXHH@Z 00546bb0 f   DisplayList.obj
 0002:0002bc00       ?TestSelect@CDisplayList@@QAEPAXHHPAVid@@PAH0PAX0HHPAV?$CArray@VCPolyLine@@ABV1@@@@Z 00546c00 f   DisplayList.obj
 0002:0002d0c0       ??_Fid@@QAEXXZ             005480c0 f i DisplayList.obj
 0002:0002d120       ?StartDraggingArray@CDisplayList@@QAEHPAVCDC@@HHH@Z 00548120 f   DisplayList.obj
 0002:0002d230       ?StartDraggingRectangle@CDisplayList@@QAEHPAVCDC@@HHHHHHH@Z 00548230 f   DisplayList.obj
 0002:0002d3e0       ?StartDraggingRatLine@CDisplayList@@QAEHPAVCDC@@HHHHHHH@Z 005483e0 f   DisplayList.obj
 0002:0002d4f0       ?SetDragArcStyle@CDisplayList@@QAEXH@Z 005484f0 f   DisplayList.obj
 0002:0002d580       ?StartDraggingArc@CDisplayList@@QAEHPAVCDC@@HHHHHHHH@Z 00548580 f   DisplayList.obj
 0002:0002d700       ?StartDraggingLine@CDisplayList@@QAEHPAVCDC@@HHHHHHHHHHHH@Z 00548700 f   DisplayList.obj
 0002:0002d8b0       ?StartDraggingLineVertex@CDisplayList@@QAEHPAVCDC@@HHHHHHHHHHHHHHHHH@Z 005488b0 f   DisplayList.obj
 0002:0002db20       ?StartDraggingLineSegment@CDisplayList@@QAEHPAVCDC@@HHHHHHHHHHHHHHHHHHHHHHH@Z 00548b20 f   DisplayList.obj
 0002:0002ddd0       ?Drag@CDisplayList@@QAEXPAVCDC@@HH@Z 00548dd0 f   DisplayList.obj
 0002:00030670       ?StopDragging@CDisplayList@@QAEHXZ 0054b670 f   DisplayList.obj
 0002:00030700       ?IncrementDragAngle@CDisplayList@@QAEXPAVCDC@@@Z 0054b700 f   DisplayList.obj
 0002:00030ca0       ?FlipDragSide@CDisplayList@@QAEXPAVCDC@@@Z 0054bca0 f   DisplayList.obj
 0002:00031270       ?GetDragSide@CDisplayList@@QAEHXZ 0054c270 f   DisplayList.obj
 0002:000312b0       ?GetDragAngle@CDisplayList@@QAEHXZ 0054c2b0 f   DisplayList.obj
 0002:000312f0       ?MakeDragLineArray@CDisplayList@@QAEHH@Z 0054c2f0 f   DisplayList.obj
 0002:000313d0       ?MakeDragRatlineArray@CDisplayList@@QAEHHH@Z 0054c3d0 f   DisplayList.obj
 0002:00031540       ?AddDragLine@CDisplayList@@QAEHVCPoint@@0@Z 0054c540 f   DisplayList.obj
 0002:00031670       ?AddDragRatline@CDisplayList@@QAEHVCPoint@@0@Z 0054c670 f   DisplayList.obj
 0002:00031790       ?CancelHighLight@CDisplayList@@QAEHH@Z 0054c790 f   DisplayList.obj
 0002:00031850       ?SetDCToWorldCoords@CDisplayList@@QAEXPAVCDC@@00HH@Z 0054c850 f   DisplayList.obj
 0002:00031c30       ?SetVisibleGrid@CDisplayList@@QAEXHN@Z 0054cc30 f   DisplayList.obj
 0002:00031c90       ?SetStatic@CDisplayList@@QAEXH@Z 0054cc90 f   DisplayList.obj
 0002:00031d70       ?SetUpCrosshairs@CDisplayList@@QAEXHHH@Z 0054cd70 f   DisplayList.obj
 0002:000320a0       ?WindowToPCB@CDisplayList@@QAE?AVCPoint@@V2@@Z 0054d0a0 f   DisplayList.obj
 0002:000321e0       ?ScreenToPCB@CDisplayList@@QAE?AVCPoint@@V2@@Z 0054d1e0 f   DisplayList.obj
 0002:000322d0       ?PCBToScreen@CDisplayList@@QAE?AVCPoint@@V2@@Z 0054d2d0 f   DisplayList.obj
 0002:00032420       ?GetClientRect@CDisplayList@@QAE?AUtagRECT@@H@Z 0054d420 f   DisplayList.obj
 0002:00032500       ?GetWindowRect@CDisplayList@@QAE?AUtagRECT@@XZ 0054d500 f   DisplayList.obj
 0002:000325f0       ?ShowImages@CDisplayList@@QAEXH@Z 0054d5f0 f   DisplayList.obj
 0002:00032640       ?Marker@CDisplayList@@QAEXHH@Z 0054d640 f   DisplayList.obj
 0002:00032710       ?FindSource@CDisplayList@@QAEHPAV?$CStringT@DV?$StrTraitMFC_DLL@DV?$ChTraitsCRT@D@ATL@@@@@ATL@@@Z 0054d710 f   DisplayList.obj
 0002:000327e0       ?AddSource@CDisplayList@@QAEHPAV?$CStringT@DV?$StrTraitMFC_DLL@DV?$ChTraitsCRT@D@ATL@@@@@ATL@@@Z 0054d7e0 f   DisplayList.obj
 0002:000329c0       ?AddTemplate@CDisplayList@@QAEHHHPAUtagRECT@@H@Z 0054d9c0 f   DisplayList.obj
 0002:00032d40       ??0CTemplate@@QAE@XZ       0054dd40 f i DisplayList.obj
 0002:00032da0       ?SetTemplate@CDisplayList@@QAEXPAV?$CStringT@DV?$StrTraitMFC_DLL@DV?$ChTraitsCRT@D@ATL@@@@@ATL@@PAUtagRECT@@HH@Z 0054dda0 f   DisplayList.obj
 0002:00033340       ?GetSource@CDisplayList@@QAE?AV?$CStringT@DV?$StrTraitMFC_DLL@DV?$ChTraitsCRT@D@ATL@@@@@ATL@@H@Z 0054e340 f   DisplayList.obj
 0002:00033430       ?GetSourceIndex@CDisplayList@@QAEHH@Z 0054e430 f   DisplayList.obj
 0002:000334c0       ?GetTemplate@CDisplayList@@QAEHHPAV?$CStringT@DV?$StrTraitMFC_DLL@DV?$ChTraitsCRT@D@ATL@@@@@ATL@@PAUtagRECT@@PAH222@Z 0054e4c0 f   DisplayList.obj
 0002:000336f0       ?MoveTemplate@CDisplayList@@QAEXPAUtagRECT@@HH@Z 0054e6f0 f   DisplayList.obj
 0002:00033830       ?SetTemplateStyle@CDisplayList@@QAEXHH@Z 0054e830 f   DisplayList.obj
 0002:000338a0       ?SetTemplateVis@CDisplayList@@QAEXHH@Z 0054e8a0 f   DisplayList.obj
 0002:00033910       ?GetNumTemplates@CDisplayList@@QAEHXZ 0054e910 f   DisplayList.obj
 0002:00033970       ?GetNumSources@CDisplayList@@QAEHXZ 0054e970 f   DisplayList.obj
 0002:000339d0       ?GetTemplateSZ@CDisplayList@@QAE?AVCSize@@H@Z 0054e9d0 f   DisplayList.obj
 0002:00033ba0       ??0?$CArray@VCPoint@@ABV1@@@QAE@XZ 0054eba0 f i DisplayList.obj
 0002:00033c30       ?GetSize@?$CArray@VCPoint@@ABV1@@@QBEHXZ 0054ec30 f i DisplayList.obj
 0002:00033c70       ??A?$CArray@VCPoint@@ABV1@@@QAEAAVCPoint@@H@Z 0054ec70 f i DisplayList.obj
 0002:00033cd0       ??0?$CArray@PAUCTemplate@@ABQAU1@@@QAE@XZ 0054ecd0 f i DisplayList.obj
 0002:00033d60       ?GetSize@?$CArray@PAUCTemplate@@ABQAU1@@@QBEHXZ 0054ed60 f i DisplayList.obj
 0002:00033da0       ?RemoveAll@?$CArray@PAUCTemplate@@ABQAU1@@@QAEXXZ 0054eda0 f i DisplayList.obj
 0002:00033e00       ?GetAt@?$CArray@PAUCTemplate@@ABQAU1@@@QAEAAPAUCTemplate@@H@Z 0054ee00 f i DisplayList.obj
 0002:00033eb0       ??A?$CArray@PAUCTemplate@@ABQAU1@@@QAEAAPAUCTemplate@@H@Z 0054eeb0 f i DisplayList.obj
 0002:00033f10       ?ElementAt@?$CArray@VCPoint@@ABV1@@@QAEAAVCPoint@@H@Z 0054ef10 f i DisplayList.obj
 0002:00033fc0       ?ElementAt@?$CArray@PAUCTemplate@@ABQAU1@@@QAEAAPAUCTemplate@@H@Z 0054efc0 f i DisplayList.obj
 0002:00034070       ??1?$CArray@VCPoint@@ABV1@@@UAE@XZ 0054f070 f i DisplayList.obj
 0002:00034180       ?Serialize@?$CArray@VCPoint@@ABV1@@@UAEXAAVCArchive@@@Z 0054f180 f i DisplayList.obj
 0002:00034250       ?Dump@?$CArray@VCPoint@@ABV1@@@UBEXAAVCDumpContext@@@Z 0054f250 f i DisplayList.obj
 0002:00034330       ?AssertValid@?$CArray@VCPoint@@ABV1@@@UBEXXZ 0054f330 f i DisplayList.obj
 0002:00034490       ??1?$CArray@PAUCTemplate@@ABQAU1@@@UAE@XZ 0054f490 f i DisplayList.obj
 0002:000345a0       ?Serialize@?$CArray@PAUCTemplate@@ABQAU1@@@UAEXAAVCArchive@@@Z 0054f5a0 f i DisplayList.obj
 0002:00034670       ?Dump@?$CArray@PAUCTemplate@@ABQAU1@@@UBEXAAVCDumpContext@@@Z 0054f670 f i DisplayList.obj
 0002:00034750       ?AssertValid@?$CArray@PAUCTemplate@@ABQAU1@@@UBEXXZ 0054f750 f i DisplayList.obj
 0002:000348b0       ??_G?$CArray@VCPoint@@ABV1@@@UAEPAXI@Z 0054f8b0 f i DisplayList.obj
 0002:000348b0       ??_E?$CArray@VCPoint@@ABV1@@@UAEPAXI@Z 0054f8b0 f i DisplayList.obj
 0002:00034920       ??_G?$CArray@PAUCTemplate@@ABQAU1@@@UAEPAXI@Z 0054f920 f i DisplayList.obj
 0002:00034920       ??_E?$CArray@PAUCTemplate@@ABQAU1@@@UAEPAXI@Z 0054f920 f i DisplayList.obj
 0002:00034990       ?SetSize@?$CArray@VCPoint@@ABV1@@@QAEXHH@Z 0054f990 f i DisplayList.obj
 0002:00034fb0       ??$SerializeElements@VCPoint@@@@YGXAAVCArchive@@PAVCPoint@@H@Z 0054ffb0 f i DisplayList.obj
 0002:000351a0       ??$DumpElements@VCPoint@@@@YGXAAVCDumpContext@@PBVCPoint@@H@Z 005501a0 f i DisplayList.obj
 0002:00035290       ?SetSize@?$CArray@PAUCTemplate@@ABQAU1@@@QAEXHH@Z 00550290 f i DisplayList.obj
 0002:00035820       ??$SerializeElements@PAUCTemplate@@@@YGXAAVCArchive@@PAPAUCTemplate@@H@Z 00550820 f i DisplayList.obj
 0002:00035a10       ??$DumpElements@PAUCTemplate@@@@YGXAAVCDumpContext@@PBQAUCTemplate@@H@Z 00550a10 f i DisplayList.obj
 0002:00035b00       ?_GetBaseClass@CDlgAddMaskCutout@@KGPAUCRuntimeClass@@XZ 00550b00 f   DlgAddMaskCutout.obj
 0002:00035b50       ?GetThisClass@CDlgAddMaskCutout@@SGPAUCRuntimeClass@@XZ 00550b50 f   DlgAddMaskCutout.obj
 0002:00035b90       ?GetRuntimeClass@CDlgAddMaskCutout@@UBEPAUCRuntimeClass@@XZ 00550b90 f   DlgAddMaskCutout.obj
 0002:00035bd0       ??0CDlgAddMaskCutout@@QAE@PAVCWnd@@@Z 00550bd0 f   DlgAddMaskCutout.obj
 0002:00035e50       ??_ECDlgAddMaskCutout@@UAEPAXI@Z 00550e50 f i DlgAddMaskCutout.obj
 0002:00035e50       ??_GCDlgAddMaskCutout@@UAEPAXI@Z 00550e50 f i DlgAddMaskCutout.obj
 0002:00035ec0       ??1CDlgAddMaskCutout@@UAE@XZ 00550ec0 f   DlgAddMaskCutout.obj
 0002:000360e0       ?Initialize@CDlgAddMaskCutout@@QAEXHHHHHH@Z 005510e0 f   DlgAddMaskCutout.obj
 0002:000361d0       ?DoDataExchange@CDlgAddMaskCutout@@MAEXPAVCDataExchange@@@Z 005511d0 f   DlgAddMaskCutout.obj
 0002:00036e30       ?GetMessageMap@CDlgAddMaskCutout@@MBEPBUAFX_MSGMAP@@XZ 00551e30 f   DlgAddMaskCutout.obj
 0002:00036e80       ?GetThisMessageMap@CDlgAddMaskCutout@@KGPBUAFX_MSGMAP@@XZ 00551e80 f   DlgAddMaskCutout.obj
 0002:00036ec0       ?OnDef@CDlgAddMaskCutout@@QAEXXZ 00551ec0 f   DlgAddMaskCutout.obj
 0002:00036f70       ?OnBnClickedRadio2@CDlgAddMaskCutout@@QAEXXZ 00551f70 f   DlgAddMaskCutout.obj
 0002:00036fd0       ?OnBnClickedDotted@CDlgAddMaskCutout@@QAEXXZ 00551fd0 f   DlgAddMaskCutout.obj
 0002:00037030       ?OnBnClickedRadio3@CDlgAddMaskCutout@@QAEXXZ 00552030 f   DlgAddMaskCutout.obj
 0002:00037090       ?OnBnClickedRadio1@CDlgAddMaskCutout@@QAEXXZ 00552090 f   DlgAddMaskCutout.obj
 0002:000370f0       ?SetFields@CDlgAddMaskCutout@@QAEXXZ 005520f0 f   DlgAddMaskCutout.obj
 0002:000374b0       ?OnCbnSelchangeComboAddPolyUnits@CDlgAddMaskCutout@@QAEXXZ 005524b0 f   DlgAddMaskCutout.obj
 0002:00037550       ?GetFields@CDlgAddMaskCutout@@QAEXXZ 00552550 f   DlgAddMaskCutout.obj
 0002:00037890       ?OnBnClickedApplyInRange@CDlgAddMaskCutout@@QAEXXZ 00552890 f   DlgAddMaskCutout.obj
 0002:000378f0       ?OnBnClickedNotChange3@CDlgAddMaskCutout@@QAEXXZ 005528f0 f   DlgAddMaskCutout.obj
 0002:00037950       ?OnBnClickedNotChange2@CDlgAddMaskCutout@@QAEXXZ 00552950 f   DlgAddMaskCutout.obj
 0002:000379b0       ?_GetBaseClass@CDlgAddMerge@@KGPAUCRuntimeClass@@XZ 005529b0 f   DlgAddMerge.obj
 0002:00037a00       ?GetThisClass@CDlgAddMerge@@SGPAUCRuntimeClass@@XZ 00552a00 f   DlgAddMerge.obj
 0002:00037a40       ?GetRuntimeClass@CDlgAddMerge@@UBEPAUCRuntimeClass@@XZ 00552a40 f   DlgAddMerge.obj
 0002:00037a80       ??0CDlgAddMerge@@QAE@PAVCWnd@@@Z 00552a80 f   DlgAddMerge.obj
 0002:00037be0       ??_GCDlgAddMerge@@UAEPAXI@Z 00552be0 f i DlgAddMerge.obj
 0002:00037be0       ??_ECDlgAddMerge@@UAEPAXI@Z 00552be0 f i DlgAddMerge.obj
 0002:00037c50       ??1CDlgAddMerge@@UAE@XZ    00552c50 f   DlgAddMerge.obj
 0002:00037d60       ?DoDataExchange@CDlgAddMerge@@MAEXPAVCDataExchange@@@Z 00552d60 f   DlgAddMerge.obj
 0002:000399c0       ?GetMessageMap@CDlgAddMerge@@MBEPBUAFX_MSGMAP@@XZ 005549c0 f   DlgAddMerge.obj
 0002:00039a10       ?GetThisMessageMap@CDlgAddMerge@@KGPBUAFX_MSGMAP@@XZ 00554a10 f   DlgAddMerge.obj
 0002:00039a50       ?GetStr@StrList@@QAE?AV?$CStringT@DV?$StrTraitMFC_DLL@DV?$ChTraitsCRT@D@ATL@@@@@ATL@@H@Z 00554a50 f i DlgAddMerge.obj
 0002:00039b40       ?GetSize@StrList@@QAEHXZ   00554b40 f i DlgAddMerge.obj
 0002:00039b80       ?_GetBaseClass@CDlgAddPoly@@KGPAUCRuntimeClass@@XZ 00554b80 f   DlgAddPoly.obj
 0002:00039bd0       ?GetThisClass@CDlgAddPoly@@SGPAUCRuntimeClass@@XZ 00554bd0 f   DlgAddPoly.obj
 0002:00039c10       ?GetRuntimeClass@CDlgAddPoly@@UBEPAUCRuntimeClass@@XZ 00554c10 f   DlgAddPoly.obj
 0002:00039c50       ??0CDlgAddPoly@@QAE@PAVCWnd@@@Z 00554c50 f   DlgAddPoly.obj
 0002:00039d70       ??_ECDlgAddPoly@@UAEPAXI@Z 00554d70 f i DlgAddPoly.obj
 0002:00039d70       ??_GCDlgAddPoly@@UAEPAXI@Z 00554d70 f i DlgAddPoly.obj
 0002:00039de0       ??1CDlgAddPoly@@UAE@XZ     00554de0 f   DlgAddPoly.obj
 0002:00039ee0       ?DoDataExchange@CDlgAddPoly@@MAEXPAVCDataExchange@@@Z 00554ee0 f   DlgAddPoly.obj
 0002:0003a1c0       ?Initialize@CDlgAddPoly@@QAEXHHHHH@Z 005551c0 f   DlgAddPoly.obj
 0002:0003a270       ?GetMessageMap@CDlgAddPoly@@MBEPBUAFX_MSGMAP@@XZ 00555270 f   DlgAddPoly.obj
 0002:0003a2c0       ?GetThisMessageMap@CDlgAddPoly@@KGPBUAFX_MSGMAP@@XZ 005552c0 f   DlgAddPoly.obj
 0002:0003a300       ?GetFields@CDlgAddPoly@@AAEXXZ 00555300 f   DlgAddPoly.obj
 0002:0003a4c0       ?SetFields@CDlgAddPoly@@AAEXXZ 005554c0 f   DlgAddPoly.obj
 0002:0003a680       ?OnCbnSelchangeComboAddPolyUnits@CDlgAddPoly@@AAEXXZ 00555680 f   DlgAddPoly.obj
 0002:0003a720       ?_GetBaseClass@CDlgAddText@@KGPAUCRuntimeClass@@XZ 00555720 f   DlgAddText.obj
 0002:0003a770       ?GetThisClass@CDlgAddText@@SGPAUCRuntimeClass@@XZ 00555770 f   DlgAddText.obj
 0002:0003a7b0       ?GetRuntimeClass@CDlgAddText@@UBEPAUCRuntimeClass@@XZ 005557b0 f   DlgAddText.obj
 0002:0003a7f0       ??0CDlgAddText@@QAE@PAVCWnd@@@Z 005557f0 f   DlgAddText.obj
 0002:0003aae0       ??_ECDlgAddText@@UAEPAXI@Z 00555ae0 f i DlgAddText.obj
 0002:0003aae0       ??_GCDlgAddText@@UAEPAXI@Z 00555ae0 f i DlgAddText.obj
 0002:0003ab50       ??1CDlgAddText@@UAE@XZ     00555b50 f   DlgAddText.obj
 0002:0003adf0       ?DoDataExchange@CDlgAddText@@MAEXPAVCDataExchange@@@Z 00555df0 f   DlgAddText.obj
 0002:0003cd30       ?GetMessageMap@CDlgAddText@@MBEPBUAFX_MSGMAP@@XZ 00557d30 f   DlgAddText.obj
 0002:0003cd80       ?GetThisMessageMap@CDlgAddText@@KGPBUAFX_MSGMAP@@XZ 00557d80 f   DlgAddText.obj
 0002:0003cdc0       ?Initialize@CDlgAddText@@QAEXPAVCPageList@@PAV?$CStringT@DV?$StrTraitMFC_DLL@DV?$ChTraitsCRT@D@ATL@@@@@ATL@@1HHHHHHHHN@Z 00557dc0 f   DlgAddText.obj
 0002:0003d120       ?OnInitDialog@CDlgAddText@@UAEHXZ 00558120 f   DlgAddText.obj
 0002:0003d350       ?OnBnClickedSetWidth@CDlgAddText@@QAEXXZ 00558350 f   DlgAddText.obj
 0002:0003d3b0       ?OnBnClickedDefWidth@CDlgAddText@@QAEXXZ 005583b0 f   DlgAddText.obj
 0002:0003d410       ?OnEnChangeEditHeight@CDlgAddText@@QAEXXZ 00558410 f   DlgAddText.obj
 0002:0003d660       ?OnBnClickedOk@CDlgAddText@@QAEXXZ 00558660 f   DlgAddText.obj
 0002:0003d6d0       ?OnBnClickedSetPosition@CDlgAddText@@QAEXXZ 005586d0 f   DlgAddText.obj
 0002:0003d730       ?OnBnClickedDrag@CDlgAddText@@QAEXXZ 00558730 f   DlgAddText.obj
 0002:0003d790       ?OnCbnSelchangeComboAddTextUnits@CDlgAddText@@QAEXXZ 00558790 f   DlgAddText.obj
 0002:0003d850       ?GetFields@CDlgAddText@@QAEXXZ 00558850 f   DlgAddText.obj
 0002:0003df30       ?SetFields@CDlgAddText@@QAEXXZ 00558f30 f   DlgAddText.obj
 0002:0003e760       ?OnLbnSelchangeListLayer@CDlgAddText@@QAEXXZ 00559760 f   DlgAddText.obj
 0002:0003e7c0       ?OnBnClickedCheckCompressed@CDlgAddText@@QAEXXZ 005597c0 f   DlgAddText.obj
 0002:0003e850       ?OnBnClickedCheckUnclenched@CDlgAddText@@QAEXXZ 00559850 f   DlgAddText.obj
 0002:0003e8e0       ?OnEnSetfocusEditText@CDlgAddText@@QAEXXZ 005598e0 f   DlgAddText.obj
 0002:0003ec20       ?OnCbnSelchangeEditHeight@CDlgAddText@@QAEXXZ 00559c20 f   DlgAddText.obj
 0002:0003f020       ??8ATL@@YA_NABV?$CStringT@DV?$StrTraitMFC_DLL@DV?$ChTraitsCRT@D@ATL@@@@@0@0@Z 0055a020 f i DlgAddText.obj
 0002:0003f0a0       ?_GetBaseClass@CDlgAddWidth@@KGPAUCRuntimeClass@@XZ 0055a0a0 f   DlgAddWidth.obj
 0002:0003f0f0       ?GetThisClass@CDlgAddWidth@@SGPAUCRuntimeClass@@XZ 0055a0f0 f   DlgAddWidth.obj
 0002:0003f130       ?GetRuntimeClass@CDlgAddWidth@@UBEPAUCRuntimeClass@@XZ 0055a130 f   DlgAddWidth.obj
 0002:0003f170       ??0CDlgAddWidth@@QAE@PAVCWnd@@@Z 0055a170 f   DlgAddWidth.obj
 0002:0003f1e0       ??_ECDlgAddWidth@@UAEPAXI@Z 0055a1e0 f i DlgAddWidth.obj
 0002:0003f1e0       ??_GCDlgAddWidth@@UAEPAXI@Z 0055a1e0 f i DlgAddWidth.obj
 0002:0003f250       ??1CDlgAddWidth@@UAE@XZ    0055a250 f   DlgAddWidth.obj
 0002:0003f2b0       ?DoDataExchange@CDlgAddWidth@@MAEXPAVCDataExchange@@@Z 0055a2b0 f   DlgAddWidth.obj
 0002:0003f660       ?GetMessageMap@CDlgAddWidth@@MBEPBUAFX_MSGMAP@@XZ 0055a660 f   DlgAddWidth.obj
 0002:0003f6b0       ?GetThisMessageMap@CDlgAddWidth@@KGPBUAFX_MSGMAP@@XZ 0055a6b0 f   DlgAddWidth.obj
 0002:0003f6f0       ?_GetBaseClass@CDlgAttrSync@@KGPAUCRuntimeClass@@XZ 0055a6f0 f   DlgAttrSync.obj
 0002:0003f740       ?GetThisClass@CDlgAttrSync@@SGPAUCRuntimeClass@@XZ 0055a740 f   DlgAttrSync.obj
 0002:0003f780       ?GetRuntimeClass@CDlgAttrSync@@UBEPAUCRuntimeClass@@XZ 0055a780 f   DlgAttrSync.obj
 0002:0003f7c0       ??0CDlgAttrSync@@QAE@PAVCWnd@@@Z 0055a7c0 f   DlgAttrSync.obj
 0002:0003f900       ??_GCDlgAttrSync@@UAEPAXI@Z 0055a900 f i DlgAttrSync.obj
 0002:0003f900       ??_ECDlgAttrSync@@UAEPAXI@Z 0055a900 f i DlgAttrSync.obj
 0002:0003f970       ??1CDlgAttrSync@@UAE@XZ    0055a970 f   DlgAttrSync.obj
 0002:0003fa70       ?Ini@CDlgAttrSync@@QAEXPAVCFreePcbDoc@@@Z 0055aa70 f   DlgAttrSync.obj
 0002:0003fad0       ?DoDataExchange@CDlgAttrSync@@MAEXPAVCDataExchange@@@Z 0055aad0 f   DlgAttrSync.obj
 0002:000405b0       ?GetMessageMap@CDlgAttrSync@@MBEPBUAFX_MSGMAP@@XZ 0055b5b0 f   DlgAttrSync.obj
 0002:00040600       ?GetThisMessageMap@CDlgAttrSync@@KGPBUAFX_MSGMAP@@XZ 0055b600 f   DlgAttrSync.obj
 0002:00040640       ?OnCheck@CDlgAttrSync@@QAEXXZ 0055b640 f   DlgAttrSync.obj
 0002:00040730       ?OnCheck2@CDlgAttrSync@@QAEXXZ 0055b730 f   DlgAttrSync.obj
 0002:00040850       ?OnAddRef@CDlgAttrSync@@QAEXXZ 0055b850 f   DlgAttrSync.obj
 0002:000409d0       ?OnRemove@CDlgAttrSync@@QAEXXZ 0055b9d0 f   DlgAttrSync.obj
 0002:00040ab0       ?OnQ1@CDlgAttrSync@@QAEXXZ 0055bab0 f   DlgAttrSync.obj
 0002:00040b30       ?OnQ2@CDlgAttrSync@@QAEXXZ 0055bb30 f   DlgAttrSync.obj
 0002:00040bb0       ?_GetBaseClass@CDlgCAD@@KGPAUCRuntimeClass@@XZ 0055bbb0 f   DlgCAD.obj
 0002:00040c00       ?GetThisClass@CDlgCAD@@SGPAUCRuntimeClass@@XZ 0055bc00 f   DlgCAD.obj
 0002:00040c40       ?GetRuntimeClass@CDlgCAD@@UBEPAUCRuntimeClass@@XZ 0055bc40 f   DlgCAD.obj
 0002:00040c80       ??0CDlgCAD@@QAE@PAVCWnd@@@Z 0055bc80 f   DlgCAD.obj
 0002:00041120       ??_GCDlgCAD@@UAEPAXI@Z     0055c120 f i DlgCAD.obj
 0002:00041120       ??_ECDlgCAD@@UAEPAXI@Z     0055c120 f i DlgCAD.obj
 0002:00041190       ??1CDlgCAD@@UAE@XZ         0055c190 f   DlgCAD.obj
 0002:000415f0       ?DoDataExchange@CDlgCAD@@MAEXPAVCDataExchange@@@Z 0055c5f0 f   DlgCAD.obj
 0002:00041cc0       ?GetMessageMap@CDlgCAD@@MBEPBUAFX_MSGMAP@@XZ 0055ccc0 f   DlgCAD.obj
 0002:00041d10       ?GetThisMessageMap@CDlgCAD@@KGPBUAFX_MSGMAP@@XZ 0055cd10 f   DlgCAD.obj
 0002:00041d50       ?Initialize@CDlgCAD@@QAEXNPAV?$CStringT@DV?$StrTraitMFC_DLL@DV?$ChTraitsCRT@D@ATL@@@@@ATL@@000HHHHHHHHPAV?$CArray@VCPolyLine@@ABV1@@@PAUCAttrib@@PAVCDisplayList@@PAVStrList@@PAVCDlgLog@@@Z 0055cd50 f   DlgCAD.obj
 0002:00041fd0       ?OnBnClickedGo@CDlgCAD@@QAEXXZ 0055cfd0 f   DlgCAD.obj
 0002:00043a80       ?GetFields@CDlgCAD@@QAEXXZ 0055ea80 f   DlgCAD.obj
 0002:00044510       ?SetFields@CDlgCAD@@QAEXXZ 0055f510 f   DlgCAD.obj
 0002:00044d60       ?OnCbnSelchangeComboCadUnits@CDlgCAD@@QAEXXZ 0055fd60 f   DlgCAD.obj
 0002:00044e00       ?OnBnClickedCancel@CDlgCAD@@QAEXXZ 0055fe00 f   DlgCAD.obj
 0002:00044e70       ?OnBnClickedButtonDef@CDlgCAD@@QAEXXZ 0055fe70 f   DlgCAD.obj
 0002:00045520       ?OnBnClickedButtonFolder@CDlgCAD@@QAEXXZ 00560520 f   DlgCAD.obj
 0002:000457f0       ??1CPathDialog@@QAE@XZ     005607f0 f i DlgCAD.obj
 0002:00045850       ??1CPathDialogSub@@UAE@XZ  00560850 f i DlgCAD.obj
 0002:000458a0       ?OnBnClickedButtonDone@CDlgCAD@@QAEXXZ 005608a0 f   DlgCAD.obj
 0002:00045930       ?OnChangeViewer@CDlgCAD@@QAEXXZ 00560930 f   DlgCAD.obj
 0002:00045b90       ?_GetBaseClass@CDlgChangeLayer@@KGPAUCRuntimeClass@@XZ 00560b90 f   DlgChangeLayer.obj
 0002:00045be0       ?GetThisClass@CDlgChangeLayer@@SGPAUCRuntimeClass@@XZ 00560be0 f   DlgChangeLayer.obj
 0002:00045c20       ?GetRuntimeClass@CDlgChangeLayer@@UBEPAUCRuntimeClass@@XZ 00560c20 f   DlgChangeLayer.obj
 0002:00045c60       ??0CDlgChangeLayer@@QAE@PAVCWnd@@@Z 00560c60 f   DlgChangeLayer.obj
 0002:00045d70       ??_GCDlgChangeLayer@@UAEPAXI@Z 00560d70 f i DlgChangeLayer.obj
 0002:00045d70       ??_ECDlgChangeLayer@@UAEPAXI@Z 00560d70 f i DlgChangeLayer.obj
 0002:00045de0       ??1CDlgChangeLayer@@UAE@XZ 00560de0 f   DlgChangeLayer.obj
 0002:00045ee0       ?DoDataExchange@CDlgChangeLayer@@MAEXPAVCDataExchange@@@Z 00560ee0 f   DlgChangeLayer.obj
 0002:00046150       ?GetMessageMap@CDlgChangeLayer@@MBEPBUAFX_MSGMAP@@XZ 00561150 f   DlgChangeLayer.obj
 0002:000461a0       ?GetThisMessageMap@CDlgChangeLayer@@KGPBUAFX_MSGMAP@@XZ 005611a0 f   DlgChangeLayer.obj
 0002:000461e0       ?Initialize@CDlgChangeLayer@@QAEXHHH@Z 005611e0 f   DlgChangeLayer.obj
 0002:00046240       ?_GetBaseClass@DlgCreateBranch@@KGPAUCRuntimeClass@@XZ 00561240 f   DlgCreateBranch.obj
 0002:00046290       ?GetThisClass@DlgCreateBranch@@SGPAUCRuntimeClass@@XZ 00561290 f   DlgCreateBranch.obj
 0002:000462d0       ?GetRuntimeClass@DlgCreateBranch@@UBEPAUCRuntimeClass@@XZ 005612d0 f   DlgCreateBranch.obj
 0002:00046310       ??0DlgCreateBranch@@QAE@PAVCWnd@@@Z 00561310 f   DlgCreateBranch.obj
 0002:00046420       ??_GDlgCreateBranch@@UAEPAXI@Z 00561420 f i DlgCreateBranch.obj
 0002:00046420       ??_EDlgCreateBranch@@UAEPAXI@Z 00561420 f i DlgCreateBranch.obj
 0002:00046490       ??1DlgCreateBranch@@UAE@XZ 00561490 f   DlgCreateBranch.obj
 0002:00046590       ?DoDataExchange@DlgCreateBranch@@MAEXPAVCDataExchange@@@Z 00561590 f   DlgCreateBranch.obj
 0002:0004ad50       ?GetMessageMap@DlgCreateBranch@@MBEPBUAFX_MSGMAP@@XZ 00565d50 f   DlgCreateBranch.obj
 0002:0004ada0       ?GetThisMessageMap@DlgCreateBranch@@KGPBUAFX_MSGMAP@@XZ 00565da0 f   DlgCreateBranch.obj
 0002:0004ade0       ?Initialize@DlgCreateBranch@@QAEXPAVCFreePcbDoc@@@Z 00565de0 f   DlgCreateBranch.obj
 0002:0004ae30       ?OnBnClickedOk@DlgCreateBranch@@QAEXXZ 00565e30 f   DlgCreateBranch.obj
 0002:0004ae80       ?OnBnClickedCheckCopy@DlgCreateBranch@@QAEXXZ 00565e80 f   DlgCreateBranch.obj
 0002:0004af10       ?OnBnClickedRadio4@DlgCreateBranch@@QAEXXZ 00565f10 f   DlgCreateBranch.obj
 0002:0004af60       ?OnBnClickedRadio5@DlgCreateBranch@@QAEXXZ 00565f60 f   DlgCreateBranch.obj
 0002:0004afb0       ?_GetBaseClass@DlgDRC@@KGPAUCRuntimeClass@@XZ 00565fb0 f   DlgDRC.obj
 0002:0004b000       ?GetThisClass@DlgDRC@@SGPAUCRuntimeClass@@XZ 00566000 f   DlgDRC.obj
 0002:0004b040       ?GetRuntimeClass@DlgDRC@@UBEPAUCRuntimeClass@@XZ 00566040 f   DlgDRC.obj
 0002:0004b080       ??0DlgDRC@@QAE@PAVCWnd@@@Z 00566080 f   DlgDRC.obj
 0002:0004b1c0       ??_EDlgDRC@@UAEPAXI@Z      005661c0 f i DlgDRC.obj
 0002:0004b1c0       ??_GDlgDRC@@UAEPAXI@Z      005661c0 f i DlgDRC.obj
 0002:0004b230       ??1DlgDRC@@UAE@XZ          00566230 f   DlgDRC.obj
 0002:0004b360       ?DoDataExchange@DlgDRC@@MAEXPAVCDataExchange@@@Z 00566360 f   DlgDRC.obj
 0002:0004b4f0       ?GetMessageMap@DlgDRC@@MBEPBUAFX_MSGMAP@@XZ 005664f0 f   DlgDRC.obj
 0002:0004b540       ?GetThisMessageMap@DlgDRC@@KGPBUAFX_MSGMAP@@XZ 00566540 f   DlgDRC.obj
 0002:0004b580       ?Initialize@DlgDRC@@QAEXHHHHH@Z 00566580 f   DlgDRC.obj
 0002:0004b620       ?GetFields@DlgDRC@@QAEXXZ  00566620 f   DlgDRC.obj
 0002:0004b9f0       ?SetFields@DlgDRC@@QAEXXZ  005669f0 f   DlgDRC.obj
 0002:0004bd90       ?OnCbnChangeUnits@DlgDRC@@QAEXXZ 00566d90 f   DlgDRC.obj
 0002:0004bef0       ?OnBnClickedCancel@DlgDRC@@QAEXXZ 00566ef0 f   DlgDRC.obj
 0002:0004bf60       ?OnBnClickedOk@DlgDRC@@QAEXXZ 00566f60 f   DlgDRC.obj
 0002:0004bfd0       ?OnBnClickedCheck@DlgDRC@@QAEXXZ 00566fd0 f   DlgDRC.obj
 0002:0004c030       ?_GetBaseClass@DlgEditBoardCorner@@KGPAUCRuntimeClass@@XZ 00567030 f   DlgEditBoardCorner.obj
 0002:0004c080       ?GetThisClass@DlgEditBoardCorner@@SGPAUCRuntimeClass@@XZ 00567080 f   DlgEditBoardCorner.obj
 0002:0004c0c0       ?GetRuntimeClass@DlgEditBoardCorner@@UBEPAUCRuntimeClass@@XZ 005670c0 f   DlgEditBoardCorner.obj
 0002:0004c100       ??0DlgEditBoardCorner@@QAE@PAVCWnd@@@Z 00567100 f   DlgEditBoardCorner.obj
 0002:0004c250       ??_EDlgEditBoardCorner@@UAEPAXI@Z 00567250 f i DlgEditBoardCorner.obj
 0002:0004c250       ??_GDlgEditBoardCorner@@UAEPAXI@Z 00567250 f i DlgEditBoardCorner.obj
 0002:0004c2c0       ??1DlgEditBoardCorner@@UAE@XZ 005672c0 f   DlgEditBoardCorner.obj
 0002:0004c3a0       ?DoDataExchange@DlgEditBoardCorner@@MAEXPAVCDataExchange@@@Z 005673a0 f   DlgEditBoardCorner.obj
 0002:0004c520       ?Init@DlgEditBoardCorner@@QAEXPAV?$CStringT@DV?$StrTraitMFC_DLL@DV?$ChTraitsCRT@D@ATL@@@@@ATL@@HHH@Z 00567520 f   DlgEditBoardCorner.obj
 0002:0004c5a0       ?GetMessageMap@DlgEditBoardCorner@@MBEPBUAFX_MSGMAP@@XZ 005675a0 f   DlgEditBoardCorner.obj
 0002:0004c5f0       ?GetThisMessageMap@DlgEditBoardCorner@@KGPBUAFX_MSGMAP@@XZ 005675f0 f   DlgEditBoardCorner.obj
 0002:0004c630       ?OnCbnSelchangeComboCornerUnits@DlgEditBoardCorner@@QAEXXZ 00567630 f   DlgEditBoardCorner.obj
 0002:0004c6d0       ?GetFields@DlgEditBoardCorner@@AAEXXZ 005676d0 f   DlgEditBoardCorner.obj
 0002:0004c8f0       ?SetFields@DlgEditBoardCorner@@AAEXXZ 005678f0 f   DlgEditBoardCorner.obj
 0002:0004cae0       ?OnBnClickedOrigin@DlgEditBoardCorner@@QAEXXZ 00567ae0 f   DlgEditBoardCorner.obj
 0002:0004cd50       ?_GetBaseClass@CDlgFindPart@@KGPAUCRuntimeClass@@XZ 00567d50 f   DlgFindPart.obj
 0002:0004cda0       ?GetThisClass@CDlgFindPart@@SGPAUCRuntimeClass@@XZ 00567da0 f   DlgFindPart.obj
 0002:0004cde0       ?GetRuntimeClass@CDlgFindPart@@UBEPAUCRuntimeClass@@XZ 00567de0 f   DlgFindPart.obj
 0002:0004ce20       ??0CDlgFindPart@@QAE@PAVCWnd@@@Z 00567e20 f   DlgFindPart.obj
 0002:0004cf60       ??_ECDlgFindPart@@UAEPAXI@Z 00567f60 f i DlgFindPart.obj
 0002:0004cf60       ??_GCDlgFindPart@@UAEPAXI@Z 00567f60 f i DlgFindPart.obj
 0002:0004cfd0       ??1CDlgFindPart@@UAE@XZ    00567fd0 f   DlgFindPart.obj
 0002:0004d100       ?DoDataExchange@CDlgFindPart@@MAEXPAVCDataExchange@@@Z 00568100 f   DlgFindPart.obj
 0002:0004d830       ?GetMessageMap@CDlgFindPart@@MBEPBUAFX_MSGMAP@@XZ 00568830 f   DlgFindPart.obj
 0002:0004d880       ?GetThisMessageMap@CDlgFindPart@@KGPBUAFX_MSGMAP@@XZ 00568880 f   DlgFindPart.obj
 0002:0004d8c0       ?Initialize@CDlgFindPart@@QAEXPAV?$CArray@V?$CStringT@DV?$StrTraitMFC_DLL@DV?$ChTraitsCRT@D@ATL@@@@@ATL@@ABV12@@@HHHHPAV?$CStringT@DV?$StrTraitMFC_DLL@DV?$ChTraitsCRT@D@ATL@@@@@ATL@@@Z 005688c0 f   DlgFindPart.obj
 0002:0004d960       ?OnCheck@CDlgFindPart@@QAEXXZ 00568960 f   DlgFindPart.obj
 0002:0004da00       ?OnPinDef@CDlgFindPart@@QAEXXZ 00568a00 f   DlgFindPart.obj
 0002:0004da80       ?_GetBaseClass@CDlgImportMerge@@KGPAUCRuntimeClass@@XZ 00568a80 f   DlgImportMerge.obj
 0002:0004dad0       ?GetThisClass@CDlgImportMerge@@SGPAUCRuntimeClass@@XZ 00568ad0 f   DlgImportMerge.obj
 0002:0004db10       ?GetRuntimeClass@CDlgImportMerge@@UBEPAUCRuntimeClass@@XZ 00568b10 f   DlgImportMerge.obj
 0002:0004db50       ??0CDlgImportMerge@@QAE@PAVCWnd@@@Z 00568b50 f   DlgImportMerge.obj
 0002:0004dc70       ??_ECDlgImportMerge@@UAEPAXI@Z 00568c70 f i DlgImportMerge.obj
 0002:0004dc70       ??_GCDlgImportMerge@@UAEPAXI@Z 00568c70 f i DlgImportMerge.obj
 0002:0004dce0       ??1CDlgImportMerge@@UAE@XZ 00568ce0 f   DlgImportMerge.obj
 0002:0004ddf0       ?DoDataExchange@CDlgImportMerge@@MAEXPAVCDataExchange@@@Z 00568df0 f   DlgImportMerge.obj
 0002:0004df50       ?GetMessageMap@CDlgImportMerge@@MBEPBUAFX_MSGMAP@@XZ 00568f50 f   DlgImportMerge.obj
 0002:0004dfa0       ?GetThisMessageMap@CDlgImportMerge@@KGPBUAFX_MSGMAP@@XZ 00568fa0 f   DlgImportMerge.obj
 0002:0004dfe0       ?Initialize@CDlgImportMerge@@QAEXPAVCLibPointer@@@Z 00568fe0 f   DlgImportMerge.obj
 0002:0004e070       ?OnClickList@CDlgImportMerge@@QAEXXZ 00569070 f   DlgImportMerge.obj
 0002:0004e360       ?OnClickList2@CDlgImportMerge@@QAEXXZ 00569360 f   DlgImportMerge.obj
 0002:0004e4b0       ?OnDblClickList@CDlgImportMerge@@QAEXXZ 005694b0 f   DlgImportMerge.obj
 0002:0004e710       ?OnDblClickList2@CDlgImportMerge@@QAEXXZ 00569710 f   DlgImportMerge.obj
 0002:0004e940       ?OnChange@CDlgImportMerge@@QAEXXZ 00569940 f   DlgImportMerge.obj
 0002:0004e990       ?Change@CDlgImportMerge@@QAEXXZ 00569990 f   DlgImportMerge.obj
 0002:0004eb90       ?DrawPattern@CDlgImportMerge@@QAEXPAV?$CStringT@DV?$StrTraitMFC_DLL@DV?$ChTraitsCRT@D@ATL@@@@@ATL@@@Z 00569b90 f   DlgImportMerge.obj
 0002:000503e0       ?RemoveAll@?$CArray@VCPolyLine@@ABV1@@@QAEXXZ 0056b3e0 f i DlgImportMerge.obj
 0002:00050440       ?abs@@YAJJ@Z               0056b440 f i DlgImportMerge.obj
 0002:00050490       ?SetSize@?$CArray@VCPolyLine@@ABV1@@@QAEXHH@Z 0056b490 f i DlgImportMerge.obj
 0002:00050be0       ??3@YAXPAX0@Z              0056bbe0 f i DlgImportMerge.obj
 0002:00050c10       ??_GCPolyLine@@QAEPAXI@Z   0056bc10 f i DlgImportMerge.obj
 0002:00050c80       ?_GetBaseClass@CDlgImportOptions@@KGPAUCRuntimeClass@@XZ 0056bc80 f   DlgImportOptions.obj
 0002:00050cd0       ?GetThisClass@CDlgImportOptions@@SGPAUCRuntimeClass@@XZ 0056bcd0 f   DlgImportOptions.obj
 0002:00050d10       ?GetRuntimeClass@CDlgImportOptions@@UBEPAUCRuntimeClass@@XZ 0056bd10 f   DlgImportOptions.obj
 0002:00050d50       ??0CDlgImportOptions@@QAE@PAVCWnd@@@Z 0056bd50 f   DlgImportOptions.obj
 0002:00050f00       ??_GCDlgImportOptions@@UAEPAXI@Z 0056bf00 f i DlgImportOptions.obj
 0002:00050f00       ??_ECDlgImportOptions@@UAEPAXI@Z 0056bf00 f i DlgImportOptions.obj
 0002:00050f70       ??1CDlgImportOptions@@UAE@XZ 0056bf70 f   DlgImportOptions.obj
 0002:00051110       ?DoDataExchange@CDlgImportOptions@@MAEXPAVCDataExchange@@@Z 0056c110 f   DlgImportOptions.obj
 0002:00051790       ?GetMessageMap@CDlgImportOptions@@MBEPBUAFX_MSGMAP@@XZ 0056c790 f   DlgImportOptions.obj
 0002:000517e0       ?GetThisMessageMap@CDlgImportOptions@@KGPBUAFX_MSGMAP@@XZ 0056c7e0 f   DlgImportOptions.obj
 0002:00051820       ?Initialize@CDlgImportOptions@@QAEXH@Z 0056c820 f   DlgImportOptions.obj
 0002:00051870       ?OnBnClickedSaveAndImport@CDlgImportOptions@@QAEXXZ 0056c870 f   DlgImportOptions.obj
 0002:00051900       ?OnBnClickedOk@CDlgImportOptions@@QAEXXZ 0056c900 f   DlgImportOptions.obj
 0002:00051990       ?_GetBaseClass@CDlgImportPart@@KGPAUCRuntimeClass@@XZ 0056c990 f   DlgImportPart.obj
 0002:000519e0       ?GetThisClass@CDlgImportPart@@SGPAUCRuntimeClass@@XZ 0056c9e0 f   DlgImportPart.obj
 0002:00051a20       ?GetRuntimeClass@CDlgImportPart@@UBEPAUCRuntimeClass@@XZ 0056ca20 f   DlgImportPart.obj
 0002:00051a60       ??0CDlgImportPart@@QAE@PAVCWnd@@@Z 0056ca60 f   DlgImportPart.obj
 0002:00051eb0       ??_GCDlgImportPart@@UAEPAXI@Z 0056ceb0 f i DlgImportPart.obj
 0002:00051eb0       ??_ECDlgImportPart@@UAEPAXI@Z 0056ceb0 f i DlgImportPart.obj
 0002:00051f20       ??1CDlgImportPart@@UAE@XZ  0056cf20 f   DlgImportPart.obj
 0002:00052250       ?DoDataExchange@CDlgImportPart@@MAEXPAVCDataExchange@@@Z 0056d250 f   DlgImportPart.obj
 0002:00053570       ?GetMessageMap@CDlgImportPart@@MBEPBUAFX_MSGMAP@@XZ 0056e570 f   DlgImportPart.obj
 0002:000535c0       ?GetThisMessageMap@CDlgImportPart@@KGPBUAFX_MSGMAP@@XZ 0056e5c0 f   DlgImportPart.obj
 0002:00053600       ?Initialize@CDlgImportPart@@QAEXPAV?$CArray@V?$CStringT@DV?$StrTraitMFC_DLL@DV?$ChTraitsCRT@D@ATL@@@@@ATL@@ABV12@@@HHHHPAV?$CStringT@DV?$StrTraitMFC_DLL@DV?$ChTraitsCRT@D@ATL@@@@@ATL@@PAVCLibPointer@@1@Z 0056e600 f   DlgImportPart.obj
 0002:000537a0       ?OnCheck@CDlgImportPart@@QAEXXZ 0056e7a0 f   DlgImportPart.obj
 0002:00053840       ?OnPinDef@CDlgImportPart@@QAEXXZ 0056e840 f   DlgImportPart.obj
 0002:000538c0       ?OnClickList@CDlgImportPart@@QAEXXZ 0056e8c0 f   DlgImportPart.obj
 0002:00054080       ?OnClickList2@CDlgImportPart@@QAEXXZ 0056f080 f   DlgImportPart.obj
 0002:000544d0       ?OnDblClickList@CDlgImportPart@@QAEXXZ 0056f4d0 f   DlgImportPart.obj
 0002:00054730       ?OnDblClickList2@CDlgImportPart@@QAEXXZ 0056f730 f   DlgImportPart.obj
 0002:00054940       ?OnClickListButton@CDlgImportPart@@QAEXXZ 0056f940 f   DlgImportPart.obj
 0002:00054f90       ?OnChange@CDlgImportPart@@QAEXXZ 0056ff90 f   DlgImportPart.obj
 0002:00055350       ?Change@CDlgImportPart@@QAEXXZ 00570350 f   DlgImportPart.obj
 0002:00055660       ?OnUniqueParts@CDlgImportPart@@QAEXXZ 00570660 f   DlgImportPart.obj
 0002:00055700       ?OnPartsCurrentProject@CDlgImportPart@@QAEXXZ 00570700 f   DlgImportPart.obj
 0002:000557a0       ?OnOnceAnyProject@CDlgImportPart@@QAEXXZ 005707a0 f   DlgImportPart.obj
 0002:00055840       ?PcbAssemblyKit@CDlgImportPart@@QAEHH@Z 00570840 f   DlgImportPart.obj
 0002:00055bd0       ?OnAboutUniqueParts@CDlgImportPart@@QAEXXZ 00570bd0 f   DlgImportPart.obj
 0002:00055c50       ?DrawPattern@CDlgImportPart@@QAEXPAV?$CStringT@DV?$StrTraitMFC_DLL@DV?$ChTraitsCRT@D@ATL@@@@@ATL@@@Z 00570c50 f   DlgImportPart.obj
 0002:00058600       ?OnBnClickedOk@CDlgImportPart@@QAEXXZ 00573600 f   DlgImportPart.obj
 0002:00058b80       ?OpenTXTPreixes@CDlgImportPart@@QAEXXZ 00573b80 f   DlgImportPart.obj
 0002:00058c50       ?OnCbnDropdownCombo1@CDlgImportPart@@QAEXXZ 00573c50 f   DlgImportPart.obj
 0002:00058d80       ?UploadPartlist@CDlgImportPart@@QAEXXZ 00573d80 f   DlgImportPart.obj
 0002:000597a0       ?ReadPrefixes@CDlgImportPart@@QAEXXZ 005747a0 f   DlgImportPart.obj
 0002:00059df0       ?OnTimer@CDlgImportPart@@QAEXI@Z 00574df0 f   DlgImportPart.obj
 0002:00059e80       ?OnBnClickedRunl@CDlgImportPart@@QAEXXZ 00574e80 f   DlgImportPart.obj
 0002:0005aba0       ?UpdatebRunLibText@CDlgImportPart@@QAEXXZ 00575ba0 f   DlgImportPart.obj
 0002:0005aee0       ?CheckDocuments@CDlgImportPart@@QAEXPAV?$CStringT@DV?$StrTraitMFC_DLL@DV?$ChTraitsCRT@D@ATL@@@@@ATL@@0@Z 00575ee0 f   DlgImportPart.obj
 0002:0005bed0       ?OnBnClickedDoc1@CDlgImportPart@@QAEXXZ 00576ed0 f   DlgImportPart.obj
 0002:0005c150       ?OnBnClickedDoc2@CDlgImportPart@@QAEXXZ 00577150 f   DlgImportPart.obj
 0002:0005c5b0       ?OnBnClickedDoc3@CDlgImportPart@@QAEXXZ 005775b0 f   DlgImportPart.obj
 0002:0005c830       ?OnBnClickedDoc4@CDlgImportPart@@QAEXXZ 00577830 f   DlgImportPart.obj
 0002:0005ca60       ?OnBnClickedRadioSearchAllPages@CDlgImportPart@@QAEXXZ 00577a60 f   DlgImportPart.obj
 0002:0005caa0       ?OnEnChangeDescription@CDlgImportPart@@QAEXXZ 00577aa0 f   DlgImportPart.obj
 0002:0005d7b0       ?OnSelChangeDescription@CDlgImportPart@@QAEXXZ 005787b0 f   DlgImportPart.obj
 0002:0005da70       ?OnBnClickedQ8@CDlgImportPart@@QAEXXZ 00578a70 f   DlgImportPart.obj
 0002:0005daf0       ?OnBnClickedDoc5@CDlgImportPart@@QAEXXZ 00578af0 f   DlgImportPart.obj
 0002:0005dd00       ?RemoveDescription@CDlgImportPart@@QAEXPAV?$CStringT@DV?$StrTraitMFC_DLL@DV?$ChTraitsCRT@D@ATL@@@@@ATL@@@Z 00578d00 f   DlgImportPart.obj
 0002:0005df70       ?OnBnClickedQu@CDlgImportPart@@QAEXXZ 00578f70 f   DlgImportPart.obj
 0002:0005dfc0       ?_GetBaseClass@CDlgIndexing@@KGPAUCRuntimeClass@@XZ 00578fc0 f   DlgIndexing.obj
 0002:0005e010       ?GetThisClass@CDlgIndexing@@SGPAUCRuntimeClass@@XZ 00579010 f   DlgIndexing.obj
 0002:0005e050       ?GetRuntimeClass@CDlgIndexing@@UBEPAUCRuntimeClass@@XZ 00579050 f   DlgIndexing.obj
 0002:0005e090       ??0CDlgIndexing@@QAE@PAVCWnd@@@Z 00579090 f   DlgIndexing.obj
 0002:0005e100       ??_GCDlgIndexing@@UAEPAXI@Z 00579100 f i DlgIndexing.obj
 0002:0005e100       ??_ECDlgIndexing@@UAEPAXI@Z 00579100 f i DlgIndexing.obj
 0002:0005e170       ??1CDlgIndexing@@UAE@XZ    00579170 f   DlgIndexing.obj
 0002:0005e1d0       ?DoDataExchange@CDlgIndexing@@MAEXPAVCDataExchange@@@Z 005791d0 f   DlgIndexing.obj
 0002:0005e230       ?GetMessageMap@CDlgIndexing@@MBEPBUAFX_MSGMAP@@XZ 00579230 f   DlgIndexing.obj
 0002:0005e280       ?GetThisMessageMap@CDlgIndexing@@KGPBUAFX_MSGMAP@@XZ 00579280 f   DlgIndexing.obj
 0002:0005e2c0       ?_GetBaseClass@CDlgLayers@@KGPAUCRuntimeClass@@XZ 005792c0 f   DlgLayers.obj
 0002:0005e310       ?GetThisClass@CDlgLayers@@SGPAUCRuntimeClass@@XZ 00579310 f   DlgLayers.obj
 0002:0005e350       ?GetRuntimeClass@CDlgLayers@@UBEPAUCRuntimeClass@@XZ 00579350 f   DlgLayers.obj
 0002:0005e390       ??0CDlgLayers@@QAE@PAVCWnd@@@Z 00579390 f   DlgLayers.obj
 0002:0005e460       ??_ECDlgLayers@@UAEPAXI@Z  00579460 f i DlgLayers.obj
 0002:0005e460       ??_GCDlgLayers@@UAEPAXI@Z  00579460 f i DlgLayers.obj
 0002:0005e4d0       ??1CDlgLayers@@UAE@XZ      005794d0 f   DlgLayers.obj
 0002:0005e590       ?DoDataExchange@CDlgLayers@@MAEXPAVCDataExchange@@@Z 00579590 f   DlgLayers.obj
 0002:0005e760       ?GetMessageMap@CDlgLayers@@MBEPBUAFX_MSGMAP@@XZ 00579760 f   DlgLayers.obj
 0002:0005e7b0       ?GetThisMessageMap@CDlgLayers@@KGPBUAFX_MSGMAP@@XZ 005797b0 f   DlgLayers.obj
 0002:0005e7f0       ?Initialize@CDlgLayers@@QAEXHQAHQAY02HH@Z 005797f0 f   DlgLayers.obj
 0002:0005e910       ?OnCtlColor@CDlgLayers@@QAEPAUHBRUSH__@@PAVCDC@@PAVCWnd@@I@Z 00579910 f   DlgLayers.obj
 0002:0005eac0       ?OnBnClickedButtonLayer1@CDlgLayers@@QAEXXZ 00579ac0 f   DlgLayers.obj
 0002:0005eb20       ?OnBnClickedButtonLayer2@CDlgLayers@@QAEXXZ 00579b20 f   DlgLayers.obj
 0002:0005eb80       ?OnBnClickedButtonLayer3@CDlgLayers@@QAEXXZ 00579b80 f   DlgLayers.obj
 0002:0005ebe0       ?OnBnClickedButtonLayer4@CDlgLayers@@QAEXXZ 00579be0 f   DlgLayers.obj
 0002:0005ec40       ?OnBnClickedButtonLayer5@CDlgLayers@@QAEXXZ 00579c40 f   DlgLayers.obj
 0002:0005eca0       ?OnBnClickedButtonLayer6@CDlgLayers@@QAEXXZ 00579ca0 f   DlgLayers.obj
 0002:0005ed00       ?OnBnClickedButtonLayer7@CDlgLayers@@QAEXXZ 00579d00 f   DlgLayers.obj
 0002:0005ed60       ?OnBnClickedButtonLayer8@CDlgLayers@@QAEXXZ 00579d60 f   DlgLayers.obj
 0002:0005edc0       ?OnBnClickedButtonLayer9@CDlgLayers@@QAEXXZ 00579dc0 f   DlgLayers.obj
 0002:0005ee20       ?OnBnClickedButtonLayer10@CDlgLayers@@QAEXXZ 00579e20 f   DlgLayers.obj
 0002:0005ee80       ?OnBnClickedButtonLayer11@CDlgLayers@@QAEXXZ 00579e80 f   DlgLayers.obj
 0002:0005eee0       ?OnBnClickedButtonLayer12@CDlgLayers@@QAEXXZ 00579ee0 f   DlgLayers.obj
 0002:0005ef40       ?OnBnClickedButtonLayer13@CDlgLayers@@QAEXXZ 00579f40 f   DlgLayers.obj
 0002:0005efa0       ?OnBnClickedButtonLayer14@CDlgLayers@@QAEXXZ 00579fa0 f   DlgLayers.obj
 0002:0005f000       ?OnBnClickedButtonLayer15@CDlgLayers@@QAEXXZ 0057a000 f   DlgLayers.obj
 0002:0005f060       ?OnBnClickedButtonLayer16@CDlgLayers@@QAEXXZ 0057a060 f   DlgLayers.obj
 0002:0005f0c0       ?OnBnClickedButtonLayer17@CDlgLayers@@QAEXXZ 0057a0c0 f   DlgLayers.obj
 0002:0005f120       ?OnBnClickedButtonLayer18@CDlgLayers@@QAEXXZ 0057a120 f   DlgLayers.obj
 0002:0005f180       ?OnBnClickedButtonLayer19@CDlgLayers@@QAEXXZ 0057a180 f   DlgLayers.obj
 0002:0005f1e0       ?OnBnClickedButtonLayer20@CDlgLayers@@QAEXXZ 0057a1e0 f   DlgLayers.obj
 0002:0005f240       ?OnBnClickedButtonLayer21@CDlgLayers@@QAEXXZ 0057a240 f   DlgLayers.obj
 0002:0005f2a0       ?OnBnClickedButtonLayer22@CDlgLayers@@QAEXXZ 0057a2a0 f   DlgLayers.obj
 0002:0005f300       ?OnBnClickedButtonLayer23@CDlgLayers@@QAEXXZ 0057a300 f   DlgLayers.obj
 0002:0005f360       ?OnBnClickedButtonLayer24@CDlgLayers@@QAEXXZ 0057a360 f   DlgLayers.obj
 0002:0005f3c0       ?OnBnClickedButtonLayer25@CDlgLayers@@QAEXXZ 0057a3c0 f   DlgLayers.obj
 0002:0005f420       ?OnBnClickedButtonLayer26@CDlgLayers@@QAEXXZ 0057a420 f   DlgLayers.obj
 0002:0005f480       ?OnBnClickedButtonLayer27@CDlgLayers@@QAEXXZ 0057a480 f   DlgLayers.obj
 0002:0005f4e0       ?OnBnClickedButtonLayer28@CDlgLayers@@QAEXXZ 0057a4e0 f   DlgLayers.obj
 0002:0005f540       ?OnBnClickedButtonLayer29@CDlgLayers@@QAEXXZ 0057a540 f   DlgLayers.obj
 0002:0005f5a0       ?OnBnClickedButtonLayer30@CDlgLayers@@QAEXXZ 0057a5a0 f   DlgLayers.obj
 0002:0005f600       ?OnBnClickedButtonLayer31@CDlgLayers@@QAEXXZ 0057a600 f   DlgLayers.obj
 0002:0005f660       ?EditColor@CDlgLayers@@QAEXH@Z 0057a660 f   DlgLayers.obj
 0002:0005f850       ??1CColorDialog@@UAE@XZ    0057a850 f i DlgLayers.obj
 0002:0005f8a0       ??1CCommonDialog@@UAE@XZ   0057a8a0 f i DlgLayers.obj
 0002:0005f900       ??_GCCommonDialog@@UAEPAXI@Z 0057a900 f i DlgLayers.obj
 0002:0005f900       ??_ECCommonDialog@@UAEPAXI@Z 0057a900 f i DlgLayers.obj
 0002:0005f970       ?_GetBaseClass@CDlgLog@@KGPAUCRuntimeClass@@XZ 0057a970 f   DlgLog.obj
 0002:0005f9c0       ?GetThisClass@CDlgLog@@SGPAUCRuntimeClass@@XZ 0057a9c0 f   DlgLog.obj
 0002:0005fa00       ?GetRuntimeClass@CDlgLog@@UBEPAUCRuntimeClass@@XZ 0057aa00 f   DlgLog.obj
 0002:0005fa40       ??0CDlgLog@@QAE@PAVCWnd@@@Z 0057aa40 f   DlgLog.obj
 0002:0005fb30       ??_ECDlgLog@@UAEPAXI@Z     0057ab30 f i DlgLog.obj
 0002:0005fb30       ??_GCDlgLog@@UAEPAXI@Z     0057ab30 f i DlgLog.obj
 0002:0005fba0       ??1CDlgLog@@UAE@XZ         0057aba0 f   DlgLog.obj
 0002:0005fc60       ?DoDataExchange@CDlgLog@@MAEXPAVCDataExchange@@@Z 0057ac60 f   DlgLog.obj
 0002:0005fd00       ?GetMessageMap@CDlgLog@@MBEPBUAFX_MSGMAP@@XZ 0057ad00 f   DlgLog.obj
 0002:0005fd50       ?GetThisMessageMap@CDlgLog@@KGPBUAFX_MSGMAP@@XZ 0057ad50 f   DlgLog.obj
 0002:0005fd90       ?Move@CDlgLog@@QAEXHH@Z    0057ad90 f   DlgLog.obj
 0002:0005fe70       ?Clear@CDlgLog@@QAEXXZ     0057ae70 f   DlgLog.obj
 0002:0005fed0       ?RemoveAll@CDlgLog@@QAEXXZ 0057aed0 f   DlgLog.obj
 0002:0005ff50       ?AddLine@CDlgLog@@QAEXPBD@Z 0057af50 f   DlgLog.obj
 0002:0005fff0       ?AddParagraph@CDlgLog@@QAEXV?$CStringT@DV?$StrTraitMFC_DLL@DV?$ChTraitsCRT@D@ATL@@@@@ATL@@@Z 0057aff0 f   DlgLog.obj
 0002:00060400       ?AddHeader@CDlgLog@@QAEXV?$CStringT@DV?$StrTraitMFC_DLL@DV?$ChTraitsCRT@D@ATL@@@@@ATL@@H@Z 0057b400 f   DlgLog.obj
 0002:00060860       ?OnBnClickedOk@CDlgLog@@QAEXXZ 0057b860 f   DlgLog.obj
 0002:000608f0       ?OnSetCursor@CDlgLog@@QAEHPAVCWnd@@II@Z 0057b8f0 f   DlgLog.obj
 0002:00060980       ?OnBnClickedHideMe@CDlgLog@@QAEXXZ 0057b980 f   DlgLog.obj
 0002:000609f0       ?OnShowMe@CDlgLog@@QAEXXZ  0057b9f0 f   DlgLog.obj
 0002:00060a70       ?OnBnClickedTXT@CDlgLog@@QAEXXZ 0057ba70 f   DlgLog.obj
 0002:00060e60       ?_GetBaseClass@CDlgMoveOrigin@@KGPAUCRuntimeClass@@XZ 0057be60 f   DlgMoveOrigin.obj
 0002:00060eb0       ?GetThisClass@CDlgMoveOrigin@@SGPAUCRuntimeClass@@XZ 0057beb0 f   DlgMoveOrigin.obj
 0002:00060ef0       ?GetRuntimeClass@CDlgMoveOrigin@@UBEPAUCRuntimeClass@@XZ 0057bef0 f   DlgMoveOrigin.obj
 0002:00060f30       ??0CDlgMoveOrigin@@QAE@PAVCWnd@@@Z 0057bf30 f   DlgMoveOrigin.obj
 0002:00061050       ??_ECDlgMoveOrigin@@UAEPAXI@Z 0057c050 f i DlgMoveOrigin.obj
 0002:00061050       ??_GCDlgMoveOrigin@@UAEPAXI@Z 0057c050 f i DlgMoveOrigin.obj
 0002:000610c0       ??1CDlgMoveOrigin@@UAE@XZ  0057c0c0 f   DlgMoveOrigin.obj
 0002:000611d0       ?DoDataExchange@CDlgMoveOrigin@@MAEXPAVCDataExchange@@@Z 0057c1d0 f   DlgMoveOrigin.obj
 0002:00061330       ?GetMessageMap@CDlgMoveOrigin@@MBEPBUAFX_MSGMAP@@XZ 0057c330 f   DlgMoveOrigin.obj
 0002:00061380       ?GetThisMessageMap@CDlgMoveOrigin@@KGPBUAFX_MSGMAP@@XZ 0057c380 f   DlgMoveOrigin.obj
 0002:000613c0       ?Initialize@CDlgMoveOrigin@@QAEXH@Z 0057c3c0 f   DlgMoveOrigin.obj
 0002:00061430       ?GetFields@CDlgMoveOrigin@@QAEXXZ 0057c430 f   DlgMoveOrigin.obj
 0002:00061620       ?SetFields@CDlgMoveOrigin@@QAEXXZ 0057c620 f   DlgMoveOrigin.obj
 0002:00061900       ?OnCbnSelchangeUnits@CDlgMoveOrigin@@QAEXXZ 0057c900 f   DlgMoveOrigin.obj
 0002:00061960       ?OnBnClickedDrag@CDlgMoveOrigin@@QAEXXZ 0057c960 f   DlgMoveOrigin.obj
 0002:000619c0       ?OnBnClickedSet@CDlgMoveOrigin@@QAEXXZ 0057c9c0 f   DlgMoveOrigin.obj
 0002:00061a20       ?_GetBaseClass@CDlgMyMessageBox@@KGPAUCRuntimeClass@@XZ 0057ca20 f   DlgMyMessageBox.obj
 0002:00061a70       ?GetThisClass@CDlgMyMessageBox@@SGPAUCRuntimeClass@@XZ 0057ca70 f   DlgMyMessageBox.obj
 0002:00061ab0       ?GetRuntimeClass@CDlgMyMessageBox@@UBEPAUCRuntimeClass@@XZ 0057cab0 f   DlgMyMessageBox.obj
 0002:00061af0       ??0CDlgMyMessageBox@@QAE@PAVCWnd@@@Z 0057caf0 f   DlgMyMessageBox.obj
 0002:00061c20       ??_ECDlgMyMessageBox@@UAEPAXI@Z 0057cc20 f i DlgMyMessageBox.obj
 0002:00061c20       ??_GCDlgMyMessageBox@@UAEPAXI@Z 0057cc20 f i DlgMyMessageBox.obj
 0002:00061c90       ??1CDlgMyMessageBox@@UAE@XZ 0057cc90 f   DlgMyMessageBox.obj
 0002:00061db0       ?DoDataExchange@CDlgMyMessageBox@@MAEXPAVCDataExchange@@@Z 0057cdb0 f   DlgMyMessageBox.obj
 0002:00062060       ?GetMessageMap@CDlgMyMessageBox@@MBEPBUAFX_MSGMAP@@XZ 0057d060 f   DlgMyMessageBox.obj
 0002:000620b0       ?GetThisMessageMap@CDlgMyMessageBox@@KGPBUAFX_MSGMAP@@XZ 0057d0b0 f   DlgMyMessageBox.obj
 0002:000620f0       ?Initialize@CDlgMyMessageBox@@QAEXPBD_J@Z 0057d0f0 f   DlgMyMessageBox.obj
 0002:00062180       ?_GetBaseClass@CDlgMyMessageBox2@@KGPAUCRuntimeClass@@XZ 0057d180 f   DlgMyMessageBox2.obj
 0002:000621d0       ?GetThisClass@CDlgMyMessageBox2@@SGPAUCRuntimeClass@@XZ 0057d1d0 f   DlgMyMessageBox2.obj
 0002:00062210       ?GetRuntimeClass@CDlgMyMessageBox2@@UBEPAUCRuntimeClass@@XZ 0057d210 f   DlgMyMessageBox2.obj
 0002:00062250       ??0CDlgMyMessageBox2@@QAE@PAVCWnd@@@Z 0057d250 f   DlgMyMessageBox2.obj
 0002:00062330       ??_ECDlgMyMessageBox2@@UAEPAXI@Z 0057d330 f i DlgMyMessageBox2.obj
 0002:00062330       ??_GCDlgMyMessageBox2@@UAEPAXI@Z 0057d330 f i DlgMyMessageBox2.obj
 0002:000623a0       ??1CDlgMyMessageBox2@@UAE@XZ 0057d3a0 f   DlgMyMessageBox2.obj
 0002:00062470       ?DoDataExchange@CDlgMyMessageBox2@@MAEXPAVCDataExchange@@@Z 0057d470 f   DlgMyMessageBox2.obj
 0002:00062590       ?GetMessageMap@CDlgMyMessageBox2@@MBEPBUAFX_MSGMAP@@XZ 0057d590 f   DlgMyMessageBox2.obj
 0002:000625e0       ?GetThisMessageMap@CDlgMyMessageBox2@@KGPBUAFX_MSGMAP@@XZ 0057d5e0 f   DlgMyMessageBox2.obj
 0002:00062620       ?Initialize@CDlgMyMessageBox2@@QAEXPAV?$CStringT@DV?$StrTraitMFC_DLL@DV?$ChTraitsCRT@D@ATL@@@@@ATL@@@Z 0057d620 f   DlgMyMessageBox2.obj
 0002:00062670       ?ComparePartlist@@YGHJJJ@Z 0057d670 f   DlgPartlist.obj
 0002:00062e20       ?_GetBaseClass@CDlgPartlist@@KGPAUCRuntimeClass@@XZ 0057de20 f   DlgPartlist.obj
 0002:00062e70       ?GetThisClass@CDlgPartlist@@SGPAUCRuntimeClass@@XZ 0057de70 f   DlgPartlist.obj
 0002:00062eb0       ?GetRuntimeClass@CDlgPartlist@@UBEPAUCRuntimeClass@@XZ 0057deb0 f   DlgPartlist.obj
 0002:00062ef0       ??0CDlgPartlist@@QAE@PAVCWnd@@@Z 0057def0 f   DlgPartlist.obj
 0002:00063040       ??_ECDlgPartlist@@UAEPAXI@Z 0057e040 f i DlgPartlist.obj
 0002:00063040       ??_GCDlgPartlist@@UAEPAXI@Z 0057e040 f i DlgPartlist.obj
 0002:000630b0       ??1CDlgPartlist@@UAE@XZ    0057e0b0 f   DlgPartlist.obj
 0002:000631f0       ?DoDataExchange@CDlgPartlist@@MAEXPAVCDataExchange@@@Z 0057e1f0 f   DlgPartlist.obj
 0002:00063530       ?GetMessageMap@CDlgPartlist@@MBEPBUAFX_MSGMAP@@XZ 0057e530 f   DlgPartlist.obj
 0002:00063580       ?GetThisMessageMap@CDlgPartlist@@KGPBUAFX_MSGMAP@@XZ 0057e580 f   DlgPartlist.obj
 0002:000635c0       ?OnInitDialog@CDlgPartlist@@UAEHXZ 0057e5c0 f   DlgPartlist.obj
 0002:00063630       ?DrawListCtrl@CDlgPartlist@@QAEXXZ 0057e630 f   DlgPartlist.obj
 0002:00063a00       ?Initialize@CDlgPartlist@@QAEXPAVCFreePcbView@@@Z 0057ea00 f   DlgPartlist.obj
 0002:00063b40       ?OnLvnColumnClickList1@CDlgPartlist@@QAEXPAUtagNMHDR@@PAJ@Z 0057eb40 f   DlgPartlist.obj
 0002:00063d30       ?OnNMClickList1@CDlgPartlist@@QAEXPAUtagNMHDR@@PAJ@Z 0057ed30 f   DlgPartlist.obj
 0002:00063d90       ?SaveSelections@CDlgPartlist@@QAEXXZ 0057ed90 f   DlgPartlist.obj
 0002:00063ee0       ?RestoreSelections@CDlgPartlist@@QAEXXZ 0057eee0 f   DlgPartlist.obj
 0002:00063ff0       ?OnJumpTo@CDlgPartlist@@QAEXPAUtagNMHDR@@PAJ@Z 0057eff0 f   DlgPartlist.obj
 0002:00064050       ?JumpTo@CDlgPartlist@@QAEXXZ 0057f050 f   DlgPartlist.obj
 0002:00064360       ?Size@CDlgPartlist@@QAEXHHH@Z 0057f360 f   DlgPartlist.obj
 0002:000645c0       ?OnSize@CDlgPartlist@@IAEXIHH@Z 0057f5c0 f   DlgPartlist.obj
 0002:00064630       ?OnMove@CDlgPartlist@@IAEXHH@Z 0057f630 f   DlgPartlist.obj
 0002:00064760       ?OnFilter@CDlgPartlist@@QAEXXZ 0057f760 f   DlgPartlist.obj
 0002:000657f0       ?Find@CDlgPartlist@@QAEHPAV?$CStringT@DV?$StrTraitMFC_DLL@DV?$ChTraitsCRT@D@ATL@@@@@ATL@@0@Z 005807f0 f   DlgPartlist.obj
 0002:00065900       ?ReDraw@CDlgPartlist@@QAEXXZ 00580900 f   DlgPartlist.obj
 0002:00065970       ?OnCancel@CDlgPartlist@@UAEXXZ 00580970 f   DlgPartlist.obj
 0002:000659e0       ?OnHighlight@CDlgPartlist@@QAEXXZ 005809e0 f   DlgPartlist.obj
 0002:00065f40       ?OnChange@CDlgPartlist@@QAEXXZ 00580f40 f   DlgPartlist.obj
 0002:00065fa0       ?OnPCBCheck@CDlgPartlist@@QAEXXZ 00580fa0 f   DlgPartlist.obj
 0002:00066000       ?GetColWidths@CDlgPartlist@@QAEXXZ 00581000 f   DlgPartlist.obj
 0002:00066220       ?OnTXT@CDlgPartlist@@QAEXXZ 00581220 f   DlgPartlist.obj
 0002:00066940       ?ImportPartlist@CDlgPartlist@@QAEXXZ 00581940 f   DlgPartlist.obj
 0002:000670d0       ?InvertSelection@CDlgPartlist@@QAEXXZ 005820d0 f   DlgPartlist.obj
 0002:000671b0       ?GetPCBButtonCheck@CDlgPartlist@@QAEHXZ 005821b0 f   DlgPartlist.obj
 0002:00067210       ?OnBnClickedSall@CDlgPartlist@@QAEXXZ 00582210 f   DlgPartlist.obj
 0002:000672b0       ?OnBnClickedHpcb@CDlgPartlist@@QAEXXZ 005822b0 f   DlgPartlist.obj
 0002:00067320       ?OnEnChangeFilter@CDlgPartlist@@QAEXXZ 00582320 f   DlgPartlist.obj
 0002:00067360       ?GetSize@?$CArray@HABH@@QBEHXZ 00582360 f i DlgPartlist.obj
 0002:000673a0       ??_9CDlgPartlist@@$BBII@AE 005823a0 f i DlgPartlist.obj
 0002:000673b0       ??0?$CArray@HABH@@QAE@XZ   005823b0 f i DlgPartlist.obj
 0002:00067440       ?SetSize@?$CArray@HABH@@QAEXHH@Z 00582440 f i DlgPartlist.obj
 0002:000679d0       ?RemoveAll@?$CArray@HABH@@QAEXXZ 005829d0 f i DlgPartlist.obj
 0002:00067a30       ?Add@?$CArray@HABH@@QAEHABH@Z 00582a30 f i DlgPartlist.obj
 0002:00067aa0       ??A?$CArray@HABH@@QAEAAHH@Z 00582aa0 f i DlgPartlist.obj
 0002:00067b00       ??1?$CArray@HABH@@UAE@XZ   00582b00 f i DlgPartlist.obj
 0002:00067c10       ?Serialize@?$CArray@HABH@@UAEXAAVCArchive@@@Z 00582c10 f i DlgPartlist.obj
 0002:00067ce0       ?Dump@?$CArray@HABH@@UBEXAAVCDumpContext@@@Z 00582ce0 f i DlgPartlist.obj
 0002:00067dc0       ?AssertValid@?$CArray@HABH@@UBEXXZ 00582dc0 f i DlgPartlist.obj
 0002:00067f20       ??_G?$CArray@HABH@@UAEPAXI@Z 00582f20 f i DlgPartlist.obj
 0002:00067f20       ??_E?$CArray@HABH@@UAEPAXI@Z 00582f20 f i DlgPartlist.obj
 0002:00067f90       ?ElementAt@?$CArray@HABH@@QAEAAHH@Z 00582f90 f i DlgPartlist.obj
 0002:00068040       ?SetAtGrow@?$CArray@HABH@@QAEXHABH@Z 00583040 f i DlgPartlist.obj
 0002:00068110       ??$SerializeElements@H@@YGXAAVCArchive@@PAHH@Z 00583110 f i DlgPartlist.obj
 0002:00068300       ??$DumpElements@H@@YGXAAVCDumpContext@@PBHH@Z 00583300 f i DlgPartlist.obj
 0002:000683f0       ?_GetBaseClass@CDlgPDFLayers@@KGPAUCRuntimeClass@@XZ 005833f0 f   DlgPDFLayers.obj
 0002:00068440       ?GetThisClass@CDlgPDFLayers@@SGPAUCRuntimeClass@@XZ 00583440 f   DlgPDFLayers.obj
 0002:00068480       ?GetRuntimeClass@CDlgPDFLayers@@UBEPAUCRuntimeClass@@XZ 00583480 f   DlgPDFLayers.obj
 0002:000684c0       ??0CDlgPDFLayers@@QAE@PAVCWnd@@@Z 005834c0 f   DlgPDFLayers.obj
 0002:000685b0       ??_GCDlgPDFLayers@@UAEPAXI@Z 005835b0 f i DlgPDFLayers.obj
 0002:000685b0       ??_ECDlgPDFLayers@@UAEPAXI@Z 005835b0 f i DlgPDFLayers.obj
 0002:00068620       ??1CDlgPDFLayers@@UAE@XZ   00583620 f   DlgPDFLayers.obj
 0002:00068700       ?DoDataExchange@CDlgPDFLayers@@MAEXPAVCDataExchange@@@Z 00583700 f   DlgPDFLayers.obj
 0002:00069180       ?GetMessageMap@CDlgPDFLayers@@MBEPBUAFX_MSGMAP@@XZ 00584180 f   DlgPDFLayers.obj
 0002:000691d0       ?GetThisMessageMap@CDlgPDFLayers@@KGPBUAFX_MSGMAP@@XZ 005841d0 f   DlgPDFLayers.obj
 0002:00069210       ?Initialize@CDlgPDFLayers@@QAEXHQAHQAY02HQAPADHHMHHH@Z 00584210 f   DlgPDFLayers.obj
 0002:00069530       ?OnCtlColor@CDlgPDFLayers@@QAEPAUHBRUSH__@@PAVCDC@@PAVCWnd@@I@Z 00584530 f   DlgPDFLayers.obj
 0002:000696e0       ?OnBnClickedButtonLayer1@CDlgPDFLayers@@QAEXXZ 005846e0 f   DlgPDFLayers.obj
 0002:00069740       ?OnBnClickedButtonLayer2@CDlgPDFLayers@@QAEXXZ 00584740 f   DlgPDFLayers.obj
 0002:000697a0       ?OnBnClickedButtonLayer3@CDlgPDFLayers@@QAEXXZ 005847a0 f   DlgPDFLayers.obj
 0002:00069800       ?OnBnClickedButtonLayer4@CDlgPDFLayers@@QAEXXZ 00584800 f   DlgPDFLayers.obj
 0002:00069860       ?OnBnClickedButtonLayer5@CDlgPDFLayers@@QAEXXZ 00584860 f   DlgPDFLayers.obj
 0002:000698c0       ?OnBnClickedButtonLayer6@CDlgPDFLayers@@QAEXXZ 005848c0 f   DlgPDFLayers.obj
 0002:00069920       ?OnBnClickedButtonLayer7@CDlgPDFLayers@@QAEXXZ 00584920 f   DlgPDFLayers.obj
 0002:00069980       ?OnBnClickedButtonLayer8@CDlgPDFLayers@@QAEXXZ 00584980 f   DlgPDFLayers.obj
 0002:000699e0       ?OnBnClickedButtonLayer9@CDlgPDFLayers@@QAEXXZ 005849e0 f   DlgPDFLayers.obj
 0002:00069a40       ?OnBnClickedButtonLayer10@CDlgPDFLayers@@QAEXXZ 00584a40 f   DlgPDFLayers.obj
 0002:00069aa0       ?OnBnClickedButtonLayer11@CDlgPDFLayers@@QAEXXZ 00584aa0 f   DlgPDFLayers.obj
 0002:00069b00       ?OnBnClickedButtonLayer12@CDlgPDFLayers@@QAEXXZ 00584b00 f   DlgPDFLayers.obj
 0002:00069b60       ?OnBnClickedButtonLayer13@CDlgPDFLayers@@QAEXXZ 00584b60 f   DlgPDFLayers.obj
 0002:00069bc0       ?OnBnClickedButtonLayer14@CDlgPDFLayers@@QAEXXZ 00584bc0 f   DlgPDFLayers.obj
 0002:00069c20       ?OnBnClickedButtonLayer15@CDlgPDFLayers@@QAEXXZ 00584c20 f   DlgPDFLayers.obj
 0002:00069c80       ?OnBnClickedButtonLayer16@CDlgPDFLayers@@QAEXXZ 00584c80 f   DlgPDFLayers.obj
 0002:00069ce0       ?OnBnClickedButtonLayer17@CDlgPDFLayers@@QAEXXZ 00584ce0 f   DlgPDFLayers.obj
 0002:00069d40       ?OnBnClickedButtonLayer18@CDlgPDFLayers@@QAEXXZ 00584d40 f   DlgPDFLayers.obj
 0002:00069da0       ?OnBnClickedButtonLayer19@CDlgPDFLayers@@QAEXXZ 00584da0 f   DlgPDFLayers.obj
 0002:00069e00       ?OnBnClickedButtonLayer20@CDlgPDFLayers@@QAEXXZ 00584e00 f   DlgPDFLayers.obj
 0002:00069e60       ?OnBnClickedButtonLayer21@CDlgPDFLayers@@QAEXXZ 00584e60 f   DlgPDFLayers.obj
 0002:00069ec0       ?OnBnClickedButtonLayer22@CDlgPDFLayers@@QAEXXZ 00584ec0 f   DlgPDFLayers.obj
 0002:00069f20       ?OnBnClickedButtonLayer23@CDlgPDFLayers@@QAEXXZ 00584f20 f   DlgPDFLayers.obj
 0002:00069f80       ?OnBnClickedButtonLayer24@CDlgPDFLayers@@QAEXXZ 00584f80 f   DlgPDFLayers.obj
 0002:00069fe0       ?OnBnClickedButtonLayer25@CDlgPDFLayers@@QAEXXZ 00584fe0 f   DlgPDFLayers.obj
 0002:0006a040       ?OnBnClickedButtonLayer26@CDlgPDFLayers@@QAEXXZ 00585040 f   DlgPDFLayers.obj
 0002:0006a0a0       ?OnBnClickedButtonLayer27@CDlgPDFLayers@@QAEXXZ 005850a0 f   DlgPDFLayers.obj
 0002:0006a100       ?OnBnClickedButtonLayer28@CDlgPDFLayers@@QAEXXZ 00585100 f   DlgPDFLayers.obj
 0002:0006a160       ?OnBnClickedButtonLayer29@CDlgPDFLayers@@QAEXXZ 00585160 f   DlgPDFLayers.obj
 0002:0006a1c0       ?OnBnClickedButtonLayer30@CDlgPDFLayers@@QAEXXZ 005851c0 f   DlgPDFLayers.obj
 0002:0006a220       ?OnBnClickedButtonLayer31@CDlgPDFLayers@@QAEXXZ 00585220 f   DlgPDFLayers.obj
 0002:0006a280       ?EditColor@CDlgPDFLayers@@QAEXH@Z 00585280 f   DlgPDFLayers.obj
 0002:0006a470       ?OnBnCancel@CDlgPDFLayers@@QAEXXZ 00585470 f   DlgPDFLayers.obj
 0002:0006a500       ?OnCbnSelchangeTextFonts@CDlgPDFLayers@@QAEXXZ 00585500 f   DlgPDFLayers.obj
 0002:0006a540       ?_GetBaseClass@DlgPinMap@@KGPAUCRuntimeClass@@XZ 00585540 f   DlgPinMap.obj
 0002:0006a590       ?GetThisClass@DlgPinMap@@SGPAUCRuntimeClass@@XZ 00585590 f   DlgPinMap.obj
 0002:0006a5d0       ?GetRuntimeClass@DlgPinMap@@UBEPAUCRuntimeClass@@XZ 005855d0 f   DlgPinMap.obj
 0002:0006a610       ??0DlgPinMap@@QAE@PAVCWnd@@@Z 00585610 f   DlgPinMap.obj
 0002:0006a730       ??_GDlgPinMap@@UAEPAXI@Z   00585730 f i DlgPinMap.obj
 0002:0006a730       ??_EDlgPinMap@@UAEPAXI@Z   00585730 f i DlgPinMap.obj
 0002:0006a7a0       ??1DlgPinMap@@UAE@XZ       005857a0 f   DlgPinMap.obj
 0002:0006a8a0       ?DoDataExchange@DlgPinMap@@MAEXPAVCDataExchange@@@Z 005858a0 f   DlgPinMap.obj
 0002:0006cc20       ?GetMessageMap@DlgPinMap@@MBEPBUAFX_MSGMAP@@XZ 00587c20 f   DlgPinMap.obj
 0002:0006cc70       ?GetThisMessageMap@DlgPinMap@@KGPBUAFX_MSGMAP@@XZ 00587c70 f   DlgPinMap.obj
 0002:0006ccb0       ?Initialize@DlgPinMap@@QAEXPAVCText@@PAVCPageList@@@Z 00587cb0 f   DlgPinMap.obj
 0002:0006cd10       ?Filter@DlgPinMap@@QAEXXZ  00587d10 f   DlgPinMap.obj
 0002:0006d040       ?OnChange@DlgPinMap@@QAEXXZ 00588040 f   DlgPinMap.obj
 0002:0006d090       ?OnSize@DlgPinMap@@IAEXIHH@Z 00588090 f   DlgPinMap.obj
 0002:0006d1f0       ?OnLbnSelchangePinlist@DlgPinMap@@QAEXXZ 005881f0 f   DlgPinMap.obj
 0002:0006e2a0       ?OnBnClickedPinbutt@DlgPinMap@@QAEXXZ 005892a0 f   DlgPinMap.obj
 0002:0006e6d0       ?WidthCompare@@YGHJJJ@Z    005896d0 f   DlgProjectOptions.obj
 0002:0006e730       ?_GetBaseClass@CDlgProjectOptions@@KGPAUCRuntimeClass@@XZ 00589730 f   DlgProjectOptions.obj
 0002:0006e780       ?GetThisClass@CDlgProjectOptions@@SGPAUCRuntimeClass@@XZ 00589780 f   DlgProjectOptions.obj
 0002:0006e7c0       ?GetRuntimeClass@CDlgProjectOptions@@UBEPAUCRuntimeClass@@XZ 005897c0 f   DlgProjectOptions.obj
 0002:0006e800       ??0CDlgProjectOptions@@QAE@PAVCWnd@@@Z 00589800 f   DlgProjectOptions.obj
 0002:0006e9f0       ??_GCDlgProjectOptions@@UAEPAXI@Z 005899f0 f i DlgProjectOptions.obj
 0002:0006e9f0       ??_ECDlgProjectOptions@@UAEPAXI@Z 005899f0 f i DlgProjectOptions.obj
 0002:0006ea60       ??1CDlgProjectOptions@@UAE@XZ 00589a60 f   DlgProjectOptions.obj
 0002:0006ebf0       ?DoDataExchange@CDlgProjectOptions@@EAEXPAVCDataExchange@@@Z 00589bf0 f   DlgProjectOptions.obj
 0002:0006fa20       ?GetMessageMap@CDlgProjectOptions@@MBEPBUAFX_MSGMAP@@XZ 0058aa20 f   DlgProjectOptions.obj
 0002:0006fa70       ?GetThisMessageMap@CDlgProjectOptions@@KGPBUAFX_MSGMAP@@XZ 0058aa70 f   DlgProjectOptions.obj
 0002:0006fab0       ?Init@CDlgProjectOptions@@QAEXHPAV?$CStringT@DV?$StrTraitMFC_DLL@DV?$ChTraitsCRT@D@ATL@@@@@ATL@@000HHHHHHMN@Z 0058aab0 f   DlgProjectOptions.obj
 0002:000701e0       ?OnInitDialog@CDlgProjectOptions@@EAEHXZ 0058b1e0 f   DlgProjectOptions.obj
 0002:00070290       ?OnEnChangeEditName@CDlgProjectOptions@@IAEXXZ 0058b290 f   DlgProjectOptions.obj
 0002:000702d0       ?OnEnChangeEditFolder@CDlgProjectOptions@@IAEXXZ 0058b2d0 f   DlgProjectOptions.obj
 0002:00070330       ?OnEnSetfocusEditFolder@CDlgProjectOptions@@IAEXXZ 0058b330 f   DlgProjectOptions.obj
 0002:00070380       ?OnEnKillfocusEditFolder@CDlgProjectOptions@@IAEXXZ 0058b380 f   DlgProjectOptions.obj
 0002:000703d0       ?OnBnClickedButtonLib@CDlgProjectOptions@@QAEXXZ 0058b3d0 f   DlgProjectOptions.obj
 0002:00070610       ?OnBnClickedButtonProjectFolder@CDlgProjectOptions@@QAEXXZ 0058b610 f   DlgProjectOptions.obj
 0002:00070880       ?OnBnClickedQ11@CDlgProjectOptions@@QAEXXZ 0058b880 f   DlgProjectOptions.obj
 0002:00070900       ?OnBnClickedDefaultFolder@CDlgProjectOptions@@QAEXXZ 0058b900 f   DlgProjectOptions.obj
 0002:00070940       ?_GetBaseClass@CDlgProtection@@KGPAUCRuntimeClass@@XZ 0058b940 f   DlgProtection.obj
 0002:00070990       ?GetThisClass@CDlgProtection@@SGPAUCRuntimeClass@@XZ 0058b990 f   DlgProtection.obj
 0002:000709d0       ?GetRuntimeClass@CDlgProtection@@UBEPAUCRuntimeClass@@XZ 0058b9d0 f   DlgProtection.obj
 0002:00070a10       ??0CDlgProtection@@QAE@PAVCWnd@@@Z 0058ba10 f   DlgProtection.obj
 0002:00070b00       ??_ECDlgProtection@@UAEPAXI@Z 0058bb00 f i DlgProtection.obj
 0002:00070b00       ??_GCDlgProtection@@UAEPAXI@Z 0058bb00 f i DlgProtection.obj
 0002:00070b70       ??1CDlgProtection@@UAE@XZ  0058bb70 f   DlgProtection.obj
 0002:00070c50       ?DoDataExchange@CDlgProtection@@MAEXPAVCDataExchange@@@Z 0058bc50 f   DlgProtection.obj
[...]
 0005:0000254c       __imp_?get_accDefaultAction@CWnd@@UAEJUtagVARIANT@@PAPA_W@Z 007b354c     mfc100d:mfc100d.dll
 0005:00002550       __imp_?get_accSelection@CWnd@@UAEJPAUtagVARIANT@@@Z 007b3550     mfc100d:mfc100d.dll
 0005:00002554       __imp_?get_accFocus@CWnd@@UAEJPAUtagVARIANT@@@Z 007b3554     mfc100d:mfc100d.dll
 0005:00002558       __imp_?get_accKeyboardShortcut@CWnd@@UAEJUtagVARIANT@@PAPA_W@Z 007b3558     mfc100d:mfc100d.dll
 0005:0000255c       __imp_?get_accHelpTopic@CWnd@@UAEJPAPA_WUtagVARIANT@@PAJ@Z 007b355c     mfc100d:mfc100d.dll
 0005:00002560       __imp_?get_accHelp@CWnd@@UAEJUtagVARIANT@@PAPA_W@Z 007b3560     mfc100d:mfc100d.dll
 0005:00002564       __imp_?get_accState@CWnd@@UAEJUtagVARIANT@@PAU2@@Z 007b3564     mfc100d:mfc100d.dll
 0005:00002568       __imp_?get_accRole@CWnd@@UAEJUtagVARIANT@@PAU2@@Z 007b3568     mfc100d:mfc100d.dll
 0005:0000256c       __imp_?get_accDescription@CWnd@@UAEJUtagVARIANT@@PAPA_W@Z 007b356c     mfc100d:mfc100d.dll
 0005:00002570       __imp_?get_accValue@CWnd@@UAEJUtagVARIANT@@PAPA_W@Z 007b3570     mfc100d:mfc100d.dll
 0005:00002574       __imp_?get_accName@CWnd@@UAEJUtagVARIANT@@PAPA_W@Z 007b3574     mfc100d:mfc100d.dll
 0005:00002578       __imp_?get_accChild@CWnd@@UAEJUtagVARIANT@@PAPAUIDispatch@@@Z 007b3578     mfc100d:mfc100d.dll
 0005:0000257c       __imp_?get_accChildCount@CWnd@@UAEJPAJ@Z 007b357c     mfc100d:mfc100d.dll
 0005:00002580       __imp_?get_accParent@CWnd@@UAEJPAPAUIDispatch@@@Z 007b3580     mfc100d:mfc100d.dll
 0005:00002584       __imp_?EnsureStdObj@CWnd@@UAEJXZ 007b3584     mfc100d:mfc100d.dll
 0005:00002588       __imp_?OnDrawIconicThumbnailOrLivePreview@CWnd@@UAEXAAVCDC@@VCRect@@VCSize@@HAAH@Z 007b3588     mfc100d:mfc100d.dll
 0005:0000258c       __imp_?EndModalLoop@CWnd@@UAEXH@Z 007b358c     mfc100d:mfc100d.dll
 0005:00002590       __imp_?ContinueModal@CWnd@@UAEHXZ 007b3590     mfc100d:mfc100d.dll
 0005:00002594       __imp_?WinHelpInternal@CWnd@@UAEXKI@Z 007b3594     mfc100d:mfc100d.dll
 0005:00002598       __imp_?HtmlHelpA@CWnd@@UAEXKI@Z 007b3598     mfc100d:mfc100d.dll
 0005:0000259c       __imp_?WinHelpA@CWnd@@UAEXKI@Z 007b359c     mfc100d:mfc100d.dll
 0005:000025a0       __imp_?GetScrollBarCtrl@CWnd@@UBEPAVCScrollBar@@H@Z 007b35a0     mfc100d:mfc100d.dll
 0005:000025a4       __imp_?OnToolHitTest@CWnd@@UBEHVCPoint@@PAUtagTOOLINFOA@@@Z 007b35a4     mfc100d:mfc100d.dll
 0005:000025a8       __imp_?SetMenu@CWnd@@UAEHPAVCMenu@@@Z 007b35a8     mfc100d:mfc100d.dll
 0005:000025ac       __imp_?GetMenu@CWnd@@UBEPAVCMenu@@XZ 007b35ac     mfc100d:mfc100d.dll
 0005:000025b0       __imp_?CalcWindowRect@CWnd@@UAEXPAUtagRECT@@I@Z 007b35b0     mfc100d:mfc100d.dll
 0005:000025b4       __imp_?PreCreateWindow@CWnd@@UAEHAAUtagCREATESTRUCTA@@@Z 007b35b4     mfc100d:mfc100d.dll
 0005:000025b8       __imp_?DestroyWindow@CWnd@@UAEHXZ 007b35b8     mfc100d:mfc100d.dll
 0005:000025bc       __imp_?CreateEx@CWnd@@UAEHKPBD0KHHHHPAUHWND__@@PAUHMENU__@@PAX@Z 007b35bc     mfc100d:mfc100d.dll
 0005:000025c0       __imp_?CreateEx@CWnd@@UAEHKPBD0KABUtagRECT@@PAV1@IPAX@Z 007b35c0     mfc100d:mfc100d.dll
 0005:000025c4       __imp_?Create@CWnd@@UAEHPBD0KABUtagRECT@@PAV1@IPAUCCreateContext@@@Z 007b35c4     mfc100d:mfc100d.dll
 0005:000025c8       __imp_?PreSubclassWindow@CWnd@@UAEXXZ 007b35c8     mfc100d:mfc100d.dll
 0005:000025cc       __imp_?GetConnectionHook@CCmdTarget@@MAEPAUIConnectionPoint@@ABU_GUID@@@Z 007b35cc     mfc100d:mfc100d.dll
 0005:000025d0       __imp_?GetExtraConnectionPoints@CCmdTarget@@MAEHPAVCPtrArray@@@Z 007b35d0     mfc100d:mfc100d.dll
 0005:000025d4       __imp_?GetInterfaceHook@CCmdTarget@@UAEPAUIUnknown@@PBX@Z 007b35d4     mfc100d:mfc100d.dll
 0005:000025d8       __imp_?OnCreateAggregates@CCmdTarget@@UAEHXZ 007b35d8     mfc100d:mfc100d.dll
 0005:000025dc       __imp_?GetEventSinkMap@CCmdTarget@@MBEPBUAFX_EVENTSINKMAP@@XZ 007b35dc     mfc100d:mfc100d.dll
 0005:000025e0       __imp_?GetInterfaceMap@CWnd@@MBEPBUAFX_INTERFACEMAP@@XZ 007b35e0     mfc100d:mfc100d.dll
 0005:000025e4       __imp_?GetConnectionMap@CCmdTarget@@MBEPBUAFX_CONNECTIONMAP@@XZ 007b35e4     mfc100d:mfc100d.dll
 0005:000025e8       __imp_?GetDispatchMap@CCmdTarget@@MBEPBUAFX_DISPMAP@@XZ 007b35e8     mfc100d:mfc100d.dll
 0005:000025ec       __imp_?GetCommandMap@CCmdTarget@@MBEPBUAFX_OLECMDMAP@@XZ 007b35ec     mfc100d:mfc100d.dll
 0005:000025f0       __imp_?GetTypeLib@CCmdTarget@@UAEJKPAPAUITypeLib@@@Z 007b35f0     mfc100d:mfc100d.dll
 0005:000025f4       __imp_?LoadMenuA@CMenu@@QAEHI@Z 007b35f4     mfc100d:mfc100d.dll
 0005:000025f8       __imp_?GetSubMenu@CMenu@@QBEPAV1@H@Z 007b35f8     mfc100d:mfc100d.dll
 0005:000025fc       __imp_?EnableMenuItem@CMenu@@QAEIII@Z 007b35fc     mfc100d:mfc100d.dll
 0005:00002600       __imp_?TrackPopupMenu@CMenu@@QAEHIHHPAVCWnd@@PBUtagRECT@@@Z 007b3600     mfc100d:mfc100d.dll
 0005:00002604       __imp_??1CMenu@@UAE@XZ     007b3604     mfc100d:mfc100d.dll
 0005:00002608       __imp_?SetItemText@CListCtrl@@QAEHHHPBD@Z 007b3608     mfc100d:mfc100d.dll
 0005:0000260c       __imp_?TrimRight@?$CStringT@DV?$StrTraitMFC_DLL@DV?$ChTraitsCRT@D@ATL@@@@@ATL@@QAEAAV12@XZ 007b360c     mfc100d:mfc100d.dll
 0005:00002610       __imp_?DDX_Text@@YGXPAVCDataExchange@@HAAH@Z 007b3610     mfc100d:mfc100d.dll
 0005:00002614       __imp_?DDV_MinMaxInt@@YGXPAVCDataExchange@@HHH@Z 007b3614     mfc100d:mfc100d.dll
 0005:00002618       __imp_?DDX_Text@@YGXPAVCDataExchange@@HAAN@Z 007b3618     mfc100d:mfc100d.dll
 0005:0000261c       __imp_?DDV_MinMaxDouble@@YGXPAVCDataExchange@@ABNNN@Z 007b361c     mfc100d:mfc100d.dll
 0005:00002620       __imp_?SelectString@CListBox@@QAEHHPBD@Z 007b3620     mfc100d:mfc100d.dll
 0005:00002624       __imp_??4?$CStringT@DV?$StrTraitMFC_DLL@DV?$ChTraitsCRT@D@ATL@@@@@ATL@@QAEAAV01@D@Z 007b3624     mfc100d:mfc100d.dll
 0005:00002628       __imp_?GetSelectedCount@CListCtrl@@QBEIXZ 007b3628     mfc100d:mfc100d.dll
 0005:0000262c       __imp_?GetItemText@CListCtrl@@QBE?AV?$CStringT@DV?$StrTraitMFC_DLL@DV?$ChTraitsCRT@D@ATL@@@@@ATL@@HH@Z 007b362c     mfc100d:mfc100d.dll
 0005:00002630       __imp_?GetColumnWidth@CListCtrl@@QBEHH@Z 007b3630     mfc100d:mfc100d.dll
 0005:00002634       __imp_?SetItemState@CListCtrl@@QAEHHII@Z 007b3634     mfc100d:mfc100d.dll
 0005:00002638       __imp_?GetItemCount@CListCtrl@@QBEHXZ 007b3638     mfc100d:mfc100d.dll
 0005:0000263c       __imp_?GetItemData@CListCtrl@@QBEKH@Z 007b363c     mfc100d:mfc100d.dll
 0005:00002640       __imp_?GetItemState@CListCtrl@@QBEIHI@Z 007b3640     mfc100d:mfc100d.dll
 0005:00002644       __imp_?GetExtendedStyle@CListCtrl@@QBEKXZ 007b3644     mfc100d:mfc100d.dll
 0005:00002648       __imp_?SetExtendedStyle@CListCtrl@@QAEKK@Z 007b3648     mfc100d:mfc100d.dll
 0005:0000264c       __imp_?DeleteAllItems@CListCtrl@@QAEHXZ 007b364c     mfc100d:mfc100d.dll
 0005:00002650       __imp_?InsertItem@CListCtrl@@QAEHHPBD@Z 007b3650     mfc100d:mfc100d.dll
 0005:00002654       __imp_?SetItemData@CListCtrl@@QAEHHK@Z 007b3654     mfc100d:mfc100d.dll
 0005:00002658       __imp_?SetItem@CListCtrl@@QAEHHHIPBDHIIJ@Z 007b3658     mfc100d:mfc100d.dll
 0005:0000265c       __imp_?SortItems@CListCtrl@@QAEHP6GHJJJ@ZK@Z 007b365c     mfc100d:mfc100d.dll
 0005:00002660       __imp_?InsertColumn@CListCtrl@@QAEHHPBDHHH@Z 007b3660     mfc100d:mfc100d.dll
 0005:00002664       __imp_?GetWindow@CWnd@@QBEPAV1@I@Z 007b3664     mfc100d:mfc100d.dll
 0005:00002668       __imp_??0CListCtrl@@QAE@XZ 007b3668     mfc100d:mfc100d.dll
 0005:0000266c       __imp_??1CListCtrl@@UAE@XZ 007b366c     mfc100d:mfc100d.dll
 0005:00002670       __imp_?MoveWindow@CWnd@@QAEXHHHHH@Z 007b3670     mfc100d:mfc100d.dll
 0005:00002674       __imp_?OnSetCursor@CWnd@@IAEHPAV1@II@Z 007b3674     mfc100d:mfc100d.dll
 0005:00002678       __imp_?GetWindowTextLengthA@CWnd@@QBEHXZ 007b3678     mfc100d:mfc100d.dll
 0005:0000267c       __imp_?SetSel@CEdit@@QAEXHHH@Z 007b367c     mfc100d:mfc100d.dll
 0005:00002680       __imp_?ReplaceSel@CEdit@@QAEXPBDH@Z 007b3680     mfc100d:mfc100d.dll
 0005:00002684       __imp_?MoveWindow@CWnd@@QAEXPBUtagRECT@@H@Z 007b3684     mfc100d:mfc100d.dll
 0005:00002688       __imp_?LimitText@CEdit@@QAEXH@Z 007b3688     mfc100d:mfc100d.dll
 0005:0000268c       __imp_?OnCancel@CCommonDialog@@MAEXXZ 007b368c     mfc100d:mfc100d.dll
 0005:00002690       __imp_?GetTypeLibCache@CCmdTarget@@UAEPAVCTypeLibCache@@XZ 007b3690     mfc100d:mfc100d.dll
 0005:00002694       __imp_?GetTypeInfoCount@CCmdTarget@@UAEIXZ 007b3694     mfc100d:mfc100d.dll
 0005:00002698       __imp_?GetDispatchIID@CCmdTarget@@UAEHPAU_GUID@@@Z 007b3698     mfc100d:mfc100d.dll
 0005:0000269c       __imp_?OnOK@CCommonDialog@@MAEXXZ 007b369c     mfc100d:mfc100d.dll
 0005:000026a0       __imp_?GetMessageMap@CCommonDialog@@MBEPBUAFX_MSGMAP@@XZ 007b36a0     mfc100d:mfc100d.dll
 0005:000026a4       __imp_?GetRuntimeClass@CCommonDialog@@UBEPAUCRuntimeClass@@XZ 007b36a4     mfc100d:mfc100d.dll
 0005:000026a8       __imp_??0CColorDialog@@QAE@KKPAVCWnd@@@Z 007b36a8     mfc100d:mfc100d.dll
 0005:000026ac       __imp_?DoModal@CColorDialog@@UAEHXZ 007b36ac     mfc100d:mfc100d.dll
 0005:000026b0       __imp_?GetColor@CColorDialog@@QBEKXZ 007b36b0     mfc100d:mfc100d.dll
 0005:000026b4       __imp_?OnCtlColor@CWnd@@IAEPAUHBRUSH__@@PAVCDC@@PAV1@I@Z 007b36b4     mfc100d:mfc100d.dll
 0005:000026b8       __imp_?GetDlgCtrlID@CWnd@@QBEHXZ 007b36b8     mfc100d:mfc100d.dll
 0005:000026bc       __imp_?SetBkMode@CDC@@QAEHH@Z 007b36bc     mfc100d:mfc100d.dll
 0005:000026c0       __imp_??BCBrush@@QBEPAUHBRUSH__@@XZ 007b36c0     mfc100d:mfc100d.dll
 0005:000026c4       __imp_?DDX_Check@@YGXPAVCDataExchange@@HAAH@Z 007b36c4     mfc100d:mfc100d.dll
 0005:000026c8       __imp_??0CBrush@@QAE@XZ    007b36c8     mfc100d:mfc100d.dll
 0005:000026cc       __imp_?IsInvokeAllowed@CCmdTarget@@UAEHJ@Z 007b36cc     mfc100d:mfc100d.dll
 0005:000026d0       __imp_?OnFinalRelease@CWnd@@UAEXXZ 007b36d0     mfc100d:mfc100d.dll
 0005:000026d4       __imp_?OnCmdMsg@CDialog@@UAEHIHPAXPAUAFX_CMDHANDLERINFO@@@Z 007b36d4     mfc100d:mfc100d.dll
 0005:000026d8       __imp_?Dump@CDialog@@UBEXAAVCDumpContext@@@Z 007b36d8     mfc100d:mfc100d.dll
 0005:000026dc       __imp_?AssertValid@CDialog@@UBEXXZ 007b36dc     mfc100d:mfc100d.dll
 0005:000026e0       __imp_??0CDialog@@QAE@IPAVCWnd@@@Z 007b36e0     mfc100d:mfc100d.dll
 0005:000026e4       __imp_??0CStatic@@QAE@XZ   007b36e4     mfc100d:mfc100d.dll
 0005:000026e8       __imp_??0CButton@@QAE@XZ   007b36e8     mfc100d:mfc100d.dll
 0005:000026ec       __imp_??0CComboBox@@QAE@XZ 007b36ec     mfc100d:mfc100d.dll
 0005:000026f0       __imp_??0CListBox@@QAE@XZ  007b36f0     mfc100d:mfc100d.dll
 0005:000026f4       __imp_??1CDialog@@UAE@XZ   007b36f4     mfc100d:mfc100d.dll
 0005:000026f8       __imp_??1CStatic@@UAE@XZ   007b36f8     mfc100d:mfc100d.dll
 0005:000026fc       __imp_??1CButton@@UAE@XZ   007b36fc     mfc100d:mfc100d.dll
 0005:00002700       __imp_??1CComboBox@@UAE@XZ 007b3700     mfc100d:mfc100d.dll
 0005:00002704       __imp_??1CListBox@@UAE@XZ  007b3704     mfc100d:mfc100d.dll
 0005:00002708       __imp_?GetThisClass@CDialog@@SGPAUCRuntimeClass@@XZ 007b3708     mfc100d:mfc100d.dll
 0005:0000270c       __imp_?ReverseFind@?$CStringT@DV?$StrTraitMFC_DLL@DV?$ChTraitsCRT@D@ATL@@@@@ATL@@QBEHD@Z 007b370c     mfc100d:mfc100d.dll
 0005:00002710       __imp_?AfxGetMainWnd@@YGPAVCWnd@@XZ 007b3710     mfc100d:mfc100d.dll
 0005:00002714       __imp_?FindOneOf@?$CStringT@DV?$StrTraitMFC_DLL@DV?$ChTraitsCRT@D@ATL@@@@@ATL@@QBEHPBD@Z 007b3714     mfc100d:mfc100d.dll
 0005:00002718       __imp_?FindStringExact@CListBox@@QBEHHPBD@Z 007b3718     mfc100d:mfc100d.dll
 0005:0000271c       __imp_?FindString@CListBox@@QBEHHPBD@Z 007b371c     mfc100d:mfc100d.dll
 0005:00002720       __imp_?GetCount@CListBox@@QBEHXZ 007b3720     mfc100d:mfc100d.dll
 0005:00002724       __imp_?DeleteString@CListBox@@QAEHI@Z 007b3724     mfc100d:mfc100d.dll
 0005:00002728       __imp_?AddString@CListBox@@QAEHPBD@Z 007b3728     mfc100d:mfc100d.dll
 0005:0000272c       __imp_??2CObject@@SGPAXIPBDH@Z 007b372c     mfc100d:mfc100d.dll
 0005:00002730       __imp_?ShowWindow@CWnd@@QAEHH@Z 007b3730     mfc100d:mfc100d.dll
 0005:00002734       __imp_?BringWindowToTop@CWnd@@QAEXXZ 007b3734     mfc100d:mfc100d.dll
 0005:00002738       __imp_??3CObject@@SGXPAXPBDH@Z 007b3738     mfc100d:mfc100d.dll
 0005:0000273c       __imp_?GetThisMessageMap@CDialog@@KGPBUAFX_MSGMAP@@XZ 007b373c     mfc100d:mfc100d.dll
 0005:00002740       __imp_?Write@CArchive@@QAEXPBXI@Z 007b3740     mfc100d:mfc100d.dll
 0005:00002744       __imp_?EnsureRead@CArchive@@QAEXPAXI@Z 007b3744     mfc100d:mfc100d.dll
 0005:00002748       __imp_??3CObject@@SGXPAX@Z 007b3748     mfc100d:mfc100d.dll
 0005:0000274c       __imp_?AssertValid@CObject@@UBEXXZ 007b374c     mfc100d:mfc100d.dll
 0005:00002750       __imp_?AfxIsValidAddress@@YGHPBXIH@Z 007b3750     mfc100d:mfc100d.dll
 0005:00002754       __imp_?Dump@CObject@@UBEXAAVCDumpContext@@@Z 007b3754     mfc100d:mfc100d.dll
 0005:00002758       __imp_??6CDumpContext@@QAEAAV0@PBD@Z 007b3758     mfc100d:mfc100d.dll
 0005:0000275c       __imp_??6CDumpContext@@QAEAAV0@H@Z 007b375c     mfc100d:mfc100d.dll
 0005:00002760       __imp_?GetDepth@CDumpContext@@QBEHXZ 007b3760     mfc100d:mfc100d.dll
 0005:00002764       __imp_?Serialize@CObject@@UAEXAAVCArchive@@@Z 007b3764     mfc100d:mfc100d.dll
 0005:00002768       __imp_?IsStoring@CArchive@@QBEHXZ 007b3768     mfc100d:mfc100d.dll
 0005:0000276c       __imp_?WriteCount@CArchive@@QAEXK@Z 007b376c     mfc100d:mfc100d.dll
 0005:00002770       __imp_?ReadCount@CArchive@@QAEKXZ 007b3770     mfc100d:mfc100d.dll
 0005:00002774       __imp_??$SerializeElements@V?$CStringT@DV?$StrTraitMFC_DLL@DV?$ChTraitsCRT@D@ATL@@@@@ATL@@@@YGXAAVCArchive@@PAV?$CStringT@DV?$StrTraitMFC_DLL@DV?$ChTraitsCRT@D@ATL@@@@@ATL@@H@Z 007b3774     mfc100d:mfc100d.dll
 0005:00002778       __imp_??1CObject@@UAE@XZ   007b3778     mfc100d:mfc100d.dll
 0005:0000277c       __imp_??_V@YAXPAX@Z        007b377c     mfc100d:mfc100d.dll
 0005:00002780       __imp_??_U@YAPAXIPBDH@Z    007b3780     mfc100d:mfc100d.dll
 0005:00002784       __imp_??_U@YAPAXI@Z        007b3784     mfc100d:mfc100d.dll
 0005:00002788       __imp_?AfxThrowMemoryException@@YGXXZ 007b3788     mfc100d:mfc100d.dll
 0005:0000278c       __imp_?AfxAssertValidObject@@YGXPBVCObject@@PBDH@Z 007b378c     mfc100d:mfc100d.dll
 0005:00002790       __imp_?GetRuntimeClass@CObject@@UBEPAUCRuntimeClass@@XZ 007b3790     mfc100d:mfc100d.dll
 0005:00002794       __imp_??0CObject@@IAE@XZ   007b3794     mfc100d:mfc100d.dll
 0005:00002798       __imp_?AfxThrowInvalidArgException@@YGXXZ 007b3798     mfc100d:mfc100d.dll
 0005:0000279c       __imp_?StringLength@?$CSimpleStringT@D$00@ATL@@SAHPBD@Z 007b379c     mfc100d:mfc100d.dll
 0005:000027a0       __imp_?GetManager@?$CStringT@DV?$StrTraitMFC_DLL@DV?$ChTraitsCRT@D@ATL@@@@@ATL@@QBEPAUIAtlStringMgr@2@XZ 007b37a0     mfc100d:mfc100d.dll
 0005:000027a4       __imp_??0?$CStringT@DV?$StrTraitMFC_DLL@DV?$ChTraitsCRT@D@ATL@@@@@ATL@@QAE@PAUIAtlStringMgr@1@@Z 007b37a4     mfc100d:mfc100d.dll
 0005:000027a8       __imp_?Concatenate@?$CSimpleStringT@D$00@ATL@@KAXAAV12@PBDH1H@Z 007b37a8     mfc100d:mfc100d.dll
 0005:000027ac       __imp_?Mid@?$CStringT@DV?$StrTraitMFC_DLL@DV?$ChTraitsCRT@D@ATL@@@@@ATL@@QBE?AV12@HH@Z 007b37ac     mfc100d:mfc100d.dll
 0005:000027b0       __imp_??0?$CStringT@DV?$StrTraitMFC_DLL@DV?$ChTraitsCRT@D@ATL@@@@@ATL@@QAE@PBD@Z 007b37b0     mfc100d:mfc100d.dll
 0005:000027b4       __imp_??Y?$CStringT@DV?$StrTraitMFC_DLL@DV?$ChTraitsCRT@D@ATL@@@@@ATL@@QAEAAV01@ABV?$CSimpleStringT@D$00@1@@Z 007b37b4     mfc100d:mfc100d.dll
 0005:000027b8       __imp_?Compare@?$CStringT@DV?$StrTraitMFC_DLL@DV?$ChTraitsCRT@D@ATL@@@@@ATL@@QBEHPBD@Z 007b37b8     mfc100d:mfc100d.dll
 0005:000027bc       __imp_??4?$CStringT@DV?$StrTraitMFC_DLL@DV?$ChTraitsCRT@D@ATL@@@@@ATL@@QAEAAV01@PBD@Z 007b37bc     mfc100d:mfc100d.dll
 0005:000027c0       __imp_?Right@?$CStringT@DV?$StrTraitMFC_DLL@DV?$ChTraitsCRT@D@ATL@@@@@ATL@@QBE?AV12@H@Z 007b37c0     mfc100d:mfc100d.dll
 0005:000027c4       __imp_?GetLength@?$CSimpleStringT@D$00@ATL@@QBEHXZ 007b37c4     mfc100d:mfc100d.dll
 0005:000027c8       __imp_?Truncate@?$CSimpleStringT@D$00@ATL@@QAEXH@Z 007b37c8     mfc100d:mfc100d.dll
 0005:000027cc       __imp_??0?$CStringT@DV?$StrTraitMFC_DLL@DV?$ChTraitsCRT@D@ATL@@@@@ATL@@QAE@ABV01@@Z 007b37cc     mfc100d:mfc100d.dll
 0005:000027d0       __imp_?Find@?$CStringT@DV?$StrTraitMFC_DLL@DV?$ChTraitsCRT@D@ATL@@@@@ATL@@QBEHPBDH@Z 007b37d0     mfc100d:mfc100d.dll
 0005:000027d4       __imp_?Left@?$CStringT@DV?$StrTraitMFC_DLL@DV?$ChTraitsCRT@D@ATL@@@@@ATL@@QBE?AV12@H@Z 007b37d4     mfc100d:mfc100d.dll
 0005:000027d8       __imp_??4?$CStringT@DV?$StrTraitMFC_DLL@DV?$ChTraitsCRT@D@ATL@@@@@ATL@@QAEAAV01@ABV01@@Z 007b37d8     mfc100d:mfc100d.dll
 0005:000027dc       __imp_?Delete@?$CStringT@DV?$StrTraitMFC_DLL@DV?$ChTraitsCRT@D@ATL@@@@@ATL@@QAEHHH@Z 007b37dc     mfc100d:mfc100d.dll
 0005:000027e0       __imp_?Format@?$CStringT@DV?$StrTraitMFC_DLL@DV?$ChTraitsCRT@D@ATL@@@@@ATL@@QAAXPBDZZ 007b37e0     mfc100d:mfc100d.dll
 0005:000027e4       __imp_??B?$CSimpleStringT@D$00@ATL@@QBEPBDXZ 007b37e4     mfc100d:mfc100d.dll
 0005:000027e8       __imp_??0CStdioFile@@QAE@XZ 007b37e8     mfc100d:mfc100d.dll
 0005:000027ec       __imp_?Open@CStdioFile@@UAEHPBDIPAVCFileException@@@Z 007b37ec     mfc100d:mfc100d.dll
 0005:000027f0       __imp_?ReadString@CStdioFile@@UAEHAAV?$CStringT@DV?$StrTraitMFC_DLL@DV?$ChTraitsCRT@D@ATL@@@@@ATL@@@Z 007b37f0     mfc100d:mfc100d.dll
 0005:000027f4       __imp_?Trim@?$CStringT@DV?$StrTraitMFC_DLL@DV?$ChTraitsCRT@D@ATL@@@@@ATL@@QAEAAV12@XZ 007b37f4     mfc100d:mfc100d.dll
 0005:000027f8       __imp_?Replace@?$CStringT@DV?$StrTraitMFC_DLL@DV?$ChTraitsCRT@D@ATL@@@@@ATL@@QAEHPBD0@Z 007b37f8     mfc100d:mfc100d.dll
 0005:000027fc       __imp_?WriteString@CStdioFile@@UAEXPBD@Z 007b37fc     mfc100d:mfc100d.dll
 0005:00002800       __imp_?Close@CStdioFile@@UAEXXZ 007b3800     mfc100d:mfc100d.dll
 0005:00002804       __imp_?AfxMessageBox@@YGHPBDII@Z 007b3804     mfc100d:mfc100d.dll
 0005:00002808       __imp_??1CStdioFile@@UAE@XZ 007b3808     mfc100d:mfc100d.dll
 0005:0000280c       __imp_?GetEditSel@CComboBox@@QBEKXZ 007b380c     mfc100d:mfc100d.dll
 0005:00002810       __imp_?SetIcon@CButton@@QAEPAUHICON__@@PAU2@@Z 007b3810     mfc100d:mfc100d.dll
 0005:00002814       __imp_?OpenClipboard@CWnd@@QAEHXZ 007b3814     mfc100d:mfc100d.dll
 0005:00002818       __imp_?OnTimer@CWnd@@IAEXI@Z 007b3818     mfc100d:mfc100d.dll
 0005:0000281c       __imp_?FindString@CComboBox@@QBEHHPBD@Z 007b381c     mfc100d:mfc100d.dll
 0005:00002820       __imp_?SeekToEnd@CFile@@QAE_KXZ 007b3820     mfc100d:mfc100d.dll
 0005:00002824       __imp_?Invalidate@CWnd@@QAEXH@Z 007b3824     mfc100d:mfc100d.dll
 0005:00002828       __imp_?UpdateWindow@CWnd@@QAEXXZ 007b3828     mfc100d:mfc100d.dll
 0005:0000282c       __imp_?TrimLeft@?$CStringT@DV?$StrTraitMFC_DLL@DV?$ChTraitsCRT@D@ATL@@@@@ATL@@QAEAAV12@XZ 007b382c     mfc100d:mfc100d.dll
 0005:00002830       __imp_??1CFileDialog@@UAE@XZ 007b3830     mfc100d:mfc100d.dll
 0005:00002834       __imp_?SetForegroundWindow@CWnd@@QAEHXZ 007b3834     mfc100d:mfc100d.dll
 0005:00002838       __imp_??0?$CStringT@DV?$StrTraitMFC_DLL@DV?$ChTraitsCRT@D@ATL@@@@@ATL@@QAE@XZ 007b3838     mfc100d:mfc100d.dll
 0005:0000283c       __imp_??1?$CStringT@DV?$StrTraitMFC_DLL@DV?$ChTraitsCRT@D@ATL@@@@@ATL@@QAE@XZ 007b383c     mfc100d:mfc100d.dll
 0005:00002840       __imp_??3@YAXPAX@Z         007b3840     mfc100d:mfc100d.dll
 0005:00002844       __imp_?WriteProfileBinary@CWinApp@@UAEHPBD0PAEI@Z 007b3844     mfc100d:mfc100d.dll
 0005:00002848       __imp_?AfxWinMain@@YGHPAUHINSTANCE__@@0PADH@Z 007b3848     mfc100d:mfc100d.dll
 0005:0000284c       __imp_?AfxGetModuleState@@YGPAVAFX_MODULE_STATE@@XZ 007b384c     mfc100d:mfc100d.dll
 0005:00002850       \177mfc100d_NULL_THUNK_DATA 007b3850     mfc100d:mfc100d.dll

 entry point at        0002:00004c63

