 FreeCds

 Timestamp is 69e11fb0 (Thu Apr 16 22:43:12 2026)

 Preferred load address is 00400000

 Start         Length     Name                   Class
 0001:00000000 0011d12aH .textbss                DATA
 0002:00000000 00221f46H .text                   CODE
 0002:00221f50 00021f6aH .text$x                 CODE
 0002:00243ec0 00001c41H .text$yc                CODE
 0002:00245b10 00001c9bH .text$yd                CODE
 0003:00000000 00000104H .CRT$XCA                DATA
 0003:00000104 00000104H .CRT$XCAA               DATA
 0003:00000208 0000010eH .CRT$XCC                DATA
 0003:00000318 0000018eH .CRT$XCL                DATA
 0003:000004a8 00000168H .CRT$XCU                DATA
 0003:00000610 00000104H .CRT$XCZ                DATA
 0003:00000714 00000104H .CRT$XIA                DATA
 0003:00000818 00000104H .CRT$XIAA               DATA
 0003:0000091c 00000104H .CRT$XIC                DATA
 0003:00000a20 00000104H .CRT$XIY                DATA
 0003:00000b24 00000104H .CRT$XIZ                DATA
 0003:00000c30 0002ff90H .rdata                  DATA
 0003:00030bc0 0000015dH .rdata$debug            DATA
 0003:00030d20 00002426H .rdata$r                DATA
 0003:00033148 00000104H .rtc$IAA                DATA
 0003:0003324c 000002beH .rtc$IMZ                DATA
 0003:0003350c 00000104H .rtc$IZZ                DATA
 0003:00033610 00000104H .rtc$TAA                DATA
 0003:00033714 000002beH .rtc$TMZ                DATA
 0003:000339d4 00000104H .rtc$TZZ                DATA
 0003:00033ad8 00011687H .xdata$x                DATA
 0003:00045160 00000104H ATL$__a                 DATA
 0003:00045264 00000104H ATL$__z                 DATA
 0003:00045368 00000000H .edata                  DATA
 0004:00000000 0000d9dfH .data                   DATA
 0004:0000d9e0 00000e74H .bss                    DATA
 0005:00000000 000000dcH .idata$2                DATA
 0005:000000dc 00000014H .idata$3                DATA
 0005:000000f0 000014d0H .idata$4                DATA
 0005:000015c0 000014d0H .idata$5                DATA
 0005:00002a90 00002022H .idata$6                DATA
 0006:00000000 0000253eH .rsrc$01                DATA
 0006:00002540 00147e03H .rsrc$02                DATA

  Address         Publics by Value              Rva+Base       Lib:Object

 0000:00000000       __except_list              00000000     <absolute>
 0000:00000000       ___safe_se_handler_table   00000000     <absolute>
 0000:00000000       ___safe_se_handler_count   00000000     <absolute>
 0000:00009876       __fltused                  00009876     <absolute>
 0000:00009876       __ldused                   00009876     <absolute>
 0000:00000000       ___ImageBase               00400000     <linker-defined>
 0001:00000000       __enc$textbss$begin        00401000     <linker-defined>
 0001:0011d12a       __enc$textbss$end          0051e12a     <linker-defined>
 0002:00009fe0       ?AfxAssertFailedLine@@YGHPBDH@Z 00528fe0 f   afxasert.obj
 0002:0000a0d0       ??0BomInTable@@QAE@PAVCFreePcbDoc@@@Z 005290d0 f   BomInTable.obj
 0002:0000a240       ??A?$CArray@VCPoint@@ABV1@@@QAEAAVCPoint@@H@Z 00529240 f i DisplayList.obj
 0002:0000a2a0       ?MakeReport@BomInTable@@QAEXXZ 005292a0 f   BomInTable.obj
 0002:0000cae0       ?MakeFirst@CPolyLine@@QAEXH@Z 0052bae0 f   PolyLine.obj
 0002:0000cd60       ?SetMainMenu@CFreePcbView@@QAEXH@Z 0052bd60 f   FreePcbView.obj
 0002:0000ce00       ?SetSize@?$CArray@Vid@@ABV1@@@QAEXHH@Z 0052be00 f i FreePcbView.obj
 0002:0000d390       ?GetMapping@CDisplayList@@QAEHPAVCRect@@PAH1PAN22@Z 0052c390 f   DisplayList.obj
 0002:0000d4e0       ?GetURL@BomInTable@@QAE?AV?$CStringT@DV?$StrTraitMFC_DLL@DV?$ChTraitsCRT@D@ATL@@@@@ATL@@PAV23@0PAH1@Z 0052c4e0 f   BomInTable.obj
 0002:0000e070       ?RemoveAll@CDisplayList@@QAEXXZ 0052d070 f   DisplayList.obj
 0002:0000e2a0       ?HighlightAll@CDisplayList@@QAEHXZ 0052d2a0 f   DisplayList.obj
 0002:0000e360       ?PushRows@BomInTable@@AAEHHH@Z 0052d360 f   BomInTable.obj
 0002:0000e650       ?CancelHighLight@CDisplayList@@QAEHH@Z 0052d650 f   DisplayList.obj
 0002:0000e710       ?ReadParamsFromTagFile@BomInTable@@AAEHXZ 0052d710 f   BomInTable.obj
 0002:0000f950       ?SetMapping@CDisplayList@@QAEXPAVCRect@@0HHNHH@Z 0052e950 f   DisplayList.obj
 0002:0000fc20       ?CopyToLayer@CDisplayList@@QAEPAVdl_element@@PAV2@H@Z 0052ec20 f   DisplayList.obj
 0002:0000fde0       ?GetCName@BomInTable@@QAE?AV?$CStringT@DV?$StrTraitMFC_DLL@DV?$ChTraitsCRT@D@ATL@@@@@ATL@@PAV23@0@Z 0052ede0 f   BomInTable.obj
 0002:00010250       ?Move@CDisplayList@@QAEXPAVdl_element@@HH@Z 0052f250 f   DisplayList.obj
 0002:00010360       ?AddObject@BomInTable@@AAEXHPAV?$CStringT@DV?$StrTraitMFC_DLL@DV?$ChTraitsCRT@D@ATL@@@@@ATL@@000@Z 0052f360 f   BomInTable.obj
 0002:00010c50       ?Get_Points@CDisplayList@@QAEPAV?$CArray@VCPoint@@ABV1@@@PAVdl_element@@PAVCPoint@@PAHHH@Z 0052fc50 f   DisplayList.obj
 0002:00010d60       ?PCBToScreen@CDisplayList@@QAE?AVCPoint@@V2@@Z 0052fd60 f   DisplayList.obj
 0002:00010e80       ?RemoveEmptyRows@BomInTable@@AAEXXZ 0052fe80 f   BomInTable.obj
 0002:00011240       ?GetClientRect@CDisplayList@@QAE?AUtagRECT@@H@Z 00530240 f   DisplayList.obj
 0002:00011330       ?PushBack@BomInTable@@AAEHHH@Z 00530330 f   BomInTable.obj
 0002:000113e0       ?RedrawNumbers@BomInTable@@AAEHXZ 005303e0 f   BomInTable.obj
 0002:000115d0       ??0?$CArray@VCPoint@@ABV1@@@QAE@XZ 005305d0 f i DisplayList.obj
 0002:00011650       ?FindNextRow@BomInTable@@AAEHPAV?$CStringT@DV?$StrTraitMFC_DLL@DV?$ChTraitsCRT@D@ATL@@@@@ATL@@@Z 00530650 f   BomInTable.obj
 0002:000121a0       ?Remove@CDisplayList@@QAE?AVid@@PAVdl_element@@@Z 005311a0 f   DisplayList.obj
 0002:00012330       ?MoveTemplate@CDisplayList@@QAEXPAUtagRECT@@HH@Z 00531330 f   DisplayList.obj
 0002:00012470       ?ParseString@BomInTable@@AAEPAVCText@@PAV2@H@Z 00531470 f   BomInTable.obj
 0002:00012880       ??0?$CArray@PAUCTemplate@@ABQAU1@@@QAE@XZ 00531880 f i DisplayList.obj
 0002:00012980       ?AddPString@BomInTable@@AAEHPAVCText@@HHH@Z 00531980 f   BomInTable.obj
 0002:00012bc0       ??HATL@@YA?AV?$CStringT@DV?$StrTraitMFC_DLL@DV?$ChTraitsCRT@D@ATL@@@@@0@ABV10@0@Z 00531bc0 f i BomInTable.obj
 0002:00012d80       ??HATL@@YA?AV?$CStringT@DV?$StrTraitMFC_DLL@DV?$ChTraitsCRT@D@ATL@@@@@0@ABV10@PBD@Z 00531d80 f i BomInTable.obj
 0002:00012f30       ??HATL@@YA?AV?$CStringT@DV?$StrTraitMFC_DLL@DV?$ChTraitsCRT@D@ATL@@@@@0@PBDABV10@@Z 00531f30 f i BomInTable.obj
 0002:000130e0       ??8ATL@@YA_NABV?$CStringT@DV?$StrTraitMFC_DLL@DV?$ChTraitsCRT@D@ATL@@@@@0@PBD@Z 005320e0 f i BomInTable.obj
 0002:00013150       ??9ATL@@YA_NABV?$CStringT@DV?$StrTraitMFC_DLL@DV?$ChTraitsCRT@D@ATL@@@@@0@PBD@Z 00532150 f i BomInTable.obj
 0002:000131c0       ?GetAt@?$CArray@V?$CStringT@DV?$StrTraitMFC_DLL@DV?$ChTraitsCRT@D@ATL@@@@@ATL@@ABV12@@@QAEAAV?$CStringT@DV?$StrTraitMFC_DLL@DV?$ChTraitsCRT@D@ATL@@@@@ATL@@H@Z 005321c0 f i BomInTable.obj
 0002:00013270       ?GetSize@?$CArray@VCPolyLine@@ABV1@@@QBEHXZ 00532270 f i BomInTable.obj
 0002:000132b0       ?GetAt@?$CArray@VCPolyLine@@ABV1@@@QAEAAVCPolyLine@@H@Z 005322b0 f i BomInTable.obj
 0002:00013360       ??0?$CArray@PAVCText@@ABQAV1@@@QAE@XZ 00532360 f i BomInTable.obj
 0002:000133f0       ?RemoveAll@?$CArray@PAVCText@@ABQAV1@@@QAEXXZ 005323f0 f i BomInTable.obj
 0002:00013450       ?GetAt@?$CArray@PAVCText@@ABQAV1@@@QAEAAPAVCText@@H@Z 00532450 f i BomInTable.obj
 0002:00013500       ?Add@?$CArray@PAVCText@@ABQAV1@@@QAEHABQAVCText@@@Z 00532500 f i BomInTable.obj
 0002:00013570       ?RemoveAt@?$CArray@PAVCText@@ABQAV1@@@QAEXHH@Z 00532570 f i BomInTable.obj
 0002:00013720       ?SetAtGrow@?$CArray@PAVCText@@ABQAV1@@@QAEXHABQAVCText@@@Z 00532720 f i BomInTable.obj
 0002:000137f0       ?memmove_s@Checked@ATL@@YAXPAXIPBXI@Z 005327f0 f i BomInTable.obj
 0002:00013870       ?AfxCrtErrorCheck@@YAHH@Z  00532870 f i BomInTable.obj
 0002:00013980       ?GetIndex@StrList@@QAEHV?$CStringT@DV?$StrTraitMFC_DLL@DV?$ChTraitsCRT@D@ATL@@@@@ATL@@@Z 00532980 f i BomInTable.obj
 0002:00013ae0       ??0?$CArray@V?$CStringT@DV?$StrTraitMFC_DLL@DV?$ChTraitsCRT@D@ATL@@@@@ATL@@ABV12@@@QAE@XZ 00532ae0 f i BomInTable.obj
 0002:00013b70       ?GetSize@?$CArray@V?$CStringT@DV?$StrTraitMFC_DLL@DV?$ChTraitsCRT@D@ATL@@@@@ATL@@ABV12@@@QBEHXZ 00532b70 f i BomInTable.obj
 0002:00013bb0       ?SetSize@?$CArray@V?$CStringT@DV?$StrTraitMFC_DLL@DV?$ChTraitsCRT@D@ATL@@@@@ATL@@ABV12@@@QAEXHH@Z 00532bb0 f i BomInTable.obj
 0002:000140e0       ?AssertValid@?$CArray@VCPoint@@ABV1@@@UBEXXZ 005330e0 f i DisplayList.obj
 0002:00014230       ??2@YAPAXIPAX@Z            00533230 f i BomInTable.obj
 0002:00014270       ?memcpy_s@Checked@ATL@@YAXPAXIPBXI@Z 00533270 f i BomInTable.obj
 0002:000142f0       ?Add@?$CArray@V?$CStringT@DV?$StrTraitMFC_DLL@DV?$ChTraitsCRT@D@ATL@@@@@ATL@@ABV12@@@QAEHABV?$CStringT@DV?$StrTraitMFC_DLL@DV?$ChTraitsCRT@D@ATL@@@@@ATL@@@Z 005332f0 f i BomInTable.obj
 0002:00014360       ??A?$CArray@V?$CStringT@DV?$StrTraitMFC_DLL@DV?$ChTraitsCRT@D@ATL@@@@@ATL@@ABV12@@@QAEAAV?$CStringT@DV?$StrTraitMFC_DLL@DV?$ChTraitsCRT@D@ATL@@@@@ATL@@H@Z 00533360 f i BomInTable.obj
 0002:000143c0       ?RemoveAt@?$CArray@V?$CStringT@DV?$StrTraitMFC_DLL@DV?$ChTraitsCRT@D@ATL@@@@@ATL@@ABV12@@@QAEXHH@Z 005333c0 f i BomInTable.obj
 0002:00014590       ??1?$CArray@V?$CStringT@DV?$StrTraitMFC_DLL@DV?$ChTraitsCRT@D@ATL@@@@@ATL@@ABV12@@@UAE@XZ 00533590 f i BomInTable.obj
 0002:000146c0       ?Serialize@?$CArray@V?$CStringT@DV?$StrTraitMFC_DLL@DV?$ChTraitsCRT@D@ATL@@@@@ATL@@ABV12@@@UAEXAAVCArchive@@@Z 005336c0 f i BomInTable.obj
 0002:00014790       ?Dump@?$CArray@V?$CStringT@DV?$StrTraitMFC_DLL@DV?$ChTraitsCRT@D@ATL@@@@@ATL@@ABV12@@@UBEXAAVCDumpContext@@@Z 00533790 f i BomInTable.obj
 0002:00014870       ?AssertValid@?$CArray@V?$CStringT@DV?$StrTraitMFC_DLL@DV?$ChTraitsCRT@D@ATL@@@@@ATL@@ABV12@@@UBEXXZ 00533870 f i BomInTable.obj
 0002:000149d0       ?GetSize@?$CArray@PAVCText@@ABQAV1@@@QBEHXZ 005339d0 f i BomInTable.obj
 0002:00014a10       ??1?$CArray@PAVCText@@ABQAV1@@@UAE@XZ 00533a10 f i BomInTable.obj
 0002:00014b20       ?Serialize@?$CArray@PAVCText@@ABQAV1@@@UAEXAAVCArchive@@@Z 00533b20 f i BomInTable.obj
 0002:00014bf0       ?Dump@?$CArray@PAVCText@@ABQAV1@@@UBEXAAVCDumpContext@@@Z 00533bf0 f i BomInTable.obj
 0002:00014cd0       ?AssertValid@?$CArray@PAVCText@@ABQAV1@@@UBEXXZ 00533cd0 f i BomInTable.obj
 0002:00014e30       ??_E?$CArray@V?$CStringT@DV?$StrTraitMFC_DLL@DV?$ChTraitsCRT@D@ATL@@@@@ATL@@ABV12@@@UAEPAXI@Z 00533e30 f i BomInTable.obj
 0002:00014e30       ??_G?$CArray@V?$CStringT@DV?$StrTraitMFC_DLL@DV?$ChTraitsCRT@D@ATL@@@@@ATL@@ABV12@@@UAEPAXI@Z 00533e30 f i BomInTable.obj
 0002:00014ea0       ??_G?$CStringT@DV?$StrTraitMFC_DLL@DV?$ChTraitsCRT@D@ATL@@@@@ATL@@QAEPAXI@Z 00533ea0 f i BomInTable.obj
 0002:00014f20       ??_G?$CArray@PAVCText@@ABQAV1@@@UAEPAXI@Z 00533f20 f i BomInTable.obj
 0002:00014f20       ??_E?$CArray@PAVCText@@ABQAV1@@@UAEPAXI@Z 00533f20 f i BomInTable.obj
 0002:00014f90       ?ElementAt@?$CArray@V?$CStringT@DV?$StrTraitMFC_DLL@DV?$ChTraitsCRT@D@ATL@@@@@ATL@@ABV12@@@QAEAAV?$CStringT@DV?$StrTraitMFC_DLL@DV?$ChTraitsCRT@D@ATL@@@@@ATL@@H@Z 00533f90 f i BomInTable.obj
 0002:00015040       ?SetAtGrow@?$CArray@V?$CStringT@DV?$StrTraitMFC_DLL@DV?$ChTraitsCRT@D@ATL@@@@@ATL@@ABV12@@@QAEXHABV?$CStringT@DV?$StrTraitMFC_DLL@DV?$ChTraitsCRT@D@ATL@@@@@ATL@@@Z 00534040 f i BomInTable.obj
 0002:00015120       ??$DumpElements@V?$CStringT@DV?$StrTraitMFC_DLL@DV?$ChTraitsCRT@D@ATL@@@@@ATL@@@@YGXAAVCDumpContext@@PBV?$CStringT@DV?$StrTraitMFC_DLL@DV?$ChTraitsCRT@D@ATL@@@@@ATL@@H@Z 00534120 f i BomInTable.obj
 0002:00015210       ?SetSize@?$CArray@PAVCText@@ABQAV1@@@QAEXHH@Z 00534210 f i BomInTable.obj
 0002:00015680       ?Dump@?$CArray@PAUCTemplate@@ABQAU1@@@UBEXAAVCDumpContext@@@Z 00534680 f i DisplayList.obj
 0002:000157a0       ??$SerializeElements@PAVCText@@@@YGXAAVCArchive@@PAPAVCText@@H@Z 005347a0 f i BomInTable.obj
 0002:00015990       ??$DumpElements@PAVCText@@@@YGXAAVCDumpContext@@PBQAVCText@@H@Z 00534990 f i BomInTable.obj
 0002:00015a80       ??0CCompare@@QAE@XZ        00534a80 f   CCompare.obj
 0002:00015ac0       ??1CCompare@@QAE@XZ        00534ac0 f   CCompare.obj
 0002:00015b00       ?Compare@CCompare@@QAEXPAVCFreePcbDoc@@H@Z 00534b00 f   CCompare.obj
 0002:00015d90       ?ComparePartlist@CDlgCompare@@QAEHHH@Z 00534d90 f   CCompare.obj
 0002:00016860       ?SetUpCrosshairs@CDisplayList@@QAEXHHH@Z 00535860 f   DisplayList.obj
 0002:00016b10       ?CompareNetlist@CDlgCompare@@QAEHHH@Z 00535b10 f   CCompare.obj
 0002:00018d80       ?ImportPartlist@CDlgPartlist@@QAEXH@Z 00537d80 f   DlgPartlist.obj
 0002:00019610       ?DATA5_FindNet@CDlgCompare@@QAEHPAV?$CStringT@DV?$StrTraitMFC_DLL@DV?$ChTraitsCRT@D@ATL@@@@@ATL@@@Z 00538610 f   CCompare.obj
 0002:00019870       ?Conformity@CDlgCompare@@QAEHPAV?$CStringT@DV?$StrTraitMFC_DLL@DV?$ChTraitsCRT@D@ATL@@@@@ATL@@0@Z 00538870 f   CCompare.obj
 0002:00019cb0       ??$DumpElements@PAUCTemplate@@@@YGXAAVCDumpContext@@PBQAUCTemplate@@H@Z 00538cb0 f i DisplayList.obj
 0002:00019dc0       ?FindPin@CDlgCompare@@QAEPAVCPolyLine@@PAVCText@@PAV?$CStringT@DV?$StrTraitMFC_DLL@DV?$ChTraitsCRT@D@ATL@@@@@ATL@@PAV?$CArray@VCPolyLine@@ABV1@@@@Z 00538dc0 f   CCompare.obj
 0002:0001a020       ?FindPartByCoordinates@CDlgCompare@@QAEPAVCText@@PAV?$CArray@VCPolyLine@@ABV1@@@HHPAV?$CStringT@DV?$StrTraitMFC_DLL@DV?$ChTraitsCRT@D@ATL@@@@@ATL@@H@Z 00539020 f   CCompare.obj
 0002:0001a480       ?_GetBaseClass@CDlgCompare@@KGPAUCRuntimeClass@@XZ 00539480 f   CCompare.obj
 0002:0001a4d0       ?GetThisClass@CDlgCompare@@SGPAUCRuntimeClass@@XZ 005394d0 f   CCompare.obj
 0002:0001a510       ?GetRuntimeClass@CDlgCompare@@UBEPAUCRuntimeClass@@XZ 00539510 f   CCompare.obj
 0002:0001a550       ??0CDlgCompare@@QAE@PAVCWnd@@@Z 00539550 f   CCompare.obj
 0002:0001a880       ??_ECDlgCompare@@UAEPAXI@Z 00539880 f i CCompare.obj
 0002:0001a880       ??_GCDlgCompare@@UAEPAXI@Z 00539880 f i CCompare.obj
 0002:0001a8f0       ?GetMessageMap@CDlgCompare@@MBEPBUAFX_MSGMAP@@XZ 005398f0 f   CCompare.obj
 0002:0001a940       ?GetThisMessageMap@CDlgCompare@@KGPBUAFX_MSGMAP@@XZ 00539940 f   CCompare.obj
 0002:0001a980       ??1CDlgCompare@@UAE@XZ     00539980 f   CCompare.obj
 0002:0001ac00       ?DoDataExchange@CDlgCompare@@MAEXPAVCDataExchange@@@Z 00539c00 f   CCompare.obj
 0002:0001b080       ?AssertValid@?$CArray@PAUCTemplate@@ABQAU1@@@UBEXXZ 0053a080 f i DisplayList.obj
 0002:0001b1a0       ?OnBnClickedCompare@CDlgCompare@@QAEXXZ 0053a1a0 f   CCompare.obj
 0002:0001b5e0       ?OnLbnSelchangeListDiff1@CDlgCompare@@QAEXXZ 0053a5e0 f   CCompare.obj
 0002:0001b680       ?OnLbnSelchangeListDiff2@CDlgCompare@@QAEXXZ 0053a680 f   CCompare.obj
 0002:0001b720       ?OnLbnSelchangeListDiff3@CDlgCompare@@QAEXXZ 0053a720 f   CCompare.obj
 0002:0001b7c0       ?OnLbnSelchangeListDiff4@CDlgCompare@@QAEXXZ 0053a7c0 f   CCompare.obj
 0002:0001b860       ?OnLbnSelchangeListDiff5@CDlgCompare@@QAEXXZ 0053a860 f   CCompare.obj
 0002:0001b900       ?OnLbnSelchangeListDiff6@CDlgCompare@@QAEXXZ 0053a900 f   CCompare.obj
 0002:0001b970       ?OnAddedDblClick@CDlgCompare@@QAEXXZ 0053a970 f   CCompare.obj
 0002:0001bcd0       ?OnDeletedDblClick@CDlgCompare@@QAEXXZ 0053acd0 f   CCompare.obj
 0002:0001c090       ?OnValueDblClick@CDlgCompare@@QAEXXZ 0053b090 f   CCompare.obj
 0002:0001c500       ?OnFootprintDblClick@CDlgCompare@@QAEXXZ 0053b500 f   CCompare.obj
 0002:0001c970       ?OnPinsNetsDblClick@CDlgCompare@@QAEXXZ 0053b970 f   CCompare.obj
 0002:0001d4f0       ?AddSource@CDisplayList@@QAEHPAV?$CStringT@DV?$StrTraitMFC_DLL@DV?$ChTraitsCRT@D@ATL@@@@@ATL@@@Z 0053c4f0 f   DisplayList.obj
 0002:0001d7d0       ?OnSwapPinsDblClick@CDlgCompare@@QAEXXZ 0053c7d0 f   CCompare.obj
 0002:0001dc40       ?OnBnClickedChParts@CDlgCompare@@QAEXXZ 0053cc40 f   CCompare.obj
 0002:0001dcd0       ?OnBnClickedChNets@CDlgCompare@@QAEXXZ 0053ccd0 f   CCompare.obj
 0002:0001dd60       ?ReloadPages@CDlgCompare@@QAEXXZ 0053cd60 f   CCompare.obj
 0002:0001e170       ?OnBnClickedSelect1@CDlgCompare@@QAEXXZ 0053d170 f   CCompare.obj
 0002:0001e500       ?OnBnClickedSelect4@CDlgCompare@@QAEXXZ 0053d500 f   CCompare.obj
 0002:0001e760       ?OnBnClickedSelect2@CDlgCompare@@QAEXXZ 0053d760 f   CCompare.obj
 0002:0001ec00       ?OnBnClickedSelect3@CDlgCompare@@QAEXXZ 0053dc00 f   CCompare.obj
 0002:0001f0a0       ?OnBnClickedRepairAll@CDlgCompare@@QAEXXZ 0053e0a0 f   CCompare.obj
 0002:0001fb00       ?GetTemplate@CDisplayList@@QAEHHPAV?$CStringT@DV?$StrTraitMFC_DLL@DV?$ChTraitsCRT@D@ATL@@@@@ATL@@PAUtagRECT@@PAH222@Z 0053eb00 f   DisplayList.obj
 0002:0001fda0       ?SelectNetlist@CDlgCompare@@QAEHXZ 0053eda0 f   CCompare.obj
 0002:00020570       ?GetTemplateSZ@CDisplayList@@QAE?AVCSize@@H@Z 0053f570 f   DisplayList.obj
 0002:00020760       ?OnBnClickedSelNl2@CDlgCompare@@QAEXXZ 0053f760 f   CCompare.obj
 0002:000208e0       ??9ATL@@YA_NABV?$CStringT@DV?$StrTraitMFC_DLL@DV?$ChTraitsCRT@D@ATL@@@@@0@0@Z 0053f8e0 f i CCompare.obj
 0002:00020960       ?SetAt@?$CArray@V?$CStringT@DV?$StrTraitMFC_DLL@DV?$ChTraitsCRT@D@ATL@@@@@ATL@@ABV12@@@QAEXHABV?$CStringT@DV?$StrTraitMFC_DLL@DV?$ChTraitsCRT@D@ATL@@@@@ATL@@@Z 0053f960 f i CCompare.obj
 0002:00020a20       ?GetNumTexts@CTextList@@QAEHXZ 0053fa20 f i CCompare.obj
 0002:00020a80       ?RemoveAll@?$CArray@V?$CStringT@DV?$StrTraitMFC_DLL@DV?$ChTraitsCRT@D@ATL@@@@@ATL@@ABV12@@@QAEXXZ 0053fa80 f i CCompare.obj
 0002:00020ae0       ?_GetBaseClass@CComponentNoteExt@@KGPAUCRuntimeClass@@XZ 0053fae0 f   ComponentNoteExt.obj
 0002:00020b30       ?GetThisClass@CComponentNoteExt@@SGPAUCRuntimeClass@@XZ 0053fb30 f   ComponentNoteExt.obj
 0002:00020b70       ?GetRuntimeClass@CComponentNoteExt@@UBEPAUCRuntimeClass@@XZ 0053fb70 f   ComponentNoteExt.obj
 0002:00020bb0       ??0CComponentNoteExt@@QAE@PAVCWnd@@@Z 0053fbb0 f   ComponentNoteExt.obj
 0002:00020d00       ??_GCComponentNoteExt@@UAEPAXI@Z 0053fd00 f i ComponentNoteExt.obj
 0002:00020d00       ??_ECComponentNoteExt@@UAEPAXI@Z 0053fd00 f i ComponentNoteExt.obj
 0002:00020d70       ??1CComponentNoteExt@@UAE@XZ 0053fd70 f   ComponentNoteExt.obj
 0002:00020e90       ?DoDataExchange@CComponentNoteExt@@MAEXPAVCDataExchange@@@Z 0053fe90 f   ComponentNoteExt.obj
 0002:000210f0       ?GetMessageMap@CComponentNoteExt@@MBEPBUAFX_MSGMAP@@XZ 005400f0 f   ComponentNoteExt.obj
 0002:00021140       ?GetThisMessageMap@CComponentNoteExt@@KGPBUAFX_MSGMAP@@XZ 00540140 f   ComponentNoteExt.obj
 0002:00021180       ?Initialize@CComponentNoteExt@@QAEXH@Z 00540180 f   ComponentNoteExt.obj
 0002:000211d0       ?OnBnClickedExfile@CComponentNoteExt@@QAEXXZ 005401d0 f   ComponentNoteExt.obj
 0002:00021250       ?Sync@CComponentNoteExt@@QAEXPAVCFreePcbDoc@@@Z 00540250 f   ComponentNoteExt.obj
 0002:00021fb0       ?SetDCToWorldCoords@CDisplayList@@QAEXPAVCDC@@00HH@Z 00540fb0 f   DisplayList.obj
 0002:00022300       ??0Cuid@@QAE@XZ            00541300 f   Cuid.obj
 0002:00022420       ?GetNewUID@Cuid@@QAEHXZ    00541420 f   Cuid.obj
 0002:00022600       ?ReleaseUID@Cuid@@QAEXI@Z  00541600 f   Cuid.obj
 0002:000226f0       ??0DRError@@QAE@XZ         005416f0 f   DesignRules.obj
 0002:00022800       ??1DRError@@QAE@XZ         00541800 f   DesignRules.obj
 0002:00022900       ??0DRErrorList@@QAE@XZ     00541900 f   DesignRules.obj
 0002:00022970       ??1DRErrorList@@QAE@XZ     00541970 f   DesignRules.obj
 0002:00022a20       ?SetLists@DRErrorList@@QAEXPAVCDisplayList@@PAV?$CArray@VCPolyLine@@ABV1@@@@Z 00541a20 f   DesignRules.obj
 0002:00022a70       ?Clear@DRErrorList@@QAEXXZ 00541a70 f   DesignRules.obj
 0002:00022b40       ??_GDRError@@QAEPAXI@Z     00541b40 f i DesignRules.obj
 0002:00022bb0       ?Remove@DRErrorList@@QAEXPAVDRError@@@Z 00541bb0 f   DesignRules.obj
 0002:00022c80       ?Add@DRErrorList@@QAEPAVDRError@@PAV?$CStringT@DV?$StrTraitMFC_DLL@DV?$ChTraitsCRT@D@ATL@@@@@ATL@@Vid@@1HHHHHHPAVCText@@2@Z 00541c80 f   DesignRules.obj
 0002:000230a0       ?HighLight@DRErrorList@@QAEXPAVDRError@@@Z 005420a0 f   DesignRules.obj
 0002:00023310       ?MakeSolidCircles@DRErrorList@@QAEXH@Z 00542310 f   DesignRules.obj
 0002:00023490       ?MakeHollowCircles@DRErrorList@@QAEXXZ 00542490 f   DesignRules.obj
 0002:00023690       ?MoveOrigin@DRErrorList@@QAEXHH@Z 00542690 f   DesignRules.obj
 0002:00023810       ??A?$CArray@PAVdl_element@@ABQAV1@@@QAEAAPAVdl_element@@H@Z 00542810 f i DesignRules.obj
 0002:00023870       ?ElementAt@?$CArray@PAVdl_element@@ABQAV1@@@QAEAAPAVdl_element@@H@Z 00542870 f i DesignRules.obj
 0002:00023920       ??0id@@QAE@HHHHH@Z         00542920 f i DesignRules.obj
 0002:000239a0       ??0CDisplayList@@QAE@XZ    005429a0 f   DisplayList.obj
 0002:00023e70       ??0dl_element@@QAE@XZ      00542e70 f i DisplayList.obj
 0002:00023ee0       ??1dl_element@@QAE@XZ      00542ee0 f i DisplayList.obj
 0002:00023f40       ??_H@YGXPAXIHP6EPAX0@Z@Z   00542f40 f i DisplayList.obj
 0002:00024040       ??1CDisplayList@@QAE@XZ    00543040 f   DisplayList.obj
 0002:00024110       ??$SerializeElements@PAUCTemplate@@@@YGXAAVCArchive@@PAPAUCTemplate@@H@Z 00543110 f i DisplayList.obj
 0002:00024370       ??_GCTemplate@@QAEPAXI@Z   00543370 f i DisplayList.obj
 0002:000243d0       ??1CTemplate@@QAE@XZ       005433d0 f i DisplayList.obj
 0002:00024420       ?Add@CDisplayList@@QAEPAVdl_element@@PAXVid@@HHHPAUtagRECT@@HPAVCPoint@@HHPAV2@@Z 00543420 f   DisplayList.obj
 0002:00024930       ?AddSelector@CDisplayList@@QAEPAVdl_element@@PAXVid@@HHPAUtagRECT@@HPAVCPoint@@HH@Z 00543930 f   DisplayList.obj
 0002:00024ac0       ?AddSelector@CDisplayList@@QAEPAVdl_element@@PAV2@@Z 00543ac0 f   DisplayList.obj
 0002:00024c10       ?GetElById@CDisplayList@@QAEPAVdl_element@@HH@Z 00543c10 f   DisplayList.obj
 0002:00024d20       ?GetHighlightedBounds@CDisplayList@@QAE?AUtagRECT@@PAHH@Z 00543d20 f   DisplayList.obj
 0002:00025110       ?HighLight@CDisplayList@@QAEXPAVdl_element@@@Z 00544110 f   DisplayList.obj
 0002:000253c0       ?HighLight@CDisplayList@@QAEPAVdl_element@@HPAUtagRECT@@HPAVCPoint@@HH@Z 005443c0 f   DisplayList.obj
 0002:00025560       ?HighlightRect@CDisplayList@@QAEPAVdl_element@@PAUtagRECT@@HHH@Z 00544560 f   DisplayList.obj
 0002:00025650       ?HighlightSelRect@CDisplayList@@QAE?AUtagRECT@@H@Z 00544650 f   DisplayList.obj
 0002:00025710       ?SetTemplate@CDisplayList@@QAEXPAV?$CStringT@DV?$StrTraitMFC_DLL@DV?$ChTraitsCRT@D@ATL@@@@@ATL@@PAUtagRECT@@HH@Z 00544710 f   DisplayList.obj
 0002:00025c30       ?Get_Start@CDisplayList@@QAEPAVdl_element@@H@Z 00544c30 f   DisplayList.obj
 0002:00025c80       ?Get_End@CDisplayList@@QAEPAVdl_element@@H@Z 00544c80 f   DisplayList.obj
 0002:00025d20       ?Get_Rect@CDisplayList@@QAEPAUtagRECT@@PAVdl_element@@PAU2@@Z 00544d20 f   DisplayList.obj
 0002:00025ec0       ?Get_el_w@CDisplayList@@QAEHPAVdl_element@@@Z 00544ec0 f   DisplayList.obj
 0002:00025f30       ?Get_Selected@CDisplayList@@QAEHXZ 00544f30 f   DisplayList.obj
 0002:00025fd0       ?Get_Endpoints@CDisplayList@@QAEXPAVCPoint@@0@Z 00544fd0 f   DisplayList.obj
 0002:00026060       ?HLTClear@CDisplayList@@QAEXXZ 00545060 f   DisplayList.obj
 0002:000262c0       ??_Gdl_element@@QAEPAXI@Z  005452c0 f i DisplayList.obj
 0002:00026380       ?ProcessMessages@CDisplayList@@QAEHXZ 00545380 f   DisplayList.obj
 0002:00026420       ?Draw@CDisplayList@@QAEXPAVCDC@@H@Z 00545420 f   DisplayList.obj
 0002:0002afd0       ?SetSize@?$CArray@VCPoint@@ABV1@@@QAEXHH@Z 00549fd0 f i DisplayList.obj
 0002:0002b4c0       ?SetSize@?$CArray@PAUCTemplate@@ABQAU1@@@QAEXHH@Z 0054a4c0 f i DisplayList.obj
 0002:0002bde0       ?SetLayerRGB@CDisplayList@@QAEXHHHH@Z 0054ade0 f   DisplayList.obj
 0002:0002be60       ?SetLayerVisible@CDisplayList@@QAEXHH@Z 0054ae60 f   DisplayList.obj
 0002:0002beb0       ?TestSelect@CDisplayList@@QAEPAXHHPAVid@@PAH0PAX0HHPAV?$CArray@VCPolyLine@@ABV1@@@@Z 0054aeb0 f   DisplayList.obj
 0002:0002d370       ??_Fid@@QAEXXZ             0054c370 f i DisplayList.obj
 0002:0002d3d0       ?StartDraggingArray@CDisplayList@@QAEHPAVCDC@@HHH@Z 0054c3d0 f   DisplayList.obj
 0002:0002d4e0       ?StartDraggingRectangle@CDisplayList@@QAEHPAVCDC@@HHHHHHH@Z 0054c4e0 f   DisplayList.obj
 0002:0002d690       ?StartDraggingRatLine@CDisplayList@@QAEHPAVCDC@@HHHHHHH@Z 0054c690 f   DisplayList.obj
 0002:0002d7a0       ?SetDragArcStyle@CDisplayList@@QAEXH@Z 0054c7a0 f   DisplayList.obj
 0002:0002d830       ?StartDraggingArc@CDisplayList@@QAEHPAVCDC@@HHHHHHHH@Z 0054c830 f   DisplayList.obj
 0002:0002d9b0       ?StartDraggingLine@CDisplayList@@QAEHPAVCDC@@HHHHHHHHHHHH@Z 0054c9b0 f   DisplayList.obj
 0002:0002db60       ?StartDraggingLineVertex@CDisplayList@@QAEHPAVCDC@@HHHHHHHHHHHHHHHHH@Z 0054cb60 f   DisplayList.obj
 0002:0002ddd0       ?StartDraggingLineSegment@CDisplayList@@QAEHPAVCDC@@HHHHHHHHHHHHHHHHHHHHHHH@Z 0054cdd0 f   DisplayList.obj
 0002:0002e080       ?Drag@CDisplayList@@QAEXPAVCDC@@HH@Z 0054d080 f   DisplayList.obj
 0002:00030340       ?ScaleFactor@CFreePcbView@@QAEXNH@Z 0054f340 f   FreePcbView.obj
 0002:00030920       ?StopDragging@CDisplayList@@QAEHXZ 0054f920 f   DisplayList.obj
 0002:00030f50       ?FlipDragSide@CDisplayList@@QAEXPAVCDC@@@Z 0054ff50 f   DisplayList.obj
 0002:00031520       ?GetDragSide@CDisplayList@@QAEHXZ 00550520 f   DisplayList.obj
 0002:00031560       ?GetDragAngle@CDisplayList@@QAEHXZ 00550560 f   DisplayList.obj
 0002:000315a0       ?MakeDragLineArray@CDisplayList@@QAEHH@Z 005505a0 f   DisplayList.obj
 0002:00031680       ?MakeDragRatlineArray@CDisplayList@@QAEHHH@Z 00550680 f   DisplayList.obj
 0002:000317f0       ?AddDragLine@CDisplayList@@QAEHVCPoint@@0@Z 005507f0 f   DisplayList.obj
 0002:00031920       ?AddDragATargetLine@CDisplayList@@QAEHVCPoint@@0H@Z 00550920 f   DisplayList.obj
 0002:00031a40       ?DeleteTargetLines@CDisplayList@@QAEXXZ 00550a40 f   DisplayList.obj
 0002:00031b00       ?AddDragRatline@CDisplayList@@QAEHVCPoint@@0@Z 00550b00 f   DisplayList.obj
 0002:00032020       ?SetVisibleGrid@CDisplayList@@QAEXHN@Z 00551020 f   DisplayList.obj
 0002:00032350       ?SetStatic@CDisplayList@@QAEXH@Z 00551350 f   DisplayList.obj
 0002:00032580       ?WindowToPCB@CDisplayList@@QAE?AVCPoint@@V2@@Z 00551580 f   DisplayList.obj
 0002:000326d0       ?ScreenToPCB@CDisplayList@@QAE?AVCPoint@@V2@@Z 005516d0 f   DisplayList.obj
 0002:000328f0       ?GetWindowRect@CDisplayList@@QAE?AUtagRECT@@XZ 005518f0 f   DisplayList.obj
 0002:000329c0       ?ShowImages@CDisplayList@@QAEXH@Z 005519c0 f   DisplayList.obj
 0002:00032a90       ?Marker@CDisplayList@@QAEXHH@Z 00551a90 f   DisplayList.obj
 0002:00032c70       ?FindSource@CDisplayList@@QAEHPAV?$CStringT@DV?$StrTraitMFC_DLL@DV?$ChTraitsCRT@D@ATL@@@@@ATL@@@Z 00551c70 f   DisplayList.obj
 0002:00033050       ?AddTemplate@CDisplayList@@QAEHHHPAUtagRECT@@H@Z 00552050 f   DisplayList.obj
 0002:000335f0       ??0CTemplate@@QAE@XZ       005525f0 f i DisplayList.obj
 0002:00033770       ?GetSource@CDisplayList@@QAE?AV?$CStringT@DV?$StrTraitMFC_DLL@DV?$ChTraitsCRT@D@ATL@@@@@ATL@@H@Z 00552770 f   DisplayList.obj
 0002:000339a0       ?GetSourceIndex@CDisplayList@@QAEHH@Z 005529a0 f   DisplayList.obj
 0002:00033bc0       ?SetTemplateStyle@CDisplayList@@QAEXHH@Z 00552bc0 f   DisplayList.obj
 0002:00033c20       ?SetTemplateVis@CDisplayList@@QAEXHH@Z 00552c20 f   DisplayList.obj
 0002:00033c80       ?GetNumTemplates@CDisplayList@@QAEHXZ 00552c80 f   DisplayList.obj
 0002:00033e50       ?GetNumSources@CDisplayList@@QAEHXZ 00552e50 f   DisplayList.obj
 0002:00033f80       ?GetSize@?$CArray@VCPoint@@ABV1@@@QBEHXZ 00552f80 f i DisplayList.obj
 0002:000340b0       ?GetSize@?$CArray@PAUCTemplate@@ABQAU1@@@QBEHXZ 005530b0 f i DisplayList.obj
 0002:00034160       ?RemoveAll@?$CArray@PAUCTemplate@@ABQAU1@@@QAEXXZ 00553160 f i DisplayList.obj
 0002:000341c0       ?GetAt@?$CArray@PAUCTemplate@@ABQAU1@@@QAEAAPAUCTemplate@@H@Z 005531c0 f i DisplayList.obj
 0002:00034270       ??A?$CArray@PAUCTemplate@@ABQAU1@@@QAEAAPAUCTemplate@@H@Z 00553270 f i DisplayList.obj
 0002:00034320       ?ElementAt@?$CArray@VCPoint@@ABV1@@@QAEAAVCPoint@@H@Z 00553320 f i DisplayList.obj
 0002:00034430       ?ElementAt@?$CArray@PAUCTemplate@@ABQAU1@@@QAEAAPAUCTemplate@@H@Z 00553430 f i DisplayList.obj
 0002:00034500       ??1?$CArray@VCPoint@@ABV1@@@UAE@XZ 00553500 f i DisplayList.obj
 0002:000345e0       ?Serialize@?$CArray@VCPoint@@ABV1@@@UAEXAAVCArchive@@@Z 005535e0 f i DisplayList.obj
 0002:00034740       ?Dump@?$CArray@VCPoint@@ABV1@@@UBEXAAVCDumpContext@@@Z 00553740 f i DisplayList.obj
 0002:00034920       ??1?$CArray@PAUCTemplate@@ABQAU1@@@UAE@XZ 00553920 f i DisplayList.obj
 0002:00034a00       ?Serialize@?$CArray@PAUCTemplate@@ABQAU1@@@UAEXAAVCArchive@@@Z 00553a00 f i DisplayList.obj
 0002:00034c40       ??_E?$CArray@VCPoint@@ABV1@@@UAEPAXI@Z 00553c40 f i DisplayList.obj
 0002:00034c40       ??_G?$CArray@VCPoint@@ABV1@@@UAEPAXI@Z 00553c40 f i DisplayList.obj
 0002:00035260       ??_G?$CArray@PAUCTemplate@@ABQAU1@@@UAEPAXI@Z 00554260 f i DisplayList.obj
 0002:00035260       ??_E?$CArray@PAUCTemplate@@ABQAU1@@@UAEPAXI@Z 00554260 f i DisplayList.obj
 0002:00035540       ??$SerializeElements@VCPoint@@@@YGXAAVCArchive@@PAVCPoint@@H@Z 00554540 f i DisplayList.obj
 0002:00035ad0       ??$DumpElements@VCPoint@@@@YGXAAVCDumpContext@@PBVCPoint@@H@Z 00554ad0 f i DisplayList.obj
 0002:00035db0       ?_GetBaseClass@CDlgAddMaskCutout@@KGPAUCRuntimeClass@@XZ 00554db0 f   DlgAddMaskCutout.obj
 0002:00035e00       ?GetThisClass@CDlgAddMaskCutout@@SGPAUCRuntimeClass@@XZ 00554e00 f   DlgAddMaskCutout.obj
 0002:00035e40       ?GetRuntimeClass@CDlgAddMaskCutout@@UBEPAUCRuntimeClass@@XZ 00554e40 f   DlgAddMaskCutout.obj
 0002:00035e80       ??0CDlgAddMaskCutout@@QAE@PAVCWnd@@@Z 00554e80 f   DlgAddMaskCutout.obj
 0002:00036100       ??_GCDlgAddMaskCutout@@UAEPAXI@Z 00555100 f i DlgAddMaskCutout.obj
 0002:00036100       ??_ECDlgAddMaskCutout@@UAEPAXI@Z 00555100 f i DlgAddMaskCutout.obj
 0002:00036170       ??1CDlgAddMaskCutout@@UAE@XZ 00555170 f   DlgAddMaskCutout.obj
 0002:00036390       ?Initialize@CDlgAddMaskCutout@@QAEXHHHHHH@Z 00555390 f   DlgAddMaskCutout.obj
 0002:00036480       ?DoDataExchange@CDlgAddMaskCutout@@MAEXPAVCDataExchange@@@Z 00555480 f   DlgAddMaskCutout.obj
 0002:00037130       ?GetMessageMap@CDlgAddMaskCutout@@MBEPBUAFX_MSGMAP@@XZ 00556130 f   DlgAddMaskCutout.obj
 0002:00037180       ?GetThisMessageMap@CDlgAddMaskCutout@@KGPBUAFX_MSGMAP@@XZ 00556180 f   DlgAddMaskCutout.obj
 0002:000371c0       ?OnDef@CDlgAddMaskCutout@@QAEXXZ 005561c0 f   DlgAddMaskCutout.obj
 0002:00037270       ?OnBnClickedRadio2@CDlgAddMaskCutout@@QAEXXZ 00556270 f   DlgAddMaskCutout.obj
 0002:000372d0       ?OnBnClickedDotted@CDlgAddMaskCutout@@QAEXXZ 005562d0 f   DlgAddMaskCutout.obj
 0002:00037330       ?OnBnClickedRadio3@CDlgAddMaskCutout@@QAEXXZ 00556330 f   DlgAddMaskCutout.obj
 0002:00037390       ?OnBnClickedRadio1@CDlgAddMaskCutout@@QAEXXZ 00556390 f   DlgAddMaskCutout.obj
 0002:000373f0       ?SetFields@CDlgAddMaskCutout@@QAEXXZ 005563f0 f   DlgAddMaskCutout.obj
 0002:000377b0       ?OnCbnSelchangeComboAddPolyUnits@CDlgAddMaskCutout@@QAEXXZ 005567b0 f   DlgAddMaskCutout.obj
 0002:00037850       ?GetFields@CDlgAddMaskCutout@@QAEXXZ 00556850 f   DlgAddMaskCutout.obj
 0002:00037b90       ?OnBnClickedApplyInRange@CDlgAddMaskCutout@@QAEXXZ 00556b90 f   DlgAddMaskCutout.obj
 0002:00037bf0       ?OnBnClickedNotChange3@CDlgAddMaskCutout@@QAEXXZ 00556bf0 f   DlgAddMaskCutout.obj
 0002:00037c50       ?OnBnClickedNotChange2@CDlgAddMaskCutout@@QAEXXZ 00556c50 f   DlgAddMaskCutout.obj
 0002:00037cb0       ?_GetBaseClass@CDlgAddMerge@@KGPAUCRuntimeClass@@XZ 00556cb0 f   DlgAddMerge.obj
 0002:00037d00       ?GetThisClass@CDlgAddMerge@@SGPAUCRuntimeClass@@XZ 00556d00 f   DlgAddMerge.obj
 0002:00037d40       ?GetRuntimeClass@CDlgAddMerge@@UBEPAUCRuntimeClass@@XZ 00556d40 f   DlgAddMerge.obj
 0002:00037d80       ??0CDlgAddMerge@@QAE@PAVCWnd@@@Z 00556d80 f   DlgAddMerge.obj
 0002:00037ee0       ??_GCDlgAddMerge@@UAEPAXI@Z 00556ee0 f i DlgAddMerge.obj
 0002:00037ee0       ??_ECDlgAddMerge@@UAEPAXI@Z 00556ee0 f i DlgAddMerge.obj
 0002:00037f50       ??1CDlgAddMerge@@UAE@XZ    00556f50 f   DlgAddMerge.obj
 0002:00038060       ?DoDataExchange@CDlgAddMerge@@MAEXPAVCDataExchange@@@Z 00557060 f   DlgAddMerge.obj
 0002:00039cc0       ?GetMessageMap@CDlgAddMerge@@MBEPBUAFX_MSGMAP@@XZ 00558cc0 f   DlgAddMerge.obj
 0002:00039d10       ?GetThisMessageMap@CDlgAddMerge@@KGPBUAFX_MSGMAP@@XZ 00558d10 f   DlgAddMerge.obj
 0002:00039d50       ?GetStr@StrList@@QAE?AV?$CStringT@DV?$StrTraitMFC_DLL@DV?$ChTraitsCRT@D@ATL@@@@@ATL@@H@Z 00558d50 f i DlgAddMerge.obj
 0002:00039e40       ?GetSize@StrList@@QAEHXZ   00558e40 f i DlgAddMerge.obj
 0002:00039e80       ?_GetBaseClass@CDlgAddPoly@@KGPAUCRuntimeClass@@XZ 00558e80 f   DlgAddPoly.obj
 0002:00039ed0       ?GetThisClass@CDlgAddPoly@@SGPAUCRuntimeClass@@XZ 00558ed0 f   DlgAddPoly.obj
 0002:00039f10       ?GetRuntimeClass@CDlgAddPoly@@UBEPAUCRuntimeClass@@XZ 00558f10 f   DlgAddPoly.obj
 0002:00039f50       ??0CDlgAddPoly@@QAE@PAVCWnd@@@Z 00558f50 f   DlgAddPoly.obj
 0002:0003a070       ??_ECDlgAddPoly@@UAEPAXI@Z 00559070 f i DlgAddPoly.obj
 0002:0003a070       ??_GCDlgAddPoly@@UAEPAXI@Z 00559070 f i DlgAddPoly.obj
 0002:0003a0e0       ??1CDlgAddPoly@@UAE@XZ     005590e0 f   DlgAddPoly.obj
 0002:0003a1e0       ?DoDataExchange@CDlgAddPoly@@MAEXPAVCDataExchange@@@Z 005591e0 f   DlgAddPoly.obj
 0002:0003a4c0       ?Initialize@CDlgAddPoly@@QAEXHHHHH@Z 005594c0 f   DlgAddPoly.obj
 0002:0003a570       ?GetMessageMap@CDlgAddPoly@@MBEPBUAFX_MSGMAP@@XZ 00559570 f   DlgAddPoly.obj
 0002:0003a5c0       ?GetThisMessageMap@CDlgAddPoly@@KGPBUAFX_MSGMAP@@XZ 005595c0 f   DlgAddPoly.obj
 0002:0003a600       ?GetFields@CDlgAddPoly@@AAEXXZ 00559600 f   DlgAddPoly.obj
 0002:0003a7c0       ?SetFields@CDlgAddPoly@@AAEXXZ 005597c0 f   DlgAddPoly.obj
 0002:0003a980       ?OnCbnSelchangeComboAddPolyUnits@CDlgAddPoly@@AAEXXZ 00559980 f   DlgAddPoly.obj
 0002:0003aa20       ?_GetBaseClass@CDlgAddText@@KGPAUCRuntimeClass@@XZ 00559a20 f   DlgAddText.obj
 0002:0003aa70       ?GetThisClass@CDlgAddText@@SGPAUCRuntimeClass@@XZ 00559a70 f   DlgAddText.obj
 0002:0003aab0       ?GetRuntimeClass@CDlgAddText@@UBEPAUCRuntimeClass@@XZ 00559ab0 f   DlgAddText.obj
 0002:0003aaf0       ??0CDlgAddText@@QAE@PAVCWnd@@@Z 00559af0 f   DlgAddText.obj
 0002:0003ade0       ??_GCDlgAddText@@UAEPAXI@Z 00559de0 f i DlgAddText.obj
 0002:0003ade0       ??_ECDlgAddText@@UAEPAXI@Z 00559de0 f i DlgAddText.obj
 0002:0003ae50       ??1CDlgAddText@@UAE@XZ     00559e50 f   DlgAddText.obj
 0002:0003b0f0       ?DoDataExchange@CDlgAddText@@MAEXPAVCDataExchange@@@Z 0055a0f0 f   DlgAddText.obj
 0002:0003d030       ?GetMessageMap@CDlgAddText@@MBEPBUAFX_MSGMAP@@XZ 0055c030 f   DlgAddText.obj
 0002:0003d080       ?GetThisMessageMap@CDlgAddText@@KGPBUAFX_MSGMAP@@XZ 0055c080 f   DlgAddText.obj
 0002:0003d0c0       ?Initialize@CDlgAddText@@QAEXPAVCPageList@@PAV?$CStringT@DV?$StrTraitMFC_DLL@DV?$ChTraitsCRT@D@ATL@@@@@ATL@@1HHHHHHHHN@Z 0055c0c0 f   DlgAddText.obj
 0002:0003d420       ?OnInitDialog@CDlgAddText@@UAEHXZ 0055c420 f   DlgAddText.obj
 0002:0003d650       ?OnBnClickedSetWidth@CDlgAddText@@QAEXXZ 0055c650 f   DlgAddText.obj
 0002:0003d6b0       ?OnBnClickedDefWidth@CDlgAddText@@QAEXXZ 0055c6b0 f   DlgAddText.obj
 0002:0003d710       ?OnEnChangeEditHeight@CDlgAddText@@QAEXXZ 0055c710 f   DlgAddText.obj
 0002:0003d960       ?OnBnClickedOk@CDlgAddText@@QAEXXZ 0055c960 f   DlgAddText.obj
 0002:0003d9d0       ?OnBnClickedSetPosition@CDlgAddText@@QAEXXZ 0055c9d0 f   DlgAddText.obj
 0002:0003da30       ?OnBnClickedDrag@CDlgAddText@@QAEXXZ 0055ca30 f   DlgAddText.obj
 0002:0003da90       ?OnCbnSelchangeComboAddTextUnits@CDlgAddText@@QAEXXZ 0055ca90 f   DlgAddText.obj
 0002:0003db50       ?GetFields@CDlgAddText@@QAEXXZ 0055cb50 f   DlgAddText.obj
 0002:0003e230       ?SetFields@CDlgAddText@@QAEXXZ 0055d230 f   DlgAddText.obj
 0002:0003ea60       ?OnLbnSelchangeListLayer@CDlgAddText@@QAEXXZ 0055da60 f   DlgAddText.obj
 0002:0003eac0       ?OnBnClickedCheckCompressed@CDlgAddText@@QAEXXZ 0055dac0 f   DlgAddText.obj
 0002:0003eb50       ?OnBnClickedCheckUnclenched@CDlgAddText@@QAEXXZ 0055db50 f   DlgAddText.obj
 0002:0003ebe0       ?OnEnSetfocusEditText@CDlgAddText@@QAEXXZ 0055dbe0 f   DlgAddText.obj
 0002:0003ef20       ?OnCbnSelchangeEditHeight@CDlgAddText@@QAEXXZ 0055df20 f   DlgAddText.obj
 0002:0003f320       ??8ATL@@YA_NABV?$CStringT@DV?$StrTraitMFC_DLL@DV?$ChTraitsCRT@D@ATL@@@@@0@0@Z 0055e320 f i DlgAddText.obj
 0002:0003f3a0       ?_GetBaseClass@CDlgAddWidth@@KGPAUCRuntimeClass@@XZ 0055e3a0 f   DlgAddWidth.obj
 0002:0003f3f0       ?GetThisClass@CDlgAddWidth@@SGPAUCRuntimeClass@@XZ 0055e3f0 f   DlgAddWidth.obj
 0002:0003f430       ?GetRuntimeClass@CDlgAddWidth@@UBEPAUCRuntimeClass@@XZ 0055e430 f   DlgAddWidth.obj
 0002:0003f470       ??0CDlgAddWidth@@QAE@PAVCWnd@@@Z 0055e470 f   DlgAddWidth.obj
 0002:0003f4e0       ??_GCDlgAddWidth@@UAEPAXI@Z 0055e4e0 f i DlgAddWidth.obj
 0002:0003f4e0       ??_ECDlgAddWidth@@UAEPAXI@Z 0055e4e0 f i DlgAddWidth.obj
 0002:0003f550       ??1CDlgAddWidth@@UAE@XZ    0055e550 f   DlgAddWidth.obj
 0002:0003f5b0       ?DoDataExchange@CDlgAddWidth@@MAEXPAVCDataExchange@@@Z 0055e5b0 f   DlgAddWidth.obj
 0002:0003f960       ?GetMessageMap@CDlgAddWidth@@MBEPBUAFX_MSGMAP@@XZ 0055e960 f   DlgAddWidth.obj
 0002:0003f9b0       ?GetThisMessageMap@CDlgAddWidth@@KGPBUAFX_MSGMAP@@XZ 0055e9b0 f   DlgAddWidth.obj
 0002:0003f9f0       ?_GetBaseClass@CDlgAttrSync@@KGPAUCRuntimeClass@@XZ 0055e9f0 f   DlgAttrSync.obj
 0002:0003fa40       ?GetThisClass@CDlgAttrSync@@SGPAUCRuntimeClass@@XZ 0055ea40 f   DlgAttrSync.obj
 0002:0003fa80       ?GetRuntimeClass@CDlgAttrSync@@UBEPAUCRuntimeClass@@XZ 0055ea80 f   DlgAttrSync.obj
 0002:0003fac0       ??0CDlgAttrSync@@QAE@PAVCWnd@@@Z 0055eac0 f   DlgAttrSync.obj
 0002:0003fc00       ??_ECDlgAttrSync@@UAEPAXI@Z 0055ec00 f i DlgAttrSync.obj
 0002:0003fc00       ??_GCDlgAttrSync@@UAEPAXI@Z 0055ec00 f i DlgAttrSync.obj
 0002:0003fc70       ??1CDlgAttrSync@@UAE@XZ    0055ec70 f   DlgAttrSync.obj
 0002:0003fd70       ?Ini@CDlgAttrSync@@QAEXPAVCFreePcbDoc@@@Z 0055ed70 f   DlgAttrSync.obj
 0002:0003fdd0       ?DoDataExchange@CDlgAttrSync@@MAEXPAVCDataExchange@@@Z 0055edd0 f   DlgAttrSync.obj
 0002:000408b0       ?GetMessageMap@CDlgAttrSync@@MBEPBUAFX_MSGMAP@@XZ 0055f8b0 f   DlgAttrSync.obj
 0002:00040900       ?GetThisMessageMap@CDlgAttrSync@@KGPBUAFX_MSGMAP@@XZ 0055f900 f   DlgAttrSync.obj
 0002:00040940       ?OnCheck@CDlgAttrSync@@QAEXXZ 0055f940 f   DlgAttrSync.obj
 0002:00040a30       ?OnCheck2@CDlgAttrSync@@QAEXXZ 0055fa30 f   DlgAttrSync.obj
 0002:00040b50       ?OnAddRef@CDlgAttrSync@@QAEXXZ 0055fb50 f   DlgAttrSync.obj
 0002:00040cd0       ?OnRemove@CDlgAttrSync@@QAEXXZ 0055fcd0 f   DlgAttrSync.obj
 0002:00040db0       ?OnQ1@CDlgAttrSync@@QAEXXZ 0055fdb0 f   DlgAttrSync.obj
 0002:00040e30       ?OnQ2@CDlgAttrSync@@QAEXXZ 0055fe30 f   DlgAttrSync.obj
 0002:00040eb0       ?_GetBaseClass@CDlgCAD@@KGPAUCRuntimeClass@@XZ 0055feb0 f   DlgCAD.obj
 0002:00040f00       ?GetThisClass@CDlgCAD@@SGPAUCRuntimeClass@@XZ 0055ff00 f   DlgCAD.obj
 0002:00040f40       ?GetRuntimeClass@CDlgCAD@@UBEPAUCRuntimeClass@@XZ 0055ff40 f   DlgCAD.obj
 0002:00040f80       ??0CDlgCAD@@QAE@PAVCWnd@@@Z 0055ff80 f   DlgCAD.obj
 0002:00041420       ??_ECDlgCAD@@UAEPAXI@Z     00560420 f i DlgCAD.obj
 0002:00041420       ??_GCDlgCAD@@UAEPAXI@Z     00560420 f i DlgCAD.obj
 0002:00041490       ??1CDlgCAD@@UAE@XZ         00560490 f   DlgCAD.obj
 0002:000418f0       ?DoDataExchange@CDlgCAD@@MAEXPAVCDataExchange@@@Z 005608f0 f   DlgCAD.obj
 0002:00041fc0       ?GetMessageMap@CDlgCAD@@MBEPBUAFX_MSGMAP@@XZ 00560fc0 f   DlgCAD.obj
 0002:00042010       ?GetThisMessageMap@CDlgCAD@@KGPBUAFX_MSGMAP@@XZ 00561010 f   DlgCAD.obj
 0002:00042050       ?Initialize@CDlgCAD@@QAEXNPAV?$CStringT@DV?$StrTraitMFC_DLL@DV?$ChTraitsCRT@D@ATL@@@@@ATL@@000HHHHHHHHPAV?$CArray@VCPolyLine@@ABV1@@@PAUCAttrib@@PAVCDisplayList@@PAVStrList@@PAVCDlgLog@@@Z 00561050 f   DlgCAD.obj
 0002:000422d0       ?OnBnClickedGo@CDlgCAD@@QAEXXZ 005612d0 f   DlgCAD.obj
 0002:00043d80       ?GetFields@CDlgCAD@@QAEXXZ 00562d80 f   DlgCAD.obj
 0002:00044810       ?SetFields@CDlgCAD@@QAEXXZ 00563810 f   DlgCAD.obj
 0002:00045060       ?OnCbnSelchangeComboCadUnits@CDlgCAD@@QAEXXZ 00564060 f   DlgCAD.obj
 0002:00045100       ?OnBnClickedCancel@CDlgCAD@@QAEXXZ 00564100 f   DlgCAD.obj
 0002:00045170       ?OnBnClickedButtonDef@CDlgCAD@@QAEXXZ 00564170 f   DlgCAD.obj
 0002:00045820       ?OnBnClickedButtonFolder@CDlgCAD@@QAEXXZ 00564820 f   DlgCAD.obj
 0002:00045af0       ??1CPathDialog@@QAE@XZ     00564af0 f i DlgCAD.obj
 0002:00045b50       ??1CPathDialogSub@@UAE@XZ  00564b50 f i DlgCAD.obj
 0002:00045ba0       ?OnBnClickedButtonDone@CDlgCAD@@QAEXXZ 00564ba0 f   DlgCAD.obj
 0002:00045c30       ?OnChangeViewer@CDlgCAD@@QAEXXZ 00564c30 f   DlgCAD.obj
 0002:00045e90       ?_GetBaseClass@CDlgChangeLayer@@KGPAUCRuntimeClass@@XZ 00564e90 f   DlgChangeLayer.obj
 0002:00045ee0       ?GetThisClass@CDlgChangeLayer@@SGPAUCRuntimeClass@@XZ 00564ee0 f   DlgChangeLayer.obj
 0002:00045f20       ?GetRuntimeClass@CDlgChangeLayer@@UBEPAUCRuntimeClass@@XZ 00564f20 f   DlgChangeLayer.obj
 0002:00045f60       ??0CDlgChangeLayer@@QAE@PAVCWnd@@@Z 00564f60 f   DlgChangeLayer.obj
 0002:00046070       ??_ECDlgChangeLayer@@UAEPAXI@Z 00565070 f i DlgChangeLayer.obj
 0002:00046070       ??_GCDlgChangeLayer@@UAEPAXI@Z 00565070 f i DlgChangeLayer.obj
 0002:000460e0       ??1CDlgChangeLayer@@UAE@XZ 005650e0 f   DlgChangeLayer.obj
 0002:000461e0       ?DoDataExchange@CDlgChangeLayer@@MAEXPAVCDataExchange@@@Z 005651e0 f   DlgChangeLayer.obj
 0002:00046450       ?GetMessageMap@CDlgChangeLayer@@MBEPBUAFX_MSGMAP@@XZ 00565450 f   DlgChangeLayer.obj
 0002:000464a0       ?GetThisMessageMap@CDlgChangeLayer@@KGPBUAFX_MSGMAP@@XZ 005654a0 f   DlgChangeLayer.obj
 0002:000464e0       ?Initialize@CDlgChangeLayer@@QAEXHHH@Z 005654e0 f   DlgChangeLayer.obj
 0002:00046540       ?_GetBaseClass@DlgCreateBranch@@KGPAUCRuntimeClass@@XZ 00565540 f   DlgCreateBranch.obj
 0002:00046590       ?GetThisClass@DlgCreateBranch@@SGPAUCRuntimeClass@@XZ 00565590 f   DlgCreateBranch.obj
 0002:000465d0       ?GetRuntimeClass@DlgCreateBranch@@UBEPAUCRuntimeClass@@XZ 005655d0 f   DlgCreateBranch.obj
 0002:00046610       ??0DlgCreateBranch@@QAE@PAVCWnd@@@Z 00565610 f   DlgCreateBranch.obj
 0002:00046720       ??_GDlgCreateBranch@@UAEPAXI@Z 00565720 f i DlgCreateBranch.obj
 0002:00046720       ??_EDlgCreateBranch@@UAEPAXI@Z 00565720 f i DlgCreateBranch.obj
 0002:00046790       ??1DlgCreateBranch@@UAE@XZ 00565790 f   DlgCreateBranch.obj
 0002:00046890       ?DoDataExchange@DlgCreateBranch@@MAEXPAVCDataExchange@@@Z 00565890 f   DlgCreateBranch.obj
 0002:0004a290       ?IncrementDragAngle@CDisplayList@@QAEXPAVCDC@@@Z 00569290 f   DisplayList.obj
 0002:0004b110       ?GetMessageMap@DlgCreateBranch@@MBEPBUAFX_MSGMAP@@XZ 0056a110 f   DlgCreateBranch.obj
 0002:0004b160       ?GetThisMessageMap@DlgCreateBranch@@KGPBUAFX_MSGMAP@@XZ 0056a160 f   DlgCreateBranch.obj
 0002:0004b1a0       ?Initialize@DlgCreateBranch@@QAEXPAVCFreePcbDoc@@@Z 0056a1a0 f   DlgCreateBranch.obj
 0002:0004b1f0       ?OnBnClickedOk@DlgCreateBranch@@QAEXXZ 0056a1f0 f   DlgCreateBranch.obj
 0002:0004b240       ?OnBnClickedCheckCopy@DlgCreateBranch@@QAEXXZ 0056a240 f   DlgCreateBranch.obj
 0002:0004b2d0       ?OnBnClickedRadio4@DlgCreateBranch@@QAEXXZ 0056a2d0 f   DlgCreateBranch.obj
 0002:0004b320       ?OnBnClickedRadio5@DlgCreateBranch@@QAEXXZ 0056a320 f   DlgCreateBranch.obj
 0002:0004b370       ?_GetBaseClass@DlgDRC@@KGPAUCRuntimeClass@@XZ 0056a370 f   DlgDRC.obj
 0002:0004b3c0       ?GetThisClass@DlgDRC@@SGPAUCRuntimeClass@@XZ 0056a3c0 f   DlgDRC.obj
 0002:0004b400       ?GetRuntimeClass@DlgDRC@@UBEPAUCRuntimeClass@@XZ 0056a400 f   DlgDRC.obj
 0002:0004b440       ??0DlgDRC@@QAE@PAVCWnd@@@Z 0056a440 f   DlgDRC.obj
 0002:0004b580       ??_GDlgDRC@@UAEPAXI@Z      0056a580 f i DlgDRC.obj
 0002:0004b580       ??_EDlgDRC@@UAEPAXI@Z      0056a580 f i DlgDRC.obj
 0002:0004b5f0       ??1DlgDRC@@UAE@XZ          0056a5f0 f   DlgDRC.obj
 0002:0004b720       ?DoDataExchange@DlgDRC@@MAEXPAVCDataExchange@@@Z 0056a720 f   DlgDRC.obj
 0002:0004b8b0       ?GetMessageMap@DlgDRC@@MBEPBUAFX_MSGMAP@@XZ 0056a8b0 f   DlgDRC.obj
 0002:0004b900       ?GetThisMessageMap@DlgDRC@@KGPBUAFX_MSGMAP@@XZ 0056a900 f   DlgDRC.obj
 0002:0004b940       ?Initialize@DlgDRC@@QAEXHHHHH@Z 0056a940 f   DlgDRC.obj
 0002:0004b9e0       ?GetFields@DlgDRC@@QAEXXZ  0056a9e0 f   DlgDRC.obj
 0002:0004bdb0       ?SetFields@DlgDRC@@QAEXXZ  0056adb0 f   DlgDRC.obj
 0002:0004c150       ?OnCbnChangeUnits@DlgDRC@@QAEXXZ 0056b150 f   DlgDRC.obj
 0002:0004c2b0       ?OnBnClickedCancel@DlgDRC@@QAEXXZ 0056b2b0 f   DlgDRC.obj
 0002:0004c320       ?OnBnClickedOk@DlgDRC@@QAEXXZ 0056b320 f   DlgDRC.obj
 0002:0004c390       ?OnBnClickedCheck@DlgDRC@@QAEXXZ 0056b390 f   DlgDRC.obj
 0002:0004c3f0       ?_GetBaseClass@DlgEditBoardCorner@@KGPAUCRuntimeClass@@XZ 0056b3f0 f   DlgEditBoardCorner.obj
 0002:0004c440       ?GetThisClass@DlgEditBoardCorner@@SGPAUCRuntimeClass@@XZ 0056b440 f   DlgEditBoardCorner.obj
 0002:0004c480       ?GetRuntimeClass@DlgEditBoardCorner@@UBEPAUCRuntimeClass@@XZ 0056b480 f   DlgEditBoardCorner.obj
 0002:0004c4c0       ??0DlgEditBoardCorner@@QAE@PAVCWnd@@@Z 0056b4c0 f   DlgEditBoardCorner.obj
 0002:0004c610       ??_GDlgEditBoardCorner@@UAEPAXI@Z 0056b610 f i DlgEditBoardCorner.obj
 0002:0004c610       ??_EDlgEditBoardCorner@@UAEPAXI@Z 0056b610 f i DlgEditBoardCorner.obj
 0002:0004c680       ??1DlgEditBoardCorner@@UAE@XZ 0056b680 f   DlgEditBoardCorner.obj
 0002:0004c760       ?DoDataExchange@DlgEditBoardCorner@@MAEXPAVCDataExchange@@@Z 0056b760 f   DlgEditBoardCorner.obj
 0002:0004c8e0       ?Init@DlgEditBoardCorner@@QAEXPAV?$CStringT@DV?$StrTraitMFC_DLL@DV?$ChTraitsCRT@D@ATL@@@@@ATL@@HHH@Z 0056b8e0 f   DlgEditBoardCorner.obj
 0002:0004c960       ?GetMessageMap@DlgEditBoardCorner@@MBEPBUAFX_MSGMAP@@XZ 0056b960 f   DlgEditBoardCorner.obj
 0002:0004c9b0       ?GetThisMessageMap@DlgEditBoardCorner@@KGPBUAFX_MSGMAP@@XZ 0056b9b0 f   DlgEditBoardCorner.obj
 0002:0004c9f0       ?OnCbnSelchangeComboCornerUnits@DlgEditBoardCorner@@QAEXXZ 0056b9f0 f   DlgEditBoardCorner.obj
 0002:0004ca90       ?GetFields@DlgEditBoardCorner@@AAEXXZ 0056ba90 f   DlgEditBoardCorner.obj
 0002:0004ccb0       ?SetFields@DlgEditBoardCorner@@AAEXXZ 0056bcb0 f   DlgEditBoardCorner.obj
 0002:0004cea0       ?OnBnClickedOrigin@DlgEditBoardCorner@@QAEXXZ 0056bea0 f   DlgEditBoardCorner.obj
 0002:0004d110       ?_GetBaseClass@CDlgFindPart@@KGPAUCRuntimeClass@@XZ 0056c110 f   DlgFindPart.obj
 0002:0004d160       ?GetThisClass@CDlgFindPart@@SGPAUCRuntimeClass@@XZ 0056c160 f   DlgFindPart.obj
 0002:0004d1a0       ?GetRuntimeClass@CDlgFindPart@@UBEPAUCRuntimeClass@@XZ 0056c1a0 f   DlgFindPart.obj
 0002:0004d1e0       ??0CDlgFindPart@@QAE@PAVCWnd@@@Z 0056c1e0 f   DlgFindPart.obj
 0002:0004d320       ??_ECDlgFindPart@@UAEPAXI@Z 0056c320 f i DlgFindPart.obj
 0002:0004d320       ??_GCDlgFindPart@@UAEPAXI@Z 0056c320 f i DlgFindPart.obj
 0002:0004d390       ??1CDlgFindPart@@UAE@XZ    0056c390 f   DlgFindPart.obj
 0002:0004d4c0       ?DoDataExchange@CDlgFindPart@@MAEXPAVCDataExchange@@@Z 0056c4c0 f   DlgFindPart.obj
 0002:0004dbf0       ?GetMessageMap@CDlgFindPart@@MBEPBUAFX_MSGMAP@@XZ 0056cbf0 f   DlgFindPart.obj
 0002:0004dc40       ?GetThisMessageMap@CDlgFindPart@@KGPBUAFX_MSGMAP@@XZ 0056cc40 f   DlgFindPart.obj
 0002:0004dc80       ?Initialize@CDlgFindPart@@QAEXPAV?$CArray@V?$CStringT@DV?$StrTraitMFC_DLL@DV?$ChTraitsCRT@D@ATL@@@@@ATL@@ABV12@@@HHHHPAV?$CStringT@DV?$StrTraitMFC_DLL@DV?$ChTraitsCRT@D@ATL@@@@@ATL@@@Z 0056cc80 f   DlgFindPart.obj
 0002:0004dd20       ?OnCheck@CDlgFindPart@@QAEXXZ 0056cd20 f   DlgFindPart.obj
 0002:0004ddc0       ?OnPinDef@CDlgFindPart@@QAEXXZ 0056cdc0 f   DlgFindPart.obj
 0002:0004de40       ?_GetBaseClass@CDlgImportMerge@@KGPAUCRuntimeClass@@XZ 0056ce40 f   DlgImportMerge.obj
 0002:0004de90       ?GetThisClass@CDlgImportMerge@@SGPAUCRuntimeClass@@XZ 0056ce90 f   DlgImportMerge.obj
 0002:0004ded0       ?GetRuntimeClass@CDlgImportMerge@@UBEPAUCRuntimeClass@@XZ 0056ced0 f   DlgImportMerge.obj
 0002:0004df10       ??0CDlgImportMerge@@QAE@PAVCWnd@@@Z 0056cf10 f   DlgImportMerge.obj
 0002:0004e030       ??_GCDlgImportMerge@@UAEPAXI@Z 0056d030 f i DlgImportMerge.obj
 0002:0004e030       ??_ECDlgImportMerge@@UAEPAXI@Z 0056d030 f i DlgImportMerge.obj
 0002:0004e0a0       ??1CDlgImportMerge@@UAE@XZ 0056d0a0 f   DlgImportMerge.obj
 0002:0004e1b0       ?DoDataExchange@CDlgImportMerge@@MAEXPAVCDataExchange@@@Z 0056d1b0 f   DlgImportMerge.obj
 0002:0004e310       ?GetMessageMap@CDlgImportMerge@@MBEPBUAFX_MSGMAP@@XZ 0056d310 f   DlgImportMerge.obj
 0002:0004e360       ?GetThisMessageMap@CDlgImportMerge@@KGPBUAFX_MSGMAP@@XZ 0056d360 f   DlgImportMerge.obj
 0002:0004e3a0       ?Initialize@CDlgImportMerge@@QAEXPAVCLibPointer@@@Z 0056d3a0 f   DlgImportMerge.obj
 0002:0004e430       ?OnClickList@CDlgImportMerge@@QAEXXZ 0056d430 f   DlgImportMerge.obj
 0002:0004e720       ?OnClickList2@CDlgImportMerge@@QAEXXZ 0056d720 f   DlgImportMerge.obj
 0002:0004e870       ?OnDblClickList@CDlgImportMerge@@QAEXXZ 0056d870 f   DlgImportMerge.obj
 0002:0004ead0       ?OnDblClickList2@CDlgImportMerge@@QAEXXZ 0056dad0 f   DlgImportMerge.obj
 0002:0004ed00       ?OnChange@CDlgImportMerge@@QAEXXZ 0056dd00 f   DlgImportMerge.obj
 0002:0004ed50       ?Change@CDlgImportMerge@@QAEXXZ 0056dd50 f   DlgImportMerge.obj
 0002:0004ef50       ?DrawPattern@CDlgImportMerge@@QAEXPAV?$CStringT@DV?$StrTraitMFC_DLL@DV?$ChTraitsCRT@D@ATL@@@@@ATL@@@Z 0056df50 f   DlgImportMerge.obj
 0002:000507a0       ?RemoveAll@?$CArray@VCPolyLine@@ABV1@@@QAEXXZ 0056f7a0 f i DlgImportMerge.obj
 0002:00050800       ?abs@@YAJJ@Z               0056f800 f i DlgImportMerge.obj
 0002:00050850       ?SetSize@?$CArray@VCPolyLine@@ABV1@@@QAEXHH@Z 0056f850 f i DlgImportMerge.obj
 0002:00050fa0       ??3@YAXPAX0@Z              0056ffa0 f i DlgImportMerge.obj
 0002:00050fd0       ??_GCPolyLine@@QAEPAXI@Z   0056ffd0 f i DlgImportMerge.obj
 0002:00051040       ?_GetBaseClass@CDlgImportOptions@@KGPAUCRuntimeClass@@XZ 00570040 f   DlgImportOptions.obj
 0002:00051090       ?GetThisClass@CDlgImportOptions@@SGPAUCRuntimeClass@@XZ 00570090 f   DlgImportOptions.obj
 0002:000510d0       ?GetRuntimeClass@CDlgImportOptions@@UBEPAUCRuntimeClass@@XZ 005700d0 f   DlgImportOptions.obj
 0002:00051110       ??0CDlgImportOptions@@QAE@PAVCWnd@@@Z 00570110 f   DlgImportOptions.obj
 0002:000512c0       ??_ECDlgImportOptions@@UAEPAXI@Z 005702c0 f i DlgImportOptions.obj
 0002:000512c0       ??_GCDlgImportOptions@@UAEPAXI@Z 005702c0 f i DlgImportOptions.obj
 0002:00051330       ??1CDlgImportOptions@@UAE@XZ 00570330 f   DlgImportOptions.obj
 0002:000514d0       ?DoDataExchange@CDlgImportOptions@@MAEXPAVCDataExchange@@@Z 005704d0 f   DlgImportOptions.obj
 0002:00051b50       ?GetMessageMap@CDlgImportOptions@@MBEPBUAFX_MSGMAP@@XZ 00570b50 f   DlgImportOptions.obj
 0002:00051ba0       ?GetThisMessageMap@CDlgImportOptions@@KGPBUAFX_MSGMAP@@XZ 00570ba0 f   DlgImportOptions.obj
 0002:00051be0       ?Initialize@CDlgImportOptions@@QAEXH@Z 00570be0 f   DlgImportOptions.obj
 0002:00051c30       ?OnBnClickedSaveAndImport@CDlgImportOptions@@QAEXXZ 00570c30 f   DlgImportOptions.obj
 0002:00051cc0       ?OnBnClickedOk@CDlgImportOptions@@QAEXXZ 00570cc0 f   DlgImportOptions.obj
 0002:00051d50       ?_GetBaseClass@CDlgImportPart@@KGPAUCRuntimeClass@@XZ 00570d50 f   DlgImportPart.obj
 0002:00051da0       ?GetThisClass@CDlgImportPart@@SGPAUCRuntimeClass@@XZ 00570da0 f   DlgImportPart.obj
 0002:00051de0       ?GetRuntimeClass@CDlgImportPart@@UBEPAUCRuntimeClass@@XZ 00570de0 f   DlgImportPart.obj
 0002:00051e20       ??0CDlgImportPart@@QAE@PAVCWnd@@@Z 00570e20 f   DlgImportPart.obj
 0002:00052270       ??_GCDlgImportPart@@UAEPAXI@Z 00571270 f i DlgImportPart.obj
 0002:00052270       ??_ECDlgImportPart@@UAEPAXI@Z 00571270 f i DlgImportPart.obj
 0002:000522e0       ??1CDlgImportPart@@UAE@XZ  005712e0 f   DlgImportPart.obj
 0002:00052610       ?DoDataExchange@CDlgImportPart@@MAEXPAVCDataExchange@@@Z 00571610 f   DlgImportPart.obj
 0002:00053930       ?GetMessageMap@CDlgImportPart@@MBEPBUAFX_MSGMAP@@XZ 00572930 f   DlgImportPart.obj
 0002:00053980       ?GetThisMessageMap@CDlgImportPart@@KGPBUAFX_MSGMAP@@XZ 00572980 f   DlgImportPart.obj
 0002:000539c0       ?Initialize@CDlgImportPart@@QAEXPAV?$CArray@V?$CStringT@DV?$StrTraitMFC_DLL@DV?$ChTraitsCRT@D@ATL@@@@@ATL@@ABV12@@@HHHHPAV?$CStringT@DV?$StrTraitMFC_DLL@DV?$ChTraitsCRT@D@ATL@@@@@ATL@@PAVCLibPointer@@1@Z 005729c0 f   DlgImportPart.obj
 0002:00053b60       ?OnCheck@CDlgImportPart@@QAEXXZ 00572b60 f   DlgImportPart.obj
 0002:00053c00       ?OnPinDef@CDlgImportPart@@QAEXXZ 00572c00 f   DlgImportPart.obj
 0002:00053c80       ?OnClickList@CDlgImportPart@@QAEXXZ 00572c80 f   DlgImportPart.obj
 0002:00054440       ?OnClickList2@CDlgImportPart@@QAEXXZ 00573440 f   DlgImportPart.obj
 0002:00054890       ?OnDblClickList@CDlgImportPart@@QAEXXZ 00573890 f   DlgImportPart.obj
 0002:00054af0       ?OnDblClickList2@CDlgImportPart@@QAEXXZ 00573af0 f   DlgImportPart.obj
 0002:00054d00       ?OnClickListButton@CDlgImportPart@@QAEXXZ 00573d00 f   DlgImportPart.obj
 0002:00055350       ?OnChange@CDlgImportPart@@QAEXXZ 00574350 f   DlgImportPart.obj
 0002:00055710       ?Change@CDlgImportPart@@QAEXXZ 00574710 f   DlgImportPart.obj
 0002:00055a20       ?OnUniqueParts@CDlgImportPart@@QAEXXZ 00574a20 f   DlgImportPart.obj
 0002:00055ac0       ?OnPartsCurrentProject@CDlgImportPart@@QAEXXZ 00574ac0 f   DlgImportPart.obj
 0002:00055b60       ?OnOnceAnyProject@CDlgImportPart@@QAEXXZ 00574b60 f   DlgImportPart.obj
 0002:00055c00       ?PcbAssemblyKit@CDlgImportPart@@QAEHH@Z 00574c00 f   DlgImportPart.obj
 0002:00055f90       ?OnAboutUniqueParts@CDlgImportPart@@QAEXXZ 00574f90 f   DlgImportPart.obj
 0002:00056010       ?DrawPattern@CDlgImportPart@@QAEXPAV?$CStringT@DV?$StrTraitMFC_DLL@DV?$ChTraitsCRT@D@ATL@@@@@ATL@@@Z 00575010 f   DlgImportPart.obj
 0002:000589c0       ?OnBnClickedOk@CDlgImportPart@@QAEXXZ 005779c0 f   DlgImportPart.obj
 0002:00058f40       ?OpenTXTPreixes@CDlgImportPart@@QAEXXZ 00577f40 f   DlgImportPart.obj
 0002:00059010       ?OnCbnDropdownCombo1@CDlgImportPart@@QAEXXZ 00578010 f   DlgImportPart.obj
 0002:00059140       ?UploadPartlist@CDlgImportPart@@QAEXXZ 00578140 f   DlgImportPart.obj
 0002:00059b60       ?ReadPrefixes@CDlgImportPart@@QAEXXZ 00578b60 f   DlgImportPart.obj
 0002:0005a1b0       ?OnTimer@CDlgImportPart@@QAEXI@Z 005791b0 f   DlgImportPart.obj
 0002:0005a240       ?OnBnClickedRunl@CDlgImportPart@@QAEXXZ 00579240 f   DlgImportPart.obj
 0002:0005af60       ?UpdatebRunLibText@CDlgImportPart@@QAEXXZ 00579f60 f   DlgImportPart.obj
 0002:0005b2a0       ?CheckDocuments@CDlgImportPart@@QAEXPAV?$CStringT@DV?$StrTraitMFC_DLL@DV?$ChTraitsCRT@D@ATL@@@@@ATL@@0@Z 0057a2a0 f   DlgImportPart.obj
 0002:0005c290       ?OnBnClickedDoc1@CDlgImportPart@@QAEXXZ 0057b290 f   DlgImportPart.obj
 0002:0005c510       ?OnBnClickedDoc2@CDlgImportPart@@QAEXXZ 0057b510 f   DlgImportPart.obj
 0002:0005c970       ?OnBnClickedDoc3@CDlgImportPart@@QAEXXZ 0057b970 f   DlgImportPart.obj
 0002:0005cbf0       ?OnBnClickedDoc4@CDlgImportPart@@QAEXXZ 0057bbf0 f   DlgImportPart.obj
 0002:0005ce20       ?OnBnClickedRadioSearchAllPages@CDlgImportPart@@QAEXXZ 0057be20 f   DlgImportPart.obj
 0002:0005ce60       ?OnEnChangeDescription@CDlgImportPart@@QAEXXZ 0057be60 f   DlgImportPart.obj
 0002:0005db70       ?OnSelChangeDescription@CDlgImportPart@@QAEXXZ 0057cb70 f   DlgImportPart.obj
 0002:0005de30       ?OnBnClickedQ8@CDlgImportPart@@QAEXXZ 0057ce30 f   DlgImportPart.obj
 0002:0005deb0       ?OnBnClickedDoc5@CDlgImportPart@@QAEXXZ 0057ceb0 f   DlgImportPart.obj
 0002:0005e0c0       ?RemoveDescription@CDlgImportPart@@QAEXPAV?$CStringT@DV?$StrTraitMFC_DLL@DV?$ChTraitsCRT@D@ATL@@@@@ATL@@@Z 0057d0c0 f   DlgImportPart.obj
 0002:0005e330       ?OnBnClickedQu@CDlgImportPart@@QAEXXZ 0057d330 f   DlgImportPart.obj
 0002:0005e380       ?_GetBaseClass@CDlgIndexing@@KGPAUCRuntimeClass@@XZ 0057d380 f   DlgIndexing.obj
 0002:0005e3d0       ?GetThisClass@CDlgIndexing@@SGPAUCRuntimeClass@@XZ 0057d3d0 f   DlgIndexing.obj
 0002:0005e410       ?GetRuntimeClass@CDlgIndexing@@UBEPAUCRuntimeClass@@XZ 0057d410 f   DlgIndexing.obj
 0002:0005e450       ??0CDlgIndexing@@QAE@PAVCWnd@@@Z 0057d450 f   DlgIndexing.obj
 0002:0005e4c0       ??_GCDlgIndexing@@UAEPAXI@Z 0057d4c0 f i DlgIndexing.obj
 0002:0005e4c0       ??_ECDlgIndexing@@UAEPAXI@Z 0057d4c0 f i DlgIndexing.obj
 0002:0005e530       ??1CDlgIndexing@@UAE@XZ    0057d530 f   DlgIndexing.obj
 0002:0005e590       ?DoDataExchange@CDlgIndexing@@MAEXPAVCDataExchange@@@Z 0057d590 f   DlgIndexing.obj
 0002:0005e5f0       ?GetMessageMap@CDlgIndexing@@MBEPBUAFX_MSGMAP@@XZ 0057d5f0 f   DlgIndexing.obj
 0002:0005e640       ?GetThisMessageMap@CDlgIndexing@@KGPBUAFX_MSGMAP@@XZ 0057d640 f   DlgIndexing.obj
 0002:0005e680       ?_GetBaseClass@CDlgLayers@@KGPAUCRuntimeClass@@XZ 0057d680 f   DlgLayers.obj
 0002:0005e6d0       ?GetThisClass@CDlgLayers@@SGPAUCRuntimeClass@@XZ 0057d6d0 f   DlgLayers.obj
 0002:0005e710       ?GetRuntimeClass@CDlgLayers@@UBEPAUCRuntimeClass@@XZ 0057d710 f   DlgLayers.obj
 0002:0005e750       ??0CDlgLayers@@QAE@PAVCWnd@@@Z 0057d750 f   DlgLayers.obj
 0002:0005e820       ??_GCDlgLayers@@UAEPAXI@Z  0057d820 f i DlgLayers.obj
 0002:0005e820       ??_ECDlgLayers@@UAEPAXI@Z  0057d820 f i DlgLayers.obj
 0002:0005e890       ??1CDlgLayers@@UAE@XZ      0057d890 f   DlgLayers.obj
 0002:0005e950       ?DoDataExchange@CDlgLayers@@MAEXPAVCDataExchange@@@Z 0057d950 f   DlgLayers.obj
 0002:0005eb20       ?GetMessageMap@CDlgLayers@@MBEPBUAFX_MSGMAP@@XZ 0057db20 f   DlgLayers.obj
 0002:0005eb70       ?GetThisMessageMap@CDlgLayers@@KGPBUAFX_MSGMAP@@XZ 0057db70 f   DlgLayers.obj
 0002:0005ebb0       ?Initialize@CDlgLayers@@QAEXHQAHQAY02HH@Z 0057dbb0 f   DlgLayers.obj
 0002:0005ecd0       ?OnCtlColor@CDlgLayers@@QAEPAUHBRUSH__@@PAVCDC@@PAVCWnd@@I@Z 0057dcd0 f   DlgLayers.obj
 0002:0005ee80       ?OnBnClickedButtonLayer1@CDlgLayers@@QAEXXZ 0057de80 f   DlgLayers.obj
 0002:0005eee0       ?OnBnClickedButtonLayer2@CDlgLayers@@QAEXXZ 0057dee0 f   DlgLayers.obj
 0002:0005ef40       ?OnBnClickedButtonLayer3@CDlgLayers@@QAEXXZ 0057df40 f   DlgLayers.obj
 0002:0005efa0       ?OnBnClickedButtonLayer4@CDlgLayers@@QAEXXZ 0057dfa0 f   DlgLayers.obj
 0002:0005f000       ?OnBnClickedButtonLayer5@CDlgLayers@@QAEXXZ 0057e000 f   DlgLayers.obj
 0002:0005f060       ?OnBnClickedButtonLayer6@CDlgLayers@@QAEXXZ 0057e060 f   DlgLayers.obj
 0002:0005f0c0       ?OnBnClickedButtonLayer7@CDlgLayers@@QAEXXZ 0057e0c0 f   DlgLayers.obj
 0002:0005f120       ?OnBnClickedButtonLayer8@CDlgLayers@@QAEXXZ 0057e120 f   DlgLayers.obj
 0002:0005f180       ?OnBnClickedButtonLayer9@CDlgLayers@@QAEXXZ 0057e180 f   DlgLayers.obj
 0002:0005f1e0       ?OnBnClickedButtonLayer10@CDlgLayers@@QAEXXZ 0057e1e0 f   DlgLayers.obj
 0002:0005f240       ?OnBnClickedButtonLayer11@CDlgLayers@@QAEXXZ 0057e240 f   DlgLayers.obj
 0002:0005f2a0       ?OnBnClickedButtonLayer12@CDlgLayers@@QAEXXZ 0057e2a0 f   DlgLayers.obj
 0002:0005f300       ?OnBnClickedButtonLayer13@CDlgLayers@@QAEXXZ 0057e300 f   DlgLayers.obj
 0002:0005f360       ?OnBnClickedButtonLayer14@CDlgLayers@@QAEXXZ 0057e360 f   DlgLayers.obj
 0002:0005f3c0       ?OnBnClickedButtonLayer15@CDlgLayers@@QAEXXZ 0057e3c0 f   DlgLayers.obj
 0002:0005f420       ?OnBnClickedButtonLayer16@CDlgLayers@@QAEXXZ 0057e420 f   DlgLayers.obj
 0002:0005f480       ?OnBnClickedButtonLayer17@CDlgLayers@@QAEXXZ 0057e480 f   DlgLayers.obj
 0002:0005f4e0       ?OnBnClickedButtonLayer18@CDlgLayers@@QAEXXZ 0057e4e0 f   DlgLayers.obj
 0002:0005f540       ?OnBnClickedButtonLayer19@CDlgLayers@@QAEXXZ 0057e540 f   DlgLayers.obj
 0002:0005f5a0       ?OnBnClickedButtonLayer20@CDlgLayers@@QAEXXZ 0057e5a0 f   DlgLayers.obj
 0002:0005f600       ?OnBnClickedButtonLayer21@CDlgLayers@@QAEXXZ 0057e600 f   DlgLayers.obj
 0002:0005f660       ?OnBnClickedButtonLayer22@CDlgLayers@@QAEXXZ 0057e660 f   DlgLayers.obj
 0002:0005f6c0       ?OnBnClickedButtonLayer23@CDlgLayers@@QAEXXZ 0057e6c0 f   DlgLayers.obj
 0002:0005f720       ?OnBnClickedButtonLayer24@CDlgLayers@@QAEXXZ 0057e720 f   DlgLayers.obj
 0002:0005f780       ?OnBnClickedButtonLayer25@CDlgLayers@@QAEXXZ 0057e780 f   DlgLayers.obj
 0002:0005f7e0       ?OnBnClickedButtonLayer26@CDlgLayers@@QAEXXZ 0057e7e0 f   DlgLayers.obj
 0002:0005f840       ?OnBnClickedButtonLayer27@CDlgLayers@@QAEXXZ 0057e840 f   DlgLayers.obj
 0002:0005f8a0       ?OnBnClickedButtonLayer28@CDlgLayers@@QAEXXZ 0057e8a0 f   DlgLayers.obj
 0002:0005f900       ?OnBnClickedButtonLayer29@CDlgLayers@@QAEXXZ 0057e900 f   DlgLayers.obj
 0002:0005f960       ?OnBnClickedButtonLayer30@CDlgLayers@@QAEXXZ 0057e960 f   DlgLayers.obj
 0002:0005f9c0       ?OnBnClickedButtonLayer31@CDlgLayers@@QAEXXZ 0057e9c0 f   DlgLayers.obj
 0002:0005fa20       ?EditColor@CDlgLayers@@QAEXH@Z 0057ea20 f   DlgLayers.obj
 0002:0005fc10       ??1CColorDialog@@UAE@XZ    0057ec10 f i DlgLayers.obj
 0002:0005fc60       ??1CCommonDialog@@UAE@XZ   0057ec60 f i DlgLayers.obj
 0002:0005fcc0       ??_ECCommonDialog@@UAEPAXI@Z 0057ecc0 f i DlgLayers.obj
 0002:0005fcc0       ??_GCCommonDialog@@UAEPAXI@Z 0057ecc0 f i DlgLayers.obj
 0002:0005fd30       ?_GetBaseClass@CDlgLog@@KGPAUCRuntimeClass@@XZ 0057ed30 f   DlgLog.obj
 0002:0005fd80       ?GetThisClass@CDlgLog@@SGPAUCRuntimeClass@@XZ 0057ed80 f   DlgLog.obj
 0002:0005fdc0       ?GetRuntimeClass@CDlgLog@@UBEPAUCRuntimeClass@@XZ 0057edc0 f   DlgLog.obj
 0002:0005fe00       ??0CDlgLog@@QAE@PAVCWnd@@@Z 0057ee00 f   DlgLog.obj
 0002:0005fef0       ??_GCDlgLog@@UAEPAXI@Z     0057eef0 f i DlgLog.obj
 0002:0005fef0       ??_ECDlgLog@@UAEPAXI@Z     0057eef0 f i DlgLog.obj
 0002:0005ff60       ??1CDlgLog@@UAE@XZ         0057ef60 f   DlgLog.obj
 0002:00060020       ?DoDataExchange@CDlgLog@@MAEXPAVCDataExchange@@@Z 0057f020 f   DlgLog.obj
 0002:000600c0       ?GetMessageMap@CDlgLog@@MBEPBUAFX_MSGMAP@@XZ 0057f0c0 f   DlgLog.obj
 0002:00060110       ?GetThisMessageMap@CDlgLog@@KGPBUAFX_MSGMAP@@XZ 0057f110 f   DlgLog.obj
 0002:00060150       ?Move@CDlgLog@@QAEXHH@Z    0057f150 f   DlgLog.obj
 0002:00060230       ?Clear@CDlgLog@@QAEXXZ     0057f230 f   DlgLog.obj
 0002:00060290       ?RemoveAll@CDlgLog@@QAEXXZ 0057f290 f   DlgLog.obj
 0002:00060310       ?AddLine@CDlgLog@@QAEXPBD@Z 0057f310 f   DlgLog.obj
 0002:000603b0       ?AddParagraph@CDlgLog@@QAEXV?$CStringT@DV?$StrTraitMFC_DLL@DV?$ChTraitsCRT@D@ATL@@@@@ATL@@@Z 0057f3b0 f   DlgLog.obj
 0002:000607c0       ?AddHeader@CDlgLog@@QAEXV?$CStringT@DV?$StrTraitMFC_DLL@DV?$ChTraitsCRT@D@ATL@@@@@ATL@@H@Z 0057f7c0 f   DlgLog.obj
 0002:00060c20       ?OnBnClickedOk@CDlgLog@@QAEXXZ 0057fc20 f   DlgLog.obj
 0002:00060cb0       ?OnSetCursor@CDlgLog@@QAEHPAVCWnd@@II@Z 0057fcb0 f   DlgLog.obj
 0002:00060d40       ?OnBnClickedHideMe@CDlgLog@@QAEXXZ 0057fd40 f   DlgLog.obj
 0002:00060db0       ?OnShowMe@CDlgLog@@QAEXXZ  0057fdb0 f   DlgLog.obj
 0002:00060e30       ?OnBnClickedTXT@CDlgLog@@QAEXXZ 0057fe30 f   DlgLog.obj
 0002:00061220       ?_GetBaseClass@CDlgMoveOrigin@@KGPAUCRuntimeClass@@XZ 00580220 f   DlgMoveOrigin.obj
 0002:00061270       ?GetThisClass@CDlgMoveOrigin@@SGPAUCRuntimeClass@@XZ 00580270 f   DlgMoveOrigin.obj
 0002:000612b0       ?GetRuntimeClass@CDlgMoveOrigin@@UBEPAUCRuntimeClass@@XZ 005802b0 f   DlgMoveOrigin.obj
 0002:000612f0       ??0CDlgMoveOrigin@@QAE@PAVCWnd@@@Z 005802f0 f   DlgMoveOrigin.obj
 0002:00061410       ??_GCDlgMoveOrigin@@UAEPAXI@Z 00580410 f i DlgMoveOrigin.obj
 0002:00061410       ??_ECDlgMoveOrigin@@UAEPAXI@Z 00580410 f i DlgMoveOrigin.obj
 0002:00061480       ??1CDlgMoveOrigin@@UAE@XZ  00580480 f   DlgMoveOrigin.obj
 0002:00061590       ?DoDataExchange@CDlgMoveOrigin@@MAEXPAVCDataExchange@@@Z 00580590 f   DlgMoveOrigin.obj
 0002:000616f0       ?GetMessageMap@CDlgMoveOrigin@@MBEPBUAFX_MSGMAP@@XZ 005806f0 f   DlgMoveOrigin.obj
 0002:00061740       ?GetThisMessageMap@CDlgMoveOrigin@@KGPBUAFX_MSGMAP@@XZ 00580740 f   DlgMoveOrigin.obj
 0002:00061780       ?Initialize@CDlgMoveOrigin@@QAEXH@Z 00580780 f   DlgMoveOrigin.obj
 0002:000617f0       ?GetFields@CDlgMoveOrigin@@QAEXXZ 005807f0 f   DlgMoveOrigin.obj
 0002:000619e0       ?SetFields@CDlgMoveOrigin@@QAEXXZ 005809e0 f   DlgMoveOrigin.obj
 0002:00061cc0       ?OnCbnSelchangeUnits@CDlgMoveOrigin@@QAEXXZ 00580cc0 f   DlgMoveOrigin.obj
 0002:00061d20       ?OnBnClickedDrag@CDlgMoveOrigin@@QAEXXZ 00580d20 f   DlgMoveOrigin.obj
 0002:00061d80       ?OnBnClickedSet@CDlgMoveOrigin@@QAEXXZ 00580d80 f   DlgMoveOrigin.obj
 0002:00061de0       ?_GetBaseClass@CDlgMyMessageBox@@KGPAUCRuntimeClass@@XZ 00580de0 f   DlgMyMessageBox.obj
 0002:00061e30       ?GetThisClass@CDlgMyMessageBox@@SGPAUCRuntimeClass@@XZ 00580e30 f   DlgMyMessageBox.obj
 0002:00061e70       ?GetRuntimeClass@CDlgMyMessageBox@@UBEPAUCRuntimeClass@@XZ 00580e70 f   DlgMyMessageBox.obj
 0002:00061eb0       ??0CDlgMyMessageBox@@QAE@PAVCWnd@@@Z 00580eb0 f   DlgMyMessageBox.obj
 0002:00061fe0       ??_GCDlgMyMessageBox@@UAEPAXI@Z 00580fe0 f i DlgMyMessageBox.obj
 0002:00061fe0       ??_ECDlgMyMessageBox@@UAEPAXI@Z 00580fe0 f i DlgMyMessageBox.obj
 0002:00062050       ??1CDlgMyMessageBox@@UAE@XZ 00581050 f   DlgMyMessageBox.obj
 0002:00062170       ?DoDataExchange@CDlgMyMessageBox@@MAEXPAVCDataExchange@@@Z 00581170 f   DlgMyMessageBox.obj
 0002:00062420       ?GetMessageMap@CDlgMyMessageBox@@MBEPBUAFX_MSGMAP@@XZ 00581420 f   DlgMyMessageBox.obj
 0002:00062470       ?GetThisMessageMap@CDlgMyMessageBox@@KGPBUAFX_MSGMAP@@XZ 00581470 f   DlgMyMessageBox.obj
 0002:000624b0       ?Initialize@CDlgMyMessageBox@@QAEXPBD_J@Z 005814b0 f   DlgMyMessageBox.obj
 0002:00062540       ?_GetBaseClass@CDlgMyMessageBox2@@KGPAUCRuntimeClass@@XZ 00581540 f   DlgMyMessageBox2.obj
 0002:00062590       ?GetThisClass@CDlgMyMessageBox2@@SGPAUCRuntimeClass@@XZ 00581590 f   DlgMyMessageBox2.obj
 0002:000625d0       ?GetRuntimeClass@CDlgMyMessageBox2@@UBEPAUCRuntimeClass@@XZ 005815d0 f   DlgMyMessageBox2.obj
 0002:00062610       ??0CDlgMyMessageBox2@@QAE@PAVCWnd@@@Z 00581610 f   DlgMyMessageBox2.obj
 0002:000626f0       ??_ECDlgMyMessageBox2@@UAEPAXI@Z 005816f0 f i DlgMyMessageBox2.obj
 0002:000626f0       ??_GCDlgMyMessageBox2@@UAEPAXI@Z 005816f0 f i DlgMyMessageBox2.obj
 0002:00062760       ??1CDlgMyMessageBox2@@UAE@XZ 00581760 f   DlgMyMessageBox2.obj
 0002:00062830       ?DoDataExchange@CDlgMyMessageBox2@@MAEXPAVCDataExchange@@@Z 00581830 f   DlgMyMessageBox2.obj
 0002:00062950       ?GetMessageMap@CDlgMyMessageBox2@@MBEPBUAFX_MSGMAP@@XZ 00581950 f   DlgMyMessageBox2.obj
 0002:000629a0       ?GetThisMessageMap@CDlgMyMessageBox2@@KGPBUAFX_MSGMAP@@XZ 005819a0 f   DlgMyMessageBox2.obj
 0002:000629e0       ?Initialize@CDlgMyMessageBox2@@QAEXPAV?$CStringT@DV?$StrTraitMFC_DLL@DV?$ChTraitsCRT@D@ATL@@@@@ATL@@@Z 005819e0 f   DlgMyMessageBox2.obj
 0002:00062a30       ?ComparePartlist@@YGHJJJ@Z 00581a30 f   DlgPartlist.obj
 0002:000631e0       ?_GetBaseClass@CDlgPartlist@@KGPAUCRuntimeClass@@XZ 005821e0 f   DlgPartlist.obj
 0002:00063230       ?GetThisClass@CDlgPartlist@@SGPAUCRuntimeClass@@XZ 00582230 f   DlgPartlist.obj
 0002:00063270       ?GetRuntimeClass@CDlgPartlist@@UBEPAUCRuntimeClass@@XZ 00582270 f   DlgPartlist.obj
 0002:000632b0       ??0CDlgPartlist@@QAE@PAVCWnd@@@Z 005822b0 f   DlgPartlist.obj
 0002:00063400       ??_GCDlgPartlist@@UAEPAXI@Z 00582400 f i DlgPartlist.obj
 0002:00063400       ??_ECDlgPartlist@@UAEPAXI@Z 00582400 f i DlgPartlist.obj
 0002:00063470       ??1CDlgPartlist@@UAE@XZ    00582470 f   DlgPartlist.obj
 0002:000635b0       ?DoDataExchange@CDlgPartlist@@MAEXPAVCDataExchange@@@Z 005825b0 f   DlgPartlist.obj
 0002:000638f0       ?GetMessageMap@CDlgPartlist@@MBEPBUAFX_MSGMAP@@XZ 005828f0 f   DlgPartlist.obj
 0002:00063940       ?GetThisMessageMap@CDlgPartlist@@KGPBUAFX_MSGMAP@@XZ 00582940 f   DlgPartlist.obj
 0002:00063980       ?OnInitDialog@CDlgPartlist@@UAEHXZ 00582980 f   DlgPartlist.obj
 0002:000639f0       ?DrawListCtrl@CDlgPartlist@@QAEXXZ 005829f0 f   DlgPartlist.obj
 0002:00063dc0       ?Initialize@CDlgPartlist@@QAEXPAVCFreePcbView@@@Z 00582dc0 f   DlgPartlist.obj
 0002:00063f00       ?OnLvnColumnClickList1@CDlgPartlist@@QAEXPAUtagNMHDR@@PAJ@Z 00582f00 f   DlgPartlist.obj
 0002:000640f0       ?OnNMClickList1@CDlgPartlist@@QAEXPAUtagNMHDR@@PAJ@Z 005830f0 f   DlgPartlist.obj
 0002:00064150       ?SaveSelections@CDlgPartlist@@QAEXXZ 00583150 f   DlgPartlist.obj
 0002:000642a0       ?RestoreSelections@CDlgPartlist@@QAEXXZ 005832a0 f   DlgPartlist.obj
 0002:000643b0       ?OnJumpTo@CDlgPartlist@@QAEXPAUtagNMHDR@@PAJ@Z 005833b0 f   DlgPartlist.obj
 0002:00064410       ?JumpTo@CDlgPartlist@@QAEXXZ 00583410 f   DlgPartlist.obj
 0002:00064720       ?Size@CDlgPartlist@@QAEXHHH@Z 00583720 f   DlgPartlist.obj
 0002:00064980       ?OnSize@CDlgPartlist@@IAEXIHH@Z 00583980 f   DlgPartlist.obj
 0002:000649f0       ?OnMove@CDlgPartlist@@IAEXHH@Z 005839f0 f   DlgPartlist.obj
 0002:00064b20       ?OnFilter@CDlgPartlist@@QAEXXZ 00583b20 f   DlgPartlist.obj
 0002:00065bb0       ?Find@CDlgPartlist@@QAEHPAV?$CStringT@DV?$StrTraitMFC_DLL@DV?$ChTraitsCRT@D@ATL@@@@@ATL@@0@Z 00584bb0 f   DlgPartlist.obj
 0002:00065cc0       ?ReDraw@CDlgPartlist@@QAEXXZ 00584cc0 f   DlgPartlist.obj
 0002:00065d30       ?OnCancel@CDlgPartlist@@UAEXXZ 00584d30 f   DlgPartlist.obj
 0002:00065da0       ?OnHighlight@CDlgPartlist@@QAEXXZ 00584da0 f   DlgPartlist.obj
 0002:00066300       ?OnChange@CDlgPartlist@@QAEXXZ 00585300 f   DlgPartlist.obj
 0002:00066360       ?OnPCBCheck@CDlgPartlist@@QAEXXZ 00585360 f   DlgPartlist.obj
 0002:000663c0       ?GetColWidths@CDlgPartlist@@QAEXXZ 005853c0 f   DlgPartlist.obj
 0002:000665e0       ?OnTXT@CDlgPartlist@@QAEXXZ 005855e0 f   DlgPartlist.obj
 0002:00067490       ?InvertSelection@CDlgPartlist@@QAEXXZ 00586490 f   DlgPartlist.obj
 0002:00067570       ?GetPCBButtonCheck@CDlgPartlist@@QAEHXZ 00586570 f   DlgPartlist.obj
 0002:000675d0       ?OnBnClickedSall@CDlgPartlist@@QAEXXZ 005865d0 f   DlgPartlist.obj
 0002:00067670       ?OnBnClickedHpcb@CDlgPartlist@@QAEXXZ 00586670 f   DlgPartlist.obj
 0002:000676e0       ?OnEnChangeFilter@CDlgPartlist@@QAEXXZ 005866e0 f   DlgPartlist.obj
 0002:00067720       ?GetSize@?$CArray@HABH@@QBEHXZ 00586720 f i DlgPartlist.obj
 0002:00067760       ??_9CDlgPartlist@@$BBII@AE 00586760 f i DlgPartlist.obj
 0002:00067770       ??0?$CArray@HABH@@QAE@XZ   00586770 f i DlgPartlist.obj
 0002:00067800       ?SetSize@?$CArray@HABH@@QAEXHH@Z 00586800 f i DlgPartlist.obj
 0002:00067d90       ?RemoveAll@?$CArray@HABH@@QAEXXZ 00586d90 f i DlgPartlist.obj
 0002:00067df0       ?Add@?$CArray@HABH@@QAEHABH@Z 00586df0 f i DlgPartlist.obj
 0002:00067e60       ??A?$CArray@HABH@@QAEAAHH@Z 00586e60 f i DlgPartlist.obj
 0002:00067ec0       ??1?$CArray@HABH@@UAE@XZ   00586ec0 f i DlgPartlist.obj
 0002:00067fd0       ?Serialize@?$CArray@HABH@@UAEXAAVCArchive@@@Z 00586fd0 f i DlgPartlist.obj
 0002:000680a0       ?Dump@?$CArray@HABH@@UBEXAAVCDumpContext@@@Z 005870a0 f i DlgPartlist.obj
 0002:00068180       ?AssertValid@?$CArray@HABH@@UBEXXZ 00587180 f i DlgPartlist.obj
 0002:000682e0       ??_E?$CArray@HABH@@UAEPAXI@Z 005872e0 f i DlgPartlist.obj
 0002:000682e0       ??_G?$CArray@HABH@@UAEPAXI@Z 005872e0 f i DlgPartlist.obj
 0002:00068350       ?ElementAt@?$CArray@HABH@@QAEAAHH@Z 00587350 f i DlgPartlist.obj
 0002:00068400       ?SetAtGrow@?$CArray@HABH@@QAEXHABH@Z 00587400 f i DlgPartlist.obj
 0002:000684d0       ??$SerializeElements@H@@YGXAAVCArchive@@PAHH@Z 005874d0 f i DlgPartlist.obj
 0002:000686c0       ??$DumpElements@H@@YGXAAVCDumpContext@@PBHH@Z 005876c0 f i DlgPartlist.obj
 0002:000687b0       ?_GetBaseClass@CDlgPDFLayers@@KGPAUCRuntimeClass@@XZ 005877b0 f   DlgPDFLayers.obj
 0002:00068800       ?GetThisClass@CDlgPDFLayers@@SGPAUCRuntimeClass@@XZ 00587800 f   DlgPDFLayers.obj
 0002:00068840       ?GetRuntimeClass@CDlgPDFLayers@@UBEPAUCRuntimeClass@@XZ 00587840 f   DlgPDFLayers.obj
 0002:00068880       ??0CDlgPDFLayers@@QAE@PAVCWnd@@@Z 00587880 f   DlgPDFLayers.obj
 0002:00068970       ??_GCDlgPDFLayers@@UAEPAXI@Z 00587970 f i DlgPDFLayers.obj
 0002:00068970       ??_ECDlgPDFLayers@@UAEPAXI@Z 00587970 f i DlgPDFLayers.obj
 0002:000689e0       ??1CDlgPDFLayers@@UAE@XZ   005879e0 f   DlgPDFLayers.obj
 0002:00068ac0       ?DoDataExchange@CDlgPDFLayers@@MAEXPAVCDataExchange@@@Z 00587ac0 f   DlgPDFLayers.obj
 0002:00069540       ?GetMessageMap@CDlgPDFLayers@@MBEPBUAFX_MSGMAP@@XZ 00588540 f   DlgPDFLayers.obj
 0002:00069590       ?GetThisMessageMap@CDlgPDFLayers@@KGPBUAFX_MSGMAP@@XZ 00588590 f   DlgPDFLayers.obj
 0002:000695d0       ?Initialize@CDlgPDFLayers@@QAEXHQAHQAY02HQAPADHHMHHH@Z 005885d0 f   DlgPDFLayers.obj
 0002:000698f0       ?OnCtlColor@CDlgPDFLayers@@QAEPAUHBRUSH__@@PAVCDC@@PAVCWnd@@I@Z 005888f0 f   DlgPDFLayers.obj
 0002:00069aa0       ?OnBnClickedButtonLayer1@CDlgPDFLayers@@QAEXXZ 00588aa0 f   DlgPDFLayers.obj
 0002:00069b00       ?OnBnClickedButtonLayer2@CDlgPDFLayers@@QAEXXZ 00588b00 f   DlgPDFLayers.obj
 0002:00069b60       ?OnBnClickedButtonLayer3@CDlgPDFLayers@@QAEXXZ 00588b60 f   DlgPDFLayers.obj
 0002:00069bc0       ?OnBnClickedButtonLayer4@CDlgPDFLayers@@QAEXXZ 00588bc0 f   DlgPDFLayers.obj
 0002:00069c20       ?OnBnClickedButtonLayer5@CDlgPDFLayers@@QAEXXZ 00588c20 f   DlgPDFLayers.obj
 0002:00069c80       ?OnBnClickedButtonLayer6@CDlgPDFLayers@@QAEXXZ 00588c80 f   DlgPDFLayers.obj
 0002:00069ce0       ?OnBnClickedButtonLayer7@CDlgPDFLayers@@QAEXXZ 00588ce0 f   DlgPDFLayers.obj
 0002:00069d40       ?OnBnClickedButtonLayer8@CDlgPDFLayers@@QAEXXZ 00588d40 f   DlgPDFLayers.obj
 0002:00069da0       ?OnBnClickedButtonLayer9@CDlgPDFLayers@@QAEXXZ 00588da0 f   DlgPDFLayers.obj
 0002:00069e00       ?OnBnClickedButtonLayer10@CDlgPDFLayers@@QAEXXZ 00588e00 f   DlgPDFLayers.obj
 0002:00069e60       ?OnBnClickedButtonLayer11@CDlgPDFLayers@@QAEXXZ 00588e60 f   DlgPDFLayers.obj
 0002:00069ec0       ?OnBnClickedButtonLayer12@CDlgPDFLayers@@QAEXXZ 00588ec0 f   DlgPDFLayers.obj
 0002:00069f20       ?OnBnClickedButtonLayer13@CDlgPDFLayers@@QAEXXZ 00588f20 f   DlgPDFLayers.obj
 0002:00069f80       ?OnBnClickedButtonLayer14@CDlgPDFLayers@@QAEXXZ 00588f80 f   DlgPDFLayers.obj
 0002:00069fe0       ?OnBnClickedButtonLayer15@CDlgPDFLayers@@QAEXXZ 00588fe0 f   DlgPDFLayers.obj
 0002:0006a040       ?OnBnClickedButtonLayer16@CDlgPDFLayers@@QAEXXZ 00589040 f   DlgPDFLayers.obj
 0002:0006a0a0       ?OnBnClickedButtonLayer17@CDlgPDFLayers@@QAEXXZ 005890a0 f   DlgPDFLayers.obj
 0002:0006a100       ?OnBnClickedButtonLayer18@CDlgPDFLayers@@QAEXXZ 00589100 f   DlgPDFLayers.obj
 0002:0006a160       ?OnBnClickedButtonLayer19@CDlgPDFLayers@@QAEXXZ 00589160 f   DlgPDFLayers.obj
 0002:0006a1c0       ?OnBnClickedButtonLayer20@CDlgPDFLayers@@QAEXXZ 005891c0 f   DlgPDFLayers.obj
 0002:0006a220       ?OnBnClickedButtonLayer21@CDlgPDFLayers@@QAEXXZ 00589220 f   DlgPDFLayers.obj
 0002:0006a280       ?OnBnClickedButtonLayer22@CDlgPDFLayers@@QAEXXZ 00589280 f   DlgPDFLayers.obj
 0002:0006a2e0       ?OnBnClickedButtonLayer23@CDlgPDFLayers@@QAEXXZ 005892e0 f   DlgPDFLayers.obj
 0002:0006a340       ?OnBnClickedButtonLayer24@CDlgPDFLayers@@QAEXXZ 00589340 f   DlgPDFLayers.obj
 0002:0006a3a0       ?OnBnClickedButtonLayer25@CDlgPDFLayers@@QAEXXZ 005893a0 f   DlgPDFLayers.obj
 0002:0006a400       ?OnBnClickedButtonLayer26@CDlgPDFLayers@@QAEXXZ 00589400 f   DlgPDFLayers.obj
 0002:0006a460       ?OnBnClickedButtonLayer27@CDlgPDFLayers@@QAEXXZ 00589460 f   DlgPDFLayers.obj
 0002:0006a4c0       ?OnBnClickedButtonLayer28@CDlgPDFLayers@@QAEXXZ 005894c0 f   DlgPDFLayers.obj
 0002:0006a520       ?OnBnClickedButtonLayer29@CDlgPDFLayers@@QAEXXZ 00589520 f   DlgPDFLayers.obj
 0002:0006a580       ?OnBnClickedButtonLayer30@CDlgPDFLayers@@QAEXXZ 00589580 f   DlgPDFLayers.obj
 0002:0006a5e0       ?OnBnClickedButtonLayer31@CDlgPDFLayers@@QAEXXZ 005895e0 f   DlgPDFLayers.obj
 0002:0006a640       ?EditColor@CDlgPDFLayers@@QAEXH@Z 00589640 f   DlgPDFLayers.obj
 0002:0006a830       ?OnBnCancel@CDlgPDFLayers@@QAEXXZ 00589830 f   DlgPDFLayers.obj
 0002:0006a8c0       ?OnCbnSelchangeTextFonts@CDlgPDFLayers@@QAEXXZ 005898c0 f   DlgPDFLayers.obj
 0002:0006a900       ?_GetBaseClass@DlgPinMap@@KGPAUCRuntimeClass@@XZ 00589900 f   DlgPinMap.obj
 0002:0006a950       ?GetThisClass@DlgPinMap@@SGPAUCRuntimeClass@@XZ 00589950 f   DlgPinMap.obj
 0002:0006a990       ?GetRuntimeClass@DlgPinMap@@UBEPAUCRuntimeClass@@XZ 00589990 f   DlgPinMap.obj
 0002:0006a9d0       ??0DlgPinMap@@QAE@PAVCWnd@@@Z 005899d0 f   DlgPinMap.obj
 0002:0006aaf0       ??_GDlgPinMap@@UAEPAXI@Z   00589af0 f i DlgPinMap.obj
 0002:0006aaf0       ??_EDlgPinMap@@UAEPAXI@Z   00589af0 f i DlgPinMap.obj
 0002:0006ab60       ??1DlgPinMap@@UAE@XZ       00589b60 f   DlgPinMap.obj
 0002:0006ac60       ?DoDataExchange@DlgPinMap@@MAEXPAVCDataExchange@@@Z 00589c60 f   DlgPinMap.obj
 0002:0006cfe0       ?GetMessageMap@DlgPinMap@@MBEPBUAFX_MSGMAP@@XZ 0058bfe0 f   DlgPinMap.obj
 0002:0006d030       ?GetThisMessageMap@DlgPinMap@@KGPBUAFX_MSGMAP@@XZ 0058c030 f   DlgPinMap.obj
 0002:0006d070       ?Initialize@DlgPinMap@@QAEXPAVCText@@PAVCPageList@@@Z 0058c070 f   DlgPinMap.obj
 0002:0006d0d0       ?Filter@DlgPinMap@@QAEXXZ  0058c0d0 f   DlgPinMap.obj
 0002:0006d400       ?OnChange@DlgPinMap@@QAEXXZ 0058c400 f   DlgPinMap.obj
 0002:0006d450       ?OnSize@DlgPinMap@@IAEXIHH@Z 0058c450 f   DlgPinMap.obj
 0002:0006d5b0       ?OnLbnSelchangePinlist@DlgPinMap@@QAEXXZ 0058c5b0 f   DlgPinMap.obj
 0002:0006e660       ?OnBnClickedPinbutt@DlgPinMap@@QAEXXZ 0058d660 f   DlgPinMap.obj
 0002:0006ea90       ?WidthCompare@@YGHJJJ@Z    0058da90 f   DlgProjectOptions.obj
 0002:0006eaf0       ?_GetBaseClass@CDlgProjectOptions@@KGPAUCRuntimeClass@@XZ 0058daf0 f   DlgProjectOptions.obj
 0002:0006eb40       ?GetThisClass@CDlgProjectOptions@@SGPAUCRuntimeClass@@XZ 0058db40 f   DlgProjectOptions.obj
 0002:0006eb80       ?GetRuntimeClass@CDlgProjectOptions@@UBEPAUCRuntimeClass@@XZ 0058db80 f   DlgProjectOptions.obj
 0002:0006ebc0       ??0CDlgProjectOptions@@QAE@PAVCWnd@@@Z 0058dbc0 f   DlgProjectOptions.obj
 0002:0006edb0       ??_ECDlgProjectOptions@@UAEPAXI@Z 0058ddb0 f i DlgProjectOptions.obj
 0002:0006edb0       ??_GCDlgProjectOptions@@UAEPAXI@Z 0058ddb0 f i DlgProjectOptions.obj
 0002:0006ee20       ??1CDlgProjectOptions@@UAE@XZ 0058de20 f   DlgProjectOptions.obj
 0002:0006efb0       ?DoDataExchange@CDlgProjectOptions@@EAEXPAVCDataExchange@@@Z 0058dfb0 f   DlgProjectOptions.obj
 0002:0006fde0       ?GetMessageMap@CDlgProjectOptions@@MBEPBUAFX_MSGMAP@@XZ 0058ede0 f   DlgProjectOptions.obj
 0002:0006fe30       ?GetThisMessageMap@CDlgProjectOptions@@KGPBUAFX_MSGMAP@@XZ 0058ee30 f   DlgProjectOptions.obj
 0002:0006fe70       ?Init@CDlgProjectOptions@@QAEXHPAV?$CStringT@DV?$StrTraitMFC_DLL@DV?$ChTraitsCRT@D@ATL@@@@@ATL@@000HHHHHHMN@Z 0058ee70 f   DlgProjectOptions.obj
 0002:000705a0       ?OnInitDialog@CDlgProjectOptions@@EAEHXZ 0058f5a0 f   DlgProjectOptions.obj
 0002:00070650       ?OnEnChangeEditName@CDlgProjectOptions@@IAEXXZ 0058f650 f   DlgProjectOptions.obj
 0002:00070690       ?OnEnChangeEditFolder@CDlgProjectOptions@@IAEXXZ 0058f690 f   DlgProjectOptions.obj
 0002:000706f0       ?OnEnSetfocusEditFolder@CDlgProjectOptions@@IAEXXZ 0058f6f0 f   DlgProjectOptions.obj
 0002:00070740       ?OnEnKillfocusEditFolder@CDlgProjectOptions@@IAEXXZ 0058f740 f   DlgProjectOptions.obj
 0002:00070790       ?OnBnClickedButtonLib@CDlgProjectOptions@@QAEXXZ 0058f790 f   DlgProjectOptions.obj
 0002:000709d0       ?OnBnClickedButtonProjectFolder@CDlgProjectOptions@@QAEXXZ 0058f9d0 f   DlgProjectOptions.obj
 0002:00070c40       ?OnBnClickedQ11@CDlgProjectOptions@@QAEXXZ 0058fc40 f   DlgProjectOptions.obj
 0002:00070cc0       ?OnBnClickedDefaultFolder@CDlgProjectOptions@@QAEXXZ 0058fcc0 f   DlgProjectOptions.obj
 0002:00070d00       ?_GetBaseClass@CDlgProtection@@KGPAUCRuntimeClass@@XZ 0058fd00 f   DlgProtection.obj
 0002:00070d50       ?GetThisClass@CDlgProtection@@SGPAUCRuntimeClass@@XZ 0058fd50 f   DlgProtection.obj
[...]
 0005:0000254c       __imp_?get_accDefaultAction@CWnd@@UAEJUtagVARIANT@@PAPA_W@Z 007be54c     mfc100d:mfc100d.dll
 0005:00002550       __imp_?get_accSelection@CWnd@@UAEJPAUtagVARIANT@@@Z 007be550     mfc100d:mfc100d.dll
 0005:00002554       __imp_?get_accFocus@CWnd@@UAEJPAUtagVARIANT@@@Z 007be554     mfc100d:mfc100d.dll
 0005:00002558       __imp_?get_accKeyboardShortcut@CWnd@@UAEJUtagVARIANT@@PAPA_W@Z 007be558     mfc100d:mfc100d.dll
 0005:0000255c       __imp_?get_accHelpTopic@CWnd@@UAEJPAPA_WUtagVARIANT@@PAJ@Z 007be55c     mfc100d:mfc100d.dll
 0005:00002560       __imp_?get_accHelp@CWnd@@UAEJUtagVARIANT@@PAPA_W@Z 007be560     mfc100d:mfc100d.dll
 0005:00002564       __imp_?get_accState@CWnd@@UAEJUtagVARIANT@@PAU2@@Z 007be564     mfc100d:mfc100d.dll
 0005:00002568       __imp_?get_accRole@CWnd@@UAEJUtagVARIANT@@PAU2@@Z 007be568     mfc100d:mfc100d.dll
 0005:0000256c       __imp_?get_accDescription@CWnd@@UAEJUtagVARIANT@@PAPA_W@Z 007be56c     mfc100d:mfc100d.dll
 0005:00002570       __imp_?get_accValue@CWnd@@UAEJUtagVARIANT@@PAPA_W@Z 007be570     mfc100d:mfc100d.dll
 0005:00002574       __imp_?get_accName@CWnd@@UAEJUtagVARIANT@@PAPA_W@Z 007be574     mfc100d:mfc100d.dll
 0005:00002578       __imp_?get_accChild@CWnd@@UAEJUtagVARIANT@@PAPAUIDispatch@@@Z 007be578     mfc100d:mfc100d.dll
 0005:0000257c       __imp_?get_accChildCount@CWnd@@UAEJPAJ@Z 007be57c     mfc100d:mfc100d.dll
 0005:00002580       __imp_?get_accParent@CWnd@@UAEJPAPAUIDispatch@@@Z 007be580     mfc100d:mfc100d.dll
 0005:00002584       __imp_?EnsureStdObj@CWnd@@UAEJXZ 007be584     mfc100d:mfc100d.dll
 0005:00002588       __imp_?OnDrawIconicThumbnailOrLivePreview@CWnd@@UAEXAAVCDC@@VCRect@@VCSize@@HAAH@Z 007be588     mfc100d:mfc100d.dll
 0005:0000258c       __imp_?EndModalLoop@CWnd@@UAEXH@Z 007be58c     mfc100d:mfc100d.dll
 0005:00002590       __imp_?ContinueModal@CWnd@@UAEHXZ 007be590     mfc100d:mfc100d.dll
 0005:00002594       __imp_?WinHelpInternal@CWnd@@UAEXKI@Z 007be594     mfc100d:mfc100d.dll
 0005:00002598       __imp_?HtmlHelpA@CWnd@@UAEXKI@Z 007be598     mfc100d:mfc100d.dll
 0005:0000259c       __imp_?WinHelpA@CWnd@@UAEXKI@Z 007be59c     mfc100d:mfc100d.dll
 0005:000025a0       __imp_?GetScrollBarCtrl@CWnd@@UBEPAVCScrollBar@@H@Z 007be5a0     mfc100d:mfc100d.dll
 0005:000025a4       __imp_?OnToolHitTest@CWnd@@UBEHVCPoint@@PAUtagTOOLINFOA@@@Z 007be5a4     mfc100d:mfc100d.dll
 0005:000025a8       __imp_?SetMenu@CWnd@@UAEHPAVCMenu@@@Z 007be5a8     mfc100d:mfc100d.dll
 0005:000025ac       __imp_?GetMenu@CWnd@@UBEPAVCMenu@@XZ 007be5ac     mfc100d:mfc100d.dll
 0005:000025b0       __imp_?CalcWindowRect@CWnd@@UAEXPAUtagRECT@@I@Z 007be5b0     mfc100d:mfc100d.dll
 0005:000025b4       __imp_?PreCreateWindow@CWnd@@UAEHAAUtagCREATESTRUCTA@@@Z 007be5b4     mfc100d:mfc100d.dll
 0005:000025b8       __imp_?DestroyWindow@CWnd@@UAEHXZ 007be5b8     mfc100d:mfc100d.dll
 0005:000025bc       __imp_?CreateEx@CWnd@@UAEHKPBD0KHHHHPAUHWND__@@PAUHMENU__@@PAX@Z 007be5bc     mfc100d:mfc100d.dll
 0005:000025c0       __imp_?CreateEx@CWnd@@UAEHKPBD0KABUtagRECT@@PAV1@IPAX@Z 007be5c0     mfc100d:mfc100d.dll
 0005:000025c4       __imp_?Create@CWnd@@UAEHPBD0KABUtagRECT@@PAV1@IPAUCCreateContext@@@Z 007be5c4     mfc100d:mfc100d.dll
 0005:000025c8       __imp_?PreSubclassWindow@CWnd@@UAEXXZ 007be5c8     mfc100d:mfc100d.dll
 0005:000025cc       __imp_?GetConnectionHook@CCmdTarget@@MAEPAUIConnectionPoint@@ABU_GUID@@@Z 007be5cc     mfc100d:mfc100d.dll
 0005:000025d0       __imp_?GetExtraConnectionPoints@CCmdTarget@@MAEHPAVCPtrArray@@@Z 007be5d0     mfc100d:mfc100d.dll
 0005:000025d4       __imp_?GetInterfaceHook@CCmdTarget@@UAEPAUIUnknown@@PBX@Z 007be5d4     mfc100d:mfc100d.dll
 0005:000025d8       __imp_?OnCreateAggregates@CCmdTarget@@UAEHXZ 007be5d8     mfc100d:mfc100d.dll
 0005:000025dc       __imp_?GetEventSinkMap@CCmdTarget@@MBEPBUAFX_EVENTSINKMAP@@XZ 007be5dc     mfc100d:mfc100d.dll
 0005:000025e0       __imp_?GetInterfaceMap@CWnd@@MBEPBUAFX_INTERFACEMAP@@XZ 007be5e0     mfc100d:mfc100d.dll
 0005:000025e4       __imp_?GetConnectionMap@CCmdTarget@@MBEPBUAFX_CONNECTIONMAP@@XZ 007be5e4     mfc100d:mfc100d.dll
 0005:000025e8       __imp_?GetDispatchMap@CCmdTarget@@MBEPBUAFX_DISPMAP@@XZ 007be5e8     mfc100d:mfc100d.dll
 0005:000025ec       __imp_?GetCommandMap@CCmdTarget@@MBEPBUAFX_OLECMDMAP@@XZ 007be5ec     mfc100d:mfc100d.dll
 0005:000025f0       __imp_?GetTypeLib@CCmdTarget@@UAEJKPAPAUITypeLib@@@Z 007be5f0     mfc100d:mfc100d.dll
 0005:000025f4       __imp_?LoadMenuA@CMenu@@QAEHI@Z 007be5f4     mfc100d:mfc100d.dll
 0005:000025f8       __imp_?GetSubMenu@CMenu@@QBEPAV1@H@Z 007be5f8     mfc100d:mfc100d.dll
 0005:000025fc       __imp_?EnableMenuItem@CMenu@@QAEIII@Z 007be5fc     mfc100d:mfc100d.dll
 0005:00002600       __imp_?TrackPopupMenu@CMenu@@QAEHIHHPAVCWnd@@PBUtagRECT@@@Z 007be600     mfc100d:mfc100d.dll
 0005:00002604       __imp_??1CMenu@@UAE@XZ     007be604     mfc100d:mfc100d.dll
 0005:00002608       __imp_?SetItemText@CListCtrl@@QAEHHHPBD@Z 007be608     mfc100d:mfc100d.dll
 0005:0000260c       __imp_?TrimRight@?$CStringT@DV?$StrTraitMFC_DLL@DV?$ChTraitsCRT@D@ATL@@@@@ATL@@QAEAAV12@XZ 007be60c     mfc100d:mfc100d.dll
 0005:00002610       __imp_?DDX_Text@@YGXPAVCDataExchange@@HAAH@Z 007be610     mfc100d:mfc100d.dll
 0005:00002614       __imp_?DDV_MinMaxInt@@YGXPAVCDataExchange@@HHH@Z 007be614     mfc100d:mfc100d.dll
 0005:00002618       __imp_?DDX_Text@@YGXPAVCDataExchange@@HAAN@Z 007be618     mfc100d:mfc100d.dll
 0005:0000261c       __imp_?DDV_MinMaxDouble@@YGXPAVCDataExchange@@ABNNN@Z 007be61c     mfc100d:mfc100d.dll
 0005:00002620       __imp_?SelectString@CListBox@@QAEHHPBD@Z 007be620     mfc100d:mfc100d.dll
 0005:00002624       __imp_??4?$CStringT@DV?$StrTraitMFC_DLL@DV?$ChTraitsCRT@D@ATL@@@@@ATL@@QAEAAV01@D@Z 007be624     mfc100d:mfc100d.dll
 0005:00002628       __imp_?GetSelectedCount@CListCtrl@@QBEIXZ 007be628     mfc100d:mfc100d.dll
 0005:0000262c       __imp_?GetItemText@CListCtrl@@QBE?AV?$CStringT@DV?$StrTraitMFC_DLL@DV?$ChTraitsCRT@D@ATL@@@@@ATL@@HH@Z 007be62c     mfc100d:mfc100d.dll
 0005:00002630       __imp_?GetColumnWidth@CListCtrl@@QBEHH@Z 007be630     mfc100d:mfc100d.dll
 0005:00002634       __imp_?SetItemState@CListCtrl@@QAEHHII@Z 007be634     mfc100d:mfc100d.dll
 0005:00002638       __imp_?GetItemCount@CListCtrl@@QBEHXZ 007be638     mfc100d:mfc100d.dll
 0005:0000263c       __imp_?GetItemData@CListCtrl@@QBEKH@Z 007be63c     mfc100d:mfc100d.dll
 0005:00002640       __imp_?GetItemState@CListCtrl@@QBEIHI@Z 007be640     mfc100d:mfc100d.dll
 0005:00002644       __imp_?GetExtendedStyle@CListCtrl@@QBEKXZ 007be644     mfc100d:mfc100d.dll
 0005:00002648       __imp_?SetExtendedStyle@CListCtrl@@QAEKK@Z 007be648     mfc100d:mfc100d.dll
 0005:0000264c       __imp_?DeleteAllItems@CListCtrl@@QAEHXZ 007be64c     mfc100d:mfc100d.dll
 0005:00002650       __imp_?InsertItem@CListCtrl@@QAEHHPBD@Z 007be650     mfc100d:mfc100d.dll
 0005:00002654       __imp_?SetItemData@CListCtrl@@QAEHHK@Z 007be654     mfc100d:mfc100d.dll
 0005:00002658       __imp_?SetItem@CListCtrl@@QAEHHHIPBDHIIJ@Z 007be658     mfc100d:mfc100d.dll
 0005:0000265c       __imp_?SortItems@CListCtrl@@QAEHP6GHJJJ@ZK@Z 007be65c     mfc100d:mfc100d.dll
 0005:00002660       __imp_?InsertColumn@CListCtrl@@QAEHHPBDHHH@Z 007be660     mfc100d:mfc100d.dll
 0005:00002664       __imp_?GetWindow@CWnd@@QBEPAV1@I@Z 007be664     mfc100d:mfc100d.dll
 0005:00002668       __imp_??0CListCtrl@@QAE@XZ 007be668     mfc100d:mfc100d.dll
 0005:0000266c       __imp_??1CListCtrl@@UAE@XZ 007be66c     mfc100d:mfc100d.dll
 0005:00002670       __imp_?MoveWindow@CWnd@@QAEXHHHHH@Z 007be670     mfc100d:mfc100d.dll
 0005:00002674       __imp_?OnSetCursor@CWnd@@IAEHPAV1@II@Z 007be674     mfc100d:mfc100d.dll
 0005:00002678       __imp_?GetWindowTextLengthA@CWnd@@QBEHXZ 007be678     mfc100d:mfc100d.dll
 0005:0000267c       __imp_?SetSel@CEdit@@QAEXHHH@Z 007be67c     mfc100d:mfc100d.dll
 0005:00002680       __imp_?ReplaceSel@CEdit@@QAEXPBDH@Z 007be680     mfc100d:mfc100d.dll
 0005:00002684       __imp_?MoveWindow@CWnd@@QAEXPBUtagRECT@@H@Z 007be684     mfc100d:mfc100d.dll
 0005:00002688       __imp_?LimitText@CEdit@@QAEXH@Z 007be688     mfc100d:mfc100d.dll
 0005:0000268c       __imp_?OnCancel@CCommonDialog@@MAEXXZ 007be68c     mfc100d:mfc100d.dll
 0005:00002690       __imp_?GetTypeLibCache@CCmdTarget@@UAEPAVCTypeLibCache@@XZ 007be690     mfc100d:mfc100d.dll
 0005:00002694       __imp_?GetTypeInfoCount@CCmdTarget@@UAEIXZ 007be694     mfc100d:mfc100d.dll
 0005:00002698       __imp_?GetDispatchIID@CCmdTarget@@UAEHPAU_GUID@@@Z 007be698     mfc100d:mfc100d.dll
 0005:0000269c       __imp_?OnOK@CCommonDialog@@MAEXXZ 007be69c     mfc100d:mfc100d.dll
 0005:000026a0       __imp_?GetMessageMap@CCommonDialog@@MBEPBUAFX_MSGMAP@@XZ 007be6a0     mfc100d:mfc100d.dll
 0005:000026a4       __imp_?GetRuntimeClass@CCommonDialog@@UBEPAUCRuntimeClass@@XZ 007be6a4     mfc100d:mfc100d.dll
 0005:000026a8       __imp_??0CColorDialog@@QAE@KKPAVCWnd@@@Z 007be6a8     mfc100d:mfc100d.dll
 0005:000026ac       __imp_?DoModal@CColorDialog@@UAEHXZ 007be6ac     mfc100d:mfc100d.dll
 0005:000026b0       __imp_?GetColor@CColorDialog@@QBEKXZ 007be6b0     mfc100d:mfc100d.dll
 0005:000026b4       __imp_?OnCtlColor@CWnd@@IAEPAUHBRUSH__@@PAVCDC@@PAV1@I@Z 007be6b4     mfc100d:mfc100d.dll
 0005:000026b8       __imp_?GetDlgCtrlID@CWnd@@QBEHXZ 007be6b8     mfc100d:mfc100d.dll
 0005:000026bc       __imp_?SetBkMode@CDC@@QAEHH@Z 007be6bc     mfc100d:mfc100d.dll
 0005:000026c0       __imp_??BCBrush@@QBEPAUHBRUSH__@@XZ 007be6c0     mfc100d:mfc100d.dll
 0005:000026c4       __imp_??0CBrush@@QAE@XZ    007be6c4     mfc100d:mfc100d.dll
 0005:000026c8       __imp_?GetEditSel@CComboBox@@QBEKXZ 007be6c8     mfc100d:mfc100d.dll
 0005:000026cc       __imp_?IsInvokeAllowed@CCmdTarget@@UAEHJ@Z 007be6cc     mfc100d:mfc100d.dll
 0005:000026d0       __imp_?OnFinalRelease@CWnd@@UAEXXZ 007be6d0     mfc100d:mfc100d.dll
 0005:000026d4       __imp_?OnCmdMsg@CDialog@@UAEHIHPAXPAUAFX_CMDHANDLERINFO@@@Z 007be6d4     mfc100d:mfc100d.dll
 0005:000026d8       __imp_?Dump@CDialog@@UBEXAAVCDumpContext@@@Z 007be6d8     mfc100d:mfc100d.dll
 0005:000026dc       __imp_?AssertValid@CDialog@@UBEXXZ 007be6dc     mfc100d:mfc100d.dll
 0005:000026e0       __imp_??0CDialog@@QAE@IPAVCWnd@@@Z 007be6e0     mfc100d:mfc100d.dll
 0005:000026e4       __imp_??0CStatic@@QAE@XZ   007be6e4     mfc100d:mfc100d.dll
 0005:000026e8       __imp_??0CButton@@QAE@XZ   007be6e8     mfc100d:mfc100d.dll
 0005:000026ec       __imp_??0CComboBox@@QAE@XZ 007be6ec     mfc100d:mfc100d.dll
 0005:000026f0       __imp_??0CListBox@@QAE@XZ  007be6f0     mfc100d:mfc100d.dll
 0005:000026f4       __imp_??1CDialog@@UAE@XZ   007be6f4     mfc100d:mfc100d.dll
 0005:000026f8       __imp_??1CStatic@@UAE@XZ   007be6f8     mfc100d:mfc100d.dll
 0005:000026fc       __imp_??1CButton@@UAE@XZ   007be6fc     mfc100d:mfc100d.dll
 0005:00002700       __imp_??1CComboBox@@UAE@XZ 007be700     mfc100d:mfc100d.dll
 0005:00002704       __imp_??1CListBox@@UAE@XZ  007be704     mfc100d:mfc100d.dll
 0005:00002708       __imp_?GetThisClass@CDialog@@SGPAUCRuntimeClass@@XZ 007be708     mfc100d:mfc100d.dll
 0005:0000270c       __imp_?ReverseFind@?$CStringT@DV?$StrTraitMFC_DLL@DV?$ChTraitsCRT@D@ATL@@@@@ATL@@QBEHD@Z 007be70c     mfc100d:mfc100d.dll
 0005:00002710       __imp_?AfxGetMainWnd@@YGPAVCWnd@@XZ 007be710     mfc100d:mfc100d.dll
 0005:00002714       __imp_?FindOneOf@?$CStringT@DV?$StrTraitMFC_DLL@DV?$ChTraitsCRT@D@ATL@@@@@ATL@@QBEHPBD@Z 007be714     mfc100d:mfc100d.dll
 0005:00002718       __imp_?FindStringExact@CListBox@@QBEHHPBD@Z 007be718     mfc100d:mfc100d.dll
 0005:0000271c       __imp_?FindString@CListBox@@QBEHHPBD@Z 007be71c     mfc100d:mfc100d.dll
 0005:00002720       __imp_?GetCount@CListBox@@QBEHXZ 007be720     mfc100d:mfc100d.dll
 0005:00002724       __imp_?DeleteString@CListBox@@QAEHI@Z 007be724     mfc100d:mfc100d.dll
 0005:00002728       __imp_?AddString@CListBox@@QAEHPBD@Z 007be728     mfc100d:mfc100d.dll
 0005:0000272c       __imp_??2CObject@@SGPAXIPBDH@Z 007be72c     mfc100d:mfc100d.dll
 0005:00002730       __imp_?ShowWindow@CWnd@@QAEHH@Z 007be730     mfc100d:mfc100d.dll
 0005:00002734       __imp_?BringWindowToTop@CWnd@@QAEXXZ 007be734     mfc100d:mfc100d.dll
 0005:00002738       __imp_??3CObject@@SGXPAXPBDH@Z 007be738     mfc100d:mfc100d.dll
 0005:0000273c       __imp_?GetThisMessageMap@CDialog@@KGPBUAFX_MSGMAP@@XZ 007be73c     mfc100d:mfc100d.dll
 0005:00002740       __imp_?Write@CArchive@@QAEXPBXI@Z 007be740     mfc100d:mfc100d.dll
 0005:00002744       __imp_?EnsureRead@CArchive@@QAEXPAXI@Z 007be744     mfc100d:mfc100d.dll
 0005:00002748       __imp_??3CObject@@SGXPAX@Z 007be748     mfc100d:mfc100d.dll
 0005:0000274c       __imp_?AssertValid@CObject@@UBEXXZ 007be74c     mfc100d:mfc100d.dll
 0005:00002750       __imp_?AfxIsValidAddress@@YGHPBXIH@Z 007be750     mfc100d:mfc100d.dll
 0005:00002754       __imp_?Dump@CObject@@UBEXAAVCDumpContext@@@Z 007be754     mfc100d:mfc100d.dll
 0005:00002758       __imp_??6CDumpContext@@QAEAAV0@PBD@Z 007be758     mfc100d:mfc100d.dll
 0005:0000275c       __imp_??6CDumpContext@@QAEAAV0@H@Z 007be75c     mfc100d:mfc100d.dll
 0005:00002760       __imp_?GetDepth@CDumpContext@@QBEHXZ 007be760     mfc100d:mfc100d.dll
 0005:00002764       __imp_?Serialize@CObject@@UAEXAAVCArchive@@@Z 007be764     mfc100d:mfc100d.dll
 0005:00002768       __imp_?IsStoring@CArchive@@QBEHXZ 007be768     mfc100d:mfc100d.dll
 0005:0000276c       __imp_?WriteCount@CArchive@@QAEXK@Z 007be76c     mfc100d:mfc100d.dll
 0005:00002770       __imp_?ReadCount@CArchive@@QAEKXZ 007be770     mfc100d:mfc100d.dll
 0005:00002774       __imp_??$SerializeElements@V?$CStringT@DV?$StrTraitMFC_DLL@DV?$ChTraitsCRT@D@ATL@@@@@ATL@@@@YGXAAVCArchive@@PAV?$CStringT@DV?$StrTraitMFC_DLL@DV?$ChTraitsCRT@D@ATL@@@@@ATL@@H@Z 007be774     mfc100d:mfc100d.dll
 0005:00002778       __imp_??1CObject@@UAE@XZ   007be778     mfc100d:mfc100d.dll
 0005:0000277c       __imp_??_V@YAXPAX@Z        007be77c     mfc100d:mfc100d.dll
 0005:00002780       __imp_??_U@YAPAXIPBDH@Z    007be780     mfc100d:mfc100d.dll
 0005:00002784       __imp_??_U@YAPAXI@Z        007be784     mfc100d:mfc100d.dll
 0005:00002788       __imp_?AfxThrowMemoryException@@YGXXZ 007be788     mfc100d:mfc100d.dll
 0005:0000278c       __imp_?AfxAssertValidObject@@YGXPBVCObject@@PBDH@Z 007be78c     mfc100d:mfc100d.dll
 0005:00002790       __imp_?GetRuntimeClass@CObject@@UBEPAUCRuntimeClass@@XZ 007be790     mfc100d:mfc100d.dll
 0005:00002794       __imp_??0CObject@@IAE@XZ   007be794     mfc100d:mfc100d.dll
 0005:00002798       __imp_?AfxThrowInvalidArgException@@YGXXZ 007be798     mfc100d:mfc100d.dll
 0005:0000279c       __imp_?StringLength@?$CSimpleStringT@D$00@ATL@@SAHPBD@Z 007be79c     mfc100d:mfc100d.dll
 0005:000027a0       __imp_?GetManager@?$CStringT@DV?$StrTraitMFC_DLL@DV?$ChTraitsCRT@D@ATL@@@@@ATL@@QBEPAUIAtlStringMgr@2@XZ 007be7a0     mfc100d:mfc100d.dll
 0005:000027a4       __imp_??0?$CStringT@DV?$StrTraitMFC_DLL@DV?$ChTraitsCRT@D@ATL@@@@@ATL@@QAE@PAUIAtlStringMgr@1@@Z 007be7a4     mfc100d:mfc100d.dll
 0005:000027a8       __imp_?Concatenate@?$CSimpleStringT@D$00@ATL@@KAXAAV12@PBDH1H@Z 007be7a8     mfc100d:mfc100d.dll
 0005:000027ac       __imp_?Mid@?$CStringT@DV?$StrTraitMFC_DLL@DV?$ChTraitsCRT@D@ATL@@@@@ATL@@QBE?AV12@HH@Z 007be7ac     mfc100d:mfc100d.dll
 0005:000027b0       __imp_??0?$CStringT@DV?$StrTraitMFC_DLL@DV?$ChTraitsCRT@D@ATL@@@@@ATL@@QAE@PBD@Z 007be7b0     mfc100d:mfc100d.dll
 0005:000027b4       __imp_??Y?$CStringT@DV?$StrTraitMFC_DLL@DV?$ChTraitsCRT@D@ATL@@@@@ATL@@QAEAAV01@ABV?$CSimpleStringT@D$00@1@@Z 007be7b4     mfc100d:mfc100d.dll
 0005:000027b8       __imp_?Compare@?$CStringT@DV?$StrTraitMFC_DLL@DV?$ChTraitsCRT@D@ATL@@@@@ATL@@QBEHPBD@Z 007be7b8     mfc100d:mfc100d.dll
 0005:000027bc       __imp_??4?$CStringT@DV?$StrTraitMFC_DLL@DV?$ChTraitsCRT@D@ATL@@@@@ATL@@QAEAAV01@PBD@Z 007be7bc     mfc100d:mfc100d.dll
 0005:000027c0       __imp_?Right@?$CStringT@DV?$StrTraitMFC_DLL@DV?$ChTraitsCRT@D@ATL@@@@@ATL@@QBE?AV12@H@Z 007be7c0     mfc100d:mfc100d.dll
 0005:000027c4       __imp_?GetLength@?$CSimpleStringT@D$00@ATL@@QBEHXZ 007be7c4     mfc100d:mfc100d.dll
 0005:000027c8       __imp_?Truncate@?$CSimpleStringT@D$00@ATL@@QAEXH@Z 007be7c8     mfc100d:mfc100d.dll
 0005:000027cc       __imp_??0?$CStringT@DV?$StrTraitMFC_DLL@DV?$ChTraitsCRT@D@ATL@@@@@ATL@@QAE@ABV01@@Z 007be7cc     mfc100d:mfc100d.dll
 0005:000027d0       __imp_?Find@?$CStringT@DV?$StrTraitMFC_DLL@DV?$ChTraitsCRT@D@ATL@@@@@ATL@@QBEHPBDH@Z 007be7d0     mfc100d:mfc100d.dll
 0005:000027d4       __imp_?Left@?$CStringT@DV?$StrTraitMFC_DLL@DV?$ChTraitsCRT@D@ATL@@@@@ATL@@QBE?AV12@H@Z 007be7d4     mfc100d:mfc100d.dll
 0005:000027d8       __imp_??4?$CStringT@DV?$StrTraitMFC_DLL@DV?$ChTraitsCRT@D@ATL@@@@@ATL@@QAEAAV01@ABV01@@Z 007be7d8     mfc100d:mfc100d.dll
 0005:000027dc       __imp_?Delete@?$CStringT@DV?$StrTraitMFC_DLL@DV?$ChTraitsCRT@D@ATL@@@@@ATL@@QAEHHH@Z 007be7dc     mfc100d:mfc100d.dll
 0005:000027e0       __imp_?Format@?$CStringT@DV?$StrTraitMFC_DLL@DV?$ChTraitsCRT@D@ATL@@@@@ATL@@QAAXPBDZZ 007be7e0     mfc100d:mfc100d.dll
 0005:000027e4       __imp_??B?$CSimpleStringT@D$00@ATL@@QBEPBDXZ 007be7e4     mfc100d:mfc100d.dll
 0005:000027e8       __imp_??0CStdioFile@@QAE@XZ 007be7e8     mfc100d:mfc100d.dll
 0005:000027ec       __imp_?Open@CStdioFile@@UAEHPBDIPAVCFileException@@@Z 007be7ec     mfc100d:mfc100d.dll
 0005:000027f0       __imp_?ReadString@CStdioFile@@UAEHAAV?$CStringT@DV?$StrTraitMFC_DLL@DV?$ChTraitsCRT@D@ATL@@@@@ATL@@@Z 007be7f0     mfc100d:mfc100d.dll
 0005:000027f4       __imp_?Trim@?$CStringT@DV?$StrTraitMFC_DLL@DV?$ChTraitsCRT@D@ATL@@@@@ATL@@QAEAAV12@XZ 007be7f4     mfc100d:mfc100d.dll
 0005:000027f8       __imp_?Replace@?$CStringT@DV?$StrTraitMFC_DLL@DV?$ChTraitsCRT@D@ATL@@@@@ATL@@QAEHPBD0@Z 007be7f8     mfc100d:mfc100d.dll
 0005:000027fc       __imp_?WriteString@CStdioFile@@UAEXPBD@Z 007be7fc     mfc100d:mfc100d.dll
 0005:00002800       __imp_?Close@CStdioFile@@UAEXXZ 007be800     mfc100d:mfc100d.dll
 0005:00002804       __imp_?AfxMessageBox@@YGHPBDII@Z 007be804     mfc100d:mfc100d.dll
 0005:00002808       __imp_??1CStdioFile@@UAE@XZ 007be808     mfc100d:mfc100d.dll
 0005:0000280c       __imp_?SetIcon@CButton@@QAEPAUHICON__@@PAU2@@Z 007be80c     mfc100d:mfc100d.dll
 0005:00002810       __imp_?OpenClipboard@CWnd@@QAEHXZ 007be810     mfc100d:mfc100d.dll
 0005:00002814       __imp_?OnTimer@CWnd@@IAEXI@Z 007be814     mfc100d:mfc100d.dll
 0005:00002818       __imp_?FindString@CComboBox@@QBEHHPBD@Z 007be818     mfc100d:mfc100d.dll
 0005:0000281c       __imp_?SeekToEnd@CFile@@QAE_KXZ 007be81c     mfc100d:mfc100d.dll
 0005:00002820       __imp_?Invalidate@CWnd@@QAEXH@Z 007be820     mfc100d:mfc100d.dll
 0005:00002824       __imp_?UpdateWindow@CWnd@@QAEXXZ 007be824     mfc100d:mfc100d.dll
 0005:00002828       __imp_?TrimLeft@?$CStringT@DV?$StrTraitMFC_DLL@DV?$ChTraitsCRT@D@ATL@@@@@ATL@@QAEAAV12@XZ 007be828     mfc100d:mfc100d.dll
 0005:0000282c       __imp_?SetForegroundWindow@CWnd@@QAEHXZ 007be82c     mfc100d:mfc100d.dll
 0005:00002830       __imp_??1CFileDialog@@UAE@XZ 007be830     mfc100d:mfc100d.dll
 0005:00002834       __imp_?SetFont@CWnd@@QAEXPAVCFont@@H@Z 007be834     mfc100d:mfc100d.dll
 0005:00002838       __imp_??0?$CStringT@DV?$StrTraitMFC_DLL@DV?$ChTraitsCRT@D@ATL@@@@@ATL@@QAE@XZ 007be838     mfc100d:mfc100d.dll
 0005:0000283c       __imp_??1?$CStringT@DV?$StrTraitMFC_DLL@DV?$ChTraitsCRT@D@ATL@@@@@ATL@@QAE@XZ 007be83c     mfc100d:mfc100d.dll
 0005:00002840       __imp_??3@YAXPAX@Z         007be840     mfc100d:mfc100d.dll
 0005:00002844       __imp_?WriteProfileBinary@CWinApp@@UAEHPBD0PAEI@Z 007be844     mfc100d:mfc100d.dll
 0005:00002848       __imp_?AfxWinMain@@YGHPAUHINSTANCE__@@0PADH@Z 007be848     mfc100d:mfc100d.dll
 0005:0000284c       __imp_?AfxGetModuleState@@YGPAVAFX_MODULE_STATE@@XZ 007be84c     mfc100d:mfc100d.dll
 0005:00002850       \177mfc100d_NULL_THUNK_DATA 007be850     mfc100d:mfc100d.dll

 entry point at        0002:00004c2c

