d:\freepcbdev\schematic constructor\debug\freecds.pch
d:\freepcbdev\schematic constructor\debug\vc143.pdb
d:\freepcbdev\schematic constructor\debug\stdafx.obj
d:\freepcbdev\schematic constructor\debug\dlgimportmerge.obj
d:\freepcbdev\schematic constructor\debug\dlgfindpart.obj
d:\freepcbdev\schematic constructor\debug\dlgeditboardcorner.obj
d:\freepcbdev\schematic constructor\debug\dlgdrc.obj
d:\freepcbdev\schematic constructor\debug\dlgcreatebranch.obj
d:\freepcbdev\schematic constructor\debug\dlgchangelayer.obj
d:\freepcbdev\schematic constructor\debug\dlgcad.obj
d:\freepcbdev\schematic constructor\debug\dlgattrsync.obj
d:\freepcbdev\schematic constructor\debug\dlgaddwidth.obj
d:\freepcbdev\schematic constructor\debug\dlgaddtext.obj
d:\freepcbdev\schematic constructor\debug\dlgaddpoly.obj
d:\freepcbdev\schematic constructor\debug\dlgaddmerge.obj
d:\freepcbdev\schematic constructor\debug\dlgaddmaskcutout.obj
d:\freepcbdev\schematic constructor\debug\displaylist.obj
d:\freepcbdev\schematic constructor\debug\designrules.obj
d:\freepcbdev\schematic constructor\debug\cuid.obj
d:\freepcbdev\schematic constructor\debug\componentnoteext.obj
d:\freepcbdev\schematic constructor\debug\ccompare.obj
d:\freepcbdev\schematic constructor\debug\bomintable.obj
d:\freepcbdev\schematic constructor\debug\afxasert.obj
d:\freepcbdev\schematic constructor\debug\dlgsidestyle.obj
d:\freepcbdev\schematic constructor\debug\dlgshortcuts.obj
d:\freepcbdev\schematic constructor\debug\dlgsetareahatch.obj
d:\freepcbdev\schematic constructor\debug\dlgreport.obj
d:\freepcbdev\schematic constructor\debug\dlgreplacetext.obj
d:\freepcbdev\schematic constructor\debug\dlgrenumbers.obj
d:\freepcbdev\schematic constructor\debug\dlgreassignlayers.obj
d:\freepcbdev\schematic constructor\debug\dlgprotection.obj
d:\freepcbdev\schematic constructor\debug\dlgprojectoptions.obj
d:\freepcbdev\schematic constructor\debug\dlgpinmap.obj
d:\freepcbdev\schematic constructor\debug\dlgpdflayers.obj
d:\freepcbdev\schematic constructor\debug\dlgpartlist.obj
d:\freepcbdev\schematic constructor\debug\dlgmymessagebox2.obj
d:\freepcbdev\schematic constructor\debug\dlgmymessagebox.obj
d:\freepcbdev\schematic constructor\debug\dlgmoveorigin.obj
d:\freepcbdev\schematic constructor\debug\dlglog.obj
d:\freepcbdev\schematic constructor\debug\dlglayers.obj
d:\freepcbdev\schematic constructor\debug\dlgindexing.obj
d:\freepcbdev\schematic constructor\debug\dlgimportpart.obj
d:\freepcbdev\schematic constructor\debug\dlgimportoptions.obj
d:\freepcbdev\schematic constructor\debug\readfootprintfolder.obj
d:\freepcbdev\schematic constructor\debug\qafdebug.obj
d:\freepcbdev\schematic constructor\debug\polyline.obj
d:\freepcbdev\schematic constructor\debug\php_polygon_vertex.obj
d:\freepcbdev\schematic constructor\debug\php_polygon.obj
d:\freepcbdev\schematic constructor\debug\pathdialog.obj
d:\freepcbdev\schematic constructor\debug\parttemplate.obj
d:\freepcbdev\schematic constructor\debug\pages.obj
d:\freepcbdev\schematic constructor\debug\netlistsettings.obj
d:\freepcbdev\schematic constructor\debug\mytoolbar.obj
d:\freepcbdev\schematic constructor\debug\mainfrm.obj
d:\freepcbdev\schematic constructor\debug\libpointer.obj
d:\freepcbdev\schematic constructor\debug\importnetlist.obj
d:\freepcbdev\schematic constructor\debug\gpc_232.obj
d:\freepcbdev\schematic constructor\debug\gerber.obj
d:\freepcbdev\schematic constructor\debug\freesch.obj
d:\freepcbdev\schematic constructor\debug\freepcbview.obj
d:\freepcbdev\schematic constructor\debug\documents.obj
d:\freepcbdev\schematic constructor\debug\file_io.obj
d:\freepcbdev\schematic constructor\debug\dlgattr.obj
d:\freepcbdev\schematic constructor\debug\utility.obj
d:\freepcbdev\schematic constructor\debug\undolist.obj
d:\freepcbdev\schematic constructor\debug\textlist.obj
d:\freepcbdev\schematic constructor\debug\tagtable.obj
d:\freepcbdev\schematic constructor\debug\speedfiles.obj
d:\freepcbdev\schematic constructor\debug\smfontutil.obj
d:\freepcbdev\schematic constructor\debug\smcharacter.obj
d:\freepcbdev\schematic constructor\debug\rtcall.obj
d:\freepcbdev\schematic constructor\debug\reportfiles.obj
d:\freepcbdev\schematic constructor\debug\cpdfreadpfm.obj
d:\freepcbdev\schematic constructor\debug\cpdfreadpfb.obj
d:\freepcbdev\schematic constructor\debug\cpdfrawplot.obj
d:\freepcbdev\schematic constructor\debug\cpdfpreview.obj
d:\freepcbdev\schematic constructor\debug\cpdfoutline.obj
d:\freepcbdev\schematic constructor\debug\cpdfmembuf.obj
d:\freepcbdev\schematic constructor\debug\cpdfmarker.obj
d:\freepcbdev\schematic constructor\debug\cpdfinit.obj
d:\freepcbdev\schematic constructor\debug\cpdfimgil.obj
d:\freepcbdev\schematic constructor\debug\cpdfimage.obj
d:\freepcbdev\schematic constructor\debug\cpdfgstate.obj
d:\freepcbdev\schematic constructor\debug\cpdffont.obj
d:\freepcbdev\schematic constructor\debug\cpdfdomplot.obj
d:\freepcbdev\schematic constructor\debug\cpdfdomain.obj
d:\freepcbdev\schematic constructor\debug\cpdfcolor.obj
d:\freepcbdev\schematic constructor\debug\cpdfaxis.obj
d:\freepcbdev\schematic constructor\debug\cpdfarc.obj
d:\freepcbdev\schematic constructor\debug\cpdfannot.obj
d:\freepcbdev\schematic constructor\debug\compress.obj
d:\freepcbdev\schematic constructor\debug\adler32.obj
d:\freepcbdev\schematic constructor\debug\zutil.obj
d:\freepcbdev\schematic constructor\debug\trees.obj
d:\freepcbdev\schematic constructor\debug\testpdf.obj
d:\freepcbdev\schematic constructor\debug\jpegsize.obj
d:\freepcbdev\schematic constructor\debug\deflate.obj
d:\freepcbdev\schematic constructor\debug\cpdfutil.obj
d:\freepcbdev\schematic constructor\debug\cpdftime.obj
d:\freepcbdev\schematic constructor\debug\cpdfticint.obj
d:\freepcbdev\schematic constructor\debug\cpdftextbox.obj
d:\freepcbdev\schematic constructor\debug\cpdftext.obj
d:\freepcbdev\schematic constructor\debug\схематор.exe
d:\freepcbdev\schematic constructor\debug\freecds.pdb
d:\freepcbdev\schematic constructor\debug\freesch.res
d:\freepcbdev\schematic constructor\debug\схематор.iobj
d:\freepcbdev\schematic constructor\debug\freesch.tlog\cl.command.1.tlog
d:\freepcbdev\schematic constructor\debug\freesch.tlog\cl.items.tlog
d:\freepcbdev\schematic constructor\debug\freesch.tlog\cl.read.1.tlog
d:\freepcbdev\schematic constructor\debug\freesch.tlog\cl.write.1.tlog
d:\freepcbdev\schematic constructor\debug\freesch.tlog\link.command.1.tlog
d:\freepcbdev\schematic constructor\debug\freesch.tlog\link.read.1.tlog
d:\freepcbdev\schematic constructor\debug\freesch.tlog\link.secondary.1.tlog
d:\freepcbdev\schematic constructor\debug\freesch.tlog\link.write.1.tlog
d:\freepcbdev\schematic constructor\debug\freesch.tlog\rc.command.1.tlog
d:\freepcbdev\schematic constructor\debug\freesch.tlog\rc.read.1.tlog
d:\freepcbdev\schematic constructor\debug\freesch.tlog\rc.write.1.tlog
